
===========================================================================
report_checks -unconstrained
===========================================================================
======================= min_ss_100C_1v60 Corner ===================================

Startpoint: rst (input port clocked by clk)
Endpoint: _31_ (recovery check against rising-edge clock clk)
Path Group: asynchronous
Path Type: max

Fanout         Cap        Slew       Delay        Time   Description
---------------------------------------------------------------------------------------------
                                  0.000000    0.000000   clock clk (rise edge)
                                  0.000000    0.000000   clock network delay (propagated)
                                  4.000000    4.000000 ^ input external delay
     1    0.003737    0.038529    0.021750    4.021749 ^ rst (in)
                                                         rst (net)
                      0.038529    0.000000    4.021749 ^ input3/A (sky130_fd_sc_hd__clkdlybuf4s25_1)
     6    0.027196    0.443786    0.755807    4.777557 ^ input3/X (sky130_fd_sc_hd__clkdlybuf4s25_1)
                                                         net3 (net)
                      0.443786    0.000709    4.778266 ^ _31_/RESET_B (sky130_fd_sc_hd__dfrtp_2)
                                              4.778266   data arrival time

                                 20.000000   20.000000   clock clk (rise edge)
                                  0.000000   20.000000   clock source latency
     1    0.008122    0.068320    0.040977   20.040977 ^ clk (in)
                                                         clk (net)
                      0.068321    0.000000   20.040977 ^ clkbuf_0_clk/A (sky130_fd_sc_hd__clkbuf_8)
     2    0.010614    0.062731    0.202775   20.243752 ^ clkbuf_0_clk/X (sky130_fd_sc_hd__clkbuf_8)
                                                         clknet_0_clk (net)
                      0.062731    0.000082   20.243834 ^ clkbuf_1_1__f_clk/A (sky130_fd_sc_hd__clkbuf_8)
     3    0.007447    0.055540    0.193095   20.436930 ^ clkbuf_1_1__f_clk/X (sky130_fd_sc_hd__clkbuf_8)
                                                         clknet_1_1__leaf_clk (net)
                      0.055540    0.000055   20.436985 ^ _31_/CLK (sky130_fd_sc_hd__dfrtp_2)
                                 -0.100000   20.336985   clock uncertainty
                                  0.000000   20.336985   clock reconvergence pessimism
                                  0.279788   20.616774   library recovery time
                                             20.616774   data required time
---------------------------------------------------------------------------------------------
                                             20.616774   data required time
                                             -4.778266   data arrival time
---------------------------------------------------------------------------------------------
                                             15.838506   slack (MET)


Startpoint: instruct_en0 (input port clocked by clk)
Endpoint: result0[0] (output port clocked by clk)
Path Group: clk
Path Type: max

Fanout         Cap        Slew       Delay        Time   Description
---------------------------------------------------------------------------------------------
                                  0.000000    0.000000   clock clk (rise edge)
                                  0.000000    0.000000   clock network delay (propagated)
                                  4.000000    4.000000 v input external delay
     1    0.002929    0.018955    0.010105    4.010105 v instruct_en0 (in)
                                                         instruct_en0 (net)
                      0.018955    0.000000    4.010105 v input1/A (sky130_fd_sc_hd__clkdlybuf4s25_1)
     3    0.011022    0.173365    0.548174    4.558279 v input1/X (sky130_fd_sc_hd__clkdlybuf4s25_1)
                                                         net1 (net)
                      0.173365    0.000168    4.558446 v _15_/C_N (sky130_fd_sc_hd__nor3b_2)
     2    0.006469    0.082064    0.399385    4.957832 v _15_/Y (sky130_fd_sc_hd__nor3b_2)
                                                         net5 (net)
                      0.082064    0.000042    4.957874 v _17_/B1 (sky130_fd_sc_hd__a31o_2)
     1    0.003481    0.065330    0.414519    5.372393 v _17_/X (sky130_fd_sc_hd__a31o_2)
                                                         net4 (net)
                      0.065330    0.000053    5.372447 v output4/A (sky130_fd_sc_hd__clkdlybuf4s25_1)
     1    0.035135    0.475029    0.812417    6.184864 v output4/X (sky130_fd_sc_hd__clkdlybuf4s25_1)
                                                         result0[0] (net)
                      0.475029    0.000649    6.185513 v result0[0] (out)
                                              6.185513   data arrival time

                                 20.000000   20.000000   clock clk (rise edge)
                                  0.000000   20.000000   clock network delay (propagated)
                                 -0.100000   19.900000   clock uncertainty
                                  0.000000   19.900000   clock reconvergence pessimism
                                 -4.000000   15.900000   output external delay
                                             15.900000   data required time
---------------------------------------------------------------------------------------------
                                             15.900000   data required time
                                             -6.185513   data arrival time
---------------------------------------------------------------------------------------------
                                              9.714487   slack (MET)




===========================================================================
report_checks --slack_max -0.01
============================================================================
======================= min_ss_100C_1v60 Corner ===================================

No paths found.


===========================================================================
 report_check_types -max_slew -max_cap -max_fanout -violators
============================================================================
======================= min_ss_100C_1v60 Corner ===================================



===========================================================================
report_parasitic_annotation -report_unannotated
============================================================================
Found 60 unannotated drivers.
 soc_top/HI
 soc_top_10/HI
 soc_top_11/HI
 soc_top_12/HI
 soc_top_13/HI
 soc_top_14/HI
 soc_top_15/HI
 soc_top_16/HI
 soc_top_17/HI
 soc_top_18/HI
 soc_top_19/HI
 soc_top_20/HI
 soc_top_21/HI
 soc_top_22/HI
 soc_top_23/HI
 soc_top_24/HI
 soc_top_25/HI
 soc_top_26/HI
 soc_top_27/HI
 soc_top_28/HI
 soc_top_29/HI
 soc_top_30/HI
 soc_top_31/HI
 soc_top_32/HI
 soc_top_33/HI
 soc_top_34/HI
 soc_top_35/HI
 soc_top_36/HI
 soc_top_37/HI
 soc_top_38/HI
 soc_top_39/HI
 soc_top_40/HI
 soc_top_41/HI
 soc_top_42/HI
 soc_top_43/HI
 soc_top_44/HI
 soc_top_45/HI
 soc_top_46/HI
 soc_top_47/HI
 soc_top_48/HI
 soc_top_49/HI
 soc_top_50/HI
 soc_top_51/HI
 soc_top_52/HI
 soc_top_53/HI
 soc_top_54/HI
 soc_top_55/HI
 soc_top_56/HI
 soc_top_57/HI
 soc_top_58/HI
 soc_top_59/HI
 soc_top_60/HI
 soc_top_61/HI
 soc_top_62/HI
 soc_top_63/HI
 soc_top_64/HI
 soc_top_65/HI
 soc_top_66/HI
 soc_top_8/HI
 soc_top_9/HI
Found 0 partially unannotated drivers.

===========================================================================
max slew violation count 0
max fanout violation count 0
max cap violation count 0
============================================================================

===========================================================================
check_setup -verbose -unconstrained_endpoints -multiple_clock -no_clock -no_input_delay -loops -generated_clocks
===========================================================================
