Clock: clk
Sources: clk 
Generated: no
Virtual: yes
Propagated: no
Period: 20.000000

===========================================================================
report_clock_properties
============================================================================
Clock                   Period          Waveform
----------------------------------------------------
clk                  20.000000    0.000000 10.000000

===========================================================================
report_clock_latency
============================================================================
Clock clk
rise -> rise
    min     max
0.000000 0.000000 source latency
0.436984         network latency _31_/CLK
        0.487904 network latency _26_/CLK
---------------
0.436984 0.487904 latency
        0.050921 skew

fall -> fall
    min     max
0.000000 0.000000 source latency
0.447155         network latency _31_/CLK
        0.498799 network latency _26_/CLK
---------------
0.447155 0.498799 latency
        0.051644 skew



===========================================================================
report_clock_min_period
============================================================================
clk period_min = 4.39 fmax = 227.83
