[WARNING ORD-0039] .openroad ignored with -python
Unannotated report:
['report_parasitic_annotation -report_unannotated\n',
 '============================================================================\n',
 'Found 60 unannotated drivers.\n',
 ' soc_top/HI\n',
 ' soc_top_10/HI\n',
 ' soc_top_11/HI\n',
 ' soc_top_12/HI\n',
 ' soc_top_13/HI\n',
 ' soc_top_14/HI\n',
 ' soc_top_15/HI\n',
 ' soc_top_16/HI\n',
 ' soc_top_17/HI\n',
 ' soc_top_18/HI\n',
 ' soc_top_19/HI\n',
 ' soc_top_20/HI\n',
 ' soc_top_21/HI\n',
 ' soc_top_22/HI\n',
 ' soc_top_23/HI\n',
 ' soc_top_24/HI\n',
 ' soc_top_25/HI\n',
 ' soc_top_26/HI\n',
 ' soc_top_27/HI\n',
 ' soc_top_28/HI\n',
 ' soc_top_29/HI\n',
 ' soc_top_30/HI\n',
 ' soc_top_31/HI\n',
 ' soc_top_32/HI\n',
 ' soc_top_33/HI\n',
 ' soc_top_34/HI\n',
 ' soc_top_35/HI\n',
 ' soc_top_36/HI\n',
 ' soc_top_37/HI\n',
 ' soc_top_38/HI\n',
 ' soc_top_39/HI\n',
 ' soc_top_40/HI\n',
 ' soc_top_41/HI\n',
 ' soc_top_42/HI\n',
 ' soc_top_43/HI\n',
 ' soc_top_44/HI\n',
 ' soc_top_45/HI\n',
 ' soc_top_46/HI\n',
 ' soc_top_47/HI\n',
 ' soc_top_48/HI\n',
 ' soc_top_49/HI\n',
 ' soc_top_50/HI\n',
 ' soc_top_51/HI\n',
 ' soc_top_52/HI\n',
 ' soc_top_53/HI\n',
 ' soc_top_54/HI\n',
 ' soc_top_55/HI\n',
 ' soc_top_56/HI\n',
 ' soc_top_57/HI\n',
 ' soc_top_58/HI\n',
 ' soc_top_59/HI\n',
 ' soc_top_60/HI\n',
 ' soc_top_61/HI\n',
 ' soc_top_62/HI\n',
 ' soc_top_63/HI\n',
 ' soc_top_64/HI\n',
 ' soc_top_65/HI\n',
 ' soc_top_66/HI\n',
 ' soc_top_8/HI\n',
 ' soc_top_9/HI\n',
 'Found 0 partially unannotated drivers.\n',
 '\n']
Reported nets:
['soc_top/HI',
 'soc_top_10/HI',
 'soc_top_11/HI',
 'soc_top_12/HI',
 'soc_top_13/HI',
 'soc_top_14/HI',
 'soc_top_15/HI',
 'soc_top_16/HI',
 'soc_top_17/HI',
 'soc_top_18/HI',
 'soc_top_19/HI',
 'soc_top_20/HI',
 'soc_top_21/HI',
 'soc_top_22/HI',
 'soc_top_23/HI',
 'soc_top_24/HI',
 'soc_top_25/HI',
 'soc_top_26/HI',
 'soc_top_27/HI',
 'soc_top_28/HI',
 'soc_top_29/HI',
 'soc_top_30/HI',
 'soc_top_31/HI',
 'soc_top_32/HI',
 'soc_top_33/HI',
 'soc_top_34/HI',
 'soc_top_35/HI',
 'soc_top_36/HI',
 'soc_top_37/HI',
 'soc_top_38/HI',
 'soc_top_39/HI',
 'soc_top_40/HI',
 'soc_top_41/HI',
 'soc_top_42/HI',
 'soc_top_43/HI',
 'soc_top_44/HI',
 'soc_top_45/HI',
 'soc_top_46/HI',
 'soc_top_47/HI',
 'soc_top_48/HI',
 'soc_top_49/HI',
 'soc_top_50/HI',
 'soc_top_51/HI',
 'soc_top_52/HI',
 'soc_top_53/HI',
 'soc_top_54/HI',
 'soc_top_55/HI',
 'soc_top_56/HI',
 'soc_top_57/HI',
 'soc_top_58/HI',
 'soc_top_59/HI',
 'soc_top_60/HI',
 'soc_top_61/HI',
 'soc_top_62/HI',
 'soc_top_63/HI',
 'soc_top_64/HI',
 'soc_top_65/HI',
 'soc_top_66/HI',
 'soc_top_8/HI',
 'soc_top_9/HI']
Filtered nets:
[]
done
