Reading timing models for corner nom_tt_025C_1v80…
Reading timing library for the 'nom_tt_025C_1v80' corner at '/home/hassan/.ciel/ciel/sky130/versions/8afc8346a57fe1ab7934ba5a6056ea8b43078e71/sky130A/libs.ref/sky130_fd_sc_hd/lib/sky130_fd_sc_hd__tt_025C_1v80.lib'…
Reading OpenROAD database at '/home/hassan/risc_v_systolic_array/runs/RUN_2026-09-13_15-59-45/32-openroad-repairdesignpostgpl/soc_top.odb'…
Reading design constraints file at '/home/hassan/risc_v_systolic_array/src/impl.sdc'…
[INFO] Using clock clk…
[INFO] Setting output delay to: 4.0
[INFO] Setting input delay to: 4.0
[INFO] Setting load to: 0.033442
[INFO] Setting clock uncertainty to: 0.25
[INFO] Setting clock transition to: 0.1499999999999999944488848768742172978818416595458984375
[INFO] Setting timing derate to: 5.0%
[INFO] No information on clock propagation in input SDC file-- propagating all clocks.
+ detailed_placement -max_displacement  500 100 
Placement Analysis
---------------------------------
total displacement          0.0 u
average displacement        0.0 u
max displacement            0.0 u
original HPWL          668067.8 u
legalized HPWL         678456.8 u
delta HPWL                    2 %

[INFO DPL-0020] Mirrored 5273 instances
[INFO DPL-0021] HPWL before          678456.8 u
[INFO DPL-0022] HPWL after           668067.8 u
[INFO DPL-0023] HPWL delta               -1.5 %
Setting global connections for newly added cells…
[INFO] Setting global connections...
[INFO ODB-0403] 0 connections made, 0 conflicts skipped.
Updating metrics…
Cell type report:                       Count       Area
  Fill cell                               476    1786.71
  Tap cell                               6000    7507.20
  Timing Repair Buffer                   1225    6890.36
  Inverter                                234     878.34
  Sequential cell                        1780   46129.24
  Multi-Input combinational cell        11520  113491.35
  Total                                 21235  176683.20
Writing OpenROAD database to '/home/hassan/risc_v_systolic_array/runs/RUN_2026-09-13_15-59-45/34-openroad-detailedplacement/soc_top.odb'…
Writing netlist to '/home/hassan/risc_v_systolic_array/runs/RUN_2026-09-13_15-59-45/34-openroad-detailedplacement/soc_top.nl.v'…
Writing powered netlist to '/home/hassan/risc_v_systolic_array/runs/RUN_2026-09-13_15-59-45/34-openroad-detailedplacement/soc_top.pnl.v'…
Writing layout to '/home/hassan/risc_v_systolic_array/runs/RUN_2026-09-13_15-59-45/34-openroad-detailedplacement/soc_top.def'…
Writing timing constraints to '/home/hassan/risc_v_systolic_array/runs/RUN_2026-09-13_15-59-45/34-openroad-detailedplacement/soc_top.sdc'…
