Clock: clk
Sources: clk 
Generated: no
Virtual: yes
Propagated: no
Period: 10.000000

===========================================================================
report_clock_properties
============================================================================
Clock                   Period          Waveform
----------------------------------------------------
clk                  10.000000    0.000000  5.000000

===========================================================================
report_clock_latency
============================================================================
Clock clk
rise -> rise
    min     max
0.000000 0.000000 source latency
0.347422         network latency _211_/CLK
        0.353585 network latency _195_/CLK
---------------
0.347422 0.353585 latency
        0.006163 skew

fall -> fall
    min     max
0.000000 0.000000 source latency
0.331975         network latency _211_/CLK
        0.336640 network latency _195_/CLK
---------------
0.331975 0.336640 latency
        0.004664 skew



===========================================================================
report_clock_min_period
============================================================================
clk period_min = 2.25 fmax = 444.40
