[WARNING ORD-0039] .openroad ignored with -python
Top-level design name: soc_top
Block boundaries: 0 0 47330 58050
Horizontal Tracks Origin: 340, Count: 85, Step: 680
Vertical Tracks Origin: 230, Count: 103, Step: 460
Placement details for the N side
Virtual pin count:  0
Actual pin count:  16
Total pin count:  16
Tracks count:  103
Tracks per pin:  6
Used tracks count:  91
Unused track count:  12
Starting track index:  6
Placement details for the E side
Virtual pin count:  0
Actual pin count:  34
Total pin count:  34
Tracks count:  43
Tracks per pin:  1
Used tracks count:  34
Unused track count:  9
Starting track index:  4
Placement details for the W side
Virtual pin count:  0
Actual pin count:  2
Total pin count:  2
Tracks count:  43
Tracks per pin:  21
Used tracks count:  22
Unused track count:  21
Starting track index:  10
Placement details for the S side
Virtual pin count:  0
Actual pin count:  16
Total pin count:  16
Tracks count:  103
Tracks per pin:  6
Used tracks count:  91
Unused track count:  12
Starting track index:  6
