Reading timing models for corner nom_tt_025C_1v80…
Reading timing library for the 'nom_tt_025C_1v80' corner at '/home/hassan/.ciel/ciel/sky130/versions/8afc8346a57fe1ab7934ba5a6056ea8b43078e71/sky130A/libs.ref/sky130_fd_sc_hd/lib/sky130_fd_sc_hd__tt_025C_1v80.lib'…
Reading OpenROAD database at '/home/hassan/risc_v_systolic_array/runs/RUN_2026-09-13_15-59-45/18-openroad-cutrows/soc_top.odb'…
Reading design constraints file at '/home/hassan/risc_v_systolic_array/src/impl.sdc'…
[INFO] Using clock clk…
[INFO] Setting output delay to: 4.0
[INFO] Setting input delay to: 4.0
[INFO] Setting load to: 0.033442
[INFO] Setting clock uncertainty to: 0.25
[INFO] Setting clock transition to: 0.1499999999999999944488848768742172978818416595458984375
[INFO] Setting timing derate to: 5.0%
[INFO] No information on clock propagation in input SDC file-- propagating all clocks.
+ tapcell -halo_width_x 10.0 -halo_width_y 10.0 -distance 13.0 -tapcell_master sky130_fd_sc_hd__tapvpwrvgnd_1 -endcap_master sky130_fd_sc_hd__decap_3
[INFO TAP-0004] Inserted 476 endcaps.
[INFO TAP-0005] Inserted 6000 tapcells.
Setting global connections for newly added cells…
[INFO] Setting global connections...
[INFO ODB-0403] 13904 connections made, 0 conflicts skipped.
Updating metrics…
Cell type report:                       Count       Area
  Fill cell                               476    1786.71
  Tap cell                               6000    7507.20
  Buffer                                 1591    7220.68
  Inverter                                234     878.34
  Sequential cell                        1780   46129.24
  Multi-Input combinational cell        11520  113422.53
  Total                                 21601  176944.70
Writing OpenROAD database to '/home/hassan/risc_v_systolic_array/runs/RUN_2026-09-13_15-59-45/19-openroad-tapendcapinsertion/soc_top.odb'…
Writing netlist to '/home/hassan/risc_v_systolic_array/runs/RUN_2026-09-13_15-59-45/19-openroad-tapendcapinsertion/soc_top.nl.v'…
Writing powered netlist to '/home/hassan/risc_v_systolic_array/runs/RUN_2026-09-13_15-59-45/19-openroad-tapendcapinsertion/soc_top.pnl.v'…
Writing layout to '/home/hassan/risc_v_systolic_array/runs/RUN_2026-09-13_15-59-45/19-openroad-tapendcapinsertion/soc_top.def'…
Writing timing constraints to '/home/hassan/risc_v_systolic_array/runs/RUN_2026-09-13_15-59-45/19-openroad-tapendcapinsertion/soc_top.sdc'…
