Reading timing models for corner nom_tt_025C_1v80…
Reading timing library for the 'nom_tt_025C_1v80' corner at '/home/cl4/.ciel/ciel/sky130/versions/8afc8346a57fe1ab7934ba5a6056ea8b43078e71/sky130A/libs.ref/sky130_fd_sc_hd/lib/sky130_fd_sc_hd__tt_025C_1v80.lib'…
Reading OpenROAD database at '/home/cl4/Desktop/training/RISC-V/asic/runs/RUN_2026-09-10_08-55-15/38-openroad-repairantennas/1-openroad-diodeinsertion/riscv_soc_top.odb'…
Reading design constraints file at '/nix/store/5jsqcdxd774ydqqjk8zkw3zk47dxbryb-python3-3.13.9-env/lib/python3.13/site-packages/librelane/scripts/base.sdc'…
[INFO] Using clock clk…
[INFO] Setting output delay to: 2
[INFO] Setting input delay to: 2
[INFO] Setting load to: 0.033442
[INFO] Setting clock uncertainty to: 0.25
[INFO] Setting clock transition to: 0.1499999999999999944488848768742172978818416595458984375
[INFO] Setting timing derate to: 5%
[INFO ORD-0030] Using 12 thread(s).
+ detailed_route -droute_end_iter 64 -or_seed 42 -verbose 1 -output_drc /home/cl4/Desktop/training/RISC-V/asic/runs/RUN_2026-09-10_08-55-15/40-openroad-detailedrouting/drt-run-0/riscv_soc_top.drc
[INFO DRT-0149] Reading tech and libs.
[WARNING DRT-0349] LEF58_ENCLOSURE with no CUTCLASS is not supported. Skipping for layer mcon
[WARNING DRT-0349] LEF58_ENCLOSURE with no CUTCLASS is not supported. Skipping for layer mcon
[WARNING DRT-0349] LEF58_ENCLOSURE with no CUTCLASS is not supported. Skipping for layer via
[WARNING DRT-0349] LEF58_ENCLOSURE with no CUTCLASS is not supported. Skipping for layer via
[WARNING DRT-0349] LEF58_ENCLOSURE with no CUTCLASS is not supported. Skipping for layer via2
[WARNING DRT-0349] LEF58_ENCLOSURE with no CUTCLASS is not supported. Skipping for layer via2
[WARNING DRT-0349] LEF58_ENCLOSURE with no CUTCLASS is not supported. Skipping for layer via3
[WARNING DRT-0349] LEF58_ENCLOSURE with no CUTCLASS is not supported. Skipping for layer via3
[WARNING DRT-0349] LEF58_ENCLOSURE with no CUTCLASS is not supported. Skipping for layer via4
[WARNING DRT-0349] LEF58_ENCLOSURE with no CUTCLASS is not supported. Skipping for layer via4

Units:                1000
Number of layers:     13
Number of macros:     445
Number of vias:       29
Number of viarulegen: 25

[INFO DRT-0150] Reading design.

Design:                   riscv_soc_top
Die area:                 ( 0 0 ) ( 80085 90805 )
Number of track patterns: 12
Number of DEF vias:       0
Number of components:     383
Number of terminals:      169
Number of snets:          2
Number of nets:           380

[INFO DRT-0167] List of default vias:
  Layer via
    default via: M1M2_PR
  Layer via2
    default via: M2M3_PR
  Layer via3
    default via: M3M4_PR
  Layer via4
    default via: M4M5_PR
[INFO DRT-0162] Library cell analysis.
[INFO DRT-0163] Instance analysis.
[INFO DRT-0164] Number of unique instances = 68.
[INFO DRT-0168] Init region query.
[INFO DRT-0024]   Complete FR_MASTERSLICE.
[INFO DRT-0024]   Complete licon.
[INFO DRT-0024]   Complete li1.
[INFO DRT-0024]   Complete mcon.
[INFO DRT-0024]   Complete met1.
[INFO DRT-0024]   Complete via.
[INFO DRT-0024]   Complete met2.
[INFO DRT-0024]   Complete via2.
[INFO DRT-0024]   Complete met3.
[INFO DRT-0024]   Complete via3.
[INFO DRT-0024]   Complete met4.
[INFO DRT-0024]   Complete via4.
[INFO DRT-0024]   Complete met5.
[INFO DRT-0033] FR_MASTERSLICE shape region query size = 0.
[INFO DRT-0033] licon shape region query size = 0.
[INFO DRT-0033] li1 shape region query size = 10593.
[INFO DRT-0033] mcon shape region query size = 0.
[INFO DRT-0033] met1 shape region query size = 1732.
[INFO DRT-0033] via shape region query size = 130.
[INFO DRT-0033] met2 shape region query size = 176.
[INFO DRT-0033] via2 shape region query size = 104.
[INFO DRT-0033] met3 shape region query size = 147.
[INFO DRT-0033] via3 shape region query size = 104.
[INFO DRT-0033] met4 shape region query size = 56.
[INFO DRT-0033] via4 shape region query size = 18.
[INFO DRT-0033] met5 shape region query size = 30.
[INFO DRT-0165] Start pin access.
[INFO DRT-0078]   Complete 460 pins.
[INFO DRT-0081]   Complete 68 unique inst patterns.
[INFO DRT-0084]   Complete 143 groups.
#scanned instances     = 383
#unique  instances     = 68
#stdCellGenAp          = 1426
#stdCellValidPlanarAp  = 44
#stdCellValidViaAp     = 1010
#stdCellPinNoAp        = 0
#stdCellPinCnt         = 775
#instTermValidViaApCnt = 0
#macroGenAp            = 0
#macroValidPlanarAp    = 0
#macroValidViaAp       = 0
#macroNoAp             = 0
[INFO DRT-0166] Complete pin access.
[INFO DRT-0267] cpu time = 00:00:48, elapsed time = 00:00:07, memory = 129.55 (MB), peak = 128.27 (MB)

[INFO DRT-0157] Number of guides:     1902

[INFO DRT-0169] Post process guides.
[INFO DRT-0176] GCELLGRID X 0 DO 11 STEP 6900 ;
[INFO DRT-0177] GCELLGRID Y 0 DO 13 STEP 6900 ;
[INFO DRT-0028]   Complete FR_MASTERSLICE.
[INFO DRT-0028]   Complete licon.
[INFO DRT-0028]   Complete li1.
[INFO DRT-0028]   Complete mcon.
[INFO DRT-0028]   Complete met1.
[INFO DRT-0028]   Complete via.
[INFO DRT-0028]   Complete met2.
[INFO DRT-0028]   Complete via2.
[INFO DRT-0028]   Complete met3.
[INFO DRT-0028]   Complete via3.
[INFO DRT-0028]   Complete met4.
[INFO DRT-0028]   Complete via4.
[INFO DRT-0028]   Complete met5.
[INFO DRT-0178] Init guide query.
[INFO DRT-0035]   Complete FR_MASTERSLICE (guide).
[INFO DRT-0035]   Complete licon (guide).
[INFO DRT-0035]   Complete li1 (guide).
[INFO DRT-0035]   Complete mcon (guide).
[INFO DRT-0035]   Complete met1 (guide).
[INFO DRT-0035]   Complete via (guide).
[INFO DRT-0035]   Complete met2 (guide).
[INFO DRT-0035]   Complete via2 (guide).
[INFO DRT-0035]   Complete met3 (guide).
[INFO DRT-0035]   Complete via3 (guide).
[INFO DRT-0035]   Complete met4 (guide).
[INFO DRT-0035]   Complete via4 (guide).
[INFO DRT-0035]   Complete met5 (guide).
[INFO DRT-0036] FR_MASTERSLICE guide region query size = 0.
[INFO DRT-0036] licon guide region query size = 0.
[INFO DRT-0036] li1 guide region query size = 589.
[INFO DRT-0036] mcon guide region query size = 0.
[INFO DRT-0036] met1 guide region query size = 581.
[INFO DRT-0036] via guide region query size = 0.
[INFO DRT-0036] met2 guide region query size = 327.
[INFO DRT-0036] via2 guide region query size = 0.
[INFO DRT-0036] met3 guide region query size = 66.
[INFO DRT-0036] via3 guide region query size = 0.
[INFO DRT-0036] met4 guide region query size = 2.
[INFO DRT-0036] via4 guide region query size = 0.
[INFO DRT-0036] met5 guide region query size = 1.
[INFO DRT-0179] Init gr pin query.
[INFO DRT-0267] cpu time = 00:00:00, elapsed time = 00:00:00, memory = 130.26 (MB), peak = 128.79 (MB)
[INFO DRT-0245] skipped writing guide updates to database.
[INFO DRT-0185] Post process initialize RPin region query.
[INFO DRT-0181] Start track assignment.
[INFO DRT-0184] Done with 918 vertical wires in 1 frboxes and 648 horizontal wires in 1 frboxes.
[INFO DRT-0186] Done with 97 vertical wires in 1 frboxes and 193 horizontal wires in 1 frboxes.
[INFO DRT-0182] Complete track assignment.
[INFO DRT-0267] cpu time = 00:00:00, elapsed time = 00:00:00, memory = 133.14 (MB), peak = 131.66 (MB)
[INFO DRT-0187] Start routing data preparation.
[INFO DRT-0267] cpu time = 00:00:00, elapsed time = 00:00:00, memory = 133.22 (MB), peak = 131.66 (MB)
[INFO DRT-0194] Start detail routing.
[INFO DRT-0195] Start 0th optimization iteration.
    Completing 20% with 0 violations.
    elapsed time = 00:00:01, memory = 143.91 (MB).
    Completing 50% with 13 violations.
    elapsed time = 00:00:02, memory = 159.96 (MB).
    Completing 70% with 23 violations.
    elapsed time = 00:00:03, memory = 173.69 (MB).
    Completing 100% with 40 violations.
    elapsed time = 00:00:03, memory = 173.69 (MB).
[INFO DRT-0199]   Number of violations = 59.
Viol/Layer         li1   met1   met2
Metal Spacing        0      5      5
Recheck              3     12      4
Short                0     28      2
[INFO DRT-0267] cpu time = 00:00:11, elapsed time = 00:00:04, memory = 533.99 (MB), peak = 532.49 (MB)
Total wire length = 6852 um.
Total wire length on LAYER li1 = 0 um.
Total wire length on LAYER met1 = 2714 um.
Total wire length on LAYER met2 = 3308 um.
Total wire length on LAYER met3 = 809 um.
Total wire length on LAYER met4 = 5 um.
Total wire length on LAYER met5 = 14 um.
Total number of vias = 1596.
Up-via summary (total 1596):

-----------------------
 FR_MASTERSLICE       0
            li1     708
           met1     808
           met2      76
           met3       2
           met4       2
-----------------------
               1596


[INFO DRT-0195] Start 1st optimization iteration.
    Completing 10% with 59 violations.
    elapsed time = 00:00:00, memory = 539.58 (MB).
    Completing 30% with 59 violations.
    elapsed time = 00:00:00, memory = 544.27 (MB).
    Completing 50% with 53 violations.
    elapsed time = 00:00:01, memory = 551.37 (MB).
    Completing 60% with 45 violations.
    elapsed time = 00:00:01, memory = 555.81 (MB).
    Completing 80% with 45 violations.
    elapsed time = 00:00:01, memory = 564.83 (MB).
    Completing 100% with 4 violations.
    elapsed time = 00:00:03, memory = 565.09 (MB).
[INFO DRT-0199]   Number of violations = 4.
Viol/Layer        met1
Short                4
[INFO DRT-0267] cpu time = 00:00:09, elapsed time = 00:00:03, memory = 565.10 (MB), peak = 575.24 (MB)
Total wire length = 6795 um.
Total wire length on LAYER li1 = 0 um.
Total wire length on LAYER met1 = 2685 um.
Total wire length on LAYER met2 = 3263 um.
Total wire length on LAYER met3 = 826 um.
Total wire length on LAYER met4 = 5 um.
Total wire length on LAYER met5 = 13 um.
Total number of vias = 1597.
Up-via summary (total 1597):

-----------------------
 FR_MASTERSLICE       0
            li1     717
           met1     800
           met2      76
           met3       2
           met4       2
-----------------------
               1597


[INFO DRT-0195] Start 2nd optimization iteration.
    Completing 10% with 4 violations.
    elapsed time = 00:00:00, memory = 565.10 (MB).
    Completing 20% with 4 violations.
    elapsed time = 00:00:00, memory = 565.10 (MB).
    Completing 30% with 4 violations.
    elapsed time = 00:00:00, memory = 565.10 (MB).
    Completing 40% with 4 violations.
    elapsed time = 00:00:00, memory = 565.10 (MB).
    Completing 50% with 4 violations.
    elapsed time = 00:00:00, memory = 565.10 (MB).
    Completing 60% with 4 violations.
    elapsed time = 00:00:00, memory = 565.10 (MB).
    Completing 70% with 4 violations.
    elapsed time = 00:00:00, memory = 565.10 (MB).
    Completing 80% with 4 violations.
    elapsed time = 00:00:00, memory = 565.10 (MB).
    Completing 100% with 16 violations.
    elapsed time = 00:00:03, memory = 568.05 (MB).
[INFO DRT-0199]   Number of violations = 16.
Viol/Layer        met1   met2
Metal Spacing        3      3
Short               10      0
[INFO DRT-0267] cpu time = 00:00:05, elapsed time = 00:00:03, memory = 569.05 (MB), peak = 582.65 (MB)
Total wire length = 6788 um.
Total wire length on LAYER li1 = 0 um.
Total wire length on LAYER met1 = 2649 um.
Total wire length on LAYER met2 = 3289 um.
Total wire length on LAYER met3 = 829 um.
Total wire length on LAYER met4 = 5 um.
Total wire length on LAYER met5 = 13 um.
Total number of vias = 1601.
Up-via summary (total 1601):

-----------------------
 FR_MASTERSLICE       0
            li1     711
           met1     809
           met2      77
           met3       2
           met4       2
-----------------------
               1601


[INFO DRT-0195] Start 3rd guides tiles iteration.
    Completing 10% with 16 violations.
    elapsed time = 00:00:00, memory = 576.22 (MB).
    Completing 30% with 16 violations.
    elapsed time = 00:00:00, memory = 576.89 (MB).
    Completing 50% with 16 violations.
    elapsed time = 00:00:00, memory = 577.68 (MB).
    Completing 60% with 16 violations.
    elapsed time = 00:00:00, memory = 577.84 (MB).
    Completing 80% with 0 violations.
    elapsed time = 00:00:00, memory = 577.84 (MB).
    Completing 100% with 0 violations.
    elapsed time = 00:00:00, memory = 577.84 (MB).
[INFO DRT-0199]   Number of violations = 0.
[INFO DRT-0267] cpu time = 00:00:03, elapsed time = 00:00:00, memory = 577.95 (MB), peak = 582.65 (MB)
Total wire length = 6790 um.
Total wire length on LAYER li1 = 0 um.
Total wire length on LAYER met1 = 2590 um.
Total wire length on LAYER met2 = 3278 um.
Total wire length on LAYER met3 = 889 um.
Total wire length on LAYER met4 = 17 um.
Total wire length on LAYER met5 = 13 um.
Total number of vias = 1615.
Up-via summary (total 1615):

-----------------------
 FR_MASTERSLICE       0
            li1     711
           met1     807
           met2      91
           met3       4
           met4       2
-----------------------
               1615


[INFO DRT-0198] Complete detail routing.
Total wire length = 6790 um.
Total wire length on LAYER li1 = 0 um.
Total wire length on LAYER met1 = 2590 um.
Total wire length on LAYER met2 = 3278 um.
Total wire length on LAYER met3 = 889 um.
Total wire length on LAYER met4 = 17 um.
Total wire length on LAYER met5 = 13 um.
Total number of vias = 1615.
Up-via summary (total 1615):

-----------------------
 FR_MASTERSLICE       0
            li1     711
           met1     807
           met2      91
           met3       4
           met4       2
-----------------------
               1615


[INFO DRT-0267] cpu time = 00:00:29, elapsed time = 00:00:11, memory = 578.06 (MB), peak = 582.65 (MB)

[INFO DRT-0180] Post processing.
+ check_antennas 
[INFO ANT-0002] Found 0 net violations.
[INFO ANT-0001] Found 0 pin violations.
Setting global connections for newly added cells…
[INFO] Setting global connections...
[INFO ODB-0403] 0 connections made, 0 conflicts skipped.
Updating metrics…
Cell type report:                       Count       Area
  Fill cell                                50     187.68
  Tap cell                                 67      83.83
  Buffer                                    3      15.01
  Clock buffer                              6     132.63
  Timing Repair Buffer                     99     998.46
  Inverter                                  1       3.75
  Clock inverter                            2      12.51
  Sequential cell                          41    1077.28
  Multi-Input combinational cell          114    1287.48
  Total                                   383    3798.64
Writing OpenROAD database to '/home/cl4/Desktop/training/RISC-V/asic/runs/RUN_2026-09-10_08-55-15/40-openroad-detailedrouting/riscv_soc_top.odb'…
Writing netlist to '/home/cl4/Desktop/training/RISC-V/asic/runs/RUN_2026-09-10_08-55-15/40-openroad-detailedrouting/riscv_soc_top.nl.v'…
Writing powered netlist to '/home/cl4/Desktop/training/RISC-V/asic/runs/RUN_2026-09-10_08-55-15/40-openroad-detailedrouting/riscv_soc_top.pnl.v'…
Writing layout to '/home/cl4/Desktop/training/RISC-V/asic/runs/RUN_2026-09-10_08-55-15/40-openroad-detailedrouting/riscv_soc_top.def'…
Writing timing constraints to '/home/cl4/Desktop/training/RISC-V/asic/runs/RUN_2026-09-10_08-55-15/40-openroad-detailedrouting/riscv_soc_top.sdc'…
