Reading timing models for corner nom_tt_025C_1v80…
Reading timing library for the 'nom_tt_025C_1v80' corner at '/home/cl4/.ciel/ciel/sky130/versions/8afc8346a57fe1ab7934ba5a6056ea8b43078e71/sky130A/libs.ref/sky130_fd_sc_hd/lib/sky130_fd_sc_hd__tt_025C_1v80.lib'…
Reading OpenROAD database at '/home/cl4/Desktop/training/RISC-V-SoC-with-Coherent-Memory-Subsystem/physical_design/runs/RUN_2026-09-09_05-42-53/42-openroad-repairantennas/1-openroad-diodeinsertion/riscv_soc_top.odb'…
Reading design constraints file at '/home/cl4/Desktop/training/RISC-V-SoC-with-Coherent-Memory-Subsystem/physical_design/src/pnr.sdc'…
[INFO] No information on clock propagation in input SDC file-- propagating all clocks.
[INFO ORD-0030] Using 12 thread(s).
+ detailed_route -droute_end_iter 64 -or_seed 42 -verbose 1 -output_drc /home/cl4/Desktop/training/RISC-V-SoC-with-Coherent-Memory-Subsystem/physical_design/runs/RUN_2026-09-09_05-42-53/44-openroad-detailedrouting/drt-run-0/riscv_soc_top.drc
[INFO DRT-0149] Reading tech and libs.
[WARNING DRT-0349] LEF58_ENCLOSURE with no CUTCLASS is not supported. Skipping for layer mcon
[WARNING DRT-0349] LEF58_ENCLOSURE with no CUTCLASS is not supported. Skipping for layer mcon
[WARNING DRT-0349] LEF58_ENCLOSURE with no CUTCLASS is not supported. Skipping for layer via
[WARNING DRT-0349] LEF58_ENCLOSURE with no CUTCLASS is not supported. Skipping for layer via
[WARNING DRT-0349] LEF58_ENCLOSURE with no CUTCLASS is not supported. Skipping for layer via2
[WARNING DRT-0349] LEF58_ENCLOSURE with no CUTCLASS is not supported. Skipping for layer via2
[WARNING DRT-0349] LEF58_ENCLOSURE with no CUTCLASS is not supported. Skipping for layer via3
[WARNING DRT-0349] LEF58_ENCLOSURE with no CUTCLASS is not supported. Skipping for layer via3
[WARNING DRT-0349] LEF58_ENCLOSURE with no CUTCLASS is not supported. Skipping for layer via4
[WARNING DRT-0349] LEF58_ENCLOSURE with no CUTCLASS is not supported. Skipping for layer via4

Units:                1000
Number of layers:     13
Number of macros:     445
Number of vias:       32
Number of viarulegen: 25

[INFO DRT-0150] Reading design.

Design:                   riscv_soc_top
Die area:                 ( 0 0 ) ( 159715 170435 )
Number of track patterns: 12
Number of DEF vias:       0
Number of components:     1443
Number of terminals:      14
Number of snets:          2
Number of nets:           1023

[INFO DRT-0167] List of default vias:
  Layer via
    default via: M1M2_PR
  Layer via2
    default via: M2M3_PR
  Layer via3
    default via: M3M4_PR
  Layer via4
    default via: M4M5_PR
[INFO DRT-0162] Library cell analysis.
[INFO DRT-0163] Instance analysis.
[INFO DRT-0164] Number of unique instances = 151.
[INFO DRT-0168] Init region query.
[INFO DRT-0024]   Complete FR_MASTERSLICE.
[INFO DRT-0024]   Complete licon.
[INFO DRT-0024]   Complete li1.
[INFO DRT-0024]   Complete mcon.
[INFO DRT-0024]   Complete met1.
[INFO DRT-0024]   Complete via.
[INFO DRT-0024]   Complete met2.
[INFO DRT-0024]   Complete via2.
[INFO DRT-0024]   Complete met3.
[INFO DRT-0024]   Complete via3.
[INFO DRT-0024]   Complete met4.
[INFO DRT-0024]   Complete via4.
[INFO DRT-0024]   Complete met5.
[INFO DRT-0033] FR_MASTERSLICE shape region query size = 0.
[INFO DRT-0033] licon shape region query size = 0.
[INFO DRT-0033] li1 shape region query size = 38460.
[INFO DRT-0033] mcon shape region query size = 0.
[INFO DRT-0033] met1 shape region query size = 5896.
[INFO DRT-0033] via shape region query size = 990.
[INFO DRT-0033] met2 shape region query size = 338.
[INFO DRT-0033] via2 shape region query size = 770.
[INFO DRT-0033] met3 shape region query size = 334.
[INFO DRT-0033] via3 shape region query size = 770.
[INFO DRT-0033] met4 shape region query size = 158.
[INFO DRT-0033] via4 shape region query size = 72.
[INFO DRT-0033] met5 shape region query size = 48.
[INFO DRT-0165] Start pin access.
[INFO DRT-0076]   Complete 1000 pins.
[INFO DRT-0078]   Complete 1147 pins.
[INFO DRT-0079]   Complete 100 unique inst patterns.
[INFO DRT-0081]   Complete 151 unique inst patterns.
[INFO DRT-0084]   Complete 636 groups.
#scanned instances     = 1443
#unique  instances     = 151
#stdCellGenAp          = 3966
#stdCellValidPlanarAp  = 45
#stdCellValidViaAp     = 3023
#stdCellPinNoAp        = 0
#stdCellPinCnt         = 3410
#instTermValidViaApCnt = 0
#macroGenAp            = 0
#macroValidPlanarAp    = 0
#macroValidViaAp       = 0
#macroNoAp             = 0
[INFO DRT-0166] Complete pin access.
[INFO DRT-0267] cpu time = 00:01:30, elapsed time = 00:00:08, memory = 135.72 (MB), peak = 134.70 (MB)

[INFO DRT-0157] Number of guides:     7240

[INFO DRT-0169] Post process guides.
[INFO DRT-0176] GCELLGRID X 0 DO 23 STEP 6900 ;
[INFO DRT-0177] GCELLGRID Y 0 DO 24 STEP 6900 ;
[INFO DRT-0028]   Complete FR_MASTERSLICE.
[INFO DRT-0028]   Complete licon.
[INFO DRT-0028]   Complete li1.
[INFO DRT-0028]   Complete mcon.
[INFO DRT-0028]   Complete met1.
[INFO DRT-0028]   Complete via.
[INFO DRT-0028]   Complete met2.
[INFO DRT-0028]   Complete via2.
[INFO DRT-0028]   Complete met3.
[INFO DRT-0028]   Complete via3.
[INFO DRT-0028]   Complete met4.
[INFO DRT-0028]   Complete via4.
[INFO DRT-0028]   Complete met5.
[INFO DRT-0178] Init guide query.
[INFO DRT-0035]   Complete FR_MASTERSLICE (guide).
[INFO DRT-0035]   Complete licon (guide).
[INFO DRT-0035]   Complete li1 (guide).
[INFO DRT-0035]   Complete mcon (guide).
[INFO DRT-0035]   Complete met1 (guide).
[INFO DRT-0035]   Complete via (guide).
[INFO DRT-0035]   Complete met2 (guide).
[INFO DRT-0035]   Complete via2 (guide).
[INFO DRT-0035]   Complete met3 (guide).
[INFO DRT-0035]   Complete via3 (guide).
[INFO DRT-0035]   Complete met4 (guide).
[INFO DRT-0035]   Complete via4 (guide).
[INFO DRT-0035]   Complete met5 (guide).
[INFO DRT-0036] FR_MASTERSLICE guide region query size = 0.
[INFO DRT-0036] licon guide region query size = 0.
[INFO DRT-0036] li1 guide region query size = 2612.
[INFO DRT-0036] mcon guide region query size = 0.
[INFO DRT-0036] met1 guide region query size = 2322.
[INFO DRT-0036] via guide region query size = 0.
[INFO DRT-0036] met2 guide region query size = 1157.
[INFO DRT-0036] via2 guide region query size = 0.
[INFO DRT-0036] met3 guide region query size = 22.
[INFO DRT-0036] via3 guide region query size = 0.
[INFO DRT-0036] met4 guide region query size = 4.
[INFO DRT-0036] via4 guide region query size = 0.
[INFO DRT-0036] met5 guide region query size = 0.
[INFO DRT-0179] Init gr pin query.
[INFO DRT-0267] cpu time = 00:00:00, elapsed time = 00:00:00, memory = 137.98 (MB), peak = 136.98 (MB)
[INFO DRT-0245] skipped writing guide updates to database.
[INFO DRT-0185] Post process initialize RPin region query.
[INFO DRT-0181] Start track assignment.
[INFO DRT-0184] Done with 3773 vertical wires in 1 frboxes and 2344 horizontal wires in 1 frboxes.
[INFO DRT-0186] Done with 364 vertical wires in 1 frboxes and 596 horizontal wires in 1 frboxes.
[INFO DRT-0182] Complete track assignment.
[INFO DRT-0267] cpu time = 00:00:03, elapsed time = 00:00:00, memory = 151.68 (MB), peak = 156.48 (MB)
[INFO DRT-0187] Start routing data preparation.
[INFO DRT-0267] cpu time = 00:00:00, elapsed time = 00:00:00, memory = 151.68 (MB), peak = 156.48 (MB)
[INFO DRT-0194] Start detail routing.
[INFO DRT-0195] Start 0th optimization iteration.
    Completing 10% with 0 violations.
    elapsed time = 00:00:00, memory = 210.42 (MB).
    Completing 20% with 0 violations.
    elapsed time = 00:00:01, memory = 182.74 (MB).
    Completing 30% with 41 violations.
    elapsed time = 00:00:01, memory = 221.18 (MB).
    Completing 40% with 41 violations.
    elapsed time = 00:00:01, memory = 234.91 (MB).
    Completing 50% with 41 violations.
    elapsed time = 00:00:02, memory = 234.96 (MB).
    Completing 60% with 80 violations.
    elapsed time = 00:00:02, memory = 257.57 (MB).
    Completing 70% with 80 violations.
    elapsed time = 00:00:03, memory = 243.59 (MB).
    Completing 80% with 120 violations.
    elapsed time = 00:00:03, memory = 264.66 (MB).
    Completing 90% with 120 violations.
    elapsed time = 00:00:04, memory = 264.66 (MB).
    Completing 100% with 165 violations.
    elapsed time = 00:00:05, memory = 246.61 (MB).
[INFO DRT-0199]   Number of violations = 225.
Viol/Layer         li1   mcon   met1    via   met2
Cut Spacing          0      3      0      0      0
Metal Spacing        0      0     63      0     14
Recheck              1      0     37      0     22
Short                0      0     83      1      1
[INFO DRT-0267] cpu time = 00:00:19, elapsed time = 00:00:05, memory = 594.47 (MB), peak = 593.50 (MB)
Total wire length = 19548 um.
Total wire length on LAYER li1 = 0 um.
Total wire length on LAYER met1 = 8962 um.
Total wire length on LAYER met2 = 10318 um.
Total wire length on LAYER met3 = 248 um.
Total wire length on LAYER met4 = 20 um.
Total wire length on LAYER met5 = 0 um.
Total number of vias = 6863.
Up-via summary (total 6863):

-----------------------
 FR_MASTERSLICE       0
            li1    3291
           met1    3536
           met2      32
           met3       4
           met4       0
-----------------------
               6863


[INFO DRT-0195] Start 1st optimization iteration.
    Completing 10% with 225 violations.
    elapsed time = 00:00:00, memory = 642.66 (MB).
    Completing 20% with 225 violations.
    elapsed time = 00:00:01, memory = 651.74 (MB).
    Completing 30% with 203 violations.
    elapsed time = 00:00:01, memory = 667.36 (MB).
    Completing 40% with 203 violations.
    elapsed time = 00:00:01, memory = 670.95 (MB).
    Completing 50% with 203 violations.
    elapsed time = 00:00:02, memory = 673.29 (MB).
    Completing 60% with 168 violations.
    elapsed time = 00:00:02, memory = 686.53 (MB).
    Completing 70% with 168 violations.
    elapsed time = 00:00:03, memory = 687.40 (MB).
    Completing 80% with 92 violations.
    elapsed time = 00:00:03, memory = 694.49 (MB).
    Completing 90% with 92 violations.
    elapsed time = 00:00:04, memory = 694.49 (MB).
    Completing 100% with 46 violations.
    elapsed time = 00:00:05, memory = 694.49 (MB).
[INFO DRT-0199]   Number of violations = 46.
Viol/Layer        met1   met2
Metal Spacing        8      3
Short               35      0
[INFO DRT-0267] cpu time = 00:00:18, elapsed time = 00:00:05, memory = 697.49 (MB), peak = 696.62 (MB)
Total wire length = 19388 um.
Total wire length on LAYER li1 = 0 um.
Total wire length on LAYER met1 = 8923 um.
Total wire length on LAYER met2 = 10238 um.
Total wire length on LAYER met3 = 226 um.
Total wire length on LAYER met4 = 0 um.
Total wire length on LAYER met5 = 0 um.
Total number of vias = 6735.
Up-via summary (total 6735):

-----------------------
 FR_MASTERSLICE       0
            li1    3285
           met1    3425
           met2      25
           met3       0
           met4       0
-----------------------
               6735


[INFO DRT-0195] Start 2nd optimization iteration.
    Completing 10% with 46 violations.
    elapsed time = 00:00:00, memory = 697.49 (MB).
    Completing 20% with 46 violations.
    elapsed time = 00:00:00, memory = 697.49 (MB).
    Completing 30% with 46 violations.
    elapsed time = 00:00:01, memory = 697.49 (MB).
    Completing 40% with 42 violations.
    elapsed time = 00:00:01, memory = 697.49 (MB).
    Completing 50% with 42 violations.
    elapsed time = 00:00:02, memory = 709.74 (MB).
    Completing 60% with 39 violations.
    elapsed time = 00:00:02, memory = 709.74 (MB).
    Completing 70% with 39 violations.
    elapsed time = 00:00:02, memory = 709.74 (MB).
    Completing 80% with 39 violations.
    elapsed time = 00:00:03, memory = 725.36 (MB).
    Completing 90% with 38 violations.
    elapsed time = 00:00:04, memory = 725.36 (MB).
    Completing 100% with 34 violations.
    elapsed time = 00:00:04, memory = 725.36 (MB).
[INFO DRT-0199]   Number of violations = 34.
Viol/Layer        met1   met2
Metal Spacing       15      3
Short               15      1
[INFO DRT-0267] cpu time = 00:00:17, elapsed time = 00:00:04, memory = 725.36 (MB), peak = 724.49 (MB)
Total wire length = 19308 um.
Total wire length on LAYER li1 = 0 um.
Total wire length on LAYER met1 = 8871 um.
Total wire length on LAYER met2 = 10192 um.
Total wire length on LAYER met3 = 243 um.
Total wire length on LAYER met4 = 0 um.
Total wire length on LAYER met5 = 0 um.
Total number of vias = 6718.
Up-via summary (total 6718):

-----------------------
 FR_MASTERSLICE       0
            li1    3282
           met1    3411
           met2      25
           met3       0
           met4       0
-----------------------
               6718


[INFO DRT-0195] Start 3rd guides tiles iteration.
    Completing 10% with 34 violations.
    elapsed time = 00:00:00, memory = 730.92 (MB).
    Completing 20% with 34 violations.
    elapsed time = 00:00:00, memory = 732.16 (MB).
    Completing 30% with 34 violations.
    elapsed time = 00:00:00, memory = 733.10 (MB).
    Completing 40% with 34 violations.
    elapsed time = 00:00:00, memory = 733.10 (MB).
    Completing 50% with 34 violations.
    elapsed time = 00:00:00, memory = 733.10 (MB).
    Completing 60% with 0 violations.
    elapsed time = 00:00:00, memory = 733.10 (MB).
    Completing 70% with 0 violations.
    elapsed time = 00:00:00, memory = 733.10 (MB).
    Completing 80% with 0 violations.
    elapsed time = 00:00:00, memory = 733.10 (MB).
    Completing 90% with 0 violations.
    elapsed time = 00:00:00, memory = 733.10 (MB).
    Completing 100% with 0 violations.
    elapsed time = 00:00:00, memory = 733.10 (MB).
[INFO DRT-0199]   Number of violations = 0.
[INFO DRT-0267] cpu time = 00:00:05, elapsed time = 00:00:00, memory = 733.10 (MB), peak = 732.12 (MB)
Total wire length = 19317 um.
Total wire length on LAYER li1 = 0 um.
Total wire length on LAYER met1 = 8830 um.
Total wire length on LAYER met2 = 10190 um.
Total wire length on LAYER met3 = 296 um.
Total wire length on LAYER met4 = 0 um.
Total wire length on LAYER met5 = 0 um.
Total number of vias = 6734.
Up-via summary (total 6734):

-----------------------
 FR_MASTERSLICE       0
            li1    3279
           met1    3418
           met2      37
           met3       0
           met4       0
-----------------------
               6734


[INFO DRT-0198] Complete detail routing.
Total wire length = 19317 um.
Total wire length on LAYER li1 = 0 um.
Total wire length on LAYER met1 = 8830 um.
Total wire length on LAYER met2 = 10190 um.
Total wire length on LAYER met3 = 296 um.
Total wire length on LAYER met4 = 0 um.
Total wire length on LAYER met5 = 0 um.
Total number of vias = 6734.
Up-via summary (total 6734):

-----------------------
 FR_MASTERSLICE       0
            li1    3279
           met1    3418
           met2      37
           met3       0
           met4       0
-----------------------
               6734


[INFO DRT-0267] cpu time = 00:01:01, elapsed time = 00:00:17, memory = 733.21 (MB), peak = 732.25 (MB)

[INFO DRT-0180] Post processing.
+ check_antennas 
[INFO ANT-0002] Found 0 net violations.
[INFO ANT-0001] Found 0 pin violations.
Setting global connections for newly added cells…
[INFO] Setting global connections...
[INFO ODB-0403] 0 connections made, 0 conflicts skipped.
Updating metrics…
Cell type report:                       Count       Area
  Fill cell                               108     405.39
  Tap cell                                308     385.37
  Buffer                                    5      25.02
  Clock buffer                             56    1098.55
  Timing Repair Buffer                    200    2001.92
  Inverter                                 23      86.33
  Sequential cell                         196    5149.94
  Multi-Input combinational cell          547    4685.74
  Total                                  1443   13838.27
Writing OpenROAD database to '/home/cl4/Desktop/training/RISC-V-SoC-with-Coherent-Memory-Subsystem/physical_design/runs/RUN_2026-09-09_05-42-53/44-openroad-detailedrouting/riscv_soc_top.odb'…
Writing netlist to '/home/cl4/Desktop/training/RISC-V-SoC-with-Coherent-Memory-Subsystem/physical_design/runs/RUN_2026-09-09_05-42-53/44-openroad-detailedrouting/riscv_soc_top.nl.v'…
Writing powered netlist to '/home/cl4/Desktop/training/RISC-V-SoC-with-Coherent-Memory-Subsystem/physical_design/runs/RUN_2026-09-09_05-42-53/44-openroad-detailedrouting/riscv_soc_top.pnl.v'…
Writing layout to '/home/cl4/Desktop/training/RISC-V-SoC-with-Coherent-Memory-Subsystem/physical_design/runs/RUN_2026-09-09_05-42-53/44-openroad-detailedrouting/riscv_soc_top.def'…
Writing timing constraints to '/home/cl4/Desktop/training/RISC-V-SoC-with-Coherent-Memory-Subsystem/physical_design/runs/RUN_2026-09-09_05-42-53/44-openroad-detailedrouting/riscv_soc_top.sdc'…
