Clock: clk
Sources: clk 
Generated: no
Virtual: yes
Propagated: no
Period: 10.000000

===========================================================================
report_clock_properties
============================================================================
Clock                   Period          Waveform
----------------------------------------------------
clk                  10.000000    0.000000  5.000000

===========================================================================
report_clock_latency
============================================================================
Clock clk
rise -> rise
    min     max
0.000000 0.000000 source latency
0.336344         network latency _209_/CLK
        0.340210 network latency _190_/CLK
---------------
0.336344 0.340210 latency
        0.003866 skew

fall -> fall
    min     max
0.000000 0.000000 source latency
0.325335         network latency _209_/CLK
        0.328262 network latency _190_/CLK
---------------
0.325335 0.328262 latency
        0.002927 skew



===========================================================================
report_clock_min_period
============================================================================
clk period_min = 2.22 fmax = 450.84
