
===========================================================================
 report_power
============================================================================
======================= nom_tt_025C_1v80 Corner ===================================

Group                    Internal    Switching      Leakage        Total
                            Power        Power        Power        Power (Watts)
------------------------------------------------------------------------
Sequential           1.683935e-04 1.589618e-06 4.918043e-10 1.699836e-04  43.5%
Combinational        3.058296e-05 4.007727e-05 9.843810e-10 7.066122e-05  18.1%
Clock                9.499706e-05 5.501535e-05 2.371436e-10 1.500126e-04  38.4%
Macro                0.000000e+00 0.000000e+00 0.000000e+00 0.000000e+00   0.0%
Pad                  0.000000e+00 0.000000e+00 0.000000e+00 0.000000e+00   0.0%
------------------------------------------------------------------------
Total                2.939735e-04 9.668223e-05 1.713326e-09 3.906574e-04 100.0%
                            75.3%        24.7%         0.0%
Writing metric power__internal__total: 0.00029397348407655954
Writing metric power__switching__total: 9.66822262853384e-5
Writing metric power__leakage__total: 1.7133257035339966e-9
Writing metric power__total: 0.0003906574274878949

