177. Printing statistics.

=== riscv_soc_top ===

        +----------Local Count, excluding submodules.
        |        +-Local Area, excluding submodules.
        |        | 
     1021        - wires
     1305        - wire bits
       71        - public wires
      355        - public wire bits
        5        - ports
       12        - port bits
     1293 5.15E+03 cells
      394        -   $_ANDNOT_
       53        -   $_AND_
       91        -   $_MUX_
       64        -   $_NAND_
      101        -   $_NOR_
       67        -   $_NOT_
       47        -   $_ORNOT_
      163        -   $_OR_
       20        -   $_XNOR_
       97        -   $_XOR_
      188 4.94E+03   sky130_fd_sc_hd__dfrtp_2
        8  210.202   sky130_fd_sc_hd__dfstp_2

   Area for cell type $_ANDNOT_ is unknown!
   Area for cell type $_AND_ is unknown!
   Area for cell type $_MUX_ is unknown!
   Area for cell type $_NAND_ is unknown!
   Area for cell type $_NOR_ is unknown!
   Area for cell type $_NOT_ is unknown!
   Area for cell type $_ORNOT_ is unknown!
   Area for cell type $_OR_ is unknown!
   Area for cell type $_XNOR_ is unknown!
   Area for cell type $_XOR_ is unknown!

   Chip area for module '\riscv_soc_top': 5149.939200
     of which used for sequential elements: 5149.939200 (100.00%)

