171. Printing statistics.

=== riscv_soc_top ===

        +----------Local Count, excluding submodules.
        | 
      993 wires
     1277 wire bits
       71 public wires
      355 public wire bits
        5 ports
       12 port bits
     1265 cells
      394   $_ANDNOT_
       53   $_AND_
       28   $_DFFE_PN0P_
      160   $_DFF_PN0_
        8   $_DFF_PN1_
       63   $_MUX_
       64   $_NAND_
      101   $_NOR_
       67   $_NOT_
       47   $_ORNOT_
      163   $_OR_
       20   $_XNOR_
       97   $_XOR_

   Area for cell type $_ANDNOT_ is unknown!
   Area for cell type $_AND_ is unknown!
   Area for cell type $_DFFE_PN0P_ is unknown!
   Area for cell type $_DFF_PN0_ is unknown!
   Area for cell type $_DFF_PN1_ is unknown!
   Area for cell type $_MUX_ is unknown!
   Area for cell type $_NAND_ is unknown!
   Area for cell type $_NOR_ is unknown!
   Area for cell type $_NOT_ is unknown!
   Area for cell type $_ORNOT_ is unknown!
   Area for cell type $_OR_ is unknown!
   Area for cell type $_XNOR_ is unknown!
   Area for cell type $_XOR_ is unknown!

