+ analyze_power_grid -net VPWR -voltage_file /home/hassan/risc_v_systolic_array/runs/RUN_2026-09-13_15-59-45/55-openroad-irdropreport/net-VPWR.csv
[INFO PSM-0040] All shapes on net VPWR are connected.
########## IR report #################
Net              : VPWR
Corner           : nom_tt_025C_1v80
Total power      : 7.95e-03 W
Supply voltage   : 1.80e+00 V
Worstcase voltage: 1.80e+00 V
Average voltage  : 1.80e+00 V
Average IR drop  : 3.55e-06 V
Worstcase IR drop: 4.02e-05 V
Percentage drop  : 0.00 %
######################################
+ analyze_power_grid -net VGND -voltage_file /home/hassan/risc_v_systolic_array/runs/RUN_2026-09-13_15-59-45/55-openroad-irdropreport/net-VGND.csv
[INFO PSM-0040] All shapes on net VGND are connected.
########## IR report #################
Net              : VGND
Corner           : nom_tt_025C_1v80
Total power      : 7.95e-03 W
Supply voltage   : 0.00e+00 V
Worstcase voltage: 4.44e-05 V
Average voltage  : 3.48e-06 V
Average IR drop  : 3.48e-06 V
Worstcase IR drop: 4.44e-05 V
Percentage drop  : 0.00 %
######################################
