
24. Executing PROC_DLATCH pass (convert process syncs to latches).
No latch inferred for signal `\registerfile.$mem2reg_rd$\rd$/home/hassan/project/src/REGISTER_FILE.v:36$165_DATA' from process `\registerfile.$proc$/home/hassan/project/src/REGISTER_FILE.v:36$180'.
No latch inferred for signal `\registerfile.$mem2reg_rd$\rd$/home/hassan/project/src/REGISTER_FILE.v:35$164_DATA' from process `\registerfile.$proc$/home/hassan/project/src/REGISTER_FILE.v:35$177'.
No latch inferred for signal `\alu.\result' from process `\alu.$proc$/home/hassan/project/src/ALU.v:11$138'.
No latch inferred for signal `\instruct_mem.\instruction' from process `\instruct_mem.$proc$/home/hassan/project/src/INSTR_MEM.v:16$124'.
No latch inferred for signal `\control_unit.\reg_write' from process `\control_unit.$proc$/home/hassan/project/src/CONTROL_UNIT.v:33$105'.
No latch inferred for signal `\control_unit.\rd_addr' from process `\control_unit.$proc$/home/hassan/project/src/CONTROL_UNIT.v:33$105'.
No latch inferred for signal `\control_unit.\rs1_addr' from process `\control_unit.$proc$/home/hassan/project/src/CONTROL_UNIT.v:33$105'.
No latch inferred for signal `\control_unit.\rs2_addr' from process `\control_unit.$proc$/home/hassan/project/src/CONTROL_UNIT.v:33$105'.
No latch inferred for signal `\control_unit.\alu_op' from process `\control_unit.$proc$/home/hassan/project/src/CONTROL_UNIT.v:33$105'.
No latch inferred for signal `\control_unit.\op_b_sel' from process `\control_unit.$proc$/home/hassan/project/src/CONTROL_UNIT.v:33$105'.
No latch inferred for signal `\control_unit.\imm' from process `\control_unit.$proc$/home/hassan/project/src/CONTROL_UNIT.v:33$105'.
No latch inferred for signal `\control_unit.\rd_sel' from process `\control_unit.$proc$/home/hassan/project/src/CONTROL_UNIT.v:33$105'.
No latch inferred for signal `\control_unit.\branch' from process `\control_unit.$proc$/home/hassan/project/src/CONTROL_UNIT.v:33$105'.
No latch inferred for signal `\control_unit.\jump' from process `\control_unit.$proc$/home/hassan/project/src/CONTROL_UNIT.v:33$105'.
No latch inferred for signal `\control_unit.\jalr' from process `\control_unit.$proc$/home/hassan/project/src/CONTROL_UNIT.v:33$105'.
No latch inferred for signal `\control_unit.\auipc' from process `\control_unit.$proc$/home/hassan/project/src/CONTROL_UNIT.v:33$105'.
No latch inferred for signal `\control_unit.\mem_read' from process `\control_unit.$proc$/home/hassan/project/src/CONTROL_UNIT.v:33$105'.
No latch inferred for signal `\control_unit.\mem_write' from process `\control_unit.$proc$/home/hassan/project/src/CONTROL_UNIT.v:33$105'.
No latch inferred for signal `\wrapper_mem.\store_op' from process `\wrapper_mem.$proc$/home/hassan/project/src/WRAPPER_MEM.v:36$96'.
No latch inferred for signal `\wrapper_mem.\wrapper_mem_o_for_cache_i' from process `\wrapper_mem.$proc$/home/hassan/project/src/WRAPPER_MEM.v:36$96'.
No latch inferred for signal `\wrapper_mem.\wrapper_mem_o' from process `\wrapper_mem.$proc$/home/hassan/project/src/WRAPPER_MEM.v:36$96'.
No latch inferred for signal `\shared_mem.\rdata0' from process `\shared_mem.$proc$/home/hassan/project/src/shared_mem.v:16$10'.
No latch inferred for signal `\shared_mem.\rdata1' from process `\shared_mem.$proc$/home/hassan/project/src/shared_mem.v:16$10'.
No latch inferred for signal `\data_cache.\shared_addr' from process `\data_cache.$proc$/home/hassan/project/src/data_cache.v:35$188'.
No latch inferred for signal `\data_cache.\shared_read' from process `\data_cache.$proc$/home/hassan/project/src/data_cache.v:35$188'.
No latch inferred for signal `\data_cache.\shared_write' from process `\data_cache.$proc$/home/hassan/project/src/data_cache.v:35$188'.
No latch inferred for signal `\data_cache.\shared_wdata' from process `\data_cache.$proc$/home/hassan/project/src/data_cache.v:35$188'.
No latch inferred for signal `\data_cache.\shared_wmask' from process `\data_cache.$proc$/home/hassan/project/src/data_cache.v:35$188'.
No latch inferred for signal `\data_cache.\cache_o' from process `\data_cache.$proc$/home/hassan/project/src/data_cache.v:35$188'.
