158. Printing statistics.

=== soc_top ===

        +----------Local Count, excluding submodules.
        |        +-Local Area, excluding submodules.
        |        | 
     6591        - wires
     8451        - wire bits
       64        - public wires
     1924        - public wire bits
        6        - ports
       68        - port bits
     8393 3.97E+04 cells
      675        -   $_ANDNOT_
       54        -   $_AND_
     4244        -   $_MUX_
       40        -   $_NAND_
       99        -   $_NOR_
      716        -   $_NOT_
      287        -   $_ORNOT_
      452        -   $_OR_
        4        -   $_XNOR_
       20        -   $_XOR_
      266 6.99E+03   sky130_fd_sc_hd__dfrtp_2
     1536 3.27E+04   sky130_fd_sc_hd__dfxtp_2

   Area for cell type $_ANDNOT_ is unknown!
   Area for cell type $_AND_ is unknown!
   Area for cell type $_MUX_ is unknown!
   Area for cell type $_NAND_ is unknown!
   Area for cell type $_NOR_ is unknown!
   Area for cell type $_NOT_ is unknown!
   Area for cell type $_ORNOT_ is unknown!
   Area for cell type $_OR_ is unknown!
   Area for cell type $_XNOR_ is unknown!
   Area for cell type $_XOR_ is unknown!

   Chip area for module '\soc_top': 39660.537600
     of which used for sequential elements: 39660.537600 (100.00%)

