152. Printing statistics.

=== soc_top ===

        +----------Local Count, excluding submodules.
        | 
     4795 wires
     6655 wire bits
       64 public wires
     1924 public wire bits
        6 ports
       68 port bits
     6597 cells
      675   $_ANDNOT_
       54   $_AND_
      256   $_DFFE_PN0N_
        4   $_DFFE_PN0P_
     1536   $_DFFE_PP_
        6   $_DFF_PN0_
     2448   $_MUX_
       40   $_NAND_
       99   $_NOR_
      716   $_NOT_
      287   $_ORNOT_
      452   $_OR_
        4   $_XNOR_
       20   $_XOR_

   Area for cell type $_ANDNOT_ is unknown!
   Area for cell type $_AND_ is unknown!
   Area for cell type $_DFFE_PN0N_ is unknown!
   Area for cell type $_DFFE_PN0P_ is unknown!
   Area for cell type $_DFFE_PP_ is unknown!
   Area for cell type $_DFF_PN0_ is unknown!
   Area for cell type $_MUX_ is unknown!
   Area for cell type $_NAND_ is unknown!
   Area for cell type $_NOR_ is unknown!
   Area for cell type $_NOT_ is unknown!
   Area for cell type $_ORNOT_ is unknown!
   Area for cell type $_OR_ is unknown!
   Area for cell type $_XNOR_ is unknown!
   Area for cell type $_XOR_ is unknown!

