166. Printing statistics.

=== soc_top ===

        +----------Local Count, excluding submodules.
        |        +-Local Area, excluding submodules.
        |        | 
       23        - wires
       85        - wire bits
       12        - public wires
       74        - public wire bits
        6        - ports
       68        - port bits
       81  526.755 cells
        2   17.517   sky130_fd_sc_hd__a31o_2
        2   25.024   sky130_fd_sc_hd__a31oi_2
        1    7.507   sky130_fd_sc_hd__and2_2
        1    8.758   sky130_fd_sc_hd__and2b_2
       60  225.216   sky130_fd_sc_hd__conb_1
        6  157.651   sky130_fd_sc_hd__dfrtp_2
        1    6.256   sky130_fd_sc_hd__nand2_2
        1    8.758   sky130_fd_sc_hd__nand2b_2
        4   25.024   sky130_fd_sc_hd__nor2_2
        1   12.512   sky130_fd_sc_hd__nor3b_2
        1   16.266   sky130_fd_sc_hd__xnor2_2
        1   16.266   sky130_fd_sc_hd__xor2_2

   Chip area for module '\soc_top': 526.755200
     of which used for sequential elements: 157.651200 (29.93%)

