Reading timing models for corner nom_tt_025C_1v80…
Reading timing library for the 'nom_tt_025C_1v80' corner at '/home/hassan/.ciel/ciel/sky130/versions/8afc8346a57fe1ab7934ba5a6056ea8b43078e71/sky130A/libs.ref/sky130_fd_sc_hd/lib/sky130_fd_sc_hd__tt_025C_1v80.lib'…
Reading OpenROAD database at '/home/hassan/project/runs/RUN_2026-09-12_18-08-42/26-odb-customioplacement/soc_top.odb'…
Reading design constraints file at '/home/hassan/project/src/impl.sdc'…
[INFO] Using clock clk…
[INFO] Setting output delay to: 4.0
[INFO] Setting input delay to: 4.0
[INFO] Setting load to: 0.033442
[INFO] Setting clock uncertainty to: 0.25
[INFO] Setting clock transition to: 0.1499999999999999944488848768742172978818416595458984375
[INFO] Setting timing derate to: 5.0%
[INFO] No information on clock propagation in input SDC file-- propagating all clocks.
[INFO] Setting signal min routing layer to: met1 and clock min routing layer to met1. 
[INFO] Setting signal max routing layer to: met5 and clock max routing layer to met5. 
+ global_placement -density 0.52998 -routability_driven -pad_right 0 -pad_left 0 -init_wirelength_coef 0.25
[INFO GPL-0001] ---- Initialize GPL Main Data Structures
[INFO GPL-0002] DBU: 1000
[INFO GPL-0003] SiteSize: (  0.460  2.720 ) um
[INFO GPL-0004] CoreBBox: (  5.520 10.880 ) ( 41.400 46.240 ) um
[INFO GPL-0036] Movable instances area:        526.755 um^2
[INFO GPL-0037] Total instances area:          643.117 um^2
[INFO GPL-0035] Pin density area adjust:        -3.012 um^2
[INFO GPL-0032] ---- Initialize Region: Top-level
[INFO GPL-0006] Number of instances:               122
[INFO GPL-0007] Movable instances:                  81
[INFO GPL-0008] Fixed instances:                    41
[INFO GPL-0009] Dummy instances:                     0
[INFO GPL-0010] Number of nets:                     85
[INFO GPL-0011] Number of pins:                    206
[INFO GPL-0012] Die BBox:  (  0.000  0.000 ) ( 47.330 58.050 ) um
[INFO GPL-0013] Core BBox: (  5.520 10.880 ) ( 41.400 46.240 ) um
[INFO GPL-0016] Core area:                    1268.717 um^2
[INFO GPL-0014] Region name: top-level.
[INFO GPL-0015] Region area:                  1268.717 um^2
[INFO GPL-0017] Fixed instances area:          116.362 um^2
[INFO GPL-0018] Movable instances area:        523.743 um^2
[INFO GPL-0019] Utilization:                    45.450 %
[INFO GPL-0020] Standard cells area:           523.743 um^2
[INFO GPL-0021] Large instances area:            0.000 um^2
[INFO GPL-0005] ---- Execute Conjugate Gradient Initial Placement.
[INFO GPL-0051] Source of initial instance position counters:
	Odb location = 0	Core center = 81	Region center = 0
[InitialPlace]  Iter: 1 conjugate gradient residual: 0.00000010 HPWL: 4566650
[InitialPlace]  Iter: 2 conjugate gradient residual: 0.00000010 HPWL: 1163991
[InitialPlace]  Iter: 3 conjugate gradient residual: 0.00000011 HPWL: 1153514
[InitialPlace]  Iter: 4 conjugate gradient residual: 0.00000011 HPWL: 1155187
[InitialPlace]  Iter: 5 conjugate gradient residual: 0.00000011 HPWL: 1153179
[INFO GPL-0033] ---- Initialize Nesterov Region: Top-level
[INFO GPL-0023] Placement target density:       0.5300
[INFO GPL-0024] Movable insts average area:      6.466 um^2
[INFO GPL-0025] Ideal bin area:                 12.200 um^2
[INFO GPL-0026] Ideal bin count:                   103
[INFO GPL-0027] Total bin area:               1268.717 um^2
[INFO GPL-0028] Bin count (X, Y):           8 ,      8
[INFO GPL-0029] Bin size (W * H):       4.485 *  4.420 um
[INFO GPL-0030] Number of bins:                     64
[INFO GPL-0007] ---- Execute Nesterov Global Placement.
[INFO GPL-0031] HPWL: Half-Perimeter Wirelength
Iteration | Overflow |     HPWL (um) |  HPWL(%) |   Penalty | Group
---------------------------------------------------------------
        0 |   0.4939 |  1.046287e+03 |   +0.00% |  4.32e-12 |      
[INFO GPL-0038] Routability snapshot saved at iter = 1
        0 |   0.4939 |  1.046287e+03 |          |           |      
       10 |   0.5077 |  1.057318e+03 |   +1.05% |  7.04e-12 |      
       20 |   0.5047 |  1.057002e+03 |   -0.03% |  1.15e-11 |      
       30 |   0.5056 |  1.056922e+03 |   -0.01% |  1.87e-11 |      
       40 |   0.5049 |  1.057024e+03 |   +0.01% |  3.04e-11 |      
       50 |   0.5051 |  1.057098e+03 |   +0.01% |  4.95e-11 |      
       60 |   0.5050 |  1.057290e+03 |   +0.02% |  8.07e-11 |      
       70 |   0.5048 |  1.057601e+03 |   +0.03% |  1.31e-10 |      
       80 |   0.5045 |  1.058294e+03 |   +0.07% |  2.14e-10 |      
       90 |   0.5040 |  1.059428e+03 |   +0.11% |  3.49e-10 |      
      100 |   0.5029 |  1.061033e+03 |   +0.15% |  5.68e-10 |      
      110 |   0.4982 |  1.062866e+03 |   +0.17% |  9.25e-10 |      
      120 |   0.4953 |  1.066327e+03 |   +0.33% |  1.51e-09 |      
      130 |   0.4863 |  1.072006e+03 |   +0.53% |  2.45e-09 |      
      140 |   0.4605 |  1.077200e+03 |   +0.48% |  4.00e-09 |      
      150 |   0.4273 |  1.080158e+03 |   +0.27% |  6.51e-09 |      
      160 |   0.4103 |  1.089546e+03 |   +0.87% |  1.06e-08 |      
      170 |   0.3910 |  1.109249e+03 |   +1.81% |  1.73e-08 |      
      180 |   0.3740 |  1.119769e+03 |   +0.95% |  2.81e-08 |      
      190 |   0.3382 |  1.130982e+03 |   +1.00% |  4.49e-08 |      
      200 |   0.3067 |  1.145254e+03 |   +1.26% |  6.62e-08 |      
[INFO GPL-0040] Routability iteration: 1
[INFO GPL-0041] Total routing overflow: 0.0000
[INFO GPL-0042] Number of overflowed tiles: 0 (0.00%)
[INFO GPL-0043] Average top 0.5% routing congestion: 0.9118
[INFO GPL-0044] Average top 1.0% routing congestion: 0.9118
[INFO GPL-0045] Average top 2.0% routing congestion: 0.9118
[INFO GPL-0046] Average top 5.0% routing congestion: 0.8429
[INFO GPL-0047] Routability iteration weighted routing congestion: 0.9118
[INFO GPL-0050] Weighted routing congestion is lower than target routing congestion(1.0100), end routability optimization.
[INFO GPL-0090] Routability finished. Target routing congestion achieved succesfully.
Iteration | Overflow |     HPWL (um) |  HPWL(%) |   Penalty | Group
---------------------------------------------------------------
      210 |   0.2811 |  1.160921e+03 |   +1.37% |  9.75e-08 |      
      220 |   0.2544 |  1.172151e+03 |   +0.97% |  1.44e-07 |      
      230 |   0.2462 |  1.189457e+03 |   +1.48% |  2.12e-07 |      
      240 |   0.2311 |  1.204411e+03 |   +1.26% |  3.12e-07 |      
      250 |   0.1987 |  1.216705e+03 |   +1.02% |  4.59e-07 |      
      260 |   0.1767 |  1.226335e+03 |   +0.79% |  6.77e-07 |      
      270 |   0.1497 |  1.247226e+03 |   +1.70% |  9.97e-07 |      
      280 |   0.1182 |  1.272711e+03 |   +2.04% |  1.47e-06 |      
      286 |   0.0992 |  1.287281e+03 |          |  1.93e-06 |      
---------------------------------------------------------------
[INFO GPL-1001] Global placement finished at iteration 286
[INFO GPL-1003] Routability mode iteration count: 201
[INFO GPL-1005] Routability final weighted congestion: 0.8767
[INFO GPL-1002] Placed Cell Area              523.7433
[INFO GPL-1003] Available Free Area          1152.3552
[INFO GPL-1004] Minimum Feasible Density        0.4600 (cell_area / free_area)
[INFO GPL-1006]   Suggested Target Densities:
[INFO GPL-1007]     - For 90% usage of free space: 0.5050
[INFO GPL-1008]     - For 80% usage of free space: 0.5681
[INFO GPL-1009]     - For 50% usage of free space: 0.9090
[INFO GPL-1011] Original area (um^2): 523.74
[INFO GPL-1012] Total routability artificial inflation: 0.00 (+0.00%)
[INFO GPL-1014] Final placement area: 523.74 (+0.00%)
Setting global connections for newly added cells…
[INFO] Setting global connections...
[INFO ODB-0403] 0 connections made, 0 conflicts skipped.
Updating metrics…
Cell type report:                       Count       Area
  Fill cell                                26      97.59
  Tap cell                                 15      18.77
  Sequential cell                           6     157.65
  Multi-Input combinational cell           75     369.10
  Total                                   122     643.12
Writing OpenROAD database to '/home/hassan/project/runs/RUN_2026-09-12_18-08-42/28-openroad-globalplacement/soc_top.odb'…
Writing netlist to '/home/hassan/project/runs/RUN_2026-09-12_18-08-42/28-openroad-globalplacement/soc_top.nl.v'…
Writing powered netlist to '/home/hassan/project/runs/RUN_2026-09-12_18-08-42/28-openroad-globalplacement/soc_top.pnl.v'…
Writing layout to '/home/hassan/project/runs/RUN_2026-09-12_18-08-42/28-openroad-globalplacement/soc_top.def'…
Writing timing constraints to '/home/hassan/project/runs/RUN_2026-09-12_18-08-42/28-openroad-globalplacement/soc_top.sdc'…
