Clock: clk
Sources: clk 
Generated: no
Virtual: yes
Propagated: no
Period: 20.000000

===========================================================================
report_clock_properties
============================================================================
Clock                   Period          Waveform
----------------------------------------------------
clk                  20.000000    0.000000 10.000000

===========================================================================
report_clock_latency
============================================================================
Clock clk
rise -> rise
    min     max
0.000000 0.000000 source latency
0.246359         network latency _31_/CLK
        0.275642 network latency _26_/CLK
---------------
0.246359 0.275642 latency
        0.029283 skew

fall -> fall
    min     max
0.000000 0.000000 source latency
0.246732         network latency _31_/CLK
        0.275514 network latency _26_/CLK
---------------
0.246732 0.275514 latency
        0.028781 skew



===========================================================================
report_clock_min_period
============================================================================
clk period_min = 2.18 fmax = 458.73
