
===========================================================================
report_checks -path_delay max (Setup)
============================================================================
======================= nom_tt_025C_1v80 Corner ===================================

Startpoint: instruct_en0 (input port clocked by clk)
Endpoint: result0[0] (output port clocked by clk)
Path Group: clk
Path Type: max

Fanout         Cap        Slew       Delay        Time   Description
---------------------------------------------------------------------------------------------
                                  0.000000    0.000000   clock clk (rise edge)
                                  0.000000    0.000000   clock network delay (propagated)
                                  4.000000    4.000000 ^ input external delay
     1    0.003198    0.021453    0.012303    4.012303 ^ instruct_en0 (in)
                                                         instruct_en0 (net)
                      0.021453    0.000000    4.012303 ^ input1/A (sky130_fd_sc_hd__clkdlybuf4s25_1)
     3    0.011780    0.128318    0.312188    4.324491 ^ input1/X (sky130_fd_sc_hd__clkdlybuf4s25_1)
                                                         net1 (net)
                      0.128318    0.000346    4.324837 ^ _15_/C_N (sky130_fd_sc_hd__nor3b_2)
     2    0.007196    0.175304    0.230345    4.555182 ^ _15_/Y (sky130_fd_sc_hd__nor3b_2)
                                                         net5 (net)
                      0.175304    0.000159    4.555341 ^ _17_/B1 (sky130_fd_sc_hd__a31o_2)
     1    0.003806    0.042699    0.139218    4.694559 ^ _17_/X (sky130_fd_sc_hd__a31o_2)
                                                         net4 (net)
                      0.042699    0.000133    4.694692 ^ output4/A (sky130_fd_sc_hd__clkdlybuf4s25_1)
     1    0.035237    0.355572    0.488065    5.182757 ^ output4/X (sky130_fd_sc_hd__clkdlybuf4s25_1)
                                                         result0[0] (net)
                      0.355572    0.001117    5.183874 ^ result0[0] (out)
                                              5.183874   data arrival time

                                 20.000000   20.000000   clock clk (rise edge)
                                  0.000000   20.000000   clock network delay (propagated)
                                 -0.100000   19.900000   clock uncertainty
                                  0.000000   19.900000   clock reconvergence pessimism
                                 -4.000000   15.900000   output external delay
                                             15.900000   data required time
---------------------------------------------------------------------------------------------
                                             15.900000   data required time
                                             -5.183874   data arrival time
---------------------------------------------------------------------------------------------
                                             10.716125   slack (MET)


Startpoint: instruct_en1 (input port clocked by clk)
Endpoint: result1[0] (output port clocked by clk)
Path Group: clk
Path Type: max

Fanout         Cap        Slew       Delay        Time   Description
---------------------------------------------------------------------------------------------
                                  0.000000    0.000000   clock clk (rise edge)
                                  0.000000    0.000000   clock network delay (propagated)
                                  4.000000    4.000000 ^ input external delay
     1    0.003575    0.023092    0.013697    4.013697 ^ instruct_en1 (in)
                                                         instruct_en1 (net)
                      0.023100    0.000000    4.013697 ^ input2/A (sky130_fd_sc_hd__clkdlybuf4s25_1)
     3    0.016910    0.177823    0.349486    4.363183 ^ input2/X (sky130_fd_sc_hd__clkdlybuf4s25_1)
                                                         net2 (net)
                      0.177823    0.000623    4.363805 ^ _11_/B (sky130_fd_sc_hd__nand2b_2)
     1    0.004462    0.046521    0.079697    4.443502 v _11_/Y (sky130_fd_sc_hd__nand2b_2)
                                                         _06_ (net)
                      0.046521    0.000137    4.443639 v _12_/B (sky130_fd_sc_hd__nor2_2)
     2    0.007011    0.101284    0.106737    4.550376 ^ _12_/Y (sky130_fd_sc_hd__nor2_2)
                                                         net7 (net)
                      0.101284    0.000207    4.550583 ^ _14_/B1 (sky130_fd_sc_hd__a31o_2)
     1    0.003011    0.039024    0.114569    4.665152 ^ _14_/X (sky130_fd_sc_hd__a31o_2)
                                                         net6 (net)
                      0.039024    0.000093    4.665245 ^ output6/A (sky130_fd_sc_hd__clkdlybuf4s25_1)
     1    0.035111    0.354428    0.485864    5.151109 ^ output6/X (sky130_fd_sc_hd__clkdlybuf4s25_1)
                                                         result1[0] (net)
                      0.354428    0.001026    5.152135 ^ result1[0] (out)
                                              5.152135   data arrival time

                                 20.000000   20.000000   clock clk (rise edge)
                                  0.000000   20.000000   clock network delay (propagated)
                                 -0.100000   19.900000   clock uncertainty
                                  0.000000   19.900000   clock reconvergence pessimism
                                 -4.000000   15.900000   output external delay
                                             15.900000   data required time
---------------------------------------------------------------------------------------------
                                             15.900000   data required time
                                             -5.152135   data arrival time
---------------------------------------------------------------------------------------------
                                             10.747865   slack (MET)


Startpoint: instruct_en0 (input port clocked by clk)
Endpoint: result0[2] (output port clocked by clk)
Path Group: clk
Path Type: max

Fanout         Cap        Slew       Delay        Time   Description
---------------------------------------------------------------------------------------------
                                  0.000000    0.000000   clock clk (rise edge)
                                  0.000000    0.000000   clock network delay (propagated)
                                  4.000000    4.000000 ^ input external delay
     1    0.003198    0.021453    0.012303    4.012303 ^ instruct_en0 (in)
                                                         instruct_en0 (net)
                      0.021453    0.000000    4.012303 ^ input1/A (sky130_fd_sc_hd__clkdlybuf4s25_1)
     3    0.011780    0.128318    0.312188    4.324491 ^ input1/X (sky130_fd_sc_hd__clkdlybuf4s25_1)
                                                         net1 (net)
                      0.128318    0.000346    4.324837 ^ _15_/C_N (sky130_fd_sc_hd__nor3b_2)
     2    0.007196    0.175304    0.230345    4.555182 ^ _15_/Y (sky130_fd_sc_hd__nor3b_2)
                                                         net5 (net)
                      0.175304    0.000199    4.555380 ^ output5/A (sky130_fd_sc_hd__clkdlybuf4s25_1)
     1    0.034990    0.353589    0.528757    5.084137 ^ output5/X (sky130_fd_sc_hd__clkdlybuf4s25_1)
                                                         result0[2] (net)
                      0.353589    0.000945    5.085082 ^ result0[2] (out)
                                              5.085082   data arrival time

                                 20.000000   20.000000   clock clk (rise edge)
                                  0.000000   20.000000   clock network delay (propagated)
                                 -0.100000   19.900000   clock uncertainty
                                  0.000000   19.900000   clock reconvergence pessimism
                                 -4.000000   15.900000   output external delay
                                             15.900000   data required time
---------------------------------------------------------------------------------------------
                                             15.900000   data required time
                                             -5.085082   data arrival time
---------------------------------------------------------------------------------------------
                                             10.814919   slack (MET)


Startpoint: instruct_en1 (input port clocked by clk)
Endpoint: result1[2] (output port clocked by clk)
Path Group: clk
Path Type: max

Fanout         Cap        Slew       Delay        Time   Description
---------------------------------------------------------------------------------------------
                                  0.000000    0.000000   clock clk (rise edge)
                                  0.000000    0.000000   clock network delay (propagated)
                                  4.000000    4.000000 ^ input external delay
     1    0.003575    0.023092    0.013697    4.013697 ^ instruct_en1 (in)
                                                         instruct_en1 (net)
                      0.023100    0.000000    4.013697 ^ input2/A (sky130_fd_sc_hd__clkdlybuf4s25_1)
     3    0.016910    0.177823    0.349486    4.363183 ^ input2/X (sky130_fd_sc_hd__clkdlybuf4s25_1)
                                                         net2 (net)
                      0.177823    0.000623    4.363805 ^ _11_/B (sky130_fd_sc_hd__nand2b_2)
     1    0.004462    0.046521    0.079697    4.443502 v _11_/Y (sky130_fd_sc_hd__nand2b_2)
                                                         _06_ (net)
                      0.046521    0.000137    4.443639 v _12_/B (sky130_fd_sc_hd__nor2_2)
     2    0.007011    0.101284    0.106737    4.550376 ^ _12_/Y (sky130_fd_sc_hd__nor2_2)
                                                         net7 (net)
                      0.101284    0.000233    4.550609 ^ output7/A (sky130_fd_sc_hd__clkdlybuf4s25_1)
     1    0.035314    0.356676    0.509996    5.060605 ^ output7/X (sky130_fd_sc_hd__clkdlybuf4s25_1)
                                                         result1[2] (net)
                      0.356676    0.001046    5.061651 ^ result1[2] (out)
                                              5.061651   data arrival time

                                 20.000000   20.000000   clock clk (rise edge)
                                  0.000000   20.000000   clock network delay (propagated)
                                 -0.100000   19.900000   clock uncertainty
                                  0.000000   19.900000   clock reconvergence pessimism
                                 -4.000000   15.900000   output external delay
                                             15.900000   data required time
---------------------------------------------------------------------------------------------
                                             15.900000   data required time
                                             -5.061651   data arrival time
---------------------------------------------------------------------------------------------
                                             10.838349   slack (MET)


Startpoint: instruct_en1 (input port clocked by clk)
Endpoint: _29_ (rising edge-triggered flip-flop clocked by clk)
Path Group: clk
Path Type: max

Fanout         Cap        Slew       Delay        Time   Description
---------------------------------------------------------------------------------------------
                                  0.000000    0.000000   clock clk (rise edge)
                                  0.000000    0.000000   clock network delay (propagated)
                                  4.000000    4.000000 ^ input external delay
     1    0.003575    0.023092    0.013697    4.013697 ^ instruct_en1 (in)
                                                         instruct_en1 (net)
                      0.023100    0.000000    4.013697 ^ input2/A (sky130_fd_sc_hd__clkdlybuf4s25_1)
     3    0.016910    0.177823    0.349486    4.363183 ^ input2/X (sky130_fd_sc_hd__clkdlybuf4s25_1)
                                                         net2 (net)
                      0.177823    0.000613    4.363796 ^ _18_/A1 (sky130_fd_sc_hd__a31oi_2)
     1    0.002088    0.066545    0.102439    4.466235 v _18_/Y (sky130_fd_sc_hd__a31oi_2)
                                                         _03_ (net)
                      0.066545    0.000044    4.466279 v hold68/A (sky130_fd_sc_hd__dlygate4sd3_1)
     1    0.002229    0.049936    0.579863    5.046142 v hold68/X (sky130_fd_sc_hd__dlygate4sd3_1)
                                                         net68 (net)
                      0.049936    0.000065    5.046206 v _29_/D (sky130_fd_sc_hd__dfrtp_2)
                                              5.046206   data arrival time

                                 20.000000   20.000000   clock clk (rise edge)
                                  0.000000   20.000000   clock source latency
     1    0.008579    0.045109    0.028068   20.028069 ^ clk (in)
                                                         clk (net)
                      0.045113    0.000000   20.028069 ^ clkbuf_0_clk/A (sky130_fd_sc_hd__clkbuf_8)
     2    0.010845    0.037632    0.112326   20.140394 ^ clkbuf_0_clk/X (sky130_fd_sc_hd__clkbuf_8)
                                                         clknet_0_clk (net)
                      0.037632    0.000210   20.140604 ^ clkbuf_1_0__f_clk/A (sky130_fd_sc_hd__clkbuf_8)
     3    0.010014    0.036473    0.108523   20.249128 ^ clkbuf_1_0__f_clk/X (sky130_fd_sc_hd__clkbuf_8)
                                                         clknet_1_0__leaf_clk (net)
                      0.036481    0.000149   20.249277 ^ _29_/CLK (sky130_fd_sc_hd__dfrtp_2)
                                 -0.100000   20.149277   clock uncertainty
                                  0.000000   20.149277   clock reconvergence pessimism
                                 -0.119632   20.029644   library setup time
                                             20.029644   data required time
---------------------------------------------------------------------------------------------
                                             20.029644   data required time
                                             -5.046206   data arrival time
---------------------------------------------------------------------------------------------
                                             14.983438   slack (MET)


Startpoint: instruct_en0 (input port clocked by clk)
Endpoint: _26_ (rising edge-triggered flip-flop clocked by clk)
Path Group: clk
Path Type: max

Fanout         Cap        Slew       Delay        Time   Description
---------------------------------------------------------------------------------------------
                                  0.000000    0.000000   clock clk (rise edge)
                                  0.000000    0.000000   clock network delay (propagated)
                                  4.000000    4.000000 ^ input external delay
     1    0.003198    0.021453    0.012303    4.012303 ^ instruct_en0 (in)
                                                         instruct_en0 (net)
                      0.021453    0.000000    4.012303 ^ input1/A (sky130_fd_sc_hd__clkdlybuf4s25_1)
     3    0.011780    0.128318    0.312188    4.324491 ^ input1/X (sky130_fd_sc_hd__clkdlybuf4s25_1)
                                                         net1 (net)
                      0.128318    0.000349    4.324840 ^ _22_/A1 (sky130_fd_sc_hd__a31oi_2)
     1    0.001850    0.058041    0.090862    4.415703 v _22_/Y (sky130_fd_sc_hd__a31oi_2)
                                                         _00_ (net)
                      0.058041    0.000055    4.415758 v hold70/A (sky130_fd_sc_hd__dlygate4sd3_1)
     1    0.002962    0.053963    0.582785    4.998543 v hold70/X (sky130_fd_sc_hd__dlygate4sd3_1)
                                                         net70 (net)
                      0.053963    0.000093    4.998636 v _26_/D (sky130_fd_sc_hd__dfrtp_2)
                                              4.998636   data arrival time

                                 20.000000   20.000000   clock clk (rise edge)
                                  0.000000   20.000000   clock source latency
     1    0.008579    0.045109    0.028068   20.028069 ^ clk (in)
                                                         clk (net)
                      0.045113    0.000000   20.028069 ^ clkbuf_0_clk/A (sky130_fd_sc_hd__clkbuf_8)
     2    0.010845    0.037632    0.112326   20.140394 ^ clkbuf_0_clk/X (sky130_fd_sc_hd__clkbuf_8)
                                                         clknet_0_clk (net)
                      0.037632    0.000210   20.140604 ^ clkbuf_1_0__f_clk/A (sky130_fd_sc_hd__clkbuf_8)
     3    0.010014    0.036473    0.108523   20.249128 ^ clkbuf_1_0__f_clk/X (sky130_fd_sc_hd__clkbuf_8)
                                                         clknet_1_0__leaf_clk (net)
                      0.036481    0.000263   20.249390 ^ _26_/CLK (sky130_fd_sc_hd__dfrtp_2)
                                 -0.100000   20.149391   clock uncertainty
                                  0.000000   20.149391   clock reconvergence pessimism
                                 -0.121400   20.027990   library setup time
                                             20.027990   data required time
---------------------------------------------------------------------------------------------
                                             20.027990   data required time
                                             -4.998636   data arrival time
---------------------------------------------------------------------------------------------
                                             15.029354   slack (MET)


Startpoint: rst (input port clocked by clk)
Endpoint: _31_ (recovery check against rising-edge clock clk)
Path Group: asynchronous
Path Type: max

Fanout         Cap        Slew       Delay        Time   Description
---------------------------------------------------------------------------------------------
                                  0.000000    0.000000   clock clk (rise edge)
                                  0.000000    0.000000   clock network delay (propagated)
                                  4.000000    4.000000 ^ input external delay
     1    0.003875    0.024397    0.014796    4.014796 ^ rst (in)
                                                         rst (net)
                      0.024405    0.000000    4.014796 ^ input3/A (sky130_fd_sc_hd__clkdlybuf4s25_1)
     6    0.030043    0.305418    0.443939    4.458735 ^ input3/X (sky130_fd_sc_hd__clkdlybuf4s25_1)
                                                         net3 (net)
                      0.305420    0.001372    4.460107 ^ _31_/RESET_B (sky130_fd_sc_hd__dfrtp_2)
                                              4.460107   data arrival time

                                 20.000000   20.000000   clock clk (rise edge)
                                  0.000000   20.000000   clock source latency
     1    0.008579    0.045109    0.028068   20.028069 ^ clk (in)
                                                         clk (net)
                      0.045113    0.000000   20.028069 ^ clkbuf_0_clk/A (sky130_fd_sc_hd__clkbuf_8)
     2    0.010845    0.037632    0.112326   20.140394 ^ clkbuf_0_clk/X (sky130_fd_sc_hd__clkbuf_8)
                                                         clknet_0_clk (net)
                      0.037633    0.000222   20.140617 ^ clkbuf_1_1__f_clk/A (sky130_fd_sc_hd__clkbuf_8)
     3    0.007955    0.033606    0.105597   20.246214 ^ clkbuf_1_1__f_clk/X (sky130_fd_sc_hd__clkbuf_8)
                                                         clknet_1_1__leaf_clk (net)
                      0.033606    0.000146   20.246361 ^ _31_/CLK (sky130_fd_sc_hd__dfrtp_2)
                                 -0.100000   20.146360   clock uncertainty
                                  0.000000   20.146360   clock reconvergence pessimism
                                  0.137827   20.284187   library recovery time
                                             20.284187   data required time
---------------------------------------------------------------------------------------------
                                             20.284187   data required time
                                             -4.460107   data arrival time
---------------------------------------------------------------------------------------------
                                             15.824080   slack (MET)


Startpoint: rst (input port clocked by clk)
Endpoint: _27_ (recovery check against rising-edge clock clk)
Path Group: asynchronous
Path Type: max

Fanout         Cap        Slew       Delay        Time   Description
---------------------------------------------------------------------------------------------
                                  0.000000    0.000000   clock clk (rise edge)
                                  0.000000    0.000000   clock network delay (propagated)
                                  4.000000    4.000000 ^ input external delay
     1    0.003875    0.024397    0.014796    4.014796 ^ rst (in)
                                                         rst (net)
                      0.024405    0.000000    4.014796 ^ input3/A (sky130_fd_sc_hd__clkdlybuf4s25_1)
     6    0.030043    0.305418    0.443939    4.458735 ^ input3/X (sky130_fd_sc_hd__clkdlybuf4s25_1)
                                                         net3 (net)
                      0.305420    0.001364    4.460098 ^ _27_/RESET_B (sky130_fd_sc_hd__dfrtp_2)
                                              4.460098   data arrival time

                                 20.000000   20.000000   clock clk (rise edge)
                                  0.000000   20.000000   clock source latency
     1    0.008579    0.045109    0.028068   20.028069 ^ clk (in)
                                                         clk (net)
                      0.045113    0.000000   20.028069 ^ clkbuf_0_clk/A (sky130_fd_sc_hd__clkbuf_8)
     2    0.010845    0.037632    0.112326   20.140394 ^ clkbuf_0_clk/X (sky130_fd_sc_hd__clkbuf_8)
                                                         clknet_0_clk (net)
                      0.037633    0.000222   20.140617 ^ clkbuf_1_1__f_clk/A (sky130_fd_sc_hd__clkbuf_8)
     3    0.007955    0.033606    0.105597   20.246214 ^ clkbuf_1_1__f_clk/X (sky130_fd_sc_hd__clkbuf_8)
                                                         clknet_1_1__leaf_clk (net)
                      0.033606    0.000201   20.246414 ^ _27_/CLK (sky130_fd_sc_hd__dfrtp_2)
                                 -0.100000   20.146416   clock uncertainty
                                  0.000000   20.146416   clock reconvergence pessimism
                                  0.137827   20.284243   library recovery time
                                             20.284243   data required time
---------------------------------------------------------------------------------------------
                                             20.284243   data required time
                                             -4.460098   data arrival time
---------------------------------------------------------------------------------------------
                                             15.824144   slack (MET)


Startpoint: rst (input port clocked by clk)
Endpoint: _30_ (recovery check against rising-edge clock clk)
Path Group: asynchronous
Path Type: max

Fanout         Cap        Slew       Delay        Time   Description
---------------------------------------------------------------------------------------------
                                  0.000000    0.000000   clock clk (rise edge)
                                  0.000000    0.000000   clock network delay (propagated)
                                  4.000000    4.000000 ^ input external delay
     1    0.003875    0.024397    0.014796    4.014796 ^ rst (in)
                                                         rst (net)
                      0.024405    0.000000    4.014796 ^ input3/A (sky130_fd_sc_hd__clkdlybuf4s25_1)
     6    0.030043    0.305418    0.443939    4.458735 ^ input3/X (sky130_fd_sc_hd__clkdlybuf4s25_1)
                                                         net3 (net)
                      0.305419    0.001293    4.460027 ^ _30_/RESET_B (sky130_fd_sc_hd__dfrtp_2)
                                              4.460027   data arrival time

                                 20.000000   20.000000   clock clk (rise edge)
                                  0.000000   20.000000   clock source latency
     1    0.008579    0.045109    0.028068   20.028069 ^ clk (in)
                                                         clk (net)
                      0.045113    0.000000   20.028069 ^ clkbuf_0_clk/A (sky130_fd_sc_hd__clkbuf_8)
     2    0.010845    0.037632    0.112326   20.140394 ^ clkbuf_0_clk/X (sky130_fd_sc_hd__clkbuf_8)
                                                         clknet_0_clk (net)
                      0.037633    0.000222   20.140617 ^ clkbuf_1_1__f_clk/A (sky130_fd_sc_hd__clkbuf_8)
     3    0.007955    0.033606    0.105597   20.246214 ^ clkbuf_1_1__f_clk/X (sky130_fd_sc_hd__clkbuf_8)
                                                         clknet_1_1__leaf_clk (net)
                      0.033606    0.000199   20.246412 ^ _30_/CLK (sky130_fd_sc_hd__dfrtp_2)
                                 -0.100000   20.146414   clock uncertainty
                                  0.000000   20.146414   clock reconvergence pessimism
                                  0.137827   20.284241   library recovery time
                                             20.284241   data required time
---------------------------------------------------------------------------------------------
                                             20.284241   data required time
                                             -4.460027   data arrival time
---------------------------------------------------------------------------------------------
                                             15.824213   slack (MET)


Startpoint: rst (input port clocked by clk)
Endpoint: _26_ (recovery check against rising-edge clock clk)
Path Group: asynchronous
Path Type: max

Fanout         Cap        Slew       Delay        Time   Description
---------------------------------------------------------------------------------------------
                                  0.000000    0.000000   clock clk (rise edge)
                                  0.000000    0.000000   clock network delay (propagated)
                                  4.000000    4.000000 ^ input external delay
     1    0.003875    0.024397    0.014796    4.014796 ^ rst (in)
                                                         rst (net)
                      0.024405    0.000000    4.014796 ^ input3/A (sky130_fd_sc_hd__clkdlybuf4s25_1)
     6    0.030043    0.305418    0.443939    4.458735 ^ input3/X (sky130_fd_sc_hd__clkdlybuf4s25_1)
                                                         net3 (net)
                      0.305420    0.001421    4.460155 ^ _26_/RESET_B (sky130_fd_sc_hd__dfrtp_2)
                                              4.460155   data arrival time

                                 20.000000   20.000000   clock clk (rise edge)
                                  0.000000   20.000000   clock source latency
     1    0.008579    0.045109    0.028068   20.028069 ^ clk (in)
                                                         clk (net)
                      0.045113    0.000000   20.028069 ^ clkbuf_0_clk/A (sky130_fd_sc_hd__clkbuf_8)
     2    0.010845    0.037632    0.112326   20.140394 ^ clkbuf_0_clk/X (sky130_fd_sc_hd__clkbuf_8)
                                                         clknet_0_clk (net)
                      0.037632    0.000210   20.140604 ^ clkbuf_1_0__f_clk/A (sky130_fd_sc_hd__clkbuf_8)
     3    0.010014    0.036473    0.108523   20.249128 ^ clkbuf_1_0__f_clk/X (sky130_fd_sc_hd__clkbuf_8)
                                                         clknet_1_0__leaf_clk (net)
                      0.036481    0.000263   20.249390 ^ _26_/CLK (sky130_fd_sc_hd__dfrtp_2)
                                 -0.100000   20.149391   clock uncertainty
                                  0.000000   20.149391   clock reconvergence pessimism
                                  0.138748   20.288137   library recovery time
                                             20.288137   data required time
---------------------------------------------------------------------------------------------
                                             20.288137   data required time
                                             -4.460155   data arrival time
---------------------------------------------------------------------------------------------
                                             15.827983   slack (MET)


Startpoint: rst (input port clocked by clk)
Endpoint: _29_ (recovery check against rising-edge clock clk)
Path Group: asynchronous
Path Type: max

Fanout         Cap        Slew       Delay        Time   Description
---------------------------------------------------------------------------------------------
                                  0.000000    0.000000   clock clk (rise edge)
                                  0.000000    0.000000   clock network delay (propagated)
                                  4.000000    4.000000 ^ input external delay
     1    0.003875    0.024397    0.014796    4.014796 ^ rst (in)
                                                         rst (net)
                      0.024405    0.000000    4.014796 ^ input3/A (sky130_fd_sc_hd__clkdlybuf4s25_1)
     6    0.030043    0.305418    0.443939    4.458735 ^ input3/X (sky130_fd_sc_hd__clkdlybuf4s25_1)
                                                         net3 (net)
                      0.305418    0.001029    4.459764 ^ _29_/RESET_B (sky130_fd_sc_hd__dfrtp_2)
                                              4.459764   data arrival time

                                 20.000000   20.000000   clock clk (rise edge)
                                  0.000000   20.000000   clock source latency
     1    0.008579    0.045109    0.028068   20.028069 ^ clk (in)
                                                         clk (net)
                      0.045113    0.000000   20.028069 ^ clkbuf_0_clk/A (sky130_fd_sc_hd__clkbuf_8)
     2    0.010845    0.037632    0.112326   20.140394 ^ clkbuf_0_clk/X (sky130_fd_sc_hd__clkbuf_8)
                                                         clknet_0_clk (net)
                      0.037632    0.000210   20.140604 ^ clkbuf_1_0__f_clk/A (sky130_fd_sc_hd__clkbuf_8)
     3    0.010014    0.036473    0.108523   20.249128 ^ clkbuf_1_0__f_clk/X (sky130_fd_sc_hd__clkbuf_8)
                                                         clknet_1_0__leaf_clk (net)
                      0.036481    0.000149   20.249277 ^ _29_/CLK (sky130_fd_sc_hd__dfrtp_2)
                                 -0.100000   20.149277   clock uncertainty
                                  0.000000   20.149277   clock reconvergence pessimism
                                  0.138748   20.288025   library recovery time
                                             20.288025   data required time
---------------------------------------------------------------------------------------------
                                             20.288025   data required time
                                             -4.459764   data arrival time
---------------------------------------------------------------------------------------------
                                             15.828260   slack (MET)


Startpoint: rst (input port clocked by clk)
Endpoint: _28_ (recovery check against rising-edge clock clk)
Path Group: asynchronous
Path Type: max

Fanout         Cap        Slew       Delay        Time   Description
---------------------------------------------------------------------------------------------
                                  0.000000    0.000000   clock clk (rise edge)
                                  0.000000    0.000000   clock network delay (propagated)
                                  4.000000    4.000000 ^ input external delay
     1    0.003875    0.024397    0.014796    4.014796 ^ rst (in)
                                                         rst (net)
                      0.024405    0.000000    4.014796 ^ input3/A (sky130_fd_sc_hd__clkdlybuf4s25_1)
     6    0.030043    0.305418    0.443939    4.458735 ^ input3/X (sky130_fd_sc_hd__clkdlybuf4s25_1)
                                                         net3 (net)
                      0.305418    0.000861    4.459595 ^ _28_/RESET_B (sky130_fd_sc_hd__dfrtp_2)
                                              4.459595   data arrival time

                                 20.000000   20.000000   clock clk (rise edge)
                                  0.000000   20.000000   clock source latency
     1    0.008579    0.045109    0.028068   20.028069 ^ clk (in)
                                                         clk (net)
                      0.045113    0.000000   20.028069 ^ clkbuf_0_clk/A (sky130_fd_sc_hd__clkbuf_8)
     2    0.010845    0.037632    0.112326   20.140394 ^ clkbuf_0_clk/X (sky130_fd_sc_hd__clkbuf_8)
                                                         clknet_0_clk (net)
                      0.037632    0.000210   20.140604 ^ clkbuf_1_0__f_clk/A (sky130_fd_sc_hd__clkbuf_8)
     3    0.010014    0.036473    0.108523   20.249128 ^ clkbuf_1_0__f_clk/X (sky130_fd_sc_hd__clkbuf_8)
                                                         clknet_1_0__leaf_clk (net)
                      0.036481    0.000238   20.249365 ^ _28_/CLK (sky130_fd_sc_hd__dfrtp_2)
                                 -0.100000   20.149364   clock uncertainty
                                  0.000000   20.149364   clock reconvergence pessimism
                                  0.138748   20.288113   library recovery time
                                             20.288113   data required time
---------------------------------------------------------------------------------------------
                                             20.288113   data required time
                                             -4.459595   data arrival time
---------------------------------------------------------------------------------------------
                                             15.828518   slack (MET)


Startpoint: _29_ (rising edge-triggered flip-flop clocked by clk)
Endpoint: _30_ (rising edge-triggered flip-flop clocked by clk)
Path Group: clk
Path Type: max

Fanout         Cap        Slew       Delay        Time   Description
---------------------------------------------------------------------------------------------
                                  0.000000    0.000000   clock clk (rise edge)
                                  0.000000    0.000000   clock source latency
     1    0.008579    0.045109    0.031022    0.031022 ^ clk (in)
                                                         clk (net)
                      0.045113    0.000000    0.031022 ^ clkbuf_0_clk/A (sky130_fd_sc_hd__clkbuf_8)
     2    0.010845    0.037632    0.124150    0.155172 ^ clkbuf_0_clk/X (sky130_fd_sc_hd__clkbuf_8)
                                                         clknet_0_clk (net)
                      0.037632    0.000233    0.155405 ^ clkbuf_1_0__f_clk/A (sky130_fd_sc_hd__clkbuf_8)
     3    0.010014    0.036473    0.119946    0.275351 ^ clkbuf_1_0__f_clk/X (sky130_fd_sc_hd__clkbuf_8)
                                                         clknet_1_0__leaf_clk (net)
                      0.036481    0.000165    0.275515 ^ _29_/CLK (sky130_fd_sc_hd__dfrtp_2)
     3    0.010026    0.057702    0.424585    0.700101 v _29_/Q (sky130_fd_sc_hd__dfrtp_2)
                                                         core1.pc[2] (net)
                      0.057702    0.000153    0.700253 v hold67/A (sky130_fd_sc_hd__dlygate4sd3_1)
     2    0.009940    0.086264    0.629275    1.329529 v hold67/X (sky130_fd_sc_hd__dlygate4sd3_1)
                                                         net67 (net)
                      0.086264    0.000271    1.329800 v _13_/A (sky130_fd_sc_hd__nor2_2)
     3    0.015889    0.190972    0.217057    1.546857 ^ _13_/Y (sky130_fd_sc_hd__nor2_2)
                                                         _07_ (net)
                      0.190973    0.000387    1.547244 ^ _20_/A (sky130_fd_sc_hd__nor2_2)
     1    0.002289    0.041402    0.059749    1.606993 v _20_/Y (sky130_fd_sc_hd__nor2_2)
                                                         _04_ (net)
                      0.041402    0.000051    1.607044 v hold75/A (sky130_fd_sc_hd__dlygate4sd3_1)
     1    0.002303    0.050292    0.569370    2.176414 v hold75/X (sky130_fd_sc_hd__dlygate4sd3_1)
                                                         net75 (net)
                      0.050292    0.000070    2.176484 v _30_/D (sky130_fd_sc_hd__dfrtp_2)
                                              2.176484   data arrival time

                                 20.000000   20.000000   clock clk (rise edge)
                                  0.000000   20.000000   clock source latency
     1    0.008579    0.045109    0.028068   20.028069 ^ clk (in)
                                                         clk (net)
                      0.045113    0.000000   20.028069 ^ clkbuf_0_clk/A (sky130_fd_sc_hd__clkbuf_8)
     2    0.010845    0.037632    0.112326   20.140394 ^ clkbuf_0_clk/X (sky130_fd_sc_hd__clkbuf_8)
                                                         clknet_0_clk (net)
                      0.037633    0.000222   20.140617 ^ clkbuf_1_1__f_clk/A (sky130_fd_sc_hd__clkbuf_8)
     3    0.007955    0.033606    0.105597   20.246214 ^ clkbuf_1_1__f_clk/X (sky130_fd_sc_hd__clkbuf_8)
                                                         clknet_1_1__leaf_clk (net)
                      0.033606    0.000199   20.246412 ^ _30_/CLK (sky130_fd_sc_hd__dfrtp_2)
                                 -0.100000   20.146414   clock uncertainty
                                  0.014778   20.161190   clock reconvergence pessimism
                                 -0.120453   20.040737   library setup time
                                             20.040737   data required time
---------------------------------------------------------------------------------------------
                                             20.040737   data required time
                                             -2.176484   data arrival time
---------------------------------------------------------------------------------------------
                                             17.864254   slack (MET)


Startpoint: _28_ (rising edge-triggered flip-flop clocked by clk)
Endpoint: _28_ (rising edge-triggered flip-flop clocked by clk)
Path Group: clk
Path Type: max

Fanout         Cap        Slew       Delay        Time   Description
---------------------------------------------------------------------------------------------
                                  0.000000    0.000000   clock clk (rise edge)
                                  0.000000    0.000000   clock source latency
     1    0.008579    0.045109    0.031022    0.031022 ^ clk (in)
                                                         clk (net)
                      0.045113    0.000000    0.031022 ^ clkbuf_0_clk/A (sky130_fd_sc_hd__clkbuf_8)
     2    0.010845    0.037632    0.124150    0.155172 ^ clkbuf_0_clk/X (sky130_fd_sc_hd__clkbuf_8)
                                                         clknet_0_clk (net)
                      0.037632    0.000233    0.155405 ^ clkbuf_1_0__f_clk/A (sky130_fd_sc_hd__clkbuf_8)
     3    0.010014    0.036473    0.119946    0.275351 ^ clkbuf_1_0__f_clk/X (sky130_fd_sc_hd__clkbuf_8)
                                                         clknet_1_0__leaf_clk (net)
                      0.036481    0.000263    0.275613 ^ _28_/CLK (sky130_fd_sc_hd__dfrtp_2)
     4    0.016439    0.071162    0.444359    0.719972 v _28_/Q (sky130_fd_sc_hd__dfrtp_2)
                                                         core0.pc[4] (net)
                      0.071162    0.000358    0.720330 v hold72/A (sky130_fd_sc_hd__dlygate4sd3_1)
     1    0.009022    0.082656    0.631148    1.351478 v hold72/X (sky130_fd_sc_hd__dlygate4sd3_1)
                                                         net72 (net)
                      0.082656    0.000209    1.351687 v _25_/A (sky130_fd_sc_hd__xnor2_2)
     1    0.002095    0.040342    0.143642    1.495330 v _25_/Y (sky130_fd_sc_hd__xnor2_2)
                                                         _02_ (net)
                      0.040342    0.000062    1.495391 v hold73/A (sky130_fd_sc_hd__dlygate4sd3_1)
     1    0.002558    0.051603    0.571365    2.066757 v hold73/X (sky130_fd_sc_hd__dlygate4sd3_1)
                                                         net73 (net)
                      0.051603    0.000075    2.066831 v _28_/D (sky130_fd_sc_hd__dfrtp_2)
                                              2.066831   data arrival time

                                 20.000000   20.000000   clock clk (rise edge)
                                  0.000000   20.000000   clock source latency
     1    0.008579    0.045109    0.028068   20.028069 ^ clk (in)
                                                         clk (net)
                      0.045113    0.000000   20.028069 ^ clkbuf_0_clk/A (sky130_fd_sc_hd__clkbuf_8)
     2    0.010845    0.037632    0.112326   20.140394 ^ clkbuf_0_clk/X (sky130_fd_sc_hd__clkbuf_8)
                                                         clknet_0_clk (net)
                      0.037632    0.000210   20.140604 ^ clkbuf_1_0__f_clk/A (sky130_fd_sc_hd__clkbuf_8)
     3    0.010014    0.036473    0.108523   20.249128 ^ clkbuf_1_0__f_clk/X (sky130_fd_sc_hd__clkbuf_8)
                                                         clknet_1_0__leaf_clk (net)
                      0.036481    0.000238   20.249365 ^ _28_/CLK (sky130_fd_sc_hd__dfrtp_2)
                                 -0.100000   20.149364   clock uncertainty
                                  0.026249   20.175615   clock reconvergence pessimism
                                 -0.120364   20.055250   library setup time
                                             20.055250   data required time
---------------------------------------------------------------------------------------------
                                             20.055250   data required time
                                             -2.066831   data arrival time
---------------------------------------------------------------------------------------------
                                             17.988419   slack (MET)


Startpoint: _31_ (rising edge-triggered flip-flop clocked by clk)
Endpoint: _31_ (rising edge-triggered flip-flop clocked by clk)
Path Group: clk
Path Type: max

Fanout         Cap        Slew       Delay        Time   Description
---------------------------------------------------------------------------------------------
                                  0.000000    0.000000   clock clk (rise edge)
                                  0.000000    0.000000   clock source latency
     1    0.008579    0.045109    0.031022    0.031022 ^ clk (in)
                                                         clk (net)
                      0.045113    0.000000    0.031022 ^ clkbuf_0_clk/A (sky130_fd_sc_hd__clkbuf_8)
     2    0.010845    0.037632    0.124150    0.155172 ^ clkbuf_0_clk/X (sky130_fd_sc_hd__clkbuf_8)
                                                         clknet_0_clk (net)
                      0.037633    0.000247    0.155419 ^ clkbuf_1_1__f_clk/A (sky130_fd_sc_hd__clkbuf_8)
     3    0.007955    0.033606    0.116713    0.272131 ^ clkbuf_1_1__f_clk/X (sky130_fd_sc_hd__clkbuf_8)
                                                         clknet_1_1__leaf_clk (net)
                      0.033606    0.000160    0.272291 ^ _31_/CLK (sky130_fd_sc_hd__dfrtp_2)
     4    0.014327    0.066633    0.437943    0.710235 v _31_/Q (sky130_fd_sc_hd__dfrtp_2)
                                                         core1.pc[4] (net)
                      0.066633    0.000041    0.710275 v hold71/A (sky130_fd_sc_hd__dlygate4sd3_1)
     1    0.009435    0.084281    0.630987    1.341263 v hold71/X (sky130_fd_sc_hd__dlygate4sd3_1)
                                                         net71 (net)
                      0.084281    0.000328    1.341591 v _21_/A (sky130_fd_sc_hd__xor2_2)
     1    0.002406    0.041624    0.183385    1.524976 v _21_/X (sky130_fd_sc_hd__xor2_2)
                                                         _05_ (net)
                      0.041624    0.000071    1.525047 v _31_/D (sky130_fd_sc_hd__dfrtp_2)
                                              1.525047   data arrival time

                                 20.000000   20.000000   clock clk (rise edge)
                                  0.000000   20.000000   clock source latency
     1    0.008579    0.045109    0.028068   20.028069 ^ clk (in)
                                                         clk (net)
                      0.045113    0.000000   20.028069 ^ clkbuf_0_clk/A (sky130_fd_sc_hd__clkbuf_8)
     2    0.010845    0.037632    0.112326   20.140394 ^ clkbuf_0_clk/X (sky130_fd_sc_hd__clkbuf_8)
                                                         clknet_0_clk (net)
                      0.037633    0.000222   20.140617 ^ clkbuf_1_1__f_clk/A (sky130_fd_sc_hd__clkbuf_8)
     3    0.007955    0.033606    0.105597   20.246214 ^ clkbuf_1_1__f_clk/X (sky130_fd_sc_hd__clkbuf_8)
                                                         clknet_1_1__leaf_clk (net)
                      0.033606    0.000146   20.246361 ^ _31_/CLK (sky130_fd_sc_hd__dfrtp_2)
                                 -0.100000   20.146360   clock uncertainty
                                  0.025933   20.172293   clock reconvergence pessimism
                                 -0.116648   20.055645   library setup time
                                             20.055645   data required time
---------------------------------------------------------------------------------------------
                                             20.055645   data required time
                                             -1.525047   data arrival time
---------------------------------------------------------------------------------------------
                                             18.530598   slack (MET)


Startpoint: _26_ (rising edge-triggered flip-flop clocked by clk)
Endpoint: _27_ (rising edge-triggered flip-flop clocked by clk)
Path Group: clk
Path Type: max

Fanout         Cap        Slew       Delay        Time   Description
---------------------------------------------------------------------------------------------
                                  0.000000    0.000000   clock clk (rise edge)
                                  0.000000    0.000000   clock source latency
     1    0.008579    0.045109    0.031022    0.031022 ^ clk (in)
                                                         clk (net)
                      0.045113    0.000000    0.031022 ^ clkbuf_0_clk/A (sky130_fd_sc_hd__clkbuf_8)
     2    0.010845    0.037632    0.124150    0.155172 ^ clkbuf_0_clk/X (sky130_fd_sc_hd__clkbuf_8)
                                                         clknet_0_clk (net)
                      0.037632    0.000233    0.155405 ^ clkbuf_1_0__f_clk/A (sky130_fd_sc_hd__clkbuf_8)
     3    0.010014    0.036473    0.119946    0.275351 ^ clkbuf_1_0__f_clk/X (sky130_fd_sc_hd__clkbuf_8)
                                                         clknet_1_0__leaf_clk (net)
                      0.036481    0.000291    0.275642 ^ _26_/CLK (sky130_fd_sc_hd__dfrtp_2)
     4    0.016869    0.072045    0.445536    0.721177 v _26_/Q (sky130_fd_sc_hd__dfrtp_2)
                                                         core0.pc[2] (net)
                      0.072045    0.000330    0.721508 v _16_/A (sky130_fd_sc_hd__nor2_2)
     3    0.011218    0.143368    0.174375    0.895882 ^ _16_/Y (sky130_fd_sc_hd__nor2_2)
                                                         _08_ (net)
                      0.143415    0.000331    0.896213 ^ _24_/A_N (sky130_fd_sc_hd__and2b_2)
     1    0.002995    0.035948    0.241064    1.137277 v _24_/X (sky130_fd_sc_hd__and2b_2)
                                                         _01_ (net)
                      0.035948    0.000089    1.137366 v _27_/D (sky130_fd_sc_hd__dfrtp_2)
                                              1.137366   data arrival time

                                 20.000000   20.000000   clock clk (rise edge)
                                  0.000000   20.000000   clock source latency
     1    0.008579    0.045109    0.028068   20.028069 ^ clk (in)
                                                         clk (net)
                      0.045113    0.000000   20.028069 ^ clkbuf_0_clk/A (sky130_fd_sc_hd__clkbuf_8)
     2    0.010845    0.037632    0.112326   20.140394 ^ clkbuf_0_clk/X (sky130_fd_sc_hd__clkbuf_8)
                                                         clknet_0_clk (net)
                      0.037633    0.000222   20.140617 ^ clkbuf_1_1__f_clk/A (sky130_fd_sc_hd__clkbuf_8)
     3    0.007955    0.033606    0.105597   20.246214 ^ clkbuf_1_1__f_clk/X (sky130_fd_sc_hd__clkbuf_8)
                                                         clknet_1_1__leaf_clk (net)
                      0.033606    0.000201   20.246414 ^ _27_/CLK (sky130_fd_sc_hd__dfrtp_2)
                                 -0.100000   20.146416   clock uncertainty
                                  0.014778   20.161192   clock reconvergence pessimism
                                 -0.114155   20.047037   library setup time
                                             20.047037   data required time
---------------------------------------------------------------------------------------------
                                             20.047037   data required time
                                             -1.137366   data arrival time
---------------------------------------------------------------------------------------------
                                             18.909670   slack (MET)



