Clock: clk
Sources: clk 
Generated: no
Virtual: yes
Propagated: no
Period: 10.000000

===========================================================================
report_clock_properties
============================================================================
Clock                   Period          Waveform
----------------------------------------------------
clk                  10.000000    0.000000  5.000000

===========================================================================
report_clock_latency
============================================================================
Clock clk
rise -> rise
    min     max
0.000000 0.000000 source latency
0.342782         network latency _211_/CLK
        0.348044 network latency _195_/CLK
---------------
0.342782 0.348044 latency
        0.005262 skew

fall -> fall
    min     max
0.000000 0.000000 source latency
0.328978         network latency _211_/CLK
        0.332923 network latency _195_/CLK
---------------
0.328978 0.332923 latency
        0.003945 skew



===========================================================================
report_clock_min_period
============================================================================
clk period_min = 2.23 fmax = 448.67
