Clock: clk
Sources: clk 
Generated: no
Virtual: yes
Propagated: no
Period: 20.000000

===========================================================================
report_clock_properties
============================================================================
Clock                   Period          Waveform
----------------------------------------------------
clk                  20.000000    0.000000 10.000000

===========================================================================
report_clock_latency
============================================================================
Clock clk
rise -> rise
    min     max
0.000000 0.000000 source latency
0.447625         network latency _31_/CLK
        0.500182 network latency _26_/CLK
---------------
0.447625 0.500182 latency
        0.052557 skew

fall -> fall
    min     max
0.000000 0.000000 source latency
0.454580         network latency _31_/CLK
        0.507384 network latency _26_/CLK
---------------
0.454580 0.507384 latency
        0.052804 skew



===========================================================================
report_clock_min_period
============================================================================
clk period_min = 4.42 fmax = 226.19
