Clock: clk
Sources: clk 
Generated: no
Virtual: yes
Propagated: no
Period: 10.000000

===========================================================================
report_clock_properties
============================================================================
Clock                   Period          Waveform
----------------------------------------------------
clk                  10.000000    0.000000  5.000000

===========================================================================
report_clock_latency
============================================================================
Clock clk
rise -> rise
    min     max
0.000000 0.000000 source latency
0.326942         network latency _211_/CLK
        0.329778 network latency _187_/CLK
---------------
0.326942 0.329778 latency
        0.002836 skew

fall -> fall
    min     max
0.000000 0.000000 source latency
0.318784         network latency _211_/CLK
        0.321205 network latency _187_/CLK
---------------
0.318784 0.321205 latency
        0.002421 skew



===========================================================================
report_clock_min_period
============================================================================
clk period_min = 2.16 fmax = 462.13
