
29. Executing PROC_DLATCH pass (convert process syncs to latches).
No latch inferred for signal `$paramod$8392c0aee371eac30cfcd917af9a6c37ac869d3e\axi_systolic_top.\c_out[15]' from process `$paramod$8392c0aee371eac30cfcd917af9a6c37ac869d3e\axi_systolic_top.$proc$/home/hassan/risc_v_systolic_array/src/AXI_Systolic_top.v:211$548'.
No latch inferred for signal `$paramod$8392c0aee371eac30cfcd917af9a6c37ac869d3e\axi_systolic_top.\c_out[14]' from process `$paramod$8392c0aee371eac30cfcd917af9a6c37ac869d3e\axi_systolic_top.$proc$/home/hassan/risc_v_systolic_array/src/AXI_Systolic_top.v:211$547'.
No latch inferred for signal `$paramod$8392c0aee371eac30cfcd917af9a6c37ac869d3e\axi_systolic_top.\c_out[13]' from process `$paramod$8392c0aee371eac30cfcd917af9a6c37ac869d3e\axi_systolic_top.$proc$/home/hassan/risc_v_systolic_array/src/AXI_Systolic_top.v:211$546'.
No latch inferred for signal `$paramod$8392c0aee371eac30cfcd917af9a6c37ac869d3e\axi_systolic_top.\c_out[12]' from process `$paramod$8392c0aee371eac30cfcd917af9a6c37ac869d3e\axi_systolic_top.$proc$/home/hassan/risc_v_systolic_array/src/AXI_Systolic_top.v:210$545'.
No latch inferred for signal `$paramod$8392c0aee371eac30cfcd917af9a6c37ac869d3e\axi_systolic_top.\c_out[11]' from process `$paramod$8392c0aee371eac30cfcd917af9a6c37ac869d3e\axi_systolic_top.$proc$/home/hassan/risc_v_systolic_array/src/AXI_Systolic_top.v:210$544'.
No latch inferred for signal `$paramod$8392c0aee371eac30cfcd917af9a6c37ac869d3e\axi_systolic_top.\c_out[10]' from process `$paramod$8392c0aee371eac30cfcd917af9a6c37ac869d3e\axi_systolic_top.$proc$/home/hassan/risc_v_systolic_array/src/AXI_Systolic_top.v:210$543'.
No latch inferred for signal `$paramod$8392c0aee371eac30cfcd917af9a6c37ac869d3e\axi_systolic_top.\c_out[9]' from process `$paramod$8392c0aee371eac30cfcd917af9a6c37ac869d3e\axi_systolic_top.$proc$/home/hassan/risc_v_systolic_array/src/AXI_Systolic_top.v:210$542'.
No latch inferred for signal `$paramod$8392c0aee371eac30cfcd917af9a6c37ac869d3e\axi_systolic_top.\c_out[8]' from process `$paramod$8392c0aee371eac30cfcd917af9a6c37ac869d3e\axi_systolic_top.$proc$/home/hassan/risc_v_systolic_array/src/AXI_Systolic_top.v:209$541'.
No latch inferred for signal `$paramod$8392c0aee371eac30cfcd917af9a6c37ac869d3e\axi_systolic_top.\c_out[7]' from process `$paramod$8392c0aee371eac30cfcd917af9a6c37ac869d3e\axi_systolic_top.$proc$/home/hassan/risc_v_systolic_array/src/AXI_Systolic_top.v:209$540'.
No latch inferred for signal `$paramod$8392c0aee371eac30cfcd917af9a6c37ac869d3e\axi_systolic_top.\c_out[6]' from process `$paramod$8392c0aee371eac30cfcd917af9a6c37ac869d3e\axi_systolic_top.$proc$/home/hassan/risc_v_systolic_array/src/AXI_Systolic_top.v:209$539'.
No latch inferred for signal `$paramod$8392c0aee371eac30cfcd917af9a6c37ac869d3e\axi_systolic_top.\c_out[5]' from process `$paramod$8392c0aee371eac30cfcd917af9a6c37ac869d3e\axi_systolic_top.$proc$/home/hassan/risc_v_systolic_array/src/AXI_Systolic_top.v:209$538'.
No latch inferred for signal `$paramod$8392c0aee371eac30cfcd917af9a6c37ac869d3e\axi_systolic_top.\c_out[4]' from process `$paramod$8392c0aee371eac30cfcd917af9a6c37ac869d3e\axi_systolic_top.$proc$/home/hassan/risc_v_systolic_array/src/AXI_Systolic_top.v:208$537'.
No latch inferred for signal `$paramod$8392c0aee371eac30cfcd917af9a6c37ac869d3e\axi_systolic_top.\c_out[3]' from process `$paramod$8392c0aee371eac30cfcd917af9a6c37ac869d3e\axi_systolic_top.$proc$/home/hassan/risc_v_systolic_array/src/AXI_Systolic_top.v:208$536'.
No latch inferred for signal `$paramod$8392c0aee371eac30cfcd917af9a6c37ac869d3e\axi_systolic_top.\c_out[2]' from process `$paramod$8392c0aee371eac30cfcd917af9a6c37ac869d3e\axi_systolic_top.$proc$/home/hassan/risc_v_systolic_array/src/AXI_Systolic_top.v:208$535'.
No latch inferred for signal `$paramod$8392c0aee371eac30cfcd917af9a6c37ac869d3e\axi_systolic_top.\c_out[1]' from process `$paramod$8392c0aee371eac30cfcd917af9a6c37ac869d3e\axi_systolic_top.$proc$/home/hassan/risc_v_systolic_array/src/AXI_Systolic_top.v:208$534'.
No latch inferred for signal `$paramod$8392c0aee371eac30cfcd917af9a6c37ac869d3e\axi_systolic_top.\c_out[0]' from process `$paramod$8392c0aee371eac30cfcd917af9a6c37ac869d3e\axi_systolic_top.$proc$/home/hassan/risc_v_systolic_array/src/AXI_Systolic_top.v:207$533'.
No latch inferred for signal `$paramod$8392c0aee371eac30cfcd917af9a6c37ac869d3e\axi_systolic_top.\get_b_elem$func$/home/hassan/risc_v_systolic_array/src/AXI_Systolic_top.v:190$341.$result' from process `$paramod$8392c0aee371eac30cfcd917af9a6c37ac869d3e\axi_systolic_top.$proc$/home/hassan/risc_v_systolic_array/src/AXI_Systolic_top.v:190$516'.
No latch inferred for signal `$paramod$8392c0aee371eac30cfcd917af9a6c37ac869d3e\axi_systolic_top.\get_b_elem$func$/home/hassan/risc_v_systolic_array/src/AXI_Systolic_top.v:190$366.$result' from process `$paramod$8392c0aee371eac30cfcd917af9a6c37ac869d3e\axi_systolic_top.$proc$/home/hassan/risc_v_systolic_array/src/AXI_Systolic_top.v:190$516'.
No latch inferred for signal `$paramod$8392c0aee371eac30cfcd917af9a6c37ac869d3e\axi_systolic_top.\get_b_elem$func$/home/hassan/risc_v_systolic_array/src/AXI_Systolic_top.v:190$366.st' from process `$paramod$8392c0aee371eac30cfcd917af9a6c37ac869d3e\axi_systolic_top.$proc$/home/hassan/risc_v_systolic_array/src/AXI_Systolic_top.v:190$516'.
No latch inferred for signal `$paramod$8392c0aee371eac30cfcd917af9a6c37ac869d3e\axi_systolic_top.\get_b_elem$func$/home/hassan/risc_v_systolic_array/src/AXI_Systolic_top.v:190$366.k' from process `$paramod$8392c0aee371eac30cfcd917af9a6c37ac869d3e\axi_systolic_top.$proc$/home/hassan/risc_v_systolic_array/src/AXI_Systolic_top.v:190$516'.
No latch inferred for signal `$paramod$8392c0aee371eac30cfcd917af9a6c37ac869d3e\axi_systolic_top.\get_b_elem$func$/home/hassan/risc_v_systolic_array/src/AXI_Systolic_top.v:189$340.$result' from process `$paramod$8392c0aee371eac30cfcd917af9a6c37ac869d3e\axi_systolic_top.$proc$/home/hassan/risc_v_systolic_array/src/AXI_Systolic_top.v:189$501'.
No latch inferred for signal `$paramod$8392c0aee371eac30cfcd917af9a6c37ac869d3e\axi_systolic_top.\get_b_elem$func$/home/hassan/risc_v_systolic_array/src/AXI_Systolic_top.v:189$365.$result' from process `$paramod$8392c0aee371eac30cfcd917af9a6c37ac869d3e\axi_systolic_top.$proc$/home/hassan/risc_v_systolic_array/src/AXI_Systolic_top.v:189$501'.
No latch inferred for signal `$paramod$8392c0aee371eac30cfcd917af9a6c37ac869d3e\axi_systolic_top.\get_b_elem$func$/home/hassan/risc_v_systolic_array/src/AXI_Systolic_top.v:189$365.st' from process `$paramod$8392c0aee371eac30cfcd917af9a6c37ac869d3e\axi_systolic_top.$proc$/home/hassan/risc_v_systolic_array/src/AXI_Systolic_top.v:189$501'.
No latch inferred for signal `$paramod$8392c0aee371eac30cfcd917af9a6c37ac869d3e\axi_systolic_top.\get_b_elem$func$/home/hassan/risc_v_systolic_array/src/AXI_Systolic_top.v:189$365.k' from process `$paramod$8392c0aee371eac30cfcd917af9a6c37ac869d3e\axi_systolic_top.$proc$/home/hassan/risc_v_systolic_array/src/AXI_Systolic_top.v:189$501'.
No latch inferred for signal `$paramod$8392c0aee371eac30cfcd917af9a6c37ac869d3e\axi_systolic_top.\get_b_elem$func$/home/hassan/risc_v_systolic_array/src/AXI_Systolic_top.v:188$339.$result' from process `$paramod$8392c0aee371eac30cfcd917af9a6c37ac869d3e\axi_systolic_top.$proc$/home/hassan/risc_v_systolic_array/src/AXI_Systolic_top.v:188$486'.
No latch inferred for signal `$paramod$8392c0aee371eac30cfcd917af9a6c37ac869d3e\axi_systolic_top.\get_b_elem$func$/home/hassan/risc_v_systolic_array/src/AXI_Systolic_top.v:188$364.$result' from process `$paramod$8392c0aee371eac30cfcd917af9a6c37ac869d3e\axi_systolic_top.$proc$/home/hassan/risc_v_systolic_array/src/AXI_Systolic_top.v:188$486'.
No latch inferred for signal `$paramod$8392c0aee371eac30cfcd917af9a6c37ac869d3e\axi_systolic_top.\get_b_elem$func$/home/hassan/risc_v_systolic_array/src/AXI_Systolic_top.v:188$364.st' from process `$paramod$8392c0aee371eac30cfcd917af9a6c37ac869d3e\axi_systolic_top.$proc$/home/hassan/risc_v_systolic_array/src/AXI_Systolic_top.v:188$486'.
No latch inferred for signal `$paramod$8392c0aee371eac30cfcd917af9a6c37ac869d3e\axi_systolic_top.\get_b_elem$func$/home/hassan/risc_v_systolic_array/src/AXI_Systolic_top.v:188$364.k' from process `$paramod$8392c0aee371eac30cfcd917af9a6c37ac869d3e\axi_systolic_top.$proc$/home/hassan/risc_v_systolic_array/src/AXI_Systolic_top.v:188$486'.
No latch inferred for signal `$paramod$8392c0aee371eac30cfcd917af9a6c37ac869d3e\axi_systolic_top.\get_b_elem$func$/home/hassan/risc_v_systolic_array/src/AXI_Systolic_top.v:187$338.$result' from process `$paramod$8392c0aee371eac30cfcd917af9a6c37ac869d3e\axi_systolic_top.$proc$/home/hassan/risc_v_systolic_array/src/AXI_Systolic_top.v:187$471'.
No latch inferred for signal `$paramod$8392c0aee371eac30cfcd917af9a6c37ac869d3e\axi_systolic_top.\get_b_elem$func$/home/hassan/risc_v_systolic_array/src/AXI_Systolic_top.v:187$363.$result' from process `$paramod$8392c0aee371eac30cfcd917af9a6c37ac869d3e\axi_systolic_top.$proc$/home/hassan/risc_v_systolic_array/src/AXI_Systolic_top.v:187$471'.
No latch inferred for signal `$paramod$8392c0aee371eac30cfcd917af9a6c37ac869d3e\axi_systolic_top.\get_b_elem$func$/home/hassan/risc_v_systolic_array/src/AXI_Systolic_top.v:187$363.st' from process `$paramod$8392c0aee371eac30cfcd917af9a6c37ac869d3e\axi_systolic_top.$proc$/home/hassan/risc_v_systolic_array/src/AXI_Systolic_top.v:187$471'.
No latch inferred for signal `$paramod$8392c0aee371eac30cfcd917af9a6c37ac869d3e\axi_systolic_top.\get_b_elem$func$/home/hassan/risc_v_systolic_array/src/AXI_Systolic_top.v:187$363.k' from process `$paramod$8392c0aee371eac30cfcd917af9a6c37ac869d3e\axi_systolic_top.$proc$/home/hassan/risc_v_systolic_array/src/AXI_Systolic_top.v:187$471'.
No latch inferred for signal `$paramod$8392c0aee371eac30cfcd917af9a6c37ac869d3e\axi_systolic_top.\get_a_elem$func$/home/hassan/risc_v_systolic_array/src/AXI_Systolic_top.v:185$337.$result' from process `$paramod$8392c0aee371eac30cfcd917af9a6c37ac869d3e\axi_systolic_top.$proc$/home/hassan/risc_v_systolic_array/src/AXI_Systolic_top.v:185$456'.
No latch inferred for signal `$paramod$8392c0aee371eac30cfcd917af9a6c37ac869d3e\axi_systolic_top.\get_a_elem$func$/home/hassan/risc_v_systolic_array/src/AXI_Systolic_top.v:185$362.$result' from process `$paramod$8392c0aee371eac30cfcd917af9a6c37ac869d3e\axi_systolic_top.$proc$/home/hassan/risc_v_systolic_array/src/AXI_Systolic_top.v:185$456'.
No latch inferred for signal `$paramod$8392c0aee371eac30cfcd917af9a6c37ac869d3e\axi_systolic_top.\get_a_elem$func$/home/hassan/risc_v_systolic_array/src/AXI_Systolic_top.v:185$362.st' from process `$paramod$8392c0aee371eac30cfcd917af9a6c37ac869d3e\axi_systolic_top.$proc$/home/hassan/risc_v_systolic_array/src/AXI_Systolic_top.v:185$456'.
No latch inferred for signal `$paramod$8392c0aee371eac30cfcd917af9a6c37ac869d3e\axi_systolic_top.\get_a_elem$func$/home/hassan/risc_v_systolic_array/src/AXI_Systolic_top.v:185$362.k' from process `$paramod$8392c0aee371eac30cfcd917af9a6c37ac869d3e\axi_systolic_top.$proc$/home/hassan/risc_v_systolic_array/src/AXI_Systolic_top.v:185$456'.
No latch inferred for signal `$paramod$8392c0aee371eac30cfcd917af9a6c37ac869d3e\axi_systolic_top.\get_a_elem$func$/home/hassan/risc_v_systolic_array/src/AXI_Systolic_top.v:184$336.$result' from process `$paramod$8392c0aee371eac30cfcd917af9a6c37ac869d3e\axi_systolic_top.$proc$/home/hassan/risc_v_systolic_array/src/AXI_Systolic_top.v:184$441'.
No latch inferred for signal `$paramod$8392c0aee371eac30cfcd917af9a6c37ac869d3e\axi_systolic_top.\get_a_elem$func$/home/hassan/risc_v_systolic_array/src/AXI_Systolic_top.v:184$361.$result' from process `$paramod$8392c0aee371eac30cfcd917af9a6c37ac869d3e\axi_systolic_top.$proc$/home/hassan/risc_v_systolic_array/src/AXI_Systolic_top.v:184$441'.
No latch inferred for signal `$paramod$8392c0aee371eac30cfcd917af9a6c37ac869d3e\axi_systolic_top.\get_a_elem$func$/home/hassan/risc_v_systolic_array/src/AXI_Systolic_top.v:184$361.st' from process `$paramod$8392c0aee371eac30cfcd917af9a6c37ac869d3e\axi_systolic_top.$proc$/home/hassan/risc_v_systolic_array/src/AXI_Systolic_top.v:184$441'.
No latch inferred for signal `$paramod$8392c0aee371eac30cfcd917af9a6c37ac869d3e\axi_systolic_top.\get_a_elem$func$/home/hassan/risc_v_systolic_array/src/AXI_Systolic_top.v:184$361.k' from process `$paramod$8392c0aee371eac30cfcd917af9a6c37ac869d3e\axi_systolic_top.$proc$/home/hassan/risc_v_systolic_array/src/AXI_Systolic_top.v:184$441'.
No latch inferred for signal `$paramod$8392c0aee371eac30cfcd917af9a6c37ac869d3e\axi_systolic_top.\get_a_elem$func$/home/hassan/risc_v_systolic_array/src/AXI_Systolic_top.v:183$335.$result' from process `$paramod$8392c0aee371eac30cfcd917af9a6c37ac869d3e\axi_systolic_top.$proc$/home/hassan/risc_v_systolic_array/src/AXI_Systolic_top.v:183$426'.
No latch inferred for signal `$paramod$8392c0aee371eac30cfcd917af9a6c37ac869d3e\axi_systolic_top.\get_a_elem$func$/home/hassan/risc_v_systolic_array/src/AXI_Systolic_top.v:183$360.$result' from process `$paramod$8392c0aee371eac30cfcd917af9a6c37ac869d3e\axi_systolic_top.$proc$/home/hassan/risc_v_systolic_array/src/AXI_Systolic_top.v:183$426'.
No latch inferred for signal `$paramod$8392c0aee371eac30cfcd917af9a6c37ac869d3e\axi_systolic_top.\get_a_elem$func$/home/hassan/risc_v_systolic_array/src/AXI_Systolic_top.v:183$360.st' from process `$paramod$8392c0aee371eac30cfcd917af9a6c37ac869d3e\axi_systolic_top.$proc$/home/hassan/risc_v_systolic_array/src/AXI_Systolic_top.v:183$426'.
No latch inferred for signal `$paramod$8392c0aee371eac30cfcd917af9a6c37ac869d3e\axi_systolic_top.\get_a_elem$func$/home/hassan/risc_v_systolic_array/src/AXI_Systolic_top.v:183$360.k' from process `$paramod$8392c0aee371eac30cfcd917af9a6c37ac869d3e\axi_systolic_top.$proc$/home/hassan/risc_v_systolic_array/src/AXI_Systolic_top.v:183$426'.
No latch inferred for signal `$paramod$8392c0aee371eac30cfcd917af9a6c37ac869d3e\axi_systolic_top.\get_a_elem$func$/home/hassan/risc_v_systolic_array/src/AXI_Systolic_top.v:182$334.$result' from process `$paramod$8392c0aee371eac30cfcd917af9a6c37ac869d3e\axi_systolic_top.$proc$/home/hassan/risc_v_systolic_array/src/AXI_Systolic_top.v:182$411'.
No latch inferred for signal `$paramod$8392c0aee371eac30cfcd917af9a6c37ac869d3e\axi_systolic_top.\get_a_elem$func$/home/hassan/risc_v_systolic_array/src/AXI_Systolic_top.v:182$359.$result' from process `$paramod$8392c0aee371eac30cfcd917af9a6c37ac869d3e\axi_systolic_top.$proc$/home/hassan/risc_v_systolic_array/src/AXI_Systolic_top.v:182$411'.
No latch inferred for signal `$paramod$8392c0aee371eac30cfcd917af9a6c37ac869d3e\axi_systolic_top.\get_a_elem$func$/home/hassan/risc_v_systolic_array/src/AXI_Systolic_top.v:182$359.st' from process `$paramod$8392c0aee371eac30cfcd917af9a6c37ac869d3e\axi_systolic_top.$proc$/home/hassan/risc_v_systolic_array/src/AXI_Systolic_top.v:182$411'.
No latch inferred for signal `$paramod$8392c0aee371eac30cfcd917af9a6c37ac869d3e\axi_systolic_top.\get_a_elem$func$/home/hassan/risc_v_systolic_array/src/AXI_Systolic_top.v:182$359.k' from process `$paramod$8392c0aee371eac30cfcd917af9a6c37ac869d3e\axi_systolic_top.$proc$/home/hassan/risc_v_systolic_array/src/AXI_Systolic_top.v:182$411'.
No latch inferred for signal `\reg_file.$mem2reg_rd$\registers$/home/hassan/risc_v_systolic_array/src/reg_file.v:18$293_DATA' from process `\reg_file.$proc$/home/hassan/risc_v_systolic_array/src/reg_file.v:18$320'.
No latch inferred for signal `\reg_file.$mem2reg_rd$\registers$/home/hassan/risc_v_systolic_array/src/reg_file.v:17$292_DATA' from process `\reg_file.$proc$/home/hassan/risc_v_systolic_array/src/reg_file.v:17$317'.
No latch inferred for signal `\imm_gen.\imm_out' from process `\imm_gen.$proc$/home/hassan/risc_v_systolic_array/src/imm_gen.v:8$291'.
No latch inferred for signal `\control_unit.\mem_read' from process `\control_unit.$proc$/home/hassan/risc_v_systolic_array/src/control_unit.v:14$290'.
No latch inferred for signal `\control_unit.\mem_write' from process `\control_unit.$proc$/home/hassan/risc_v_systolic_array/src/control_unit.v:14$290'.
No latch inferred for signal `\control_unit.\reg_write' from process `\control_unit.$proc$/home/hassan/risc_v_systolic_array/src/control_unit.v:14$290'.
No latch inferred for signal `\control_unit.\alu_src' from process `\control_unit.$proc$/home/hassan/risc_v_systolic_array/src/control_unit.v:14$290'.
No latch inferred for signal `\control_unit.\mem_to_reg' from process `\control_unit.$proc$/home/hassan/risc_v_systolic_array/src/control_unit.v:14$290'.
No latch inferred for signal `\control_unit.\branch' from process `\control_unit.$proc$/home/hassan/risc_v_systolic_array/src/control_unit.v:14$290'.
No latch inferred for signal `\control_unit.\jump' from process `\control_unit.$proc$/home/hassan/risc_v_systolic_array/src/control_unit.v:14$290'.
No latch inferred for signal `\control_unit.\jump_reg' from process `\control_unit.$proc$/home/hassan/risc_v_systolic_array/src/control_unit.v:14$290'.
No latch inferred for signal `\control_unit.\alu_op' from process `\control_unit.$proc$/home/hassan/risc_v_systolic_array/src/control_unit.v:14$290'.
No latch inferred for signal `\alu_decoder.\alu_control' from process `\alu_decoder.$proc$/home/hassan/risc_v_systolic_array/src/alu_decoder.v:21$287'.
No latch inferred for signal `\branch_unit.\branch_taken' from process `\branch_unit.$proc$/home/hassan/risc_v_systolic_array/src/branch_unit.v:9$280'.
No latch inferred for signal `\alu.\alu_result' from process `\alu.$proc$/home/hassan/risc_v_systolic_array/src/ALU.v:11$267'.
No latch inferred for signal `\riscv_top.\rd_write_data' from process `\riscv_top.$proc$/home/hassan/risc_v_systolic_array/src/RISCV_Top.v:132$265'.
No latch inferred for signal `$paramod$8392c0aee371eac30cfcd917af9a6c37ac869d3e\systolic_array_4x4.\acc[15]' from process `$paramod$8392c0aee371eac30cfcd917af9a6c37ac869d3e\systolic_array_4x4.$proc$/home/hassan/risc_v_systolic_array/src/Systolic_array_4x4.v:63$688'.
No latch inferred for signal `$paramod$8392c0aee371eac30cfcd917af9a6c37ac869d3e\systolic_array_4x4.\b_v[19]' from process `$paramod$8392c0aee371eac30cfcd917af9a6c37ac869d3e\systolic_array_4x4.$proc$/home/hassan/risc_v_systolic_array/src/Systolic_array_4x4.v:62$687'.
No latch inferred for signal `$paramod$8392c0aee371eac30cfcd917af9a6c37ac869d3e\systolic_array_4x4.\a_h[19]' from process `$paramod$8392c0aee371eac30cfcd917af9a6c37ac869d3e\systolic_array_4x4.$proc$/home/hassan/risc_v_systolic_array/src/Systolic_array_4x4.v:61$686'.
No latch inferred for signal `$paramod$8392c0aee371eac30cfcd917af9a6c37ac869d3e\systolic_array_4x4.\acc[14]' from process `$paramod$8392c0aee371eac30cfcd917af9a6c37ac869d3e\systolic_array_4x4.$proc$/home/hassan/risc_v_systolic_array/src/Systolic_array_4x4.v:63$685'.
No latch inferred for signal `$paramod$8392c0aee371eac30cfcd917af9a6c37ac869d3e\systolic_array_4x4.\b_v[18]' from process `$paramod$8392c0aee371eac30cfcd917af9a6c37ac869d3e\systolic_array_4x4.$proc$/home/hassan/risc_v_systolic_array/src/Systolic_array_4x4.v:62$684'.
No latch inferred for signal `$paramod$8392c0aee371eac30cfcd917af9a6c37ac869d3e\systolic_array_4x4.\a_h[18]' from process `$paramod$8392c0aee371eac30cfcd917af9a6c37ac869d3e\systolic_array_4x4.$proc$/home/hassan/risc_v_systolic_array/src/Systolic_array_4x4.v:61$683'.
No latch inferred for signal `$paramod$8392c0aee371eac30cfcd917af9a6c37ac869d3e\systolic_array_4x4.\acc[13]' from process `$paramod$8392c0aee371eac30cfcd917af9a6c37ac869d3e\systolic_array_4x4.$proc$/home/hassan/risc_v_systolic_array/src/Systolic_array_4x4.v:63$682'.
No latch inferred for signal `$paramod$8392c0aee371eac30cfcd917af9a6c37ac869d3e\systolic_array_4x4.\b_v[17]' from process `$paramod$8392c0aee371eac30cfcd917af9a6c37ac869d3e\systolic_array_4x4.$proc$/home/hassan/risc_v_systolic_array/src/Systolic_array_4x4.v:62$681'.
No latch inferred for signal `$paramod$8392c0aee371eac30cfcd917af9a6c37ac869d3e\systolic_array_4x4.\a_h[17]' from process `$paramod$8392c0aee371eac30cfcd917af9a6c37ac869d3e\systolic_array_4x4.$proc$/home/hassan/risc_v_systolic_array/src/Systolic_array_4x4.v:61$680'.
No latch inferred for signal `$paramod$8392c0aee371eac30cfcd917af9a6c37ac869d3e\systolic_array_4x4.\acc[12]' from process `$paramod$8392c0aee371eac30cfcd917af9a6c37ac869d3e\systolic_array_4x4.$proc$/home/hassan/risc_v_systolic_array/src/Systolic_array_4x4.v:63$679'.
No latch inferred for signal `$paramod$8392c0aee371eac30cfcd917af9a6c37ac869d3e\systolic_array_4x4.\b_v[16]' from process `$paramod$8392c0aee371eac30cfcd917af9a6c37ac869d3e\systolic_array_4x4.$proc$/home/hassan/risc_v_systolic_array/src/Systolic_array_4x4.v:62$678'.
No latch inferred for signal `$paramod$8392c0aee371eac30cfcd917af9a6c37ac869d3e\systolic_array_4x4.\a_h[16]' from process `$paramod$8392c0aee371eac30cfcd917af9a6c37ac869d3e\systolic_array_4x4.$proc$/home/hassan/risc_v_systolic_array/src/Systolic_array_4x4.v:61$677'.
No latch inferred for signal `$paramod$8392c0aee371eac30cfcd917af9a6c37ac869d3e\systolic_array_4x4.\acc[11]' from process `$paramod$8392c0aee371eac30cfcd917af9a6c37ac869d3e\systolic_array_4x4.$proc$/home/hassan/risc_v_systolic_array/src/Systolic_array_4x4.v:63$676'.
No latch inferred for signal `$paramod$8392c0aee371eac30cfcd917af9a6c37ac869d3e\systolic_array_4x4.\b_v[15]' from process `$paramod$8392c0aee371eac30cfcd917af9a6c37ac869d3e\systolic_array_4x4.$proc$/home/hassan/risc_v_systolic_array/src/Systolic_array_4x4.v:62$675'.
No latch inferred for signal `$paramod$8392c0aee371eac30cfcd917af9a6c37ac869d3e\systolic_array_4x4.\a_h[14]' from process `$paramod$8392c0aee371eac30cfcd917af9a6c37ac869d3e\systolic_array_4x4.$proc$/home/hassan/risc_v_systolic_array/src/Systolic_array_4x4.v:61$674'.
No latch inferred for signal `$paramod$8392c0aee371eac30cfcd917af9a6c37ac869d3e\systolic_array_4x4.\acc[10]' from process `$paramod$8392c0aee371eac30cfcd917af9a6c37ac869d3e\systolic_array_4x4.$proc$/home/hassan/risc_v_systolic_array/src/Systolic_array_4x4.v:63$673'.
No latch inferred for signal `$paramod$8392c0aee371eac30cfcd917af9a6c37ac869d3e\systolic_array_4x4.\b_v[14]' from process `$paramod$8392c0aee371eac30cfcd917af9a6c37ac869d3e\systolic_array_4x4.$proc$/home/hassan/risc_v_systolic_array/src/Systolic_array_4x4.v:62$672'.
No latch inferred for signal `$paramod$8392c0aee371eac30cfcd917af9a6c37ac869d3e\systolic_array_4x4.\a_h[13]' from process `$paramod$8392c0aee371eac30cfcd917af9a6c37ac869d3e\systolic_array_4x4.$proc$/home/hassan/risc_v_systolic_array/src/Systolic_array_4x4.v:61$671'.
No latch inferred for signal `$paramod$8392c0aee371eac30cfcd917af9a6c37ac869d3e\systolic_array_4x4.\acc[9]' from process `$paramod$8392c0aee371eac30cfcd917af9a6c37ac869d3e\systolic_array_4x4.$proc$/home/hassan/risc_v_systolic_array/src/Systolic_array_4x4.v:63$670'.
No latch inferred for signal `$paramod$8392c0aee371eac30cfcd917af9a6c37ac869d3e\systolic_array_4x4.\b_v[13]' from process `$paramod$8392c0aee371eac30cfcd917af9a6c37ac869d3e\systolic_array_4x4.$proc$/home/hassan/risc_v_systolic_array/src/Systolic_array_4x4.v:62$669'.
No latch inferred for signal `$paramod$8392c0aee371eac30cfcd917af9a6c37ac869d3e\systolic_array_4x4.\a_h[12]' from process `$paramod$8392c0aee371eac30cfcd917af9a6c37ac869d3e\systolic_array_4x4.$proc$/home/hassan/risc_v_systolic_array/src/Systolic_array_4x4.v:61$668'.
No latch inferred for signal `$paramod$8392c0aee371eac30cfcd917af9a6c37ac869d3e\systolic_array_4x4.\acc[8]' from process `$paramod$8392c0aee371eac30cfcd917af9a6c37ac869d3e\systolic_array_4x4.$proc$/home/hassan/risc_v_systolic_array/src/Systolic_array_4x4.v:63$667'.
No latch inferred for signal `$paramod$8392c0aee371eac30cfcd917af9a6c37ac869d3e\systolic_array_4x4.\b_v[12]' from process `$paramod$8392c0aee371eac30cfcd917af9a6c37ac869d3e\systolic_array_4x4.$proc$/home/hassan/risc_v_systolic_array/src/Systolic_array_4x4.v:62$666'.
No latch inferred for signal `$paramod$8392c0aee371eac30cfcd917af9a6c37ac869d3e\systolic_array_4x4.\a_h[11]' from process `$paramod$8392c0aee371eac30cfcd917af9a6c37ac869d3e\systolic_array_4x4.$proc$/home/hassan/risc_v_systolic_array/src/Systolic_array_4x4.v:61$665'.
No latch inferred for signal `$paramod$8392c0aee371eac30cfcd917af9a6c37ac869d3e\systolic_array_4x4.\acc[7]' from process `$paramod$8392c0aee371eac30cfcd917af9a6c37ac869d3e\systolic_array_4x4.$proc$/home/hassan/risc_v_systolic_array/src/Systolic_array_4x4.v:63$664'.
No latch inferred for signal `$paramod$8392c0aee371eac30cfcd917af9a6c37ac869d3e\systolic_array_4x4.\b_v[11]' from process `$paramod$8392c0aee371eac30cfcd917af9a6c37ac869d3e\systolic_array_4x4.$proc$/home/hassan/risc_v_systolic_array/src/Systolic_array_4x4.v:62$663'.
No latch inferred for signal `$paramod$8392c0aee371eac30cfcd917af9a6c37ac869d3e\systolic_array_4x4.\a_h[9]' from process `$paramod$8392c0aee371eac30cfcd917af9a6c37ac869d3e\systolic_array_4x4.$proc$/home/hassan/risc_v_systolic_array/src/Systolic_array_4x4.v:61$662'.
No latch inferred for signal `$paramod$8392c0aee371eac30cfcd917af9a6c37ac869d3e\systolic_array_4x4.\acc[6]' from process `$paramod$8392c0aee371eac30cfcd917af9a6c37ac869d3e\systolic_array_4x4.$proc$/home/hassan/risc_v_systolic_array/src/Systolic_array_4x4.v:63$661'.
No latch inferred for signal `$paramod$8392c0aee371eac30cfcd917af9a6c37ac869d3e\systolic_array_4x4.\b_v[10]' from process `$paramod$8392c0aee371eac30cfcd917af9a6c37ac869d3e\systolic_array_4x4.$proc$/home/hassan/risc_v_systolic_array/src/Systolic_array_4x4.v:62$660'.
No latch inferred for signal `$paramod$8392c0aee371eac30cfcd917af9a6c37ac869d3e\systolic_array_4x4.\a_h[8]' from process `$paramod$8392c0aee371eac30cfcd917af9a6c37ac869d3e\systolic_array_4x4.$proc$/home/hassan/risc_v_systolic_array/src/Systolic_array_4x4.v:61$659'.
No latch inferred for signal `$paramod$8392c0aee371eac30cfcd917af9a6c37ac869d3e\systolic_array_4x4.\acc[5]' from process `$paramod$8392c0aee371eac30cfcd917af9a6c37ac869d3e\systolic_array_4x4.$proc$/home/hassan/risc_v_systolic_array/src/Systolic_array_4x4.v:63$658'.
No latch inferred for signal `$paramod$8392c0aee371eac30cfcd917af9a6c37ac869d3e\systolic_array_4x4.\b_v[9]' from process `$paramod$8392c0aee371eac30cfcd917af9a6c37ac869d3e\systolic_array_4x4.$proc$/home/hassan/risc_v_systolic_array/src/Systolic_array_4x4.v:62$657'.
No latch inferred for signal `$paramod$8392c0aee371eac30cfcd917af9a6c37ac869d3e\systolic_array_4x4.\a_h[7]' from process `$paramod$8392c0aee371eac30cfcd917af9a6c37ac869d3e\systolic_array_4x4.$proc$/home/hassan/risc_v_systolic_array/src/Systolic_array_4x4.v:61$656'.
No latch inferred for signal `$paramod$8392c0aee371eac30cfcd917af9a6c37ac869d3e\systolic_array_4x4.\acc[4]' from process `$paramod$8392c0aee371eac30cfcd917af9a6c37ac869d3e\systolic_array_4x4.$proc$/home/hassan/risc_v_systolic_array/src/Systolic_array_4x4.v:63$655'.
No latch inferred for signal `$paramod$8392c0aee371eac30cfcd917af9a6c37ac869d3e\systolic_array_4x4.\b_v[8]' from process `$paramod$8392c0aee371eac30cfcd917af9a6c37ac869d3e\systolic_array_4x4.$proc$/home/hassan/risc_v_systolic_array/src/Systolic_array_4x4.v:62$654'.
No latch inferred for signal `$paramod$8392c0aee371eac30cfcd917af9a6c37ac869d3e\systolic_array_4x4.\a_h[6]' from process `$paramod$8392c0aee371eac30cfcd917af9a6c37ac869d3e\systolic_array_4x4.$proc$/home/hassan/risc_v_systolic_array/src/Systolic_array_4x4.v:61$653'.
No latch inferred for signal `$paramod$8392c0aee371eac30cfcd917af9a6c37ac869d3e\systolic_array_4x4.\acc[3]' from process `$paramod$8392c0aee371eac30cfcd917af9a6c37ac869d3e\systolic_array_4x4.$proc$/home/hassan/risc_v_systolic_array/src/Systolic_array_4x4.v:63$652'.
No latch inferred for signal `$paramod$8392c0aee371eac30cfcd917af9a6c37ac869d3e\systolic_array_4x4.\b_v[7]' from process `$paramod$8392c0aee371eac30cfcd917af9a6c37ac869d3e\systolic_array_4x4.$proc$/home/hassan/risc_v_systolic_array/src/Systolic_array_4x4.v:62$651'.
No latch inferred for signal `$paramod$8392c0aee371eac30cfcd917af9a6c37ac869d3e\systolic_array_4x4.\a_h[4]' from process `$paramod$8392c0aee371eac30cfcd917af9a6c37ac869d3e\systolic_array_4x4.$proc$/home/hassan/risc_v_systolic_array/src/Systolic_array_4x4.v:61$650'.
No latch inferred for signal `$paramod$8392c0aee371eac30cfcd917af9a6c37ac869d3e\systolic_array_4x4.\acc[2]' from process `$paramod$8392c0aee371eac30cfcd917af9a6c37ac869d3e\systolic_array_4x4.$proc$/home/hassan/risc_v_systolic_array/src/Systolic_array_4x4.v:63$649'.
No latch inferred for signal `$paramod$8392c0aee371eac30cfcd917af9a6c37ac869d3e\systolic_array_4x4.\b_v[6]' from process `$paramod$8392c0aee371eac30cfcd917af9a6c37ac869d3e\systolic_array_4x4.$proc$/home/hassan/risc_v_systolic_array/src/Systolic_array_4x4.v:62$648'.
No latch inferred for signal `$paramod$8392c0aee371eac30cfcd917af9a6c37ac869d3e\systolic_array_4x4.\a_h[3]' from process `$paramod$8392c0aee371eac30cfcd917af9a6c37ac869d3e\systolic_array_4x4.$proc$/home/hassan/risc_v_systolic_array/src/Systolic_array_4x4.v:61$647'.
No latch inferred for signal `$paramod$8392c0aee371eac30cfcd917af9a6c37ac869d3e\systolic_array_4x4.\acc[1]' from process `$paramod$8392c0aee371eac30cfcd917af9a6c37ac869d3e\systolic_array_4x4.$proc$/home/hassan/risc_v_systolic_array/src/Systolic_array_4x4.v:63$646'.
No latch inferred for signal `$paramod$8392c0aee371eac30cfcd917af9a6c37ac869d3e\systolic_array_4x4.\b_v[5]' from process `$paramod$8392c0aee371eac30cfcd917af9a6c37ac869d3e\systolic_array_4x4.$proc$/home/hassan/risc_v_systolic_array/src/Systolic_array_4x4.v:62$645'.
No latch inferred for signal `$paramod$8392c0aee371eac30cfcd917af9a6c37ac869d3e\systolic_array_4x4.\a_h[2]' from process `$paramod$8392c0aee371eac30cfcd917af9a6c37ac869d3e\systolic_array_4x4.$proc$/home/hassan/risc_v_systolic_array/src/Systolic_array_4x4.v:61$644'.
No latch inferred for signal `$paramod$8392c0aee371eac30cfcd917af9a6c37ac869d3e\systolic_array_4x4.\acc[0]' from process `$paramod$8392c0aee371eac30cfcd917af9a6c37ac869d3e\systolic_array_4x4.$proc$/home/hassan/risc_v_systolic_array/src/Systolic_array_4x4.v:63$643'.
No latch inferred for signal `$paramod$8392c0aee371eac30cfcd917af9a6c37ac869d3e\systolic_array_4x4.\b_v[4]' from process `$paramod$8392c0aee371eac30cfcd917af9a6c37ac869d3e\systolic_array_4x4.$proc$/home/hassan/risc_v_systolic_array/src/Systolic_array_4x4.v:62$642'.
No latch inferred for signal `$paramod$8392c0aee371eac30cfcd917af9a6c37ac869d3e\systolic_array_4x4.\a_h[1]' from process `$paramod$8392c0aee371eac30cfcd917af9a6c37ac869d3e\systolic_array_4x4.$proc$/home/hassan/risc_v_systolic_array/src/Systolic_array_4x4.v:61$641'.
No latch inferred for signal `$paramod$8392c0aee371eac30cfcd917af9a6c37ac869d3e\systolic_array_4x4.\b_v[3]' from process `$paramod$8392c0aee371eac30cfcd917af9a6c37ac869d3e\systolic_array_4x4.$proc$/home/hassan/risc_v_systolic_array/src/Systolic_array_4x4.v:45$640'.
No latch inferred for signal `$paramod$8392c0aee371eac30cfcd917af9a6c37ac869d3e\systolic_array_4x4.\b_v[2]' from process `$paramod$8392c0aee371eac30cfcd917af9a6c37ac869d3e\systolic_array_4x4.$proc$/home/hassan/risc_v_systolic_array/src/Systolic_array_4x4.v:44$639'.
No latch inferred for signal `$paramod$8392c0aee371eac30cfcd917af9a6c37ac869d3e\systolic_array_4x4.\b_v[1]' from process `$paramod$8392c0aee371eac30cfcd917af9a6c37ac869d3e\systolic_array_4x4.$proc$/home/hassan/risc_v_systolic_array/src/Systolic_array_4x4.v:43$638'.
No latch inferred for signal `$paramod$8392c0aee371eac30cfcd917af9a6c37ac869d3e\systolic_array_4x4.\b_v[0]' from process `$paramod$8392c0aee371eac30cfcd917af9a6c37ac869d3e\systolic_array_4x4.$proc$/home/hassan/risc_v_systolic_array/src/Systolic_array_4x4.v:42$637'.
No latch inferred for signal `$paramod$8392c0aee371eac30cfcd917af9a6c37ac869d3e\systolic_array_4x4.\a_h[15]' from process `$paramod$8392c0aee371eac30cfcd917af9a6c37ac869d3e\systolic_array_4x4.$proc$/home/hassan/risc_v_systolic_array/src/Systolic_array_4x4.v:40$636'.
No latch inferred for signal `$paramod$8392c0aee371eac30cfcd917af9a6c37ac869d3e\systolic_array_4x4.\a_h[10]' from process `$paramod$8392c0aee371eac30cfcd917af9a6c37ac869d3e\systolic_array_4x4.$proc$/home/hassan/risc_v_systolic_array/src/Systolic_array_4x4.v:39$635'.
No latch inferred for signal `$paramod$8392c0aee371eac30cfcd917af9a6c37ac869d3e\systolic_array_4x4.\a_h[5]' from process `$paramod$8392c0aee371eac30cfcd917af9a6c37ac869d3e\systolic_array_4x4.$proc$/home/hassan/risc_v_systolic_array/src/Systolic_array_4x4.v:38$634'.
No latch inferred for signal `$paramod$8392c0aee371eac30cfcd917af9a6c37ac869d3e\systolic_array_4x4.\a_h[0]' from process `$paramod$8392c0aee371eac30cfcd917af9a6c37ac869d3e\systolic_array_4x4.$proc$/home/hassan/risc_v_systolic_array/src/Systolic_array_4x4.v:37$633'.
