162. Printing statistics.

=== soc_top ===

        +----------Local Count, excluding submodules.
        |        +-Local Area, excluding submodules.
        |        | 
    18561        - wires
    20511        - wire bits
      104        - public wires
     2023        - public wire bits
        4        - ports
       66        - port bits
    20405  4.7E+04 cells
     6041        -   $_ANDNOT_
      877        -   $_AND_
     2632        -   $_MUX_
      365        -   $_NAND_
      961        -   $_NOR_
      824        -   $_NOT_
      812        -   $_ORNOT_
     3169        -   $_OR_
      836        -   $_XNOR_
     2076        -   $_XOR_
     1683 4.42E+04   sky130_fd_sc_hd__dfrtp_2
        1   26.275   sky130_fd_sc_hd__dfstp_2
      128 2.72E+03   sky130_fd_sc_hd__dfxtp_2

   Area for cell type $_ANDNOT_ is unknown!
   Area for cell type $_AND_ is unknown!
   Area for cell type $_MUX_ is unknown!
   Area for cell type $_NAND_ is unknown!
   Area for cell type $_NOR_ is unknown!
   Area for cell type $_NOT_ is unknown!
   Area for cell type $_ORNOT_ is unknown!
   Area for cell type $_OR_ is unknown!
   Area for cell type $_XNOR_ is unknown!
   Area for cell type $_XOR_ is unknown!

   Chip area for module '\soc_top': 46970.048000
     of which used for sequential elements: 46970.048000 (100.00%)

