156. Printing statistics.

=== soc_top ===

        +----------Local Count, excluding submodules.
        | 
    16760 wires
    18710 wire bits
      104 public wires
     2023 public wire bits
        4 ports
       66 port bits
    18604 cells
     6041   $_ANDNOT_
      877   $_AND_
       30   $_DFFE_PN0N_
     1643   $_DFFE_PN0P_
      128   $_DFFE_PP_
       10   $_DFF_PN0_
        1   $_DFF_PN1_
      831   $_MUX_
      365   $_NAND_
      961   $_NOR_
      824   $_NOT_
      812   $_ORNOT_
     3169   $_OR_
      836   $_XNOR_
     2076   $_XOR_

   Area for cell type $_ANDNOT_ is unknown!
   Area for cell type $_AND_ is unknown!
   Area for cell type $_DFFE_PN0N_ is unknown!
   Area for cell type $_DFFE_PN0P_ is unknown!
   Area for cell type $_DFFE_PP_ is unknown!
   Area for cell type $_DFF_PN0_ is unknown!
   Area for cell type $_DFF_PN1_ is unknown!
   Area for cell type $_MUX_ is unknown!
   Area for cell type $_NAND_ is unknown!
   Area for cell type $_NOR_ is unknown!
   Area for cell type $_NOT_ is unknown!
   Area for cell type $_ORNOT_ is unknown!
   Area for cell type $_OR_ is unknown!
   Area for cell type $_XNOR_ is unknown!
   Area for cell type $_XOR_ is unknown!

