170. Printing statistics.

=== soc_top ===

        +----------Local Count, excluding submodules.
        |        +-Local Area, excluding submodules.
        |        | 
    15097        - wires
    15159        - wire bits
     1752        - public wires
     1814        - public wire bits
        4        - ports
       66        - port bits
    15125 1.68E+05 cells
       33  412.896   sky130_fd_sc_hd__a2111o_2
        1   15.014   sky130_fd_sc_hd__a2111oi_2
        1   27.526   sky130_fd_sc_hd__a2111oi_4
      135 1.35E+03   sky130_fd_sc_hd__a211o_2
       40   500.48   sky130_fd_sc_hd__a211oi_2
       67  670.643   sky130_fd_sc_hd__a21bo_2
        1   16.266   sky130_fd_sc_hd__a21bo_4
       18  202.694   sky130_fd_sc_hd__a21boi_2
        1   18.768   sky130_fd_sc_hd__a21boi_4
      506  4431.75   sky130_fd_sc_hd__a21o_2
        2   30.029   sky130_fd_sc_hd__a21o_4
      438 3.84E+03   sky130_fd_sc_hd__a21oi_2
        3   48.797   sky130_fd_sc_hd__a21oi_4
      394 4.44E+03   sky130_fd_sc_hd__a221o_2
        5   75.072   sky130_fd_sc_hd__a221oi_2
      863 8.64E+03   sky130_fd_sc_hd__a22o_2
      129 1.61E+03   sky130_fd_sc_hd__a22oi_2
       73  822.038   sky130_fd_sc_hd__a2bb2o_2
       17  191.434   sky130_fd_sc_hd__a311o_2
        5   75.072   sky130_fd_sc_hd__a311oi_2
      220 1.93E+03   sky130_fd_sc_hd__a31o_2
       27  337.824   sky130_fd_sc_hd__a31oi_2
      168 1.89E+03   sky130_fd_sc_hd__a32o_2
        4   65.062   sky130_fd_sc_hd__a32oi_2
       13   146.39   sky130_fd_sc_hd__a41o_2
      469 3.52E+03   sky130_fd_sc_hd__and2_2
        4   35.034   sky130_fd_sc_hd__and2_4
      218 1.91E+03   sky130_fd_sc_hd__and2b_2
      557  4181.51   sky130_fd_sc_hd__and3_2
        3   33.782   sky130_fd_sc_hd__and3_4
       17  170.163   sky130_fd_sc_hd__and3b_2
      276  2762.65   sky130_fd_sc_hd__and4_2
        7   78.826   sky130_fd_sc_hd__and4_4
       34  382.867   sky130_fd_sc_hd__and4b_2
        2   27.526   sky130_fd_sc_hd__and4b_4
       30   375.36   sky130_fd_sc_hd__and4bb_2
        1   16.266   sky130_fd_sc_hd__and4bb_4
      895 3.36E+03   sky130_fd_sc_hd__buf_1
      626 3.13E+03   sky130_fd_sc_hd__buf_2
       16  120.115   sky130_fd_sc_hd__buf_4
       54  608.083   sky130_fd_sc_hd__buf_6
     1651 4.34E+04   sky130_fd_sc_hd__dfrtp_2
        1   26.275   sky130_fd_sc_hd__dfstp_2
      128 2.72E+03   sky130_fd_sc_hd__dfxtp_2
      234  878.342   sky130_fd_sc_hd__inv_2
      144 1.62E+03   sky130_fd_sc_hd__mux2_1
      890    1E+04   sky130_fd_sc_hd__mux2_2
      138 2.07E+03   sky130_fd_sc_hd__mux2_4
      951 5.95E+03   sky130_fd_sc_hd__nand2_2
        8   70.067   sky130_fd_sc_hd__nand2b_2
      154 1.54E+03   sky130_fd_sc_hd__nand3_2
        2   22.522   sky130_fd_sc_hd__nand3b_2
       58  725.696   sky130_fd_sc_hd__nand4_2
        1   16.266   sky130_fd_sc_hd__nand4bb_2
      913 5.71E+03   sky130_fd_sc_hd__nor2_2
        1   11.261   sky130_fd_sc_hd__nor2_4
        6    52.55   sky130_fd_sc_hd__nor2b_2
      100  1000.96   sky130_fd_sc_hd__nor3_2
        1   16.266   sky130_fd_sc_hd__nor3_4
        3   37.536   sky130_fd_sc_hd__nor3b_2
        4   50.048   sky130_fd_sc_hd__nor4_2
        8  120.115   sky130_fd_sc_hd__nor4b_2
       13  162.656   sky130_fd_sc_hd__o2111a_2
      133 1.33E+03   sky130_fd_sc_hd__o211a_2
       24  300.288   sky130_fd_sc_hd__o211ai_2
      302 2.65E+03   sky130_fd_sc_hd__o21a_2
        2   30.029   sky130_fd_sc_hd__o21a_4
      180 1.58E+03   sky130_fd_sc_hd__o21ai_2
        1   16.266   sky130_fd_sc_hd__o21ai_4
      111 1.11E+03   sky130_fd_sc_hd__o21ba_2
       44  495.475   sky130_fd_sc_hd__o21bai_2
       25   281.52   sky130_fd_sc_hd__o221a_2
        6   90.086   sky130_fd_sc_hd__o221ai_2
       55  550.528   sky130_fd_sc_hd__o22a_2
        3   37.536   sky130_fd_sc_hd__o22ai_2
       64  720.691   sky130_fd_sc_hd__o2bb2a_2
        5   75.072   sky130_fd_sc_hd__o2bb2ai_2
       11  123.869   sky130_fd_sc_hd__o311a_2
        5  106.352   sky130_fd_sc_hd__o311a_4
        1   16.266   sky130_fd_sc_hd__o311ai_2
       77  770.739   sky130_fd_sc_hd__o31a_2
       14  175.168   sky130_fd_sc_hd__o31ai_2
        1    21.27   sky130_fd_sc_hd__o31ai_4
       39  439.171   sky130_fd_sc_hd__o32a_2
        5   81.328   sky130_fd_sc_hd__o32ai_2
       24  300.288   sky130_fd_sc_hd__o41a_2
      500     3128   sky130_fd_sc_hd__or2_2
        6    52.55   sky130_fd_sc_hd__or2_4
      155 1.36E+03   sky130_fd_sc_hd__or2b_2
      124  930.893   sky130_fd_sc_hd__or3_2
        2   22.522   sky130_fd_sc_hd__or3_4
       42  367.853   sky130_fd_sc_hd__or3b_2
        2   22.522   sky130_fd_sc_hd__or3b_4
       73  639.363   sky130_fd_sc_hd__or4_2
       13   146.39   sky130_fd_sc_hd__or4_4
       12  120.115   sky130_fd_sc_hd__or4b_2
        1   13.763   sky130_fd_sc_hd__or4b_4
        4   50.048   sky130_fd_sc_hd__or4bb_2
      894 1.45E+04   sky130_fd_sc_hd__xnor2_2
        2   55.053   sky130_fd_sc_hd__xnor2_4
      381  6.2E+03   sky130_fd_sc_hd__xor2_2

   Chip area for module '\soc_top': 167650.790400
     of which used for sequential elements: 46129.241600 (27.52%)

