
===========================================================================
report_checks -unconstrained
===========================================================================
======================= nom_tt_025C_1v80 Corner ===================================

Startpoint: _143_ (rising edge-triggered flip-flop clocked by clk)
Endpoint: _156_ (rising edge-triggered flip-flop clocked by clk)
Path Group: clk
Path Type: max

Fanout         Cap        Slew       Delay        Time   Description
---------------------------------------------------------------------------------------------
                      0.000000    0.000000    0.000000   clock clk (rise edge)
                                  0.000000    0.000000   clock network delay (ideal)
                      0.000000    0.000000    0.000000 ^ _143_/CLK (sky130_fd_sc_hd__dfrtp_2)
     4    0.015705    0.073455    0.408301    0.408301 v _143_/Q (sky130_fd_sc_hd__dfrtp_2)
                                                         u_uart.clk_cnt[9] (net)
                      0.073455    0.000000    0.408301 v _072_/A (sky130_fd_sc_hd__or4b_2)
     1    0.001362    0.090860    0.649020    1.057321 v _072_/X (sky130_fd_sc_hd__or4b_2)
                                                         _036_ (net)
                      0.090860    0.000000    1.057321 v _076_/A (sky130_fd_sc_hd__or4b_2)
     7    0.022633    0.173113    0.783205    1.840527 v _076_/X (sky130_fd_sc_hd__or4b_2)
                                                         _040_ (net)
                      0.173113    0.000000    1.840527 v _079_/B (sky130_fd_sc_hd__or3_2)
     1    0.001290    0.068584    0.469956    2.310482 v _079_/X (sky130_fd_sc_hd__or3_2)
                                                         _042_ (net)
                      0.068584    0.000000    2.310482 v _080_/B1_N (sky130_fd_sc_hd__a21bo_2)
     1    0.002005    0.029864    0.185940    2.496422 ^ _080_/X (sky130_fd_sc_hd__a21bo_2)
                                                         _003_ (net)
                      0.029864    0.000000    2.496422 ^ _156_/D (sky130_fd_sc_hd__dfrtp_2)
                                              2.496422   data arrival time

                      0.000000   20.000000   20.000000   clock clk (rise edge)
                                  0.000000   20.000000   clock network delay (ideal)
                                 -0.200000   19.800001   clock uncertainty
                                  0.000000   19.800001   clock reconvergence pessimism
                                             19.800001 ^ _156_/CLK (sky130_fd_sc_hd__dfrtp_2)
                                 -0.066787   19.733213   library setup time
                                             19.733213   data required time
---------------------------------------------------------------------------------------------
                                             19.733213   data required time
                                             -2.496422   data arrival time
---------------------------------------------------------------------------------------------
                                             17.236790   slack (MET)




===========================================================================
report_checks --slack_max -0.01
============================================================================
======================= nom_tt_025C_1v80 Corner ===================================

No paths found.


===========================================================================
 report_check_types -max_slew -max_cap -max_fanout -violators
============================================================================
======================= nom_tt_025C_1v80 Corner ===================================



===========================================================================
report_parasitic_annotation -report_unannotated
============================================================================
Found 113 unannotated drivers.
 clk
 rst_n
 _067_/Y
 _068_/Y
 _069_/Y
 _070_/Y
 _071_/Y
 _072_/X
 _073_/X
 _074_/X
 _075_/X
 _076_/X
 _077_/X
 _078_/Y
 _079_/X
 _080_/X
 _081_/Y
 _082_/Y
 _083_/X
 _084_/Y
 _085_/X
 _086_/X
 _087_/Y
 _088_/Y
 _089_/Y
 _090_/X
 _091_/Y
 _092_/X
 _093_/Y
 _094_/X
 _095_/X
 _096_/Y
 _097_/Y
 _098_/X
 _099_/Y
 _100_/X
 _101_/X
 _102_/X
 _103_/X
 _104_/Y
 _105_/X
 _106_/X
 _107_/Y
 _108_/X
 _109_/X
 _110_/X
 _111_/Y
 _112_/X
 _113_/X
 _114_/Y
 _115_/X
 _116_/X
 _117_/Y
 _118_/Y
 _119_/Y
 _120_/X
 _121_/Y
 _122_/Y
 _123_/X
 _124_/X
 _125_/Y
 _126_/X
 _127_/X
 _128_/X
 _129_/Y
 _130_/X
 _131_/Y
 _132_/X
 _133_/X
 _134_/Q
 _135_/Q
 _136_/Q
 _137_/Q
 _138_/Q
 _139_/Q
 _140_/Q
 _141_/Q
 _142_/Q
 _143_/Q
 _144_/Q
 _145_/Q
 _146_/Q
 _147_/Q
 _148_/Q
 _149_/Q
 _150_/Q
 _151_/Q
 _152_/Q
 _153_/Q
 _154_/Q
 _155_/Q
 _156_/Q
 _157_/Q
 _158_/HI
 _158_/LO
 _159_/HI
 _159_/LO
 _160_/HI
 _160_/LO
 _161_/HI
 _161_/LO
 _162_/HI
 _162_/LO
 _163_/HI
 _163_/LO
 _164_/HI
 _164_/LO
 _165_/HI
 _165_/LO
 _166_/HI
 _166_/LO
 _167_/HI
 _167_/LO
Found 0 partially unannotated drivers.

===========================================================================
max slew violation count 0
max fanout violation count 0
max cap violation count 0
============================================================================

===========================================================================
check_setup -verbose -unconstrained_endpoints -multiple_clock -no_clock -no_input_delay -loops -generated_clocks
===========================================================================
Warning: There is 1 input port missing set_input_delay.
  rst_n
