[WARNING ORD-0039] .openroad ignored with -python
Unannotated report:
['report_parasitic_annotation -report_unannotated\n',
 '============================================================================\n',
 'Found 11 unannotated drivers.\n',
 ' clkload0/X\n',
 ' soc_top/HI\n',
 ' soc_top_10/HI\n',
 ' soc_top_11/HI\n',
 ' soc_top_12/HI\n',
 ' soc_top_4/HI\n',
 ' soc_top_5/HI\n',
 ' soc_top_6/HI\n',
 ' soc_top_7/HI\n',
 ' soc_top_8/HI\n',
 ' soc_top_9/HI\n',
 'Found 0 partially unannotated drivers.\n',
 '\n']
Reported nets:
['clkload0/X',
 'soc_top/HI',
 'soc_top_10/HI',
 'soc_top_11/HI',
 'soc_top_12/HI',
 'soc_top_4/HI',
 'soc_top_5/HI',
 'soc_top_6/HI',
 'soc_top_7/HI',
 'soc_top_8/HI',
 'soc_top_9/HI']
Filtered nets:
[]
done
