
===========================================================================
report_checks -path_delay max (Setup)
============================================================================
======================= nom_tt_025C_1v80 Corner ===================================

Startpoint: _143_ (rising edge-triggered flip-flop clocked by clk)
Endpoint: _156_ (rising edge-triggered flip-flop clocked by clk)
Path Group: clk
Path Type: max

Fanout         Cap        Slew       Delay        Time   Description
---------------------------------------------------------------------------------------------
                      0.000000    0.000000    0.000000   clock clk (rise edge)
                                  0.000000    0.000000   clock network delay (ideal)
                      0.000000    0.000000    0.000000 ^ _143_/CLK (sky130_fd_sc_hd__dfrtp_2)
     4    0.015705    0.073455    0.408301    0.408301 v _143_/Q (sky130_fd_sc_hd__dfrtp_2)
                                                         u_uart.clk_cnt[9] (net)
                      0.073455    0.000000    0.408301 v _072_/A (sky130_fd_sc_hd__or4b_2)
     1    0.001362    0.090860    0.649020    1.057321 v _072_/X (sky130_fd_sc_hd__or4b_2)
                                                         _036_ (net)
                      0.090860    0.000000    1.057321 v _076_/A (sky130_fd_sc_hd__or4b_2)
     7    0.022633    0.173113    0.783205    1.840527 v _076_/X (sky130_fd_sc_hd__or4b_2)
                                                         _040_ (net)
                      0.173113    0.000000    1.840527 v _079_/B (sky130_fd_sc_hd__or3_2)
     1    0.001290    0.068584    0.469956    2.310482 v _079_/X (sky130_fd_sc_hd__or3_2)
                                                         _042_ (net)
                      0.068584    0.000000    2.310482 v _080_/B1_N (sky130_fd_sc_hd__a21bo_2)
     1    0.002005    0.029864    0.185940    2.496422 ^ _080_/X (sky130_fd_sc_hd__a21bo_2)
                                                         _003_ (net)
                      0.029864    0.000000    2.496422 ^ _156_/D (sky130_fd_sc_hd__dfrtp_2)
                                              2.496422   data arrival time

                      0.000000   20.000000   20.000000   clock clk (rise edge)
                                  0.000000   20.000000   clock network delay (ideal)
                                 -0.200000   19.800001   clock uncertainty
                                  0.000000   19.800001   clock reconvergence pessimism
                                             19.800001 ^ _156_/CLK (sky130_fd_sc_hd__dfrtp_2)
                                 -0.066787   19.733213   library setup time
                                             19.733213   data required time
---------------------------------------------------------------------------------------------
                                             19.733213   data required time
                                             -2.496422   data arrival time
---------------------------------------------------------------------------------------------
                                             17.236790   slack (MET)


Startpoint: _143_ (rising edge-triggered flip-flop clocked by clk)
Endpoint: _151_ (rising edge-triggered flip-flop clocked by clk)
Path Group: clk
Path Type: max

Fanout         Cap        Slew       Delay        Time   Description
---------------------------------------------------------------------------------------------
                      0.000000    0.000000    0.000000   clock clk (rise edge)
                                  0.000000    0.000000   clock network delay (ideal)
                      0.000000    0.000000    0.000000 ^ _143_/CLK (sky130_fd_sc_hd__dfrtp_2)
     4    0.015705    0.073455    0.408301    0.408301 v _143_/Q (sky130_fd_sc_hd__dfrtp_2)
                                                         u_uart.clk_cnt[9] (net)
                      0.073455    0.000000    0.408301 v _072_/A (sky130_fd_sc_hd__or4b_2)
     1    0.001362    0.090860    0.649020    1.057321 v _072_/X (sky130_fd_sc_hd__or4b_2)
                                                         _036_ (net)
                      0.090860    0.000000    1.057321 v _076_/A (sky130_fd_sc_hd__or4b_2)
     7    0.022633    0.173113    0.783205    1.840527 v _076_/X (sky130_fd_sc_hd__or4b_2)
                                                         _040_ (net)
                      0.173113    0.000000    1.840527 v _091_/B (sky130_fd_sc_hd__nor2_2)
     4    0.012807    0.170087    0.195481    2.036008 ^ _091_/Y (sky130_fd_sc_hd__nor2_2)
                                                         _049_ (net)
                      0.170087    0.000000    2.036008 ^ _130_/D (sky130_fd_sc_hd__and4_2)
     3    0.015656    0.113379    0.301128    2.337136 ^ _130_/X (sky130_fd_sc_hd__and4_2)
                                                         _030_ (net)
                      0.113379    0.000000    2.337136 ^ _132_/B (sky130_fd_sc_hd__xor2_2)
     1    0.002005    0.082849    0.124769    2.461905 ^ _132_/X (sky130_fd_sc_hd__xor2_2)
                                                         _021_ (net)
                      0.082849    0.000000    2.461905 ^ _151_/D (sky130_fd_sc_hd__dfrtp_2)
                                              2.461905   data arrival time

                      0.000000   20.000000   20.000000   clock clk (rise edge)
                                  0.000000   20.000000   clock network delay (ideal)
                                 -0.200000   19.800001   clock uncertainty
                                  0.000000   19.800001   clock reconvergence pessimism
                                             19.800001 ^ _151_/CLK (sky130_fd_sc_hd__dfrtp_2)
                                 -0.079287   19.720715   library setup time
                                             19.720715   data required time
---------------------------------------------------------------------------------------------
                                             19.720715   data required time
                                             -2.461905   data arrival time
---------------------------------------------------------------------------------------------
                                             17.258810   slack (MET)


Startpoint: _143_ (rising edge-triggered flip-flop clocked by clk)
Endpoint: _152_ (rising edge-triggered flip-flop clocked by clk)
Path Group: clk
Path Type: max

Fanout         Cap        Slew       Delay        Time   Description
---------------------------------------------------------------------------------------------
                      0.000000    0.000000    0.000000   clock clk (rise edge)
                                  0.000000    0.000000   clock network delay (ideal)
                      0.000000    0.000000    0.000000 ^ _143_/CLK (sky130_fd_sc_hd__dfrtp_2)
     4    0.015705    0.073455    0.408301    0.408301 v _143_/Q (sky130_fd_sc_hd__dfrtp_2)
                                                         u_uart.clk_cnt[9] (net)
                      0.073455    0.000000    0.408301 v _072_/A (sky130_fd_sc_hd__or4b_2)
     1    0.001362    0.090860    0.649020    1.057321 v _072_/X (sky130_fd_sc_hd__or4b_2)
                                                         _036_ (net)
                      0.090860    0.000000    1.057321 v _076_/A (sky130_fd_sc_hd__or4b_2)
     7    0.022633    0.173113    0.783205    1.840527 v _076_/X (sky130_fd_sc_hd__or4b_2)
                                                         _040_ (net)
                      0.173113    0.000000    1.840527 v _091_/B (sky130_fd_sc_hd__nor2_2)
     4    0.012807    0.170087    0.195481    2.036008 ^ _091_/Y (sky130_fd_sc_hd__nor2_2)
                                                         _049_ (net)
                      0.170087    0.000000    2.036008 ^ _130_/D (sky130_fd_sc_hd__and4_2)
     3    0.015656    0.113379    0.301128    2.337136 ^ _130_/X (sky130_fd_sc_hd__and4_2)
                                                         _030_ (net)
                      0.113379    0.000000    2.337136 ^ _133_/A2 (sky130_fd_sc_hd__a21o_2)
     1    0.002005    0.027037    0.127468    2.464605 ^ _133_/X (sky130_fd_sc_hd__a21o_2)
                                                         _022_ (net)
                      0.027037    0.000000    2.464605 ^ _152_/D (sky130_fd_sc_hd__dfrtp_2)
                                              2.464605   data arrival time

                      0.000000   20.000000   20.000000   clock clk (rise edge)
                                  0.000000   20.000000   clock network delay (ideal)
                                 -0.200000   19.800001   clock uncertainty
                                  0.000000   19.800001   clock reconvergence pessimism
                                             19.800001 ^ _152_/CLK (sky130_fd_sc_hd__dfrtp_2)
                                 -0.066120   19.733881   library setup time
                                             19.733881   data required time
---------------------------------------------------------------------------------------------
                                             19.733881   data required time
                                             -2.464605   data arrival time
---------------------------------------------------------------------------------------------
                                             17.269276   slack (MET)


Startpoint: _143_ (rising edge-triggered flip-flop clocked by clk)
Endpoint: _150_ (rising edge-triggered flip-flop clocked by clk)
Path Group: clk
Path Type: max

Fanout         Cap        Slew       Delay        Time   Description
---------------------------------------------------------------------------------------------
                      0.000000    0.000000    0.000000   clock clk (rise edge)
                                  0.000000    0.000000   clock network delay (ideal)
                      0.000000    0.000000    0.000000 ^ _143_/CLK (sky130_fd_sc_hd__dfrtp_2)
     4    0.015705    0.073455    0.408301    0.408301 v _143_/Q (sky130_fd_sc_hd__dfrtp_2)
                                                         u_uart.clk_cnt[9] (net)
                      0.073455    0.000000    0.408301 v _072_/A (sky130_fd_sc_hd__or4b_2)
     1    0.001362    0.090860    0.649020    1.057321 v _072_/X (sky130_fd_sc_hd__or4b_2)
                                                         _036_ (net)
                      0.090860    0.000000    1.057321 v _076_/A (sky130_fd_sc_hd__or4b_2)
     7    0.022633    0.173113    0.783205    1.840527 v _076_/X (sky130_fd_sc_hd__or4b_2)
                                                         _040_ (net)
                      0.173113    0.000000    1.840527 v _091_/B (sky130_fd_sc_hd__nor2_2)
     4    0.012807    0.170087    0.195481    2.036008 ^ _091_/Y (sky130_fd_sc_hd__nor2_2)
                                                         _049_ (net)
                      0.170087    0.000000    2.036008 ^ _130_/D (sky130_fd_sc_hd__and4_2)
     3    0.015656    0.113379    0.301128    2.337136 ^ _130_/X (sky130_fd_sc_hd__and4_2)
                                                         _030_ (net)
                      0.113379    0.000000    2.337136 ^ _131_/B (sky130_fd_sc_hd__nor2_2)
     1    0.001949    0.028032    0.036401    2.373538 v _131_/Y (sky130_fd_sc_hd__nor2_2)
                                                         _020_ (net)
                      0.028032    0.000000    2.373538 v _150_/D (sky130_fd_sc_hd__dfrtp_2)
                                              2.373538   data arrival time

                      0.000000   20.000000   20.000000   clock clk (rise edge)
                                  0.000000   20.000000   clock network delay (ideal)
                                 -0.200000   19.800001   clock uncertainty
                                  0.000000   19.800001   clock reconvergence pessimism
                                             19.800001 ^ _150_/CLK (sky130_fd_sc_hd__dfrtp_2)
                                 -0.118438   19.681562   library setup time
                                             19.681562   data required time
---------------------------------------------------------------------------------------------
                                             19.681562   data required time
                                             -2.373538   data arrival time
---------------------------------------------------------------------------------------------
                                             17.308023   slack (MET)


Startpoint: _157_ (rising edge-triggered flip-flop clocked by clk)
Endpoint: uart_tx (output port clocked by clk)
Path Group: clk
Path Type: max

Fanout         Cap        Slew       Delay        Time   Description
---------------------------------------------------------------------------------------------
                      0.000000    0.000000    0.000000   clock clk (rise edge)
                                  0.000000    0.000000   clock network delay (ideal)
                      0.000000    0.000000    0.000000 ^ _157_/CLK (sky130_fd_sc_hd__dfstp_2)
     1    0.000000    0.025226    0.473530    0.473530 ^ _157_/Q (sky130_fd_sc_hd__dfstp_2)
                                                         uart_tx (net)
                      0.025226    0.000000    0.473530 ^ uart_tx (out)
                                              0.473530   data arrival time

                      0.000000   20.000000   20.000000   clock clk (rise edge)
                                  0.000000   20.000000   clock network delay (ideal)
                                 -0.200000   19.800001   clock uncertainty
                                  0.000000   19.800001   clock reconvergence pessimism
                                 -2.000000   17.800001   output external delay
                                             17.800001   data required time
---------------------------------------------------------------------------------------------
                                             17.800001   data required time
                                             -0.473530   data arrival time
---------------------------------------------------------------------------------------------
                                             17.326471   slack (MET)


Startpoint: _143_ (rising edge-triggered flip-flop clocked by clk)
Endpoint: _135_ (rising edge-triggered flip-flop clocked by clk)
Path Group: clk
Path Type: max

Fanout         Cap        Slew       Delay        Time   Description
---------------------------------------------------------------------------------------------
                      0.000000    0.000000    0.000000   clock clk (rise edge)
                                  0.000000    0.000000   clock network delay (ideal)
                      0.000000    0.000000    0.000000 ^ _143_/CLK (sky130_fd_sc_hd__dfrtp_2)
     4    0.015705    0.073455    0.408301    0.408301 v _143_/Q (sky130_fd_sc_hd__dfrtp_2)
                                                         u_uart.clk_cnt[9] (net)
                      0.073455    0.000000    0.408301 v _072_/A (sky130_fd_sc_hd__or4b_2)
     1    0.001362    0.090860    0.649020    1.057321 v _072_/X (sky130_fd_sc_hd__or4b_2)
                                                         _036_ (net)
                      0.090860    0.000000    1.057321 v _076_/A (sky130_fd_sc_hd__or4b_2)
     7    0.022633    0.173113    0.783205    1.840527 v _076_/X (sky130_fd_sc_hd__or4b_2)
                                                         _040_ (net)
                      0.173113    0.000000    1.840527 v _091_/B (sky130_fd_sc_hd__nor2_2)
     4    0.012807    0.170087    0.195481    2.036008 ^ _091_/Y (sky130_fd_sc_hd__nor2_2)
                                                         _049_ (net)
                      0.170087    0.000000    2.036008 ^ _093_/B (sky130_fd_sc_hd__nand2_2)
     4    0.005667    0.048776    0.076836    2.112844 v _093_/Y (sky130_fd_sc_hd__nand2_2)
                                                         _051_ (net)
                      0.048776    0.000000    2.112844 v _094_/C (sky130_fd_sc_hd__and3_2)
     1    0.001949    0.035250    0.198448    2.311292 v _094_/X (sky130_fd_sc_hd__and3_2)
                                                         _005_ (net)
                      0.035250    0.000000    2.311292 v _135_/D (sky130_fd_sc_hd__dfrtp_2)
                                              2.311292   data arrival time

                      0.000000   20.000000   20.000000   clock clk (rise edge)
                                  0.000000   20.000000   clock network delay (ideal)
                                 -0.200000   19.800001   clock uncertainty
                                  0.000000   19.800001   clock reconvergence pessimism
                                             19.800001 ^ _135_/CLK (sky130_fd_sc_hd__dfrtp_2)
                                 -0.121614   19.678385   library setup time
                                             19.678385   data required time
---------------------------------------------------------------------------------------------
                                             19.678385   data required time
                                             -2.311292   data arrival time
---------------------------------------------------------------------------------------------
                                             17.367094   slack (MET)


Startpoint: _143_ (rising edge-triggered flip-flop clocked by clk)
Endpoint: _142_ (rising edge-triggered flip-flop clocked by clk)
Path Group: clk
Path Type: max

Fanout         Cap        Slew       Delay        Time   Description
---------------------------------------------------------------------------------------------
                      0.000000    0.000000    0.000000   clock clk (rise edge)
                                  0.000000    0.000000   clock network delay (ideal)
                      0.000000    0.000000    0.000000 ^ _143_/CLK (sky130_fd_sc_hd__dfrtp_2)
     4    0.015705    0.073455    0.408301    0.408301 v _143_/Q (sky130_fd_sc_hd__dfrtp_2)
                                                         u_uart.clk_cnt[9] (net)
                      0.073455    0.000000    0.408301 v _072_/A (sky130_fd_sc_hd__or4b_2)
     1    0.001362    0.090860    0.649020    1.057321 v _072_/X (sky130_fd_sc_hd__or4b_2)
                                                         _036_ (net)
                      0.090860    0.000000    1.057321 v _076_/A (sky130_fd_sc_hd__or4b_2)
     7    0.022633    0.173113    0.783205    1.840527 v _076_/X (sky130_fd_sc_hd__or4b_2)
                                                         _040_ (net)
                      0.173113    0.000000    1.840527 v _091_/B (sky130_fd_sc_hd__nor2_2)
     4    0.012807    0.170087    0.195481    2.036008 ^ _091_/Y (sky130_fd_sc_hd__nor2_2)
                                                         _049_ (net)
                      0.170087    0.000000    2.036008 ^ _093_/B (sky130_fd_sc_hd__nand2_2)
     4    0.005667    0.048776    0.076836    2.112844 v _093_/Y (sky130_fd_sc_hd__nand2_2)
                                                         _051_ (net)
                      0.048776    0.000000    2.112844 v _112_/A (sky130_fd_sc_hd__and3_2)
     1    0.001949    0.035307    0.164355    2.277199 v _112_/X (sky130_fd_sc_hd__and3_2)
                                                         _012_ (net)
                      0.035307    0.000000    2.277199 v _142_/D (sky130_fd_sc_hd__dfrtp_2)
                                              2.277199   data arrival time

                      0.000000   20.000000   20.000000   clock clk (rise edge)
                                  0.000000   20.000000   clock network delay (ideal)
                                 -0.200000   19.800001   clock uncertainty
                                  0.000000   19.800001   clock reconvergence pessimism
                                             19.800001 ^ _142_/CLK (sky130_fd_sc_hd__dfrtp_2)
                                 -0.121639   19.678360   library setup time
                                             19.678360   data required time
---------------------------------------------------------------------------------------------
                                             19.678360   data required time
                                             -2.277199   data arrival time
---------------------------------------------------------------------------------------------
                                             17.401161   slack (MET)


Startpoint: _143_ (rising edge-triggered flip-flop clocked by clk)
Endpoint: _141_ (rising edge-triggered flip-flop clocked by clk)
Path Group: clk
Path Type: max

Fanout         Cap        Slew       Delay        Time   Description
---------------------------------------------------------------------------------------------
                      0.000000    0.000000    0.000000   clock clk (rise edge)
                                  0.000000    0.000000   clock network delay (ideal)
                      0.000000    0.000000    0.000000 ^ _143_/CLK (sky130_fd_sc_hd__dfrtp_2)
     4    0.015705    0.073455    0.408301    0.408301 v _143_/Q (sky130_fd_sc_hd__dfrtp_2)
                                                         u_uart.clk_cnt[9] (net)
                      0.073455    0.000000    0.408301 v _072_/A (sky130_fd_sc_hd__or4b_2)
     1    0.001362    0.090860    0.649020    1.057321 v _072_/X (sky130_fd_sc_hd__or4b_2)
                                                         _036_ (net)
                      0.090860    0.000000    1.057321 v _076_/A (sky130_fd_sc_hd__or4b_2)
     7    0.022633    0.173113    0.783205    1.840527 v _076_/X (sky130_fd_sc_hd__or4b_2)
                                                         _040_ (net)
                      0.173113    0.000000    1.840527 v _091_/B (sky130_fd_sc_hd__nor2_2)
     4    0.012807    0.170087    0.195481    2.036008 ^ _091_/Y (sky130_fd_sc_hd__nor2_2)
                                                         _049_ (net)
                      0.170087    0.000000    2.036008 ^ _093_/B (sky130_fd_sc_hd__nand2_2)
     4    0.005667    0.048776    0.076836    2.112844 v _093_/Y (sky130_fd_sc_hd__nand2_2)
                                                         _051_ (net)
                      0.048776    0.000000    2.112844 v _108_/A (sky130_fd_sc_hd__and3_2)
     1    0.001949    0.035257    0.164355    2.277199 v _108_/X (sky130_fd_sc_hd__and3_2)
                                                         _011_ (net)
                      0.035257    0.000000    2.277199 v _141_/D (sky130_fd_sc_hd__dfrtp_2)
                                              2.277199   data arrival time

                      0.000000   20.000000   20.000000   clock clk (rise edge)
                                  0.000000   20.000000   clock network delay (ideal)
                                 -0.200000   19.800001   clock uncertainty
                                  0.000000   19.800001   clock reconvergence pessimism
                                             19.800001 ^ _141_/CLK (sky130_fd_sc_hd__dfrtp_2)
                                 -0.121617   19.678385   library setup time
                                             19.678385   data required time
---------------------------------------------------------------------------------------------
                                             19.678385   data required time
                                             -2.277199   data arrival time
---------------------------------------------------------------------------------------------
                                             17.401184   slack (MET)


Startpoint: _143_ (rising edge-triggered flip-flop clocked by clk)
Endpoint: _138_ (rising edge-triggered flip-flop clocked by clk)
Path Group: clk
Path Type: max

Fanout         Cap        Slew       Delay        Time   Description
---------------------------------------------------------------------------------------------
                      0.000000    0.000000    0.000000   clock clk (rise edge)
                                  0.000000    0.000000   clock network delay (ideal)
                      0.000000    0.000000    0.000000 ^ _143_/CLK (sky130_fd_sc_hd__dfrtp_2)
     4    0.015705    0.073455    0.408301    0.408301 v _143_/Q (sky130_fd_sc_hd__dfrtp_2)
                                                         u_uart.clk_cnt[9] (net)
                      0.073455    0.000000    0.408301 v _072_/A (sky130_fd_sc_hd__or4b_2)
     1    0.001362    0.090860    0.649020    1.057321 v _072_/X (sky130_fd_sc_hd__or4b_2)
                                                         _036_ (net)
                      0.090860    0.000000    1.057321 v _076_/A (sky130_fd_sc_hd__or4b_2)
     7    0.022633    0.173113    0.783205    1.840527 v _076_/X (sky130_fd_sc_hd__or4b_2)
                                                         _040_ (net)
                      0.173113    0.000000    1.840527 v _091_/B (sky130_fd_sc_hd__nor2_2)
     4    0.012807    0.170087    0.195481    2.036008 ^ _091_/Y (sky130_fd_sc_hd__nor2_2)
                                                         _049_ (net)
                      0.170087    0.000000    2.036008 ^ _093_/B (sky130_fd_sc_hd__nand2_2)
     4    0.005667    0.048776    0.076836    2.112844 v _093_/Y (sky130_fd_sc_hd__nand2_2)
                                                         _051_ (net)
                      0.048776    0.000000    2.112844 v _101_/A (sky130_fd_sc_hd__and3_2)
     1    0.001949    0.035206    0.164355    2.277199 v _101_/X (sky130_fd_sc_hd__and3_2)
                                                         _008_ (net)
                      0.035206    0.000000    2.277199 v _138_/D (sky130_fd_sc_hd__dfrtp_2)
                                              2.277199   data arrival time

                      0.000000   20.000000   20.000000   clock clk (rise edge)
                                  0.000000   20.000000   clock network delay (ideal)
                                 -0.200000   19.800001   clock uncertainty
                                  0.000000   19.800001   clock reconvergence pessimism
                                             19.800001 ^ _138_/CLK (sky130_fd_sc_hd__dfrtp_2)
                                 -0.121595   19.678406   library setup time
                                             19.678406   data required time
---------------------------------------------------------------------------------------------
                                             19.678406   data required time
                                             -2.277199   data arrival time
---------------------------------------------------------------------------------------------
                                             17.401207   slack (MET)


Startpoint: _143_ (rising edge-triggered flip-flop clocked by clk)
Endpoint: _139_ (rising edge-triggered flip-flop clocked by clk)
Path Group: clk
Path Type: max

Fanout         Cap        Slew       Delay        Time   Description
---------------------------------------------------------------------------------------------
                      0.000000    0.000000    0.000000   clock clk (rise edge)
                                  0.000000    0.000000   clock network delay (ideal)
                      0.000000    0.000000    0.000000 ^ _143_/CLK (sky130_fd_sc_hd__dfrtp_2)
     4    0.015705    0.073455    0.408301    0.408301 v _143_/Q (sky130_fd_sc_hd__dfrtp_2)
                                                         u_uart.clk_cnt[9] (net)
                      0.073455    0.000000    0.408301 v _072_/A (sky130_fd_sc_hd__or4b_2)
     1    0.001362    0.090860    0.649020    1.057321 v _072_/X (sky130_fd_sc_hd__or4b_2)
                                                         _036_ (net)
                      0.090860    0.000000    1.057321 v _076_/A (sky130_fd_sc_hd__or4b_2)
     7    0.022633    0.173113    0.783205    1.840527 v _076_/X (sky130_fd_sc_hd__or4b_2)
                                                         _040_ (net)
                      0.173113    0.000000    1.840527 v _091_/B (sky130_fd_sc_hd__nor2_2)
     4    0.012807    0.170087    0.195481    2.036008 ^ _091_/Y (sky130_fd_sc_hd__nor2_2)
                                                         _049_ (net)
                      0.170087    0.000000    2.036008 ^ _092_/B (sky130_fd_sc_hd__and2_2)
     1    0.004664    0.047309    0.171634    2.207642 ^ _092_/X (sky130_fd_sc_hd__and2_2)
                                                         _050_ (net)
                      0.047309    0.000000    2.207642 ^ _104_/C1 (sky130_fd_sc_hd__a211oi_2)
     1    0.001949    0.048784    0.029686    2.237328 v _104_/Y (sky130_fd_sc_hd__a211oi_2)
                                                         _009_ (net)
                      0.048784    0.000000    2.237328 v _139_/D (sky130_fd_sc_hd__dfrtp_2)
                                              2.237328   data arrival time

                      0.000000   20.000000   20.000000   clock clk (rise edge)
                                  0.000000   20.000000   clock network delay (ideal)
                                 -0.200000   19.800001   clock uncertainty
                                  0.000000   19.800001   clock reconvergence pessimism
                                             19.800001 ^ _139_/CLK (sky130_fd_sc_hd__dfrtp_2)
                                 -0.127568   19.672434   library setup time
                                             19.672434   data required time
---------------------------------------------------------------------------------------------
                                             19.672434   data required time
                                             -2.237328   data arrival time
---------------------------------------------------------------------------------------------
                                             17.435104   slack (MET)


Startpoint: _143_ (rising edge-triggered flip-flop clocked by clk)
Endpoint: _154_ (rising edge-triggered flip-flop clocked by clk)
Path Group: clk
Path Type: max

Fanout         Cap        Slew       Delay        Time   Description
---------------------------------------------------------------------------------------------
                      0.000000    0.000000    0.000000   clock clk (rise edge)
                                  0.000000    0.000000   clock network delay (ideal)
                      0.000000    0.000000    0.000000 ^ _143_/CLK (sky130_fd_sc_hd__dfrtp_2)
     4    0.015705    0.073455    0.408301    0.408301 v _143_/Q (sky130_fd_sc_hd__dfrtp_2)
                                                         u_uart.clk_cnt[9] (net)
                      0.073455    0.000000    0.408301 v _072_/A (sky130_fd_sc_hd__or4b_2)
     1    0.001362    0.090860    0.649020    1.057321 v _072_/X (sky130_fd_sc_hd__or4b_2)
                                                         _036_ (net)
                      0.090860    0.000000    1.057321 v _076_/A (sky130_fd_sc_hd__or4b_2)
     7    0.022633    0.173113    0.783205    1.840527 v _076_/X (sky130_fd_sc_hd__or4b_2)
                                                         _040_ (net)
                      0.173113    0.000000    1.840527 v _081_/A1 (sky130_fd_sc_hd__o21ai_2)
     1    0.004522    0.106616    0.181115    2.021641 ^ _081_/Y (sky130_fd_sc_hd__o21ai_2)
                                                         _043_ (net)
                      0.106616    0.000000    2.021641 ^ _082_/B1 (sky130_fd_sc_hd__o21ai_2)
     1    0.001949    0.036149    0.056750    2.078392 v _082_/Y (sky130_fd_sc_hd__o21ai_2)
                                                         _002_ (net)
                      0.036149    0.000000    2.078392 v _154_/D (sky130_fd_sc_hd__dfrtp_2)
                                              2.078392   data arrival time

                      0.000000   20.000000   20.000000   clock clk (rise edge)
                                  0.000000   20.000000   clock network delay (ideal)
                                 -0.200000   19.800001   clock uncertainty
                                  0.000000   19.800001   clock reconvergence pessimism
                                             19.800001 ^ _154_/CLK (sky130_fd_sc_hd__dfrtp_2)
                                 -0.122009   19.677992   library setup time
                                             19.677992   data required time
---------------------------------------------------------------------------------------------
                                             19.677992   data required time
                                             -2.078392   data arrival time
---------------------------------------------------------------------------------------------
                                             17.599600   slack (MET)


Startpoint: _143_ (rising edge-triggered flip-flop clocked by clk)
Endpoint: _155_ (rising edge-triggered flip-flop clocked by clk)
Path Group: clk
Path Type: max

Fanout         Cap        Slew       Delay        Time   Description
---------------------------------------------------------------------------------------------
                      0.000000    0.000000    0.000000   clock clk (rise edge)
                                  0.000000    0.000000   clock network delay (ideal)
                      0.000000    0.000000    0.000000 ^ _143_/CLK (sky130_fd_sc_hd__dfrtp_2)
     4    0.015705    0.073455    0.408301    0.408301 v _143_/Q (sky130_fd_sc_hd__dfrtp_2)
                                                         u_uart.clk_cnt[9] (net)
                      0.073455    0.000000    0.408301 v _072_/A (sky130_fd_sc_hd__or4b_2)
     1    0.001362    0.090860    0.649020    1.057321 v _072_/X (sky130_fd_sc_hd__or4b_2)
                                                         _036_ (net)
                      0.090860    0.000000    1.057321 v _076_/A (sky130_fd_sc_hd__or4b_2)
     7    0.022633    0.173113    0.783205    1.840527 v _076_/X (sky130_fd_sc_hd__or4b_2)
                                                         _040_ (net)
                      0.173113    0.000000    1.840527 v _077_/B (sky130_fd_sc_hd__and2_2)
     1    0.001949    0.034537    0.237913    2.078440 v _077_/X (sky130_fd_sc_hd__and2_2)
                                                         _000_ (net)
                      0.034537    0.000000    2.078440 v _155_/D (sky130_fd_sc_hd__dfrtp_2)
                                              2.078440   data arrival time

                      0.000000   20.000000   20.000000   clock clk (rise edge)
                                  0.000000   20.000000   clock network delay (ideal)
                                 -0.200000   19.800001   clock uncertainty
                                  0.000000   19.800001   clock reconvergence pessimism
                                             19.800001 ^ _155_/CLK (sky130_fd_sc_hd__dfrtp_2)
                                 -0.121300   19.678699   library setup time
                                             19.678699   data required time
---------------------------------------------------------------------------------------------
                                             19.678699   data required time
                                             -2.078440   data arrival time
---------------------------------------------------------------------------------------------
                                             17.600260   slack (MET)


Startpoint: _154_ (rising edge-triggered flip-flop clocked by clk)
Endpoint: _148_ (rising edge-triggered flip-flop clocked by clk)
Path Group: clk
Path Type: max

Fanout         Cap        Slew       Delay        Time   Description
---------------------------------------------------------------------------------------------
                      0.000000    0.000000    0.000000   clock clk (rise edge)
                                  0.000000    0.000000   clock network delay (ideal)
                      0.000000    0.000000    0.000000 ^ _154_/CLK (sky130_fd_sc_hd__dfrtp_2)
     5    0.015811    0.073673    0.408558    0.408558 v _154_/Q (sky130_fd_sc_hd__dfrtp_2)
                                                         u_uart.state[1] (net)
                      0.073673    0.000000    0.408558 v _085_/B (sky130_fd_sc_hd__or3_2)
     5    0.013285    0.114206    0.509008    0.917566 v _085_/X (sky130_fd_sc_hd__or3_2)
                                                         _044_ (net)
                      0.114206    0.000000    0.917566 v _103_/D (sky130_fd_sc_hd__and4b_2)
     7    0.023568    0.090591    0.324638    1.242204 v _103_/X (sky130_fd_sc_hd__and4b_2)
                                                         _057_ (net)
                      0.090591    0.000000    1.242204 v _116_/C (sky130_fd_sc_hd__and4_2)
     6    0.019616    0.078253    0.287094    1.529298 v _116_/X (sky130_fd_sc_hd__and4_2)
                                                         _065_ (net)
                      0.078253    0.000000    1.529298 v _124_/D (sky130_fd_sc_hd__and4_2)
     2    0.006344    0.050010    0.253339    1.782638 v _124_/X (sky130_fd_sc_hd__and4_2)
                                                         _027_ (net)
                      0.050010    0.000000    1.782638 v _127_/A2 (sky130_fd_sc_hd__o21ba_2)
     1    0.001949    0.032514    0.185666    1.968304 v _127_/X (sky130_fd_sc_hd__o21ba_2)
                                                         _018_ (net)
                      0.032514    0.000000    1.968304 v _148_/D (sky130_fd_sc_hd__dfrtp_2)
                                              1.968304   data arrival time

                      0.000000   20.000000   20.000000   clock clk (rise edge)
                                  0.000000   20.000000   clock network delay (ideal)
                                 -0.200000   19.800001   clock uncertainty
                                  0.000000   19.800001   clock reconvergence pessimism
                                             19.800001 ^ _148_/CLK (sky130_fd_sc_hd__dfrtp_2)
                                 -0.120410   19.679590   library setup time
                                             19.679590   data required time
---------------------------------------------------------------------------------------------
                                             19.679590   data required time
                                             -1.968304   data arrival time
---------------------------------------------------------------------------------------------
                                             17.711287   slack (MET)


Startpoint: _143_ (rising edge-triggered flip-flop clocked by clk)
Endpoint: _153_ (rising edge-triggered flip-flop clocked by clk)
Path Group: clk
Path Type: max

Fanout         Cap        Slew       Delay        Time   Description
---------------------------------------------------------------------------------------------
                      0.000000    0.000000    0.000000   clock clk (rise edge)
                                  0.000000    0.000000   clock network delay (ideal)
                      0.000000    0.000000    0.000000 ^ _143_/CLK (sky130_fd_sc_hd__dfrtp_2)
     4    0.015705    0.073455    0.408301    0.408301 v _143_/Q (sky130_fd_sc_hd__dfrtp_2)
                                                         u_uart.clk_cnt[9] (net)
                      0.073455    0.000000    0.408301 v _072_/A (sky130_fd_sc_hd__or4b_2)
     1    0.001362    0.090860    0.649020    1.057321 v _072_/X (sky130_fd_sc_hd__or4b_2)
                                                         _036_ (net)
                      0.090860    0.000000    1.057321 v _076_/A (sky130_fd_sc_hd__or4b_2)
     7    0.022633    0.173113    0.783205    1.840527 v _076_/X (sky130_fd_sc_hd__or4b_2)
                                                         _040_ (net)
                      0.173113    0.000000    1.840527 v _084_/A2 (sky130_fd_sc_hd__a21boi_2)
     1    0.002488    0.081048    0.169057    2.009584 ^ _084_/Y (sky130_fd_sc_hd__a21boi_2)
                                                         _001_ (net)
                      0.081048    0.000000    2.009584 ^ _153_/D (sky130_fd_sc_hd__dfstp_2)
                                              2.009584   data arrival time

                      0.000000   20.000000   20.000000   clock clk (rise edge)
                                  0.000000   20.000000   clock network delay (ideal)
                                 -0.200000   19.800001   clock uncertainty
                                  0.000000   19.800001   clock reconvergence pessimism
                                             19.800001 ^ _153_/CLK (sky130_fd_sc_hd__dfstp_2)
                                 -0.068766   19.731234   library setup time
                                             19.731234   data required time
---------------------------------------------------------------------------------------------
                                             19.731234   data required time
                                             -2.009584   data arrival time
---------------------------------------------------------------------------------------------
                                             17.721651   slack (MET)


Startpoint: _154_ (rising edge-triggered flip-flop clocked by clk)
Endpoint: _149_ (rising edge-triggered flip-flop clocked by clk)
Path Group: clk
Path Type: max

Fanout         Cap        Slew       Delay        Time   Description
---------------------------------------------------------------------------------------------
                      0.000000    0.000000    0.000000   clock clk (rise edge)
                                  0.000000    0.000000   clock network delay (ideal)
                      0.000000    0.000000    0.000000 ^ _154_/CLK (sky130_fd_sc_hd__dfrtp_2)
     5    0.015811    0.073673    0.408558    0.408558 v _154_/Q (sky130_fd_sc_hd__dfrtp_2)
                                                         u_uart.state[1] (net)
                      0.073673    0.000000    0.408558 v _085_/B (sky130_fd_sc_hd__or3_2)
     5    0.013285    0.114206    0.509008    0.917566 v _085_/X (sky130_fd_sc_hd__or3_2)
                                                         _044_ (net)
                      0.114206    0.000000    0.917566 v _103_/D (sky130_fd_sc_hd__and4b_2)
     7    0.023568    0.090591    0.324638    1.242204 v _103_/X (sky130_fd_sc_hd__and4b_2)
                                                         _057_ (net)
                      0.090591    0.000000    1.242204 v _116_/C (sky130_fd_sc_hd__and4_2)
     6    0.019616    0.078253    0.287094    1.529298 v _116_/X (sky130_fd_sc_hd__and4_2)
                                                         _065_ (net)
                      0.078253    0.000000    1.529298 v _126_/C (sky130_fd_sc_hd__and4_2)
     2    0.009170    0.056758    0.253627    1.782925 v _126_/X (sky130_fd_sc_hd__and4_2)
                                                         _028_ (net)
                      0.056758    0.000000    1.782925 v _128_/B (sky130_fd_sc_hd__xor2_2)
     1    0.001949    0.039104    0.134106    1.917030 v _128_/X (sky130_fd_sc_hd__xor2_2)
                                                         _019_ (net)
                      0.039104    0.000000    1.917030 v _149_/D (sky130_fd_sc_hd__dfrtp_2)
                                              1.917030   data arrival time

                      0.000000   20.000000   20.000000   clock clk (rise edge)
                                  0.000000   20.000000   clock network delay (ideal)
                                 -0.200000   19.800001   clock uncertainty
                                  0.000000   19.800001   clock reconvergence pessimism
                                             19.800001 ^ _149_/CLK (sky130_fd_sc_hd__dfrtp_2)
                                 -0.123310   19.676691   library setup time
                                             19.676691   data required time
---------------------------------------------------------------------------------------------
                                             19.676691   data required time
                                             -1.917030   data arrival time
---------------------------------------------------------------------------------------------
                                             17.759661   slack (MET)


Startpoint: _154_ (rising edge-triggered flip-flop clocked by clk)
Endpoint: _145_ (rising edge-triggered flip-flop clocked by clk)
Path Group: clk
Path Type: max

Fanout         Cap        Slew       Delay        Time   Description
---------------------------------------------------------------------------------------------
                      0.000000    0.000000    0.000000   clock clk (rise edge)
                                  0.000000    0.000000   clock network delay (ideal)
                      0.000000    0.000000    0.000000 ^ _154_/CLK (sky130_fd_sc_hd__dfrtp_2)
     5    0.015811    0.073673    0.408558    0.408558 v _154_/Q (sky130_fd_sc_hd__dfrtp_2)
                                                         u_uart.state[1] (net)
                      0.073673    0.000000    0.408558 v _085_/B (sky130_fd_sc_hd__or3_2)
     5    0.013285    0.114206    0.509008    0.917566 v _085_/X (sky130_fd_sc_hd__or3_2)
                                                         _044_ (net)
                      0.114206    0.000000    0.917566 v _103_/D (sky130_fd_sc_hd__and4b_2)
     7    0.023568    0.090591    0.324638    1.242204 v _103_/X (sky130_fd_sc_hd__and4b_2)
                                                         _057_ (net)
                      0.090591    0.000000    1.242204 v _116_/C (sky130_fd_sc_hd__and4_2)
     6    0.019616    0.078253    0.287094    1.529298 v _116_/X (sky130_fd_sc_hd__and4_2)
                                                         _065_ (net)
                      0.078253    0.000000    1.529298 v _118_/B (sky130_fd_sc_hd__nor2_2)
     1    0.001614    0.053253    0.072878    1.602176 ^ _118_/Y (sky130_fd_sc_hd__nor2_2)
                                                         _066_ (net)
                      0.053253    0.000000    1.602176 ^ _120_/A_N (sky130_fd_sc_hd__and2b_2)
     1    0.001949    0.033672    0.200624    1.802800 v _120_/X (sky130_fd_sc_hd__and2b_2)
                                                         _015_ (net)
                      0.033672    0.000000    1.802800 v _145_/D (sky130_fd_sc_hd__dfrtp_2)
                                              1.802800   data arrival time

                      0.000000   20.000000   20.000000   clock clk (rise edge)
                                  0.000000   20.000000   clock network delay (ideal)
                                 -0.200000   19.800001   clock uncertainty
                                  0.000000   19.800001   clock reconvergence pessimism
                                             19.800001 ^ _145_/CLK (sky130_fd_sc_hd__dfrtp_2)
                                 -0.120920   19.679081   library setup time
                                             19.679081   data required time
---------------------------------------------------------------------------------------------
                                             19.679081   data required time
                                             -1.802800   data arrival time
---------------------------------------------------------------------------------------------
                                             17.876280   slack (MET)


Startpoint: _154_ (rising edge-triggered flip-flop clocked by clk)
Endpoint: _147_ (rising edge-triggered flip-flop clocked by clk)
Path Group: clk
Path Type: max

Fanout         Cap        Slew       Delay        Time   Description
---------------------------------------------------------------------------------------------
                      0.000000    0.000000    0.000000   clock clk (rise edge)
                                  0.000000    0.000000   clock network delay (ideal)
                      0.000000    0.000000    0.000000 ^ _154_/CLK (sky130_fd_sc_hd__dfrtp_2)
     5    0.015811    0.073673    0.408558    0.408558 v _154_/Q (sky130_fd_sc_hd__dfrtp_2)
                                                         u_uart.state[1] (net)
                      0.073673    0.000000    0.408558 v _085_/B (sky130_fd_sc_hd__or3_2)
     5    0.013285    0.114206    0.509008    0.917566 v _085_/X (sky130_fd_sc_hd__or3_2)
                                                         _044_ (net)
                      0.114206    0.000000    0.917566 v _103_/D (sky130_fd_sc_hd__and4b_2)
     7    0.023568    0.090591    0.324638    1.242204 v _103_/X (sky130_fd_sc_hd__and4b_2)
                                                         _057_ (net)
                      0.090591    0.000000    1.242204 v _116_/C (sky130_fd_sc_hd__and4_2)
     6    0.019616    0.078253    0.287094    1.529298 v _116_/X (sky130_fd_sc_hd__and4_2)
                                                         _065_ (net)
                      0.078253    0.000000    1.529298 v _124_/D (sky130_fd_sc_hd__and4_2)
     2    0.006344    0.050010    0.253339    1.782638 v _124_/X (sky130_fd_sc_hd__and4_2)
                                                         _027_ (net)
                      0.050010    0.000000    1.782638 v _125_/B (sky130_fd_sc_hd__nor2_2)
     1    0.002005    0.054694    0.064829    1.847467 ^ _125_/Y (sky130_fd_sc_hd__nor2_2)
                                                         _017_ (net)
                      0.054694    0.000000    1.847467 ^ _147_/D (sky130_fd_sc_hd__dfrtp_2)
                                              1.847467   data arrival time

                      0.000000   20.000000   20.000000   clock clk (rise edge)
                                  0.000000   20.000000   clock network delay (ideal)
                                 -0.200000   19.800001   clock uncertainty
                                  0.000000   19.800001   clock reconvergence pessimism
                                             19.800001 ^ _147_/CLK (sky130_fd_sc_hd__dfrtp_2)
                                 -0.072645   19.727356   library setup time
                                             19.727356   data required time
---------------------------------------------------------------------------------------------
                                             19.727356   data required time
                                             -1.847467   data arrival time
---------------------------------------------------------------------------------------------
                                             17.879890   slack (MET)


Startpoint: _154_ (rising edge-triggered flip-flop clocked by clk)
Endpoint: _144_ (rising edge-triggered flip-flop clocked by clk)
Path Group: clk
Path Type: max

Fanout         Cap        Slew       Delay        Time   Description
---------------------------------------------------------------------------------------------
                      0.000000    0.000000    0.000000   clock clk (rise edge)
                                  0.000000    0.000000   clock network delay (ideal)
                      0.000000    0.000000    0.000000 ^ _154_/CLK (sky130_fd_sc_hd__dfrtp_2)
     5    0.015811    0.073673    0.408558    0.408558 v _154_/Q (sky130_fd_sc_hd__dfrtp_2)
                                                         u_uart.state[1] (net)
                      0.073673    0.000000    0.408558 v _085_/B (sky130_fd_sc_hd__or3_2)
     5    0.013285    0.114206    0.509008    0.917566 v _085_/X (sky130_fd_sc_hd__or3_2)
                                                         _044_ (net)
                      0.114206    0.000000    0.917566 v _103_/D (sky130_fd_sc_hd__and4b_2)
     7    0.023568    0.090591    0.324638    1.242204 v _103_/X (sky130_fd_sc_hd__and4b_2)
                                                         _057_ (net)
                      0.090591    0.000000    1.242204 v _110_/D (sky130_fd_sc_hd__and4_2)
     3    0.016722    0.072439    0.290696    1.532901 v _110_/X (sky130_fd_sc_hd__and4_2)
                                                         _061_ (net)
                      0.072439    0.000000    1.532901 v _114_/A2 (sky130_fd_sc_hd__a21oi_2)
     1    0.004611    0.100090    0.146506    1.679407 ^ _114_/Y (sky130_fd_sc_hd__a21oi_2)
                                                         _063_ (net)
                      0.100090    0.000000    1.679407 ^ _117_/A (sky130_fd_sc_hd__nor2_2)
     1    0.001949    0.030344    0.044518    1.723924 v _117_/Y (sky130_fd_sc_hd__nor2_2)
                                                         _014_ (net)
                      0.030344    0.000000    1.723924 v _144_/D (sky130_fd_sc_hd__dfrtp_2)
                                              1.723924   data arrival time

                      0.000000   20.000000   20.000000   clock clk (rise edge)
                                  0.000000   20.000000   clock network delay (ideal)
                                 -0.200000   19.800001   clock uncertainty
                                  0.000000   19.800001   clock reconvergence pessimism
                                             19.800001 ^ _144_/CLK (sky130_fd_sc_hd__dfrtp_2)
                                 -0.119455   19.680546   library setup time
                                             19.680546   data required time
---------------------------------------------------------------------------------------------
                                             19.680546   data required time
                                             -1.723924   data arrival time
---------------------------------------------------------------------------------------------
                                             17.956621   slack (MET)


Startpoint: _154_ (rising edge-triggered flip-flop clocked by clk)
Endpoint: _146_ (rising edge-triggered flip-flop clocked by clk)
Path Group: clk
Path Type: max

Fanout         Cap        Slew       Delay        Time   Description
---------------------------------------------------------------------------------------------
                      0.000000    0.000000    0.000000   clock clk (rise edge)
                                  0.000000    0.000000   clock network delay (ideal)
                      0.000000    0.000000    0.000000 ^ _154_/CLK (sky130_fd_sc_hd__dfrtp_2)
     5    0.015811    0.073673    0.408558    0.408558 v _154_/Q (sky130_fd_sc_hd__dfrtp_2)
                                                         u_uart.state[1] (net)
                      0.073673    0.000000    0.408558 v _085_/B (sky130_fd_sc_hd__or3_2)
     5    0.013285    0.114206    0.509008    0.917566 v _085_/X (sky130_fd_sc_hd__or3_2)
                                                         _044_ (net)
                      0.114206    0.000000    0.917566 v _103_/D (sky130_fd_sc_hd__and4b_2)
     7    0.023568    0.090591    0.324638    1.242204 v _103_/X (sky130_fd_sc_hd__and4b_2)
                                                         _057_ (net)
                      0.090591    0.000000    1.242204 v _116_/C (sky130_fd_sc_hd__and4_2)
     6    0.019616    0.078253    0.287094    1.529298 v _116_/X (sky130_fd_sc_hd__and4_2)
                                                         _065_ (net)
                      0.078253    0.000000    1.529298 v _119_/B (sky130_fd_sc_hd__nand2_2)
     2    0.010131    0.073582    0.097757    1.627055 ^ _119_/Y (sky130_fd_sc_hd__nand2_2)
                                                         _024_ (net)
                      0.073582    0.000000    1.627055 ^ _121_/B (sky130_fd_sc_hd__xnor2_2)
     1    0.002005    0.091315    0.097555    1.724610 ^ _121_/Y (sky130_fd_sc_hd__xnor2_2)
                                                         _016_ (net)
                      0.091315    0.000000    1.724610 ^ _146_/D (sky130_fd_sc_hd__dfrtp_2)
                                              1.724610   data arrival time

                      0.000000   20.000000   20.000000   clock clk (rise edge)
                                  0.000000   20.000000   clock network delay (ideal)
                                 -0.200000   19.800001   clock uncertainty
                                  0.000000   19.800001   clock reconvergence pessimism
                                             19.800001 ^ _146_/CLK (sky130_fd_sc_hd__dfrtp_2)
                                 -0.081284   19.718716   library setup time
                                             19.718716   data required time
---------------------------------------------------------------------------------------------
                                             19.718716   data required time
                                             -1.724610   data arrival time
---------------------------------------------------------------------------------------------
                                             17.994106   slack (MET)


Startpoint: _154_ (rising edge-triggered flip-flop clocked by clk)
Endpoint: _143_ (rising edge-triggered flip-flop clocked by clk)
Path Group: clk
Path Type: max

Fanout         Cap        Slew       Delay        Time   Description
---------------------------------------------------------------------------------------------
                      0.000000    0.000000    0.000000   clock clk (rise edge)
                                  0.000000    0.000000   clock network delay (ideal)
                      0.000000    0.000000    0.000000 ^ _154_/CLK (sky130_fd_sc_hd__dfrtp_2)
     5    0.015811    0.073673    0.408558    0.408558 v _154_/Q (sky130_fd_sc_hd__dfrtp_2)
                                                         u_uart.state[1] (net)
                      0.073673    0.000000    0.408558 v _085_/B (sky130_fd_sc_hd__or3_2)
     5    0.013285    0.114206    0.509008    0.917566 v _085_/X (sky130_fd_sc_hd__or3_2)
                                                         _044_ (net)
                      0.114206    0.000000    0.917566 v _103_/D (sky130_fd_sc_hd__and4b_2)
     7    0.023568    0.090591    0.324638    1.242204 v _103_/X (sky130_fd_sc_hd__and4b_2)
                                                         _057_ (net)
                      0.090591    0.000000    1.242204 v _110_/D (sky130_fd_sc_hd__and4_2)
     3    0.016722    0.072439    0.290696    1.532901 v _110_/X (sky130_fd_sc_hd__and4_2)
                                                         _061_ (net)
                      0.072439    0.000000    1.532901 v _113_/B (sky130_fd_sc_hd__xor2_2)
     1    0.001949    0.045281    0.140319    1.673219 v _113_/X (sky130_fd_sc_hd__xor2_2)
                                                         _013_ (net)
                      0.045281    0.000000    1.673219 v _143_/D (sky130_fd_sc_hd__dfrtp_2)
                                              1.673219   data arrival time

                      0.000000   20.000000   20.000000   clock clk (rise edge)
                                  0.000000   20.000000   clock network delay (ideal)
                                 -0.200000   19.800001   clock uncertainty
                                  0.000000   19.800001   clock reconvergence pessimism
                                             19.800001 ^ _143_/CLK (sky130_fd_sc_hd__dfrtp_2)
                                 -0.126027   19.673973   library setup time
                                             19.673973   data required time
---------------------------------------------------------------------------------------------
                                             19.673973   data required time
                                             -1.673219   data arrival time
---------------------------------------------------------------------------------------------
                                             18.000753   slack (MET)


Startpoint: _154_ (rising edge-triggered flip-flop clocked by clk)
Endpoint: _137_ (rising edge-triggered flip-flop clocked by clk)
Path Group: clk
Path Type: max

Fanout         Cap        Slew       Delay        Time   Description
---------------------------------------------------------------------------------------------
                      0.000000    0.000000    0.000000   clock clk (rise edge)
                                  0.000000    0.000000   clock network delay (ideal)
                      0.000000    0.000000    0.000000 ^ _154_/CLK (sky130_fd_sc_hd__dfrtp_2)
     5    0.015811    0.073673    0.408558    0.408558 v _154_/Q (sky130_fd_sc_hd__dfrtp_2)
                                                         u_uart.state[1] (net)
                      0.073673    0.000000    0.408558 v _085_/B (sky130_fd_sc_hd__or3_2)
     5    0.013285    0.114206    0.509008    0.917566 v _085_/X (sky130_fd_sc_hd__or3_2)
                                                         _044_ (net)
                      0.114206    0.000000    0.917566 v _086_/C (sky130_fd_sc_hd__and3_2)
     4    0.011181    0.059566    0.262888    1.180454 v _086_/X (sky130_fd_sc_hd__and3_2)
                                                         _045_ (net)
                      0.059566    0.000000    1.180454 v _095_/C (sky130_fd_sc_hd__and3_2)
     1    0.002197    0.036059    0.204481    1.384936 v _095_/X (sky130_fd_sc_hd__and3_2)
                                                         _052_ (net)
                      0.036059    0.000000    1.384936 v _098_/A2 (sky130_fd_sc_hd__o22a_2)
     1    0.001949    0.033509    0.204419    1.589355 v _098_/X (sky130_fd_sc_hd__o22a_2)
                                                         _007_ (net)
                      0.033509    0.000000    1.589355 v _137_/D (sky130_fd_sc_hd__dfrtp_2)
                                              1.589355   data arrival time

                      0.000000   20.000000   20.000000   clock clk (rise edge)
                                  0.000000   20.000000   clock network delay (ideal)
                                 -0.200000   19.800001   clock uncertainty
                                  0.000000   19.800001   clock reconvergence pessimism
                                             19.800001 ^ _137_/CLK (sky130_fd_sc_hd__dfrtp_2)
                                 -0.120848   19.679153   library setup time
                                             19.679153   data required time
---------------------------------------------------------------------------------------------
                                             19.679153   data required time
                                             -1.589355   data arrival time
---------------------------------------------------------------------------------------------
                                             18.089798   slack (MET)


Startpoint: _154_ (rising edge-triggered flip-flop clocked by clk)
Endpoint: _140_ (rising edge-triggered flip-flop clocked by clk)
Path Group: clk
Path Type: max

Fanout         Cap        Slew       Delay        Time   Description
---------------------------------------------------------------------------------------------
                      0.000000    0.000000    0.000000   clock clk (rise edge)
                                  0.000000    0.000000   clock network delay (ideal)
                      0.000000    0.000000    0.000000 ^ _154_/CLK (sky130_fd_sc_hd__dfrtp_2)
     5    0.015811    0.073673    0.408558    0.408558 v _154_/Q (sky130_fd_sc_hd__dfrtp_2)
                                                         u_uart.state[1] (net)
                      0.073673    0.000000    0.408558 v _085_/B (sky130_fd_sc_hd__or3_2)
     5    0.013285    0.114206    0.509008    0.917566 v _085_/X (sky130_fd_sc_hd__or3_2)
                                                         _044_ (net)
                      0.114206    0.000000    0.917566 v _103_/D (sky130_fd_sc_hd__and4b_2)
     7    0.023568    0.090591    0.324638    1.242204 v _103_/X (sky130_fd_sc_hd__and4b_2)
                                                         _057_ (net)
                      0.090591    0.000000    1.242204 v _105_/B (sky130_fd_sc_hd__xor2_2)
     1    0.001949    0.050592    0.147511    1.389716 v _105_/X (sky130_fd_sc_hd__xor2_2)
                                                         _010_ (net)
                      0.050592    0.000000    1.389716 v _140_/D (sky130_fd_sc_hd__dfrtp_2)
                                              1.389716   data arrival time

                      0.000000   20.000000   20.000000   clock clk (rise edge)
                                  0.000000   20.000000   clock network delay (ideal)
                                 -0.200000   19.800001   clock uncertainty
                                  0.000000   19.800001   clock reconvergence pessimism
                                             19.800001 ^ _140_/CLK (sky130_fd_sc_hd__dfrtp_2)
                                 -0.128363   19.671637   library setup time
                                             19.671637   data required time
---------------------------------------------------------------------------------------------
                                             19.671637   data required time
                                             -1.389716   data arrival time
---------------------------------------------------------------------------------------------
                                             18.281921   slack (MET)


Startpoint: _154_ (rising edge-triggered flip-flop clocked by clk)
Endpoint: _136_ (rising edge-triggered flip-flop clocked by clk)
Path Group: clk
Path Type: max

Fanout         Cap        Slew       Delay        Time   Description
---------------------------------------------------------------------------------------------
                      0.000000    0.000000    0.000000   clock clk (rise edge)
                                  0.000000    0.000000   clock network delay (ideal)
                      0.000000    0.000000    0.000000 ^ _154_/CLK (sky130_fd_sc_hd__dfrtp_2)
     5    0.015811    0.073673    0.408558    0.408558 v _154_/Q (sky130_fd_sc_hd__dfrtp_2)
                                                         u_uart.state[1] (net)
                      0.073673    0.000000    0.408558 v _085_/B (sky130_fd_sc_hd__or3_2)
     5    0.013285    0.114206    0.509008    0.917566 v _085_/X (sky130_fd_sc_hd__or3_2)
                                                         _044_ (net)
                      0.114206    0.000000    0.917566 v _086_/C (sky130_fd_sc_hd__and3_2)
     4    0.011181    0.059566    0.262888    1.180454 v _086_/X (sky130_fd_sc_hd__and3_2)
                                                         _045_ (net)
                      0.059566    0.000000    1.180454 v _089_/B (sky130_fd_sc_hd__nand2_2)
     5    0.019140    0.116139    0.120451    1.300906 ^ _089_/Y (sky130_fd_sc_hd__nand2_2)
                                                         _047_ (net)
                      0.116139    0.000000    1.300906 ^ _096_/B (sky130_fd_sc_hd__xnor2_2)
     1    0.002005    0.091316    0.109511    1.410416 ^ _096_/Y (sky130_fd_sc_hd__xnor2_2)
                                                         _006_ (net)
                      0.091316    0.000000    1.410416 ^ _136_/D (sky130_fd_sc_hd__dfrtp_2)
                                              1.410416   data arrival time

                      0.000000   20.000000   20.000000   clock clk (rise edge)
                                  0.000000   20.000000   clock network delay (ideal)
                                 -0.200000   19.800001   clock uncertainty
                                  0.000000   19.800001   clock reconvergence pessimism
                                             19.800001 ^ _136_/CLK (sky130_fd_sc_hd__dfrtp_2)
                                 -0.081284   19.718716   library setup time
                                             19.718716   data required time
---------------------------------------------------------------------------------------------
                                             19.718716   data required time
                                             -1.410416   data arrival time
---------------------------------------------------------------------------------------------
                                             18.308300   slack (MET)


Startpoint: _154_ (rising edge-triggered flip-flop clocked by clk)
Endpoint: _134_ (rising edge-triggered flip-flop clocked by clk)
Path Group: clk
Path Type: max

Fanout         Cap        Slew       Delay        Time   Description
---------------------------------------------------------------------------------------------
                      0.000000    0.000000    0.000000   clock clk (rise edge)
                                  0.000000    0.000000   clock network delay (ideal)
                      0.000000    0.000000    0.000000 ^ _154_/CLK (sky130_fd_sc_hd__dfrtp_2)
     5    0.015811    0.073673    0.408558    0.408558 v _154_/Q (sky130_fd_sc_hd__dfrtp_2)
                                                         u_uart.state[1] (net)
                      0.073673    0.000000    0.408558 v _085_/B (sky130_fd_sc_hd__or3_2)
     5    0.013285    0.114206    0.509008    0.917566 v _085_/X (sky130_fd_sc_hd__or3_2)
                                                         _044_ (net)
                      0.114206    0.000000    0.917566 v _086_/C (sky130_fd_sc_hd__and3_2)
     4    0.011181    0.059566    0.262888    1.180454 v _086_/X (sky130_fd_sc_hd__and3_2)
                                                         _045_ (net)
                      0.059566    0.000000    1.180454 v _088_/A (sky130_fd_sc_hd__nor2_2)
     1    0.002005    0.054396    0.091655    1.272110 ^ _088_/Y (sky130_fd_sc_hd__nor2_2)
                                                         _004_ (net)
                      0.054396    0.000000    1.272110 ^ _134_/D (sky130_fd_sc_hd__dfrtp_2)
                                              1.272110   data arrival time

                      0.000000   20.000000   20.000000   clock clk (rise edge)
                                  0.000000   20.000000   clock network delay (ideal)
                                 -0.200000   19.800001   clock uncertainty
                                  0.000000   19.800001   clock reconvergence pessimism
                                             19.800001 ^ _134_/CLK (sky130_fd_sc_hd__dfrtp_2)
                                 -0.072574   19.727427   library setup time
                                             19.727427   data required time
---------------------------------------------------------------------------------------------
                                             19.727427   data required time
                                             -1.272110   data arrival time
---------------------------------------------------------------------------------------------
                                             18.455317   slack (MET)


Startpoint: _156_ (rising edge-triggered flip-flop clocked by clk)
Endpoint: _157_ (rising edge-triggered flip-flop clocked by clk)
Path Group: clk
Path Type: max

Fanout         Cap        Slew       Delay        Time   Description
---------------------------------------------------------------------------------------------
                      0.000000    0.000000    0.000000   clock clk (rise edge)
                                  0.000000    0.000000   clock network delay (ideal)
                      0.000000    0.000000    0.000000 ^ _156_/CLK (sky130_fd_sc_hd__dfrtp_2)
     3    0.005008    0.046190    0.372441    0.372441 v _156_/Q (sky130_fd_sc_hd__dfrtp_2)
                                                         u_uart.state[3] (net)
                      0.046190    0.000000    0.372441 v _083_/A (sky130_fd_sc_hd__or2_2)
     2    0.003716    0.058549    0.292717    0.665157 v _083_/X (sky130_fd_sc_hd__or2_2)
                                                         _023_ (net)
                      0.058549    0.000000    0.665157 v _157_/D (sky130_fd_sc_hd__dfstp_2)
                                              0.665157   data arrival time

                      0.000000   20.000000   20.000000   clock clk (rise edge)
                                  0.000000   20.000000   clock network delay (ideal)
                                 -0.200000   19.800001   clock uncertainty
                                  0.000000   19.800001   clock reconvergence pessimism
                                             19.800001 ^ _157_/CLK (sky130_fd_sc_hd__dfstp_2)
                                 -0.086568   19.713432   library setup time
                                             19.713432   data required time
---------------------------------------------------------------------------------------------
                                             19.713432   data required time
                                             -0.665157   data arrival time
---------------------------------------------------------------------------------------------
                                             19.048275   slack (MET)



