
===========================================================================
report_checks -path_delay min (Hold)
============================================================================
======================= nom_tt_025C_1v80 Corner ===================================

Startpoint: _152_ (rising edge-triggered flip-flop clocked by clk)
Endpoint: _152_ (rising edge-triggered flip-flop clocked by clk)
Path Group: clk
Path Type: min

Fanout         Cap        Slew       Delay        Time   Description
---------------------------------------------------------------------------------------------
                      0.000000    0.000000    0.000000   clock clk (rise edge)
                                  0.000000    0.000000   clock network delay (ideal)
                      0.000000    0.000000    0.000000 ^ _152_/CLK (sky130_fd_sc_hd__dfrtp_2)
     2    0.007290    0.059345    0.336040    0.336040 ^ _152_/Q (sky130_fd_sc_hd__dfrtp_2)
                                                         u_uart.bit_idx[2] (net)
                      0.059345    0.000000    0.336040 ^ _133_/B1 (sky130_fd_sc_hd__a21o_2)
     1    0.002005    0.023390    0.080646    0.416687 ^ _133_/X (sky130_fd_sc_hd__a21o_2)
                                                         _022_ (net)
                      0.023390    0.000000    0.416687 ^ _152_/D (sky130_fd_sc_hd__dfrtp_2)
                                              0.416687   data arrival time

                      0.000000    0.000000    0.000000   clock clk (rise edge)
                                  0.000000    0.000000   clock network delay (ideal)
                                  0.200000    0.200000   clock uncertainty
                                  0.000000    0.200000   clock reconvergence pessimism
                                              0.200000 ^ _152_/CLK (sky130_fd_sc_hd__dfrtp_2)
                                 -0.036326    0.163674   library hold time
                                              0.163674   data required time
---------------------------------------------------------------------------------------------
                                              0.163674   data required time
                                             -0.416687   data arrival time
---------------------------------------------------------------------------------------------
                                              0.253012   slack (MET)


Startpoint: _149_ (rising edge-triggered flip-flop clocked by clk)
Endpoint: _149_ (rising edge-triggered flip-flop clocked by clk)
Path Group: clk
Path Type: min

Fanout         Cap        Slew       Delay        Time   Description
---------------------------------------------------------------------------------------------
                      0.000000    0.000000    0.000000   clock clk (rise edge)
                                  0.000000    0.000000   clock network delay (ideal)
                      0.000000    0.000000    0.000000 ^ _149_/CLK (sky130_fd_sc_hd__dfrtp_2)
     2    0.010983    0.075125    0.351950    0.351950 ^ _149_/Q (sky130_fd_sc_hd__dfrtp_2)
                                                         u_uart.clk_cnt[15] (net)
                      0.075125    0.000000    0.351950 ^ _128_/A (sky130_fd_sc_hd__xor2_2)
     1    0.001949    0.027956    0.061189    0.413138 v _128_/X (sky130_fd_sc_hd__xor2_2)
                                                         _019_ (net)
                      0.027956    0.000000    0.413138 v _149_/D (sky130_fd_sc_hd__dfrtp_2)
                                              0.413138   data arrival time

                      0.000000    0.000000    0.000000   clock clk (rise edge)
                                  0.000000    0.000000   clock network delay (ideal)
                                  0.200000    0.200000   clock uncertainty
                                  0.000000    0.200000   clock reconvergence pessimism
                                              0.200000 ^ _149_/CLK (sky130_fd_sc_hd__dfrtp_2)
                                 -0.045435    0.154565   library hold time
                                              0.154565   data required time
---------------------------------------------------------------------------------------------
                                              0.154565   data required time
                                             -0.413138   data arrival time
---------------------------------------------------------------------------------------------
                                              0.258574   slack (MET)


Startpoint: _156_ (rising edge-triggered flip-flop clocked by clk)
Endpoint: _157_ (rising edge-triggered flip-flop clocked by clk)
Path Group: clk
Path Type: min

Fanout         Cap        Slew       Delay        Time   Description
---------------------------------------------------------------------------------------------
                      0.000000    0.000000    0.000000   clock clk (rise edge)
                                  0.000000    0.000000   clock network delay (ideal)
                      0.000000    0.000000    0.000000 ^ _156_/CLK (sky130_fd_sc_hd__dfrtp_2)
     3    0.005520    0.051782    0.328415    0.328415 ^ _156_/Q (sky130_fd_sc_hd__dfrtp_2)
                                                         u_uart.state[3] (net)
                      0.051782    0.000000    0.328415 ^ _083_/A (sky130_fd_sc_hd__or2_2)
     2    0.004099    0.035782    0.103647    0.432062 ^ _083_/X (sky130_fd_sc_hd__or2_2)
                                                         _023_ (net)
                      0.035782    0.000000    0.432062 ^ _157_/D (sky130_fd_sc_hd__dfstp_2)
                                              0.432062   data arrival time

                      0.000000    0.000000    0.000000   clock clk (rise edge)
                                  0.000000    0.000000   clock network delay (ideal)
                                  0.200000    0.200000   clock uncertainty
                                  0.000000    0.200000   clock reconvergence pessimism
                                              0.200000 ^ _157_/CLK (sky130_fd_sc_hd__dfstp_2)
                                 -0.036106    0.163894   library hold time
                                              0.163894   data required time
---------------------------------------------------------------------------------------------
                                              0.163894   data required time
                                             -0.432062   data arrival time
---------------------------------------------------------------------------------------------
                                              0.268168   slack (MET)


Startpoint: _156_ (rising edge-triggered flip-flop clocked by clk)
Endpoint: _156_ (rising edge-triggered flip-flop clocked by clk)
Path Group: clk
Path Type: min

Fanout         Cap        Slew       Delay        Time   Description
---------------------------------------------------------------------------------------------
                      0.000000    0.000000    0.000000   clock clk (rise edge)
                                  0.000000    0.000000   clock network delay (ideal)
                      0.000000    0.000000    0.000000 ^ _156_/CLK (sky130_fd_sc_hd__dfrtp_2)
     3    0.005520    0.051782    0.328415    0.328415 ^ _156_/Q (sky130_fd_sc_hd__dfrtp_2)
                                                         u_uart.state[3] (net)
                      0.051782    0.000000    0.328415 ^ _080_/A1 (sky130_fd_sc_hd__a21bo_2)
     1    0.002005    0.027285    0.108950    0.437365 ^ _080_/X (sky130_fd_sc_hd__a21bo_2)
                                                         _003_ (net)
                      0.027285    0.000000    0.437365 ^ _156_/D (sky130_fd_sc_hd__dfrtp_2)
                                              0.437365   data arrival time

                      0.000000    0.000000    0.000000   clock clk (rise edge)
                                  0.000000    0.000000   clock network delay (ideal)
                                  0.200000    0.200000   clock uncertainty
                                  0.000000    0.200000   clock reconvergence pessimism
                                              0.200000 ^ _156_/CLK (sky130_fd_sc_hd__dfrtp_2)
                                 -0.037137    0.162863   library hold time
                                              0.162863   data required time
---------------------------------------------------------------------------------------------
                                              0.162863   data required time
                                             -0.437365   data arrival time
---------------------------------------------------------------------------------------------
                                              0.274502   slack (MET)


Startpoint: _134_ (rising edge-triggered flip-flop clocked by clk)
Endpoint: _134_ (rising edge-triggered flip-flop clocked by clk)
Path Group: clk
Path Type: min

Fanout         Cap        Slew       Delay        Time   Description
---------------------------------------------------------------------------------------------
                      0.000000    0.000000    0.000000   clock clk (rise edge)
                                  0.000000    0.000000   clock network delay (ideal)
                      0.000000    0.000000    0.000000 ^ _134_/CLK (sky130_fd_sc_hd__dfrtp_2)
     4    0.009289    0.067887    0.344652    0.344652 ^ _134_/Q (sky130_fd_sc_hd__dfrtp_2)
                                                         u_uart.clk_cnt[0] (net)
                      0.067887    0.000000    0.344652 ^ _087_/B1 (sky130_fd_sc_hd__a21oi_2)
     1    0.004136    0.027881    0.036371    0.381023 v _087_/Y (sky130_fd_sc_hd__a21oi_2)
                                                         _046_ (net)
                      0.027881    0.000000    0.381023 v _088_/B (sky130_fd_sc_hd__nor2_2)
     1    0.002005    0.053519    0.056627    0.437650 ^ _088_/Y (sky130_fd_sc_hd__nor2_2)
                                                         _004_ (net)
                      0.053519    0.000000    0.437650 ^ _134_/D (sky130_fd_sc_hd__dfrtp_2)
                                              0.437650   data arrival time

                      0.000000    0.000000    0.000000   clock clk (rise edge)
                                  0.000000    0.000000   clock network delay (ideal)
                                  0.200000    0.200000   clock uncertainty
                                  0.000000    0.200000   clock reconvergence pessimism
                                              0.200000 ^ _134_/CLK (sky130_fd_sc_hd__dfrtp_2)
                                 -0.042600    0.157400   library hold time
                                              0.157400   data required time
---------------------------------------------------------------------------------------------
                                              0.157400   data required time
                                             -0.437650   data arrival time
---------------------------------------------------------------------------------------------
                                              0.280251   slack (MET)


Startpoint: _153_ (rising edge-triggered flip-flop clocked by clk)
Endpoint: _153_ (rising edge-triggered flip-flop clocked by clk)
Path Group: clk
Path Type: min

Fanout         Cap        Slew       Delay        Time   Description
---------------------------------------------------------------------------------------------
                      0.000000    0.000000    0.000000   clock clk (rise edge)
                                  0.000000    0.000000   clock network delay (ideal)
                      0.000000    0.000000    0.000000 ^ _153_/CLK (sky130_fd_sc_hd__dfstp_2)
     3    0.009787    0.036676    0.354159    0.354159 v _153_/Q (sky130_fd_sc_hd__dfstp_2)
                                                         u_uart.state[0] (net)
                      0.036676    0.000000    0.354159 v _071_/A (sky130_fd_sc_hd__inv_2)
     4    0.012340    0.063118    0.067413    0.421571 ^ _071_/Y (sky130_fd_sc_hd__inv_2)
                                                         _035_ (net)
                      0.063118    0.000000    0.421571 ^ _084_/A1 (sky130_fd_sc_hd__a21boi_2)
     1    0.002233    0.031029    0.045130    0.466701 v _084_/Y (sky130_fd_sc_hd__a21boi_2)
                                                         _001_ (net)
                      0.031029    0.000000    0.466701 v _153_/D (sky130_fd_sc_hd__dfstp_2)
                                              0.466701   data arrival time

                      0.000000    0.000000    0.000000   clock clk (rise edge)
                                  0.000000    0.000000   clock network delay (ideal)
                                  0.200000    0.200000   clock uncertainty
                                  0.000000    0.200000   clock reconvergence pessimism
                                              0.200000 ^ _153_/CLK (sky130_fd_sc_hd__dfstp_2)
                                 -0.014022    0.185978   library hold time
                                              0.185978   data required time
---------------------------------------------------------------------------------------------
                                              0.185978   data required time
                                             -0.466701   data arrival time
---------------------------------------------------------------------------------------------
                                              0.280724   slack (MET)


Startpoint: _151_ (rising edge-triggered flip-flop clocked by clk)
Endpoint: _151_ (rising edge-triggered flip-flop clocked by clk)
Path Group: clk
Path Type: min

Fanout         Cap        Slew       Delay        Time   Description
---------------------------------------------------------------------------------------------
                      0.000000    0.000000    0.000000   clock clk (rise edge)
                                  0.000000    0.000000   clock network delay (ideal)
                      0.000000    0.000000    0.000000 ^ _151_/CLK (sky130_fd_sc_hd__dfrtp_2)
     3    0.016245    0.097753    0.371511    0.371511 ^ _151_/Q (sky130_fd_sc_hd__dfrtp_2)
                                                         u_uart.bit_idx[1] (net)
                      0.097753    0.000000    0.371511 ^ _132_/A (sky130_fd_sc_hd__xor2_2)
     1    0.001949    0.028000    0.067164    0.438675 v _132_/X (sky130_fd_sc_hd__xor2_2)
                                                         _021_ (net)
                      0.028000    0.000000    0.438675 v _151_/D (sky130_fd_sc_hd__dfrtp_2)
                                              0.438675   data arrival time

                      0.000000    0.000000    0.000000   clock clk (rise edge)
                                  0.000000    0.000000   clock network delay (ideal)
                                  0.200000    0.200000   clock uncertainty
                                  0.000000    0.200000   clock reconvergence pessimism
                                              0.200000 ^ _151_/CLK (sky130_fd_sc_hd__dfrtp_2)
                                 -0.045453    0.154547   library hold time
                                              0.154547   data required time
---------------------------------------------------------------------------------------------
                                              0.154547   data required time
                                             -0.438675   data arrival time
---------------------------------------------------------------------------------------------
                                              0.284129   slack (MET)


Startpoint: _136_ (rising edge-triggered flip-flop clocked by clk)
Endpoint: _136_ (rising edge-triggered flip-flop clocked by clk)
Path Group: clk
Path Type: min

Fanout         Cap        Slew       Delay        Time   Description
---------------------------------------------------------------------------------------------
                      0.000000    0.000000    0.000000   clock clk (rise edge)
                                  0.000000    0.000000   clock network delay (ideal)
                      0.000000    0.000000    0.000000 ^ _136_/CLK (sky130_fd_sc_hd__dfrtp_2)
     4    0.016753    0.099944    0.373255    0.373255 ^ _136_/Q (sky130_fd_sc_hd__dfrtp_2)
                                                         u_uart.clk_cnt[2] (net)
                      0.099944    0.000000    0.373255 ^ _096_/A (sky130_fd_sc_hd__xnor2_2)
     1    0.001949    0.029947    0.068169    0.441424 v _096_/Y (sky130_fd_sc_hd__xnor2_2)
                                                         _006_ (net)
                      0.029947    0.000000    0.441424 v _136_/D (sky130_fd_sc_hd__dfrtp_2)
                                              0.441424   data arrival time

                      0.000000    0.000000    0.000000   clock clk (rise edge)
                                  0.000000    0.000000   clock network delay (ideal)
                                  0.200000    0.200000   clock uncertainty
                                  0.000000    0.200000   clock reconvergence pessimism
                                              0.200000 ^ _136_/CLK (sky130_fd_sc_hd__dfrtp_2)
                                 -0.046246    0.153754   library hold time
                                              0.153754   data required time
---------------------------------------------------------------------------------------------
                                              0.153754   data required time
                                             -0.441424   data arrival time
---------------------------------------------------------------------------------------------
                                              0.287670   slack (MET)


Startpoint: _143_ (rising edge-triggered flip-flop clocked by clk)
Endpoint: _143_ (rising edge-triggered flip-flop clocked by clk)
Path Group: clk
Path Type: min

Fanout         Cap        Slew       Delay        Time   Description
---------------------------------------------------------------------------------------------
                      0.000000    0.000000    0.000000   clock clk (rise edge)
                                  0.000000    0.000000   clock network delay (ideal)
                      0.000000    0.000000    0.000000 ^ _143_/CLK (sky130_fd_sc_hd__dfrtp_2)
     4    0.017033    0.101152    0.374216    0.374216 ^ _143_/Q (sky130_fd_sc_hd__dfrtp_2)
                                                         u_uart.clk_cnt[9] (net)
                      0.101152    0.000000    0.374216 ^ _113_/A (sky130_fd_sc_hd__xor2_2)
     1    0.001949    0.028005    0.068062    0.442278 v _113_/X (sky130_fd_sc_hd__xor2_2)
                                                         _013_ (net)
                      0.028005    0.000000    0.442278 v _143_/D (sky130_fd_sc_hd__dfrtp_2)
                                              0.442278   data arrival time

                      0.000000    0.000000    0.000000   clock clk (rise edge)
                                  0.000000    0.000000   clock network delay (ideal)
                                  0.200000    0.200000   clock uncertainty
                                  0.000000    0.200000   clock reconvergence pessimism
                                              0.200000 ^ _143_/CLK (sky130_fd_sc_hd__dfrtp_2)
                                 -0.045455    0.154545   library hold time
                                              0.154545   data required time
---------------------------------------------------------------------------------------------
                                              0.154545   data required time
                                             -0.442278   data arrival time
---------------------------------------------------------------------------------------------
                                              0.287733   slack (MET)


Startpoint: _148_ (rising edge-triggered flip-flop clocked by clk)
Endpoint: _148_ (rising edge-triggered flip-flop clocked by clk)
Path Group: clk
Path Type: min

Fanout         Cap        Slew       Delay        Time   Description
---------------------------------------------------------------------------------------------
                      0.000000    0.000000    0.000000   clock clk (rise edge)
                                  0.000000    0.000000   clock network delay (ideal)
                      0.000000    0.000000    0.000000 ^ _148_/CLK (sky130_fd_sc_hd__dfrtp_2)
     3    0.005491    0.051658    0.328290    0.328290 ^ _148_/Q (sky130_fd_sc_hd__dfrtp_2)
                                                         u_uart.clk_cnt[14] (net)
                      0.051658    0.000000    0.328290 ^ _127_/A1 (sky130_fd_sc_hd__o21ba_2)
     1    0.002005    0.029608    0.126457    0.454748 ^ _127_/X (sky130_fd_sc_hd__o21ba_2)
                                                         _018_ (net)
                      0.029608    0.000000    0.454748 ^ _148_/D (sky130_fd_sc_hd__dfrtp_2)
                                              0.454748   data arrival time

                      0.000000    0.000000    0.000000   clock clk (rise edge)
                                  0.000000    0.000000   clock network delay (ideal)
                                  0.200000    0.200000   clock uncertainty
                                  0.000000    0.200000   clock reconvergence pessimism
                                              0.200000 ^ _148_/CLK (sky130_fd_sc_hd__dfrtp_2)
                                 -0.037621    0.162379   library hold time
                                              0.162379   data required time
---------------------------------------------------------------------------------------------
                                              0.162379   data required time
                                             -0.454748   data arrival time
---------------------------------------------------------------------------------------------
                                              0.292368   slack (MET)


Startpoint: _146_ (rising edge-triggered flip-flop clocked by clk)
Endpoint: _146_ (rising edge-triggered flip-flop clocked by clk)
Path Group: clk
Path Type: min

Fanout         Cap        Slew       Delay        Time   Description
---------------------------------------------------------------------------------------------
                      0.000000    0.000000    0.000000   clock clk (rise edge)
                                  0.000000    0.000000   clock network delay (ideal)
                      0.000000    0.000000    0.000000 ^ _146_/CLK (sky130_fd_sc_hd__dfrtp_2)
     5    0.018459    0.107303    0.379112    0.379112 ^ _146_/Q (sky130_fd_sc_hd__dfrtp_2)
                                                         u_uart.clk_cnt[12] (net)
                      0.107303    0.000000    0.379112 ^ _121_/A (sky130_fd_sc_hd__xnor2_2)
     1    0.001949    0.026013    0.069824    0.448936 v _121_/Y (sky130_fd_sc_hd__xnor2_2)
                                                         _016_ (net)
                      0.026013    0.000000    0.448936 v _146_/D (sky130_fd_sc_hd__dfrtp_2)
                                              0.448936   data arrival time

                      0.000000    0.000000    0.000000   clock clk (rise edge)
                                  0.000000    0.000000   clock network delay (ideal)
                                  0.200000    0.200000   clock uncertainty
                                  0.000000    0.200000   clock reconvergence pessimism
                                              0.200000 ^ _146_/CLK (sky130_fd_sc_hd__dfrtp_2)
                                 -0.044644    0.155356   library hold time
                                              0.155356   data required time
---------------------------------------------------------------------------------------------
                                              0.155356   data required time
                                             -0.448936   data arrival time
---------------------------------------------------------------------------------------------
                                              0.293580   slack (MET)


Startpoint: _144_ (rising edge-triggered flip-flop clocked by clk)
Endpoint: _144_ (rising edge-triggered flip-flop clocked by clk)
Path Group: clk
Path Type: min

Fanout         Cap        Slew       Delay        Time   Description
---------------------------------------------------------------------------------------------
                      0.000000    0.000000    0.000000   clock clk (rise edge)
                                  0.000000    0.000000   clock network delay (ideal)
                      0.000000    0.000000    0.000000 ^ _144_/CLK (sky130_fd_sc_hd__dfrtp_2)
     3    0.007891    0.061913    0.338629    0.338629 ^ _144_/Q (sky130_fd_sc_hd__dfrtp_2)
                                                         u_uart.clk_cnt[10] (net)
                      0.061913    0.000000    0.338629 ^ _114_/B1 (sky130_fd_sc_hd__a21oi_2)
     1    0.004190    0.026602    0.035535    0.374164 v _114_/Y (sky130_fd_sc_hd__a21oi_2)
                                                         _063_ (net)
                      0.026602    0.000000    0.374164 v _117_/A (sky130_fd_sc_hd__nor2_2)
     1    0.002005    0.054126    0.077921    0.452085 ^ _117_/Y (sky130_fd_sc_hd__nor2_2)
                                                         _014_ (net)
                      0.054126    0.000000    0.452085 ^ _144_/D (sky130_fd_sc_hd__dfrtp_2)
                                              0.452085   data arrival time

                      0.000000    0.000000    0.000000   clock clk (rise edge)
                                  0.000000    0.000000   clock network delay (ideal)
                                  0.200000    0.200000   clock uncertainty
                                  0.000000    0.200000   clock reconvergence pessimism
                                              0.200000 ^ _144_/CLK (sky130_fd_sc_hd__dfrtp_2)
                                 -0.042727    0.157273   library hold time
                                              0.157273   data required time
---------------------------------------------------------------------------------------------
                                              0.157273   data required time
                                             -0.452085   data arrival time
---------------------------------------------------------------------------------------------
                                              0.294812   slack (MET)


Startpoint: _155_ (rising edge-triggered flip-flop clocked by clk)
Endpoint: _155_ (rising edge-triggered flip-flop clocked by clk)
Path Group: clk
Path Type: min

Fanout         Cap        Slew       Delay        Time   Description
---------------------------------------------------------------------------------------------
                      0.000000    0.000000    0.000000   clock clk (rise edge)
                                  0.000000    0.000000   clock network delay (ideal)
                      0.000000    0.000000    0.000000 ^ _155_/CLK (sky130_fd_sc_hd__dfrtp_2)
     3    0.007774    0.061413    0.338125    0.338125 ^ _155_/Q (sky130_fd_sc_hd__dfrtp_2)
                                                         u_uart.state[2] (net)
                      0.061413    0.000000    0.338125 ^ _077_/A (sky130_fd_sc_hd__and2_2)
     1    0.002005    0.033975    0.124756    0.462882 ^ _077_/X (sky130_fd_sc_hd__and2_2)
                                                         _000_ (net)
                      0.033975    0.000000    0.462882 ^ _155_/D (sky130_fd_sc_hd__dfrtp_2)
                                              0.462882   data arrival time

                      0.000000    0.000000    0.000000   clock clk (rise edge)
                                  0.000000    0.000000   clock network delay (ideal)
                                  0.200000    0.200000   clock uncertainty
                                  0.000000    0.200000   clock reconvergence pessimism
                                              0.200000 ^ _155_/CLK (sky130_fd_sc_hd__dfrtp_2)
                                 -0.038530    0.161470   library hold time
                                              0.161470   data required time
---------------------------------------------------------------------------------------------
                                              0.161470   data required time
                                             -0.462882   data arrival time
---------------------------------------------------------------------------------------------
                                              0.301412   slack (MET)


Startpoint: _147_ (rising edge-triggered flip-flop clocked by clk)
Endpoint: _147_ (rising edge-triggered flip-flop clocked by clk)
Path Group: clk
Path Type: min

Fanout         Cap        Slew       Delay        Time   Description
---------------------------------------------------------------------------------------------
                      0.000000    0.000000    0.000000   clock clk (rise edge)
                                  0.000000    0.000000   clock network delay (ideal)
                      0.000000    0.000000    0.000000 ^ _147_/CLK (sky130_fd_sc_hd__dfrtp_2)
     4    0.009248    0.067711    0.344475    0.344475 ^ _147_/Q (sky130_fd_sc_hd__dfrtp_2)
                                                         u_uart.clk_cnt[13] (net)
                      0.067711    0.000000    0.344475 ^ _122_/B1 (sky130_fd_sc_hd__a31oi_2)
     1    0.004190    0.030629    0.039998    0.384473 v _122_/Y (sky130_fd_sc_hd__a31oi_2)
                                                         _025_ (net)
                      0.030629    0.000000    0.384473 v _125_/A (sky130_fd_sc_hd__nor2_2)
     1    0.002005    0.053379    0.079617    0.464090 ^ _125_/Y (sky130_fd_sc_hd__nor2_2)
                                                         _017_ (net)
                      0.053379    0.000000    0.464090 ^ _147_/D (sky130_fd_sc_hd__dfrtp_2)
                                              0.464090   data arrival time

                      0.000000    0.000000    0.000000   clock clk (rise edge)
                                  0.000000    0.000000   clock network delay (ideal)
                                  0.200000    0.200000   clock uncertainty
                                  0.000000    0.200000   clock reconvergence pessimism
                                              0.200000 ^ _147_/CLK (sky130_fd_sc_hd__dfrtp_2)
                                 -0.042571    0.157429   library hold time
                                              0.157429   data required time
---------------------------------------------------------------------------------------------
                                              0.157429   data required time
                                             -0.464090   data arrival time
---------------------------------------------------------------------------------------------
                                              0.306661   slack (MET)


Startpoint: _150_ (rising edge-triggered flip-flop clocked by clk)
Endpoint: _150_ (rising edge-triggered flip-flop clocked by clk)
Path Group: clk
Path Type: min

Fanout         Cap        Slew       Delay        Time   Description
---------------------------------------------------------------------------------------------
                      0.000000    0.000000    0.000000   clock clk (rise edge)
                                  0.000000    0.000000   clock network delay (ideal)
                      0.000000    0.000000    0.000000 ^ _150_/CLK (sky130_fd_sc_hd__dfrtp_2)
     3    0.010857    0.074587    0.351407    0.351407 ^ _150_/Q (sky130_fd_sc_hd__dfrtp_2)
                                                         u_uart.bit_idx[0] (net)
                      0.074587    0.000000    0.351407 ^ _129_/B1 (sky130_fd_sc_hd__a21oi_2)
     1    0.004190    0.029494    0.037579    0.388986 v _129_/Y (sky130_fd_sc_hd__a21oi_2)
                                                         _029_ (net)
                      0.029494    0.000000    0.388986 v _131_/A (sky130_fd_sc_hd__nor2_2)
     1    0.002005    0.054127    0.079139    0.468124 ^ _131_/Y (sky130_fd_sc_hd__nor2_2)
                                                         _020_ (net)
                      0.054127    0.000000    0.468124 ^ _150_/D (sky130_fd_sc_hd__dfrtp_2)
                                              0.468124   data arrival time

                      0.000000    0.000000    0.000000   clock clk (rise edge)
                                  0.000000    0.000000   clock network delay (ideal)
                                  0.200000    0.200000   clock uncertainty
                                  0.000000    0.200000   clock reconvergence pessimism
                                              0.200000 ^ _150_/CLK (sky130_fd_sc_hd__dfrtp_2)
                                 -0.042727    0.157273   library hold time
                                              0.157273   data required time
---------------------------------------------------------------------------------------------
                                              0.157273   data required time
                                             -0.468124   data arrival time
---------------------------------------------------------------------------------------------
                                              0.310851   slack (MET)


Startpoint: _155_ (rising edge-triggered flip-flop clocked by clk)
Endpoint: _154_ (rising edge-triggered flip-flop clocked by clk)
Path Group: clk
Path Type: min

Fanout         Cap        Slew       Delay        Time   Description
---------------------------------------------------------------------------------------------
                      0.000000    0.000000    0.000000   clock clk (rise edge)
                                  0.000000    0.000000   clock network delay (ideal)
                      0.000000    0.000000    0.000000 ^ _155_/CLK (sky130_fd_sc_hd__dfrtp_2)
     3    0.007774    0.061413    0.338125    0.338125 ^ _155_/Q (sky130_fd_sc_hd__dfrtp_2)
                                                         u_uart.state[2] (net)
                      0.061413    0.000000    0.338125 ^ _069_/A (sky130_fd_sc_hd__inv_2)
     1    0.004594    0.021619    0.034302    0.372427 v _069_/Y (sky130_fd_sc_hd__inv_2)
                                                         _033_ (net)
                      0.021619    0.000000    0.372427 v _082_/A1 (sky130_fd_sc_hd__o21ai_2)
     1    0.002005    0.032688    0.103054    0.475481 ^ _082_/Y (sky130_fd_sc_hd__o21ai_2)
                                                         _002_ (net)
                      0.032688    0.000000    0.475481 ^ _154_/D (sky130_fd_sc_hd__dfrtp_2)
                                              0.475481   data arrival time

                      0.000000    0.000000    0.000000   clock clk (rise edge)
                                  0.000000    0.000000   clock network delay (ideal)
                                  0.200000    0.200000   clock uncertainty
                                  0.000000    0.200000   clock reconvergence pessimism
                                              0.200000 ^ _154_/CLK (sky130_fd_sc_hd__dfrtp_2)
                                 -0.038262    0.161738   library hold time
                                              0.161738   data required time
---------------------------------------------------------------------------------------------
                                              0.161738   data required time
                                             -0.475481   data arrival time
---------------------------------------------------------------------------------------------
                                              0.313743   slack (MET)


Startpoint: _137_ (rising edge-triggered flip-flop clocked by clk)
Endpoint: _137_ (rising edge-triggered flip-flop clocked by clk)
Path Group: clk
Path Type: min

Fanout         Cap        Slew       Delay        Time   Description
---------------------------------------------------------------------------------------------
                      0.000000    0.000000    0.000000   clock clk (rise edge)
                                  0.000000    0.000000   clock network delay (ideal)
                      0.000000    0.000000    0.000000 ^ _137_/CLK (sky130_fd_sc_hd__dfrtp_2)
     3    0.008555    0.064750    0.341490    0.341490 ^ _137_/Q (sky130_fd_sc_hd__dfrtp_2)
                                                         u_uart.clk_cnt[3] (net)
                      0.064750    0.000000    0.341490 ^ _098_/A1 (sky130_fd_sc_hd__o22a_2)
     1    0.002005    0.028003    0.136688    0.478178 ^ _098_/X (sky130_fd_sc_hd__o22a_2)
                                                         _007_ (net)
                      0.028003    0.000000    0.478178 ^ _137_/D (sky130_fd_sc_hd__dfrtp_2)
                                              0.478178   data arrival time

                      0.000000    0.000000    0.000000   clock clk (rise edge)
                                  0.000000    0.000000   clock network delay (ideal)
                                  0.200000    0.200000   clock uncertainty
                                  0.000000    0.200000   clock reconvergence pessimism
                                              0.200000 ^ _137_/CLK (sky130_fd_sc_hd__dfrtp_2)
                                 -0.037287    0.162713   library hold time
                                              0.162713   data required time
---------------------------------------------------------------------------------------------
                                              0.162713   data required time
                                             -0.478178   data arrival time
---------------------------------------------------------------------------------------------
                                              0.315464   slack (MET)


Startpoint: _140_ (rising edge-triggered flip-flop clocked by clk)
Endpoint: _140_ (rising edge-triggered flip-flop clocked by clk)
Path Group: clk
Path Type: min

Fanout         Cap        Slew       Delay        Time   Description
---------------------------------------------------------------------------------------------
                      0.000000    0.000000    0.000000   clock clk (rise edge)
                                  0.000000    0.000000   clock network delay (ideal)
                      0.000000    0.000000    0.000000 ^ _140_/CLK (sky130_fd_sc_hd__dfrtp_2)
     7    0.023251    0.127973    0.395563    0.395563 ^ _140_/Q (sky130_fd_sc_hd__dfrtp_2)
                                                         u_uart.clk_cnt[6] (net)
                      0.127973    0.000000    0.395563 ^ _105_/A (sky130_fd_sc_hd__xor2_2)
     1    0.001949    0.028049    0.074581    0.470144 v _105_/X (sky130_fd_sc_hd__xor2_2)
                                                         _010_ (net)
                      0.028049    0.000000    0.470144 v _140_/D (sky130_fd_sc_hd__dfrtp_2)
                                              0.470144   data arrival time

                      0.000000    0.000000    0.000000   clock clk (rise edge)
                                  0.000000    0.000000   clock network delay (ideal)
                                  0.200000    0.200000   clock uncertainty
                                  0.000000    0.200000   clock reconvergence pessimism
                                              0.200000 ^ _140_/CLK (sky130_fd_sc_hd__dfrtp_2)
                                 -0.045473    0.154527   library hold time
                                              0.154527   data required time
---------------------------------------------------------------------------------------------
                                              0.154527   data required time
                                             -0.470144   data arrival time
---------------------------------------------------------------------------------------------
                                              0.315617   slack (MET)


Startpoint: _139_ (rising edge-triggered flip-flop clocked by clk)
Endpoint: _139_ (rising edge-triggered flip-flop clocked by clk)
Path Group: clk
Path Type: min

Fanout         Cap        Slew       Delay        Time   Description
---------------------------------------------------------------------------------------------
                      0.000000    0.000000    0.000000   clock clk (rise edge)
                                  0.000000    0.000000   clock network delay (ideal)
                      0.000000    0.000000    0.000000 ^ _139_/CLK (sky130_fd_sc_hd__dfrtp_2)
     3    0.007307    0.052487    0.380980    0.380980 v _139_/Q (sky130_fd_sc_hd__dfrtp_2)
                                                         u_uart.clk_cnt[5] (net)
                      0.052487    0.000000    0.380980 v _067_/A (sky130_fd_sc_hd__inv_2)
     1    0.004504    0.030387    0.049475    0.430455 ^ _067_/Y (sky130_fd_sc_hd__inv_2)
                                                         _031_ (net)
                      0.030387    0.000000    0.430455 ^ _104_/A1 (sky130_fd_sc_hd__a211oi_2)
     1    0.001949    0.020938    0.042658    0.473113 v _104_/Y (sky130_fd_sc_hd__a211oi_2)
                                                         _009_ (net)
                      0.020938    0.000000    0.473113 v _139_/D (sky130_fd_sc_hd__dfrtp_2)
                                              0.473113   data arrival time

                      0.000000    0.000000    0.000000   clock clk (rise edge)
                                  0.000000    0.000000   clock network delay (ideal)
                                  0.200000    0.200000   clock uncertainty
                                  0.000000    0.200000   clock reconvergence pessimism
                                              0.200000 ^ _139_/CLK (sky130_fd_sc_hd__dfrtp_2)
                                 -0.042577    0.157423   library hold time
                                              0.157423   data required time
---------------------------------------------------------------------------------------------
                                              0.157423   data required time
                                             -0.473113   data arrival time
---------------------------------------------------------------------------------------------
                                              0.315689   slack (MET)


Startpoint: _138_ (rising edge-triggered flip-flop clocked by clk)
Endpoint: _138_ (rising edge-triggered flip-flop clocked by clk)
Path Group: clk
Path Type: min

Fanout         Cap        Slew       Delay        Time   Description
---------------------------------------------------------------------------------------------
                      0.000000    0.000000    0.000000   clock clk (rise edge)
                                  0.000000    0.000000   clock network delay (ideal)
                      0.000000    0.000000    0.000000 ^ _138_/CLK (sky130_fd_sc_hd__dfrtp_2)
     3    0.007829    0.061648    0.338362    0.338362 ^ _138_/Q (sky130_fd_sc_hd__dfrtp_2)
                                                         u_uart.clk_cnt[4] (net)
                      0.061648    0.000000    0.338362 ^ _068_/A (sky130_fd_sc_hd__inv_2)
     2    0.005696    0.023508    0.036584    0.374946 v _068_/Y (sky130_fd_sc_hd__inv_2)
                                                         _032_ (net)
                      0.023508    0.000000    0.374946 v _099_/B1 (sky130_fd_sc_hd__o21ai_2)
     1    0.001535    0.029457    0.033433    0.408380 ^ _099_/Y (sky130_fd_sc_hd__o21ai_2)
                                                         _054_ (net)
                      0.029457    0.000000    0.408380 ^ _101_/B (sky130_fd_sc_hd__and3_2)
     1    0.002005    0.038945    0.149983    0.558363 ^ _101_/X (sky130_fd_sc_hd__and3_2)
                                                         _008_ (net)
                      0.038945    0.000000    0.558363 ^ _138_/D (sky130_fd_sc_hd__dfrtp_2)
                                              0.558363   data arrival time

                      0.000000    0.000000    0.000000   clock clk (rise edge)
                                  0.000000    0.000000   clock network delay (ideal)
                                  0.200000    0.200000   clock uncertainty
                                  0.000000    0.200000   clock reconvergence pessimism
                                              0.200000 ^ _138_/CLK (sky130_fd_sc_hd__dfrtp_2)
                                 -0.039565    0.160435   library hold time
                                              0.160435   data required time
---------------------------------------------------------------------------------------------
                                              0.160435   data required time
                                             -0.558363   data arrival time
---------------------------------------------------------------------------------------------
                                              0.397928   slack (MET)


Startpoint: _142_ (rising edge-triggered flip-flop clocked by clk)
Endpoint: _142_ (rising edge-triggered flip-flop clocked by clk)
Path Group: clk
Path Type: min

Fanout         Cap        Slew       Delay        Time   Description
---------------------------------------------------------------------------------------------
                      0.000000    0.000000    0.000000   clock clk (rise edge)
                                  0.000000    0.000000   clock network delay (ideal)
                      0.000000    0.000000    0.000000 ^ _142_/CLK (sky130_fd_sc_hd__dfrtp_2)
     4    0.007108    0.058567    0.335256    0.335256 ^ _142_/Q (sky130_fd_sc_hd__dfrtp_2)
                                                         u_uart.clk_cnt[8] (net)
                      0.058567    0.000000    0.335256 ^ _109_/B1 (sky130_fd_sc_hd__a31o_2)
     1    0.001535    0.026042    0.087017    0.422273 ^ _109_/X (sky130_fd_sc_hd__a31o_2)
                                                         _060_ (net)
                      0.026042    0.000000    0.422273 ^ _112_/B (sky130_fd_sc_hd__and3_2)
     1    0.002005    0.038933    0.148937    0.571210 ^ _112_/X (sky130_fd_sc_hd__and3_2)
                                                         _012_ (net)
                      0.038933    0.000000    0.571210 ^ _142_/D (sky130_fd_sc_hd__dfrtp_2)
                                              0.571210   data arrival time

                      0.000000    0.000000    0.000000   clock clk (rise edge)
                                  0.000000    0.000000   clock network delay (ideal)
                                  0.200000    0.200000   clock uncertainty
                                  0.000000    0.200000   clock reconvergence pessimism
                                              0.200000 ^ _142_/CLK (sky130_fd_sc_hd__dfrtp_2)
                                 -0.039563    0.160437   library hold time
                                              0.160437   data required time
---------------------------------------------------------------------------------------------
                                              0.160437   data required time
                                             -0.571210   data arrival time
---------------------------------------------------------------------------------------------
                                              0.410773   slack (MET)


Startpoint: _135_ (rising edge-triggered flip-flop clocked by clk)
Endpoint: _135_ (rising edge-triggered flip-flop clocked by clk)
Path Group: clk
Path Type: min

Fanout         Cap        Slew       Delay        Time   Description
---------------------------------------------------------------------------------------------
                      0.000000    0.000000    0.000000   clock clk (rise edge)
                                  0.000000    0.000000   clock network delay (ideal)
                      0.000000    0.000000    0.000000 ^ _135_/CLK (sky130_fd_sc_hd__dfrtp_2)
     5    0.010713    0.073971    0.350787    0.350787 ^ _135_/Q (sky130_fd_sc_hd__dfrtp_2)
                                                         u_uart.clk_cnt[1] (net)
                      0.073971    0.000000    0.350787 ^ _090_/A (sky130_fd_sc_hd__or2_2)
     1    0.001535    0.023978    0.100603    0.451390 ^ _090_/X (sky130_fd_sc_hd__or2_2)
                                                         _048_ (net)
                      0.023978    0.000000    0.451390 ^ _094_/B (sky130_fd_sc_hd__and3_2)
     1    0.002005    0.038925    0.148304    0.599694 ^ _094_/X (sky130_fd_sc_hd__and3_2)
                                                         _005_ (net)
                      0.038925    0.000000    0.599694 ^ _135_/D (sky130_fd_sc_hd__dfrtp_2)
                                              0.599694   data arrival time

                      0.000000    0.000000    0.000000   clock clk (rise edge)
                                  0.000000    0.000000   clock network delay (ideal)
                                  0.200000    0.200000   clock uncertainty
                                  0.000000    0.200000   clock reconvergence pessimism
                                              0.200000 ^ _135_/CLK (sky130_fd_sc_hd__dfrtp_2)
                                 -0.039561    0.160439   library hold time
                                              0.160439   data required time
---------------------------------------------------------------------------------------------
                                              0.160439   data required time
                                             -0.599694   data arrival time
---------------------------------------------------------------------------------------------
                                              0.439255   slack (MET)


Startpoint: _141_ (rising edge-triggered flip-flop clocked by clk)
Endpoint: _141_ (rising edge-triggered flip-flop clocked by clk)
Path Group: clk
Path Type: min

Fanout         Cap        Slew       Delay        Time   Description
---------------------------------------------------------------------------------------------
                      0.000000    0.000000    0.000000   clock clk (rise edge)
                                  0.000000    0.000000   clock network delay (ideal)
                      0.000000    0.000000    0.000000 ^ _141_/CLK (sky130_fd_sc_hd__dfrtp_2)
     6    0.014196    0.088915    0.364477    0.364477 ^ _141_/Q (sky130_fd_sc_hd__dfrtp_2)
                                                         u_uart.clk_cnt[7] (net)
                      0.088915    0.000000    0.364477 ^ _106_/B1 (sky130_fd_sc_hd__a21o_2)
     1    0.001535    0.022084    0.088152    0.452629 ^ _106_/X (sky130_fd_sc_hd__a21o_2)
                                                         _058_ (net)
                      0.022084    0.000000    0.452629 ^ _108_/B (sky130_fd_sc_hd__and3_2)
     1    0.002005    0.038938    0.147703    0.600333 ^ _108_/X (sky130_fd_sc_hd__and3_2)
                                                         _011_ (net)
                      0.038938    0.000000    0.600333 ^ _141_/D (sky130_fd_sc_hd__dfrtp_2)
                                              0.600333   data arrival time

                      0.000000    0.000000    0.000000   clock clk (rise edge)
                                  0.000000    0.000000   clock network delay (ideal)
                                  0.200000    0.200000   clock uncertainty
                                  0.000000    0.200000   clock reconvergence pessimism
                                              0.200000 ^ _141_/CLK (sky130_fd_sc_hd__dfrtp_2)
                                 -0.039564    0.160436   library hold time
                                              0.160436   data required time
---------------------------------------------------------------------------------------------
                                              0.160436   data required time
                                             -0.600333   data arrival time
---------------------------------------------------------------------------------------------
                                              0.439896   slack (MET)


Startpoint: _145_ (rising edge-triggered flip-flop clocked by clk)
Endpoint: _145_ (rising edge-triggered flip-flop clocked by clk)
Path Group: clk
Path Type: min

Fanout         Cap        Slew       Delay        Time   Description
---------------------------------------------------------------------------------------------
                      0.000000    0.000000    0.000000   clock clk (rise edge)
                                  0.000000    0.000000   clock network delay (ideal)
                      0.000000    0.000000    0.000000 ^ _145_/CLK (sky130_fd_sc_hd__dfrtp_2)
     6    0.018307    0.106647    0.378590    0.378590 ^ _145_/Q (sky130_fd_sc_hd__dfrtp_2)
                                                         u_uart.clk_cnt[11] (net)
                      0.106647    0.000000    0.378590 ^ _118_/A (sky130_fd_sc_hd__nor2_2)
     1    0.001491    0.028076    0.044329    0.422919 v _118_/Y (sky130_fd_sc_hd__nor2_2)
                                                         _066_ (net)
                      0.028076    0.000000    0.422919 v _120_/A_N (sky130_fd_sc_hd__and2b_2)
     1    0.002005    0.031810    0.186045    0.608963 ^ _120_/X (sky130_fd_sc_hd__and2b_2)
                                                         _015_ (net)
                      0.031810    0.000000    0.608963 ^ _145_/D (sky130_fd_sc_hd__dfrtp_2)
                                              0.608963   data arrival time

                      0.000000    0.000000    0.000000   clock clk (rise edge)
                                  0.000000    0.000000   clock network delay (ideal)
                                  0.200000    0.200000   clock uncertainty
                                  0.000000    0.200000   clock reconvergence pessimism
                                              0.200000 ^ _145_/CLK (sky130_fd_sc_hd__dfrtp_2)
                                 -0.038079    0.161921   library hold time
                                              0.161921   data required time
---------------------------------------------------------------------------------------------
                                              0.161921   data required time
                                             -0.608963   data arrival time
---------------------------------------------------------------------------------------------
                                              0.447043   slack (MET)


Startpoint: _157_ (rising edge-triggered flip-flop clocked by clk)
Endpoint: uart_tx (output port clocked by clk)
Path Group: clk
Path Type: min

Fanout         Cap        Slew       Delay        Time   Description
---------------------------------------------------------------------------------------------
                      0.000000    0.000000    0.000000   clock clk (rise edge)
                                  0.000000    0.000000   clock network delay (ideal)
                      0.000000    0.000000    0.000000 ^ _157_/CLK (sky130_fd_sc_hd__dfstp_2)
     1    0.000000    0.014792    0.325676    0.325676 v _157_/Q (sky130_fd_sc_hd__dfstp_2)
                                                         uart_tx (net)
                      0.014792    0.000000    0.325676 v uart_tx (out)
                                              0.325676   data arrival time

                      0.000000    0.000000    0.000000   clock clk (rise edge)
                                  0.000000    0.000000   clock network delay (ideal)
                                  0.200000    0.200000   clock uncertainty
                                  0.000000    0.200000   clock reconvergence pessimism
                                 -2.000000   -1.800000   output external delay
                                             -1.800000   data required time
---------------------------------------------------------------------------------------------
                                             -1.800000   data required time
                                             -0.325676   data arrival time
---------------------------------------------------------------------------------------------
                                              2.125675   slack (MET)



