[WARNING ORD-0039] .openroad ignored with -python
Top-level design name: soc_top
Block boundaries: 0 0 75750 86470
Horizontal Tracks Origin: 230, Count: 188, Step: 460
Vertical Tracks Origin: 340, Count: 111, Step: 680
Placement details for the N side
Virtual pin count:  0
Actual pin count:  3
Total pin count:  3
Tracks count:  56
Tracks per pin:  18
Used tracks count:  37
Unused track count:  19
Starting track index:  9
Placement details for the E side
Virtual pin count:  0
Actual pin count:  3
Total pin count:  3
Tracks count:  188
Tracks per pin:  62
Used tracks count:  125
Unused track count:  63
Starting track index:  31
Placement details for the W side
Virtual pin count:  0
Actual pin count:  4
Total pin count:  4
Tracks count:  188
Tracks per pin:  47
Used tracks count:  142
Unused track count:  46
Starting track index:  23
Placement details for the S side
Virtual pin count:  0
Actual pin count:  3
Total pin count:  3
Tracks count:  56
Tracks per pin:  18
Used tracks count:  37
Unused track count:  19
Starting track index:  9
