Reading timing models for corner nom_tt_025C_1v80…
Reading timing library for the 'nom_tt_025C_1v80' corner at '/home/cl4/.ciel/ciel/sky130/versions/8afc8346a57fe1ab7934ba5a6056ea8b43078e71/sky130A/libs.ref/sky130_fd_sc_hd/lib/sky130_fd_sc_hd__tt_025C_1v80.lib'…
Reading OpenROAD database at '/home/cl4/Desktop/training/riscv_soc_pd_ready/runs/RUN_2026-09-07_05-45-49/93-openroad-generatepdn/soc_top.odb'…
Reading design constraints file at '/home/cl4/Desktop/training/riscv_soc_pd_ready/constraints/impl.sdc'…
[INFO] No information on clock propagation in input SDC file-- propagating all clocks.
+ global_placement -density 0.4 -skip_io -pad_right 0 -pad_left 0 -init_wirelength_coef 0.25
[INFO GPL-0001] ---- Initialize GPL Main Data Structures
[INFO GPL-0002] DBU: 1000
[INFO GPL-0003] SiteSize: (  0.460  2.720 ) um
[INFO GPL-0004] CoreBBox: (  5.520 10.880 ) ( 69.920 73.440 ) um
[INFO GPL-0036] Movable instances area:       1256.205 um^2
[INFO GPL-0037] Total instances area:         1491.430 um^2
[INFO GPL-0035] Pin density area adjust:       123.916 um^2
[INFO GPL-0032] ---- Initialize Region: Top-level
[INFO GPL-0006] Number of instances:               197
[INFO GPL-0007] Movable instances:                 101
[INFO GPL-0008] Fixed instances:                    96
[INFO GPL-0009] Dummy instances:                     0
[INFO GPL-0010] Number of nets:                    103
[INFO GPL-0011] Number of pins:                    356
[INFO GPL-0012] Die BBox:  (  0.000  0.000 ) ( 75.750 86.470 ) um
[INFO GPL-0013] Core BBox: (  5.520 10.880 ) ( 69.920 73.440 ) um
[INFO GPL-0016] Core area:                    4028.864 um^2
[INFO GPL-0014] Region name: top-level.
[INFO GPL-0015] Region area:                  4028.864 um^2
[INFO GPL-0017] Fixed instances area:          235.226 um^2
[INFO GPL-0018] Movable instances area:       1380.121 um^2
[INFO GPL-0019] Utilization:                    36.380 %
[INFO GPL-0020] Standard cells area:          1380.121 um^2
[INFO GPL-0021] Large instances area:            0.000 um^2
[INFO GPL-0005] ---- Execute Conjugate Gradient Initial Placement.
[INFO GPL-0051] Source of initial instance position counters:
	Odb location = 0	Core center = 101	Region center = 0
[INFO GPL-0033] ---- Initialize Nesterov Region: Top-level
[INFO GPL-0023] Placement target density:       0.4000
[INFO GPL-0024] Movable insts average area:     13.665 um^2
[INFO GPL-0025] Ideal bin area:                 34.161 um^2
[INFO GPL-0026] Ideal bin count:                   117
[INFO GPL-0027] Total bin area:               4028.864 um^2
[INFO GPL-0028] Bin count (X, Y):           8 ,      8
[INFO GPL-0029] Bin size (W * H):       8.050 *  7.820 um
[INFO GPL-0030] Number of bins:                     64
[INFO GPL-0007] ---- Execute Nesterov Global Placement.
[INFO GPL-0031] HPWL: Half-Perimeter Wirelength
Iteration | Overflow |     HPWL (um) |  HPWL(%) |   Penalty | Group
---------------------------------------------------------------
        0 |   0.9290 |  3.450830e+02 |   +0.00% |  9.37e-14 |      
       10 |   0.9290 |  2.935020e+02 |  -14.95% |  1.53e-13 |      
       20 |   0.9290 |  2.936700e+02 |   +0.06% |  2.49e-13 |      
       30 |   0.9290 |  2.935330e+02 |   -0.05% |  4.05e-13 |      
       40 |   0.9290 |  2.935320e+02 |   -0.00% |  6.59e-13 |      
       50 |   0.9290 |  2.935340e+02 |   +0.00% |  1.07e-12 |      
       60 |   0.9290 |  2.935380e+02 |   +0.00% |  1.75e-12 |      
       70 |   0.9290 |  2.935330e+02 |   -0.00% |  2.85e-12 |      
       80 |   0.9290 |  2.936370e+02 |   +0.04% |  4.64e-12 |      
       90 |   0.9289 |  2.938310e+02 |   +0.07% |  7.56e-12 |      
      100 |   0.9263 |  2.943340e+02 |   +0.17% |  1.23e-11 |      
      110 |   0.9154 |  2.973990e+02 |   +1.04% |  2.01e-11 |      
      120 |   0.9017 |  3.047470e+02 |   +2.47% |  3.27e-11 |      
      130 |   0.9000 |  3.019020e+02 |   -0.93% |  5.32e-11 |      
      140 |   0.8859 |  3.066800e+02 |   +1.58% |  8.67e-11 |      
      150 |   0.8234 |  3.452960e+02 |  +12.59% |  1.41e-10 |      
      160 |   0.8126 |  3.768880e+02 |   +9.15% |  2.30e-10 |      
      170 |   0.7892 |  4.129280e+02 |   +9.56% |  3.75e-10 |      
      180 |   0.7516 |  4.578230e+02 |  +10.87% |  6.10e-10 |      
      190 |   0.6982 |  5.764290e+02 |  +25.91% |  9.94e-10 |      
      200 |   0.6456 |  6.178830e+02 |   +7.19% |  1.62e-09 |      
      210 |   0.6102 |  6.729850e+02 |   +8.92% |  2.64e-09 |      
      220 |   0.5755 |  7.671740e+02 |  +14.00% |  4.30e-09 |      
      230 |   0.5259 |  8.106260e+02 |   +5.66% |  7.00e-09 |      
      240 |   0.4814 |  8.695780e+02 |   +7.27% |  1.14e-08 |      
      250 |   0.4393 |  9.220050e+02 |   +6.03% |  1.86e-08 |      
      260 |   0.3982 |  9.918670e+02 |   +7.58% |  3.03e-08 |      
      270 |   0.3539 |  1.054412e+03 |   +6.31% |  4.93e-08 |      
      280 |   0.3123 |  1.105484e+03 |   +4.84% |  7.41e-08 |      
      290 |   0.2764 |  1.142125e+03 |   +3.31% |  1.09e-07 |      
      300 |   0.2417 |  1.178321e+03 |   +3.17% |  1.61e-07 |      
      310 |   0.2085 |  1.213742e+03 |   +3.01% |  2.37e-07 |      
      320 |   0.1745 |  1.250123e+03 |   +3.00% |  3.49e-07 |      
      330 |   0.1421 |  1.277743e+03 |   +2.21% |  5.14e-07 |      
      340 |   0.1063 |  1.299066e+03 |   +1.67% |  7.57e-07 |      
      343 |   0.0979 |  1.304801e+03 |          |  8.84e-07 |      
---------------------------------------------------------------
[INFO GPL-1001] Global placement finished at iteration 343
[INFO GPL-1002] Placed Cell Area             1380.1213
[INFO GPL-1003] Available Free Area          3793.6384
[INFO GPL-1004] Minimum Feasible Density        0.3700 (cell_area / free_area)
[INFO GPL-1006]   Suggested Target Densities:
[INFO GPL-1007]     - For 90% usage of free space: 0.4042
[INFO GPL-1008]     - For 80% usage of free space: 0.4547
[INFO GPL-1009]     - For 50% usage of free space: 0.7276
[INFO GPL-1014] Final placement area: 1380.12 (+0.00%)
Setting global connections for newly added cells…
[INFO] Setting global connections...
[INFO ODB-0403] 0 connections made, 0 conflicts skipped.
Updating metrics…
Cell type report:                       Count       Area
  Fill cell                                46     172.67
  Tap cell                                 50      62.56
  Inverter                                  6      22.52
  Sequential cell                          24     630.60
  Multi-Input combinational cell           71     603.08
  Total                                   197    1491.43
Writing OpenROAD database to '/home/cl4/Desktop/training/riscv_soc_pd_ready/runs/RUN_2026-09-07_05-45-49/96-openroad-globalplacementskipio/soc_top.odb'…
Writing netlist to '/home/cl4/Desktop/training/riscv_soc_pd_ready/runs/RUN_2026-09-07_05-45-49/96-openroad-globalplacementskipio/soc_top.nl.v'…
Writing powered netlist to '/home/cl4/Desktop/training/riscv_soc_pd_ready/runs/RUN_2026-09-07_05-45-49/96-openroad-globalplacementskipio/soc_top.pnl.v'…
Writing layout to '/home/cl4/Desktop/training/riscv_soc_pd_ready/runs/RUN_2026-09-07_05-45-49/96-openroad-globalplacementskipio/soc_top.def'…
Writing timing constraints to '/home/cl4/Desktop/training/riscv_soc_pd_ready/runs/RUN_2026-09-07_05-45-49/96-openroad-globalplacementskipio/soc_top.sdc'…
