Reading timing models for corner nom_tt_025C_1v80…
Reading timing library for the 'nom_tt_025C_1v80' corner at '/home/cl4/.ciel/ciel/sky130/versions/8afc8346a57fe1ab7934ba5a6056ea8b43078e71/sky130A/libs.ref/sky130_fd_sc_hd/lib/sky130_fd_sc_hd__tt_025C_1v80.lib'…
Reading OpenROAD database at '/home/cl4/Desktop/training/riscv_soc_pd_ready/runs/RUN_2026-09-07_05-45-49/378-odb-reportdisconnectedpins/soc_top.odb'…
Reading design constraints file at '/home/cl4/Desktop/training/riscv_soc_pd_ready/constraints/impl.sdc'…
[INFO] No information on clock propagation in input SDC file-- propagating all clocks.
sky130_fd_sc_hd__decap_3 sky130_fd_sc_hd__fill_2 sky130_fd_sc_hd__fill_1
[INFO DPL-0001] Placed 687 filler instances.
Setting global connections for newly added cells…
[INFO] Setting global connections...
[INFO ODB-0403] 2748 connections made, 0 conflicts skipped.
Updating metrics…
Cell type report:                       Count       Area
  Fill cell                               733    2589.98
  Tap cell                                 50      62.56
  Clock buffer                              4      88.84
  Timing Repair Buffer                      4      31.28
  Inverter                                  6      22.52
  Sequential cell                          24     630.60
  Multi-Input combinational cell           71     603.08
  Total                                   892    4028.86
Writing OpenROAD database to '/home/cl4/Desktop/training/riscv_soc_pd_ready/runs/RUN_2026-09-07_05-45-49/382-openroad-fillinsertion/soc_top.odb'…
Writing netlist to '/home/cl4/Desktop/training/riscv_soc_pd_ready/runs/RUN_2026-09-07_05-45-49/382-openroad-fillinsertion/soc_top.nl.v'…
Writing powered netlist to '/home/cl4/Desktop/training/riscv_soc_pd_ready/runs/RUN_2026-09-07_05-45-49/382-openroad-fillinsertion/soc_top.pnl.v'…
Writing layout to '/home/cl4/Desktop/training/riscv_soc_pd_ready/runs/RUN_2026-09-07_05-45-49/382-openroad-fillinsertion/soc_top.def'…
Writing timing constraints to '/home/cl4/Desktop/training/riscv_soc_pd_ready/runs/RUN_2026-09-07_05-45-49/382-openroad-fillinsertion/soc_top.sdc'…
