Reading timing models for corner nom_tt_025C_1v80…
Reading timing library for the 'nom_tt_025C_1v80' corner at '/home/cl4/.ciel/ciel/sky130/versions/8afc8346a57fe1ab7934ba5a6056ea8b43078e71/sky130A/libs.ref/sky130_fd_sc_hd/lib/sky130_fd_sc_hd__tt_025C_1v80.lib'…
Reading OpenROAD database at '/home/cl4/Desktop/training/riscv_soc_pd_ready/runs/RUN_2026-09-07_05-45-49/63-openroad-ioplacement/soc_top.odb'…
Reading design constraints file at '/home/cl4/Desktop/training/riscv_soc_pd_ready/constraints/impl.sdc'…
[INFO] No information on clock propagation in input SDC file-- propagating all clocks.
[INFO] Setting signal min routing layer to: met1 and clock min routing layer to met1. 
[INFO] Setting signal max routing layer to: met5 and clock max routing layer to met5. 
+ global_placement -density 0.4 -routability_driven -pad_right 0 -pad_left 0 -init_wirelength_coef 0.25
[INFO GPL-0001] ---- Initialize GPL Main Data Structures
[INFO GPL-0002] DBU: 1000
[INFO GPL-0003] SiteSize: (  0.460  2.720 ) um
[INFO GPL-0004] CoreBBox: (  5.520 10.880 ) ( 69.920 73.440 ) um
[INFO GPL-0036] Movable instances area:       1256.205 um^2
[INFO GPL-0037] Total instances area:         1491.430 um^2
[INFO GPL-0035] Pin density area adjust:       123.916 um^2
[INFO GPL-0032] ---- Initialize Region: Top-level
[INFO GPL-0006] Number of instances:               197
[INFO GPL-0007] Movable instances:                 101
[INFO GPL-0008] Fixed instances:                    96
[INFO GPL-0009] Dummy instances:                     0
[INFO GPL-0010] Number of nets:                    103
[INFO GPL-0011] Number of pins:                    369
[INFO GPL-0012] Die BBox:  (  0.000  0.000 ) ( 75.750 86.470 ) um
[INFO GPL-0013] Core BBox: (  5.520 10.880 ) ( 69.920 73.440 ) um
[INFO GPL-0016] Core area:                    4028.864 um^2
[INFO GPL-0014] Region name: top-level.
[INFO GPL-0015] Region area:                  4028.864 um^2
[INFO GPL-0017] Fixed instances area:          235.226 um^2
[INFO GPL-0018] Movable instances area:       1380.121 um^2
[INFO GPL-0019] Utilization:                    36.380 %
[INFO GPL-0020] Standard cells area:          1380.121 um^2
[INFO GPL-0021] Large instances area:            0.000 um^2
[INFO GPL-0005] ---- Execute Conjugate Gradient Initial Placement.
[INFO GPL-0051] Source of initial instance position counters:
	Odb location = 0	Core center = 101	Region center = 0
[InitialPlace]  Iter: 1 conjugate gradient residual: 0.00000006 HPWL: 1485880
[InitialPlace]  Iter: 2 conjugate gradient residual: 0.00000008 HPWL: 1045522
[InitialPlace]  Iter: 3 conjugate gradient residual: 0.00000008 HPWL: 1041429
[InitialPlace]  Iter: 4 conjugate gradient residual: 0.00000008 HPWL: 1043829
[InitialPlace]  Iter: 5 conjugate gradient residual: 0.00000010 HPWL: 1042388
[INFO GPL-0033] ---- Initialize Nesterov Region: Top-level
[INFO GPL-0023] Placement target density:       0.4000
[INFO GPL-0024] Movable insts average area:     13.665 um^2
[INFO GPL-0025] Ideal bin area:                 34.161 um^2
[INFO GPL-0026] Ideal bin count:                   117
[INFO GPL-0027] Total bin area:               4028.864 um^2
[INFO GPL-0028] Bin count (X, Y):           8 ,      8
[INFO GPL-0029] Bin size (W * H):       8.050 *  7.820 um
[INFO GPL-0030] Number of bins:                     64
[INFO GPL-0007] ---- Execute Nesterov Global Placement.
[INFO GPL-0031] HPWL: Half-Perimeter Wirelength
Iteration | Overflow |     HPWL (um) |  HPWL(%) |   Penalty | Group
---------------------------------------------------------------
        0 |   0.9287 |  4.880180e+02 |   +0.00% |  1.51e-14 |      
       10 |   0.9286 |  4.547320e+02 |   -6.82% |  2.47e-14 |      
       20 |   0.9286 |  4.543710e+02 |   -0.08% |  4.02e-14 |      
       30 |   0.9286 |  4.542930e+02 |   -0.02% |  6.55e-14 |      
       40 |   0.9286 |  4.544650e+02 |   +0.04% |  1.07e-13 |      
       50 |   0.9286 |  4.546590e+02 |   +0.04% |  1.74e-13 |      
       60 |   0.9286 |  4.547580e+02 |   +0.02% |  2.83e-13 |      
       70 |   0.9286 |  4.549410e+02 |   +0.04% |  4.61e-13 |      
       80 |   0.9286 |  4.552170e+02 |   +0.06% |  7.51e-13 |      
       90 |   0.9286 |  4.556410e+02 |   +0.09% |  1.22e-12 |      
      100 |   0.9286 |  4.564000e+02 |   +0.17% |  1.99e-12 |      
      110 |   0.9286 |  4.581970e+02 |   +0.39% |  3.24e-12 |      
      120 |   0.9286 |  4.608880e+02 |   +0.59% |  5.28e-12 |      
      130 |   0.9280 |  4.661930e+02 |   +1.15% |  8.61e-12 |      
      140 |   0.8939 |  4.712700e+02 |   +1.09% |  1.40e-11 |      
      150 |   0.8920 |  4.817140e+02 |   +2.22% |  2.28e-11 |      
      160 |   0.8878 |  4.969320e+02 |   +3.16% |  3.72e-11 |      
      170 |   0.8589 |  5.126530e+02 |   +3.16% |  6.06e-11 |      
      180 |   0.8374 |  5.329010e+02 |   +3.95% |  9.87e-11 |      
      190 |   0.8239 |  5.536570e+02 |   +3.89% |  1.61e-10 |      
      200 |   0.7940 |  5.790120e+02 |   +4.58% |  2.62e-10 |      
      210 |   0.7875 |  6.044120e+02 |   +4.39% |  4.27e-10 |      
      220 |   0.7438 |  6.549800e+02 |   +8.37% |  6.95e-10 |      
      230 |   0.7003 |  7.540210e+02 |  +15.12% |  1.13e-09 |      
      240 |   0.6413 |  8.312990e+02 |  +10.25% |  1.84e-09 |      
[INFO GPL-0038] Routability snapshot saved at iter = 244
      243 |   0.5936 |  8.920960e+02 |          |           |      
      250 |   0.6016 |  8.700410e+02 |   +4.66% |  3.00e-09 |      
      260 |   0.5495 |  9.612920e+02 |  +10.49% |  4.89e-09 |      
      270 |   0.5215 |  1.013276e+03 |   +5.41% |  7.97e-09 |      
      280 |   0.4691 |  1.048100e+03 |   +3.44% |  1.30e-08 |      
      290 |   0.4256 |  1.142428e+03 |   +9.00% |  2.11e-08 |      
      300 |   0.3828 |  1.199189e+03 |   +4.97% |  3.44e-08 |      
      310 |   0.3380 |  1.258965e+03 |   +4.98% |  5.50e-08 |      
      320 |   0.3043 |  1.297441e+03 |   +3.06% |  8.10e-08 |      
[INFO GPL-0040] Routability iteration: 1
[INFO GPL-0041] Total routing overflow: 0.0000
[INFO GPL-0042] Number of overflowed tiles: 0 (0.00%)
[INFO GPL-0043] Average top 0.5% routing congestion: 0.8093
[INFO GPL-0044] Average top 1.0% routing congestion: 0.8071
[INFO GPL-0045] Average top 2.0% routing congestion: 0.8055
[INFO GPL-0046] Average top 5.0% routing congestion: 0.7943
[INFO GPL-0047] Routability iteration weighted routing congestion: 0.8082
[INFO GPL-0050] Weighted routing congestion is lower than target routing congestion(1.0100), end routability optimization.
[INFO GPL-0090] Routability finished. Target routing congestion achieved succesfully.
Iteration | Overflow |     HPWL (um) |  HPWL(%) |   Penalty | Group
---------------------------------------------------------------
      330 |   0.2649 |  1.324399e+03 |   +2.08% |  1.19e-07 |      
      340 |   0.2250 |  1.359270e+03 |   +2.63% |  1.76e-07 |      
      350 |   0.1806 |  1.382979e+03 |   +1.74% |  2.59e-07 |      
      360 |   0.1418 |  1.400815e+03 |   +1.29% |  3.81e-07 |      
      370 |   0.1128 |  1.413085e+03 |   +0.88% |  5.62e-07 |      
      377 |   0.0980 |  1.417497e+03 |          |  7.66e-07 |      
---------------------------------------------------------------
[INFO GPL-1001] Global placement finished at iteration 377
[INFO GPL-1003] Routability mode iteration count: 78
[INFO GPL-1005] Routability final weighted congestion: 0.8062
[INFO GPL-1002] Placed Cell Area             1380.1213
[INFO GPL-1003] Available Free Area          3793.6384
[INFO GPL-1004] Minimum Feasible Density        0.3700 (cell_area / free_area)
[INFO GPL-1006]   Suggested Target Densities:
[INFO GPL-1007]     - For 90% usage of free space: 0.4042
[INFO GPL-1008]     - For 80% usage of free space: 0.4547
[INFO GPL-1009]     - For 50% usage of free space: 0.7276
[INFO GPL-1011] Original area (um^2): 1380.12
[INFO GPL-1012] Total routability artificial inflation: 0.00 (+0.00%)
[INFO GPL-1014] Final placement area: 1380.12 (+0.00%)
Setting global connections for newly added cells…
[INFO] Setting global connections...
[INFO ODB-0403] 0 connections made, 0 conflicts skipped.
Updating metrics…
Cell type report:                       Count       Area
  Fill cell                                46     172.67
  Tap cell                                 50      62.56
  Inverter                                  6      22.52
  Sequential cell                          24     630.60
  Multi-Input combinational cell           71     603.08
  Total                                   197    1491.43
Writing OpenROAD database to '/home/cl4/Desktop/training/riscv_soc_pd_ready/runs/RUN_2026-09-07_05-45-49/66-openroad-globalplacement/soc_top.odb'…
Writing netlist to '/home/cl4/Desktop/training/riscv_soc_pd_ready/runs/RUN_2026-09-07_05-45-49/66-openroad-globalplacement/soc_top.nl.v'…
Writing powered netlist to '/home/cl4/Desktop/training/riscv_soc_pd_ready/runs/RUN_2026-09-07_05-45-49/66-openroad-globalplacement/soc_top.pnl.v'…
Writing layout to '/home/cl4/Desktop/training/riscv_soc_pd_ready/runs/RUN_2026-09-07_05-45-49/66-openroad-globalplacement/soc_top.def'…
Writing timing constraints to '/home/cl4/Desktop/training/riscv_soc_pd_ready/runs/RUN_2026-09-07_05-45-49/66-openroad-globalplacement/soc_top.sdc'…
