Reading timing models for corner nom_tt_025C_1v80…
Reading timing library for the 'nom_tt_025C_1v80' corner at '/home/cl4/.ciel/ciel/sky130/versions/8afc8346a57fe1ab7934ba5a6056ea8b43078e71/sky130A/libs.ref/sky130_fd_sc_hd/lib/sky130_fd_sc_hd__tt_025C_1v80.lib'…
Reading OpenROAD database at '/home/cl4/Desktop/training/riscv_soc_pd_ready/runs/RUN_2026-09-07_05-45-49/367-openroad-resizertimingpostcts/soc_top.odb'…
Reading design constraints file at '/home/cl4/Desktop/training/riscv_soc_pd_ready/constraints/impl.sdc'…
[INFO] No information on clock propagation in input SDC file-- propagating all clocks.
[INFO] Setting signal min routing layer to: met1 and clock min routing layer to met1. 
[INFO] Setting signal max routing layer to: met5 and clock max routing layer to met5. 
+ global_route -congestion_iterations 50 -verbose
[INFO GRT-0020] Min routing layer: met1
[INFO GRT-0021] Max routing layer: met5
[INFO GRT-0022] Global adjustment: 30%
[INFO GRT-0023] Grid origin: (0, 0)
[INFO GRT-0088] Layer li1     Track-Pitch = 0.4600  line-2-Via Pitch: 0.3400
[INFO GRT-0088] Layer met1    Track-Pitch = 0.3400  line-2-Via Pitch: 0.3400
[INFO GRT-0088] Layer met2    Track-Pitch = 0.4600  line-2-Via Pitch: 0.3500
[INFO GRT-0088] Layer met3    Track-Pitch = 0.6800  line-2-Via Pitch: 0.6150
[INFO GRT-0088] Layer met4    Track-Pitch = 0.9200  line-2-Via Pitch: 1.0400
[INFO GRT-0088] Layer met5    Track-Pitch = 3.4000  line-2-Via Pitch: 3.1100
[INFO GRT-0003] Macros: 0
[INFO GRT-0004] Blockages: 370
[INFO GRT-0019] Found 4 clock nets.
[INFO GRT-0001] Minimum degree: 2
[INFO GRT-0002] Maximum degree: 14

[INFO GRT-0053] Routing resources analysis:
          Routing      Original      Derated      Resource
Layer     Direction    Resources     Resources    Reduction (%)
---------------------------------------------------------------
li1        Vertical            0             0          0.00%
met1       Horizontal       1711          1142          33.26%
met2       Vertical         1415           951          32.79%
met3       Horizontal       1047           701          33.05%
met4       Vertical          652           390          40.18%
met5       Horizontal        144            99          31.25%
---------------------------------------------------------------

[INFO GRT-0197] Via related to pin nodes: 624
[INFO GRT-0198] Via related Steiner nodes: 13
[INFO GRT-0199] Via filling finished.
[INFO GRT-0111] Final number of vias: 766
[INFO GRT-0112] Final usage 3D: 2601

[INFO GRT-0096] Final congestion report:
Layer         Resource        Demand        Usage (%)    Max H / Max V / Total Overflow
---------------------------------------------------------------------------------------
li1                  0             0            0.00%             0 /  0 /  0
met1              1142           146           12.78%             0 /  0 /  0
met2               951           146           15.35%             0 /  0 /  0
met3               701             7            1.00%             0 /  0 /  0
met4               390             4            1.03%             0 /  0 /  0
met5                99             0            0.00%             0 /  0 /  0
---------------------------------------------------------------------------------------
Total             3283           303            9.23%             0 /  0 /  0

[INFO GRT-0018] Total wirelength: 3781 um
[INFO GRT-0014] Routed nets: 110
[INFO GRT-0303] Global routing runtime = 00:00:00
Setting global connections for newly added cells…
[INFO] Setting global connections...
[INFO ODB-0403] 0 connections made, 0 conflicts skipped.
Updating metrics…
Cell type report:                       Count       Area
  Fill cell                                46     172.67
  Tap cell                                 50      62.56
  Clock buffer                              4      88.84
  Timing Repair Buffer                      4      31.28
  Inverter                                  6      22.52
  Sequential cell                          24     630.60
  Multi-Input combinational cell           71     603.08
  Total                                   205    1611.55
Writing OpenROAD database to '/home/cl4/Desktop/training/riscv_soc_pd_ready/runs/RUN_2026-09-07_05-45-49/369-openroad-globalrouting/soc_top.odb'…
Writing layout to '/home/cl4/Desktop/training/riscv_soc_pd_ready/runs/RUN_2026-09-07_05-45-49/369-openroad-globalrouting/soc_top.def'…
