Reading timing models for corner nom_tt_025C_1v80…
Reading timing library for the 'nom_tt_025C_1v80' corner at '/home/cl4/.ciel/ciel/sky130/versions/8afc8346a57fe1ab7934ba5a6056ea8b43078e71/sky130A/libs.ref/sky130_fd_sc_hd/lib/sky130_fd_sc_hd__tt_025C_1v80.lib'…
Reading OpenROAD database at '/home/cl4/Desktop/training/riscv_soc_pd_ready/runs/RUN_2026-09-07_05-45-49/372-openroad-repairantennas/1-openroad-diodeinsertion/soc_top.odb'…
Reading design constraints file at '/home/cl4/Desktop/training/riscv_soc_pd_ready/constraints/impl.sdc'…
[INFO] No information on clock propagation in input SDC file-- propagating all clocks.
[INFO ORD-0030] Using 12 thread(s).
+ detailed_route -droute_end_iter 64 -or_seed 42 -verbose 1 -output_drc /home/cl4/Desktop/training/riscv_soc_pd_ready/runs/RUN_2026-09-07_05-45-49/374-openroad-detailedrouting/drt-run-0/soc_top.drc
[INFO DRT-0149] Reading tech and libs.
[WARNING DRT-0349] LEF58_ENCLOSURE with no CUTCLASS is not supported. Skipping for layer mcon
[WARNING DRT-0349] LEF58_ENCLOSURE with no CUTCLASS is not supported. Skipping for layer mcon
[WARNING DRT-0349] LEF58_ENCLOSURE with no CUTCLASS is not supported. Skipping for layer via
[WARNING DRT-0349] LEF58_ENCLOSURE with no CUTCLASS is not supported. Skipping for layer via
[WARNING DRT-0349] LEF58_ENCLOSURE with no CUTCLASS is not supported. Skipping for layer via2
[WARNING DRT-0349] LEF58_ENCLOSURE with no CUTCLASS is not supported. Skipping for layer via2
[WARNING DRT-0349] LEF58_ENCLOSURE with no CUTCLASS is not supported. Skipping for layer via3
[WARNING DRT-0349] LEF58_ENCLOSURE with no CUTCLASS is not supported. Skipping for layer via3
[WARNING DRT-0349] LEF58_ENCLOSURE with no CUTCLASS is not supported. Skipping for layer via4
[WARNING DRT-0349] LEF58_ENCLOSURE with no CUTCLASS is not supported. Skipping for layer via4

Units:                1000
Number of layers:     13
Number of macros:     445
Number of vias:       29
Number of viarulegen: 25

[INFO DRT-0150] Reading design.

Design:                   soc_top
Die area:                 ( 0 0 ) ( 75750 86470 )
Number of track patterns: 12
Number of DEF vias:       0
Number of components:     205
Number of terminals:      15
Number of snets:          2
Number of nets:           110

[INFO DRT-0167] List of default vias:
  Layer via
    default via: M1M2_PR
  Layer via2
    default via: M2M3_PR
  Layer via3
    default via: M3M4_PR
  Layer via4
    default via: M4M5_PR
[INFO DRT-0162] Library cell analysis.
[INFO DRT-0163] Instance analysis.
[INFO DRT-0164] Number of unique instances = 65.
[INFO DRT-0168] Init region query.
[INFO DRT-0024]   Complete FR_MASTERSLICE.
[INFO DRT-0024]   Complete licon.
[INFO DRT-0024]   Complete li1.
[INFO DRT-0024]   Complete mcon.
[INFO DRT-0024]   Complete met1.
[INFO DRT-0024]   Complete via.
[INFO DRT-0024]   Complete met2.
[INFO DRT-0024]   Complete via2.
[INFO DRT-0024]   Complete met3.
[INFO DRT-0024]   Complete via3.
[INFO DRT-0024]   Complete met4.
[INFO DRT-0024]   Complete via4.
[INFO DRT-0024]   Complete met5.
[INFO DRT-0033] FR_MASTERSLICE shape region query size = 0.
[INFO DRT-0033] licon shape region query size = 0.
[INFO DRT-0033] li1 shape region query size = 4479.
[INFO DRT-0033] mcon shape region query size = 0.
[INFO DRT-0033] met1 shape region query size = 906.
[INFO DRT-0033] via shape region query size = 576.
[INFO DRT-0033] met2 shape region query size = 199.
[INFO DRT-0033] via2 shape region query size = 480.
[INFO DRT-0033] met3 shape region query size = 294.
[INFO DRT-0033] via3 shape region query size = 480.
[INFO DRT-0033] met4 shape region query size = 144.
[INFO DRT-0033] via4 shape region query size = 32.
[INFO DRT-0033] met5 shape region query size = 48.
[INFO DRT-0165] Start pin access.
[INFO DRT-0078]   Complete 470 pins.
[INFO DRT-0081]   Complete 65 unique inst patterns.
[INFO DRT-0084]   Complete 92 groups.
#scanned instances     = 205
#unique  instances     = 65
#stdCellGenAp          = 1450
#stdCellValidPlanarAp  = 38
#stdCellValidViaAp     = 1100
#stdCellPinNoAp        = 0
#stdCellPinCnt         = 371
#instTermValidViaApCnt = 0
#macroGenAp            = 0
#macroValidPlanarAp    = 0
#macroValidViaAp       = 0
#macroNoAp             = 0
[INFO DRT-0166] Complete pin access.
[INFO DRT-0267] cpu time = 00:00:29, elapsed time = 00:00:03, memory = 127.89 (MB), peak = 127.06 (MB)

[INFO DRT-0157] Number of guides:     808

[INFO DRT-0169] Post process guides.
[INFO DRT-0176] GCELLGRID X 0 DO 10 STEP 6900 ;
[INFO DRT-0177] GCELLGRID Y 0 DO 12 STEP 6900 ;
[INFO DRT-0028]   Complete FR_MASTERSLICE.
[INFO DRT-0028]   Complete licon.
[INFO DRT-0028]   Complete li1.
[INFO DRT-0028]   Complete mcon.
[INFO DRT-0028]   Complete met1.
[INFO DRT-0028]   Complete via.
[INFO DRT-0028]   Complete met2.
[INFO DRT-0028]   Complete via2.
[INFO DRT-0028]   Complete met3.
[INFO DRT-0028]   Complete via3.
[INFO DRT-0028]   Complete met4.
[INFO DRT-0028]   Complete via4.
[INFO DRT-0028]   Complete met5.
[INFO DRT-0178] Init guide query.
[INFO DRT-0035]   Complete FR_MASTERSLICE (guide).
[INFO DRT-0035]   Complete licon (guide).
[INFO DRT-0035]   Complete li1 (guide).
[INFO DRT-0035]   Complete mcon (guide).
[INFO DRT-0035]   Complete met1 (guide).
[INFO DRT-0035]   Complete via (guide).
[INFO DRT-0035]   Complete met2 (guide).
[INFO DRT-0035]   Complete via2 (guide).
[INFO DRT-0035]   Complete met3 (guide).
[INFO DRT-0035]   Complete via3 (guide).
[INFO DRT-0035]   Complete met4 (guide).
[INFO DRT-0035]   Complete via4 (guide).
[INFO DRT-0035]   Complete met5 (guide).
[INFO DRT-0036] FR_MASTERSLICE guide region query size = 0.
[INFO DRT-0036] licon guide region query size = 0.
[INFO DRT-0036] li1 guide region query size = 272.
[INFO DRT-0036] mcon guide region query size = 0.
[INFO DRT-0036] met1 guide region query size = 255.
[INFO DRT-0036] via guide region query size = 0.
[INFO DRT-0036] met2 guide region query size = 124.
[INFO DRT-0036] via2 guide region query size = 0.
[INFO DRT-0036] met3 guide region query size = 10.
[INFO DRT-0036] via3 guide region query size = 0.
[INFO DRT-0036] met4 guide region query size = 1.
[INFO DRT-0036] via4 guide region query size = 0.
[INFO DRT-0036] met5 guide region query size = 0.
[INFO DRT-0179] Init gr pin query.
[INFO DRT-0267] cpu time = 00:00:00, elapsed time = 00:00:00, memory = 128.27 (MB), peak = 127.19 (MB)
[INFO DRT-0245] skipped writing guide updates to database.
[INFO DRT-0185] Post process initialize RPin region query.
[INFO DRT-0181] Start track assignment.
[INFO DRT-0184] Done with 397 vertical wires in 1 frboxes and 265 horizontal wires in 1 frboxes.
[INFO DRT-0186] Done with 35 vertical wires in 1 frboxes and 50 horizontal wires in 1 frboxes.
[INFO DRT-0182] Complete track assignment.
[INFO DRT-0267] cpu time = 00:00:00, elapsed time = 00:00:00, memory = 130.06 (MB), peak = 128.94 (MB)
[INFO DRT-0187] Start routing data preparation.
[INFO DRT-0267] cpu time = 00:00:00, elapsed time = 00:00:00, memory = 130.13 (MB), peak = 128.94 (MB)
[INFO DRT-0194] Start detail routing.
[INFO DRT-0195] Start 0th optimization iteration.
    Completing 20% with 0 violations.
    elapsed time = 00:00:00, memory = 137.13 (MB).
    Completing 50% with 5 violations.
    elapsed time = 00:00:00, memory = 142.12 (MB).
    Completing 70% with 12 violations.
    elapsed time = 00:00:01, memory = 142.15 (MB).
    Completing 100% with 18 violations.
    elapsed time = 00:00:01, memory = 142.20 (MB).
[INFO DRT-0199]   Number of violations = 28.
Viol/Layer        mcon   met1   met2
Cut Spacing          1      0      0
Metal Spacing        0     10      0
Recheck              0      8      2
Short                0      7      0
[INFO DRT-0267] cpu time = 00:00:10, elapsed time = 00:00:01, memory = 504.33 (MB), peak = 502.97 (MB)
Total wire length = 2201 um.
Total wire length on LAYER li1 = 0 um.
Total wire length on LAYER met1 = 1138 um.
Total wire length on LAYER met2 = 1022 um.
Total wire length on LAYER met3 = 29 um.
Total wire length on LAYER met4 = 11 um.
Total wire length on LAYER met5 = 0 um.
Total number of vias = 745.
Up-via summary (total 745):

----------------------
 FR_MASTERSLICE      0
            li1    350
           met1    384
           met2      9
           met3      2
           met4      0
----------------------
               745


[INFO DRT-0195] Start 1st optimization iteration.
    Completing 20% with 28 violations.
    elapsed time = 00:00:00, memory = 504.39 (MB).
    Completing 50% with 28 violations.
    elapsed time = 00:00:00, memory = 515.02 (MB).
    Completing 70% with 22 violations.
    elapsed time = 00:00:00, memory = 515.02 (MB).
    Completing 100% with 0 violations.
    elapsed time = 00:00:01, memory = 516.30 (MB).
[INFO DRT-0199]   Number of violations = 0.
[INFO DRT-0267] cpu time = 00:00:09, elapsed time = 00:00:01, memory = 517.30 (MB), peak = 515.99 (MB)
Total wire length = 2179 um.
Total wire length on LAYER li1 = 0 um.
Total wire length on LAYER met1 = 1131 um.
Total wire length on LAYER met2 = 1006 um.
Total wire length on LAYER met3 = 28 um.
Total wire length on LAYER met4 = 13 um.
Total wire length on LAYER met5 = 0 um.
Total number of vias = 731.
Up-via summary (total 731):

----------------------
 FR_MASTERSLICE      0
            li1    350
           met1    370
           met2      9
           met3      2
           met4      0
----------------------
               731


[INFO DRT-0198] Complete detail routing.
Total wire length = 2179 um.
Total wire length on LAYER li1 = 0 um.
Total wire length on LAYER met1 = 1131 um.
Total wire length on LAYER met2 = 1006 um.
Total wire length on LAYER met3 = 28 um.
Total wire length on LAYER met4 = 13 um.
Total wire length on LAYER met5 = 0 um.
Total number of vias = 731.
Up-via summary (total 731):

----------------------
 FR_MASTERSLICE      0
            li1    350
           met1    370
           met2      9
           met3      2
           met4      0
----------------------
               731


[INFO DRT-0267] cpu time = 00:00:20, elapsed time = 00:00:02, memory = 517.41 (MB), peak = 516.16 (MB)

[INFO DRT-0180] Post processing.
+ check_antennas 
[INFO ANT-0002] Found 0 net violations.
[INFO ANT-0001] Found 0 pin violations.
Setting global connections for newly added cells…
[INFO] Setting global connections...
[INFO ODB-0403] 0 connections made, 0 conflicts skipped.
Updating metrics…
Cell type report:                       Count       Area
  Fill cell                                46     172.67
  Tap cell                                 50      62.56
  Clock buffer                              4      88.84
  Timing Repair Buffer                      4      31.28
  Inverter                                  6      22.52
  Sequential cell                          24     630.60
  Multi-Input combinational cell           71     603.08
  Total                                   205    1611.55
Writing OpenROAD database to '/home/cl4/Desktop/training/riscv_soc_pd_ready/runs/RUN_2026-09-07_05-45-49/374-openroad-detailedrouting/soc_top.odb'…
Writing netlist to '/home/cl4/Desktop/training/riscv_soc_pd_ready/runs/RUN_2026-09-07_05-45-49/374-openroad-detailedrouting/soc_top.nl.v'…
Writing powered netlist to '/home/cl4/Desktop/training/riscv_soc_pd_ready/runs/RUN_2026-09-07_05-45-49/374-openroad-detailedrouting/soc_top.pnl.v'…
Writing layout to '/home/cl4/Desktop/training/riscv_soc_pd_ready/runs/RUN_2026-09-07_05-45-49/374-openroad-detailedrouting/soc_top.def'…
Writing timing constraints to '/home/cl4/Desktop/training/riscv_soc_pd_ready/runs/RUN_2026-09-07_05-45-49/374-openroad-detailedrouting/soc_top.sdc'…
