139. Printing statistics.

=== soc_top ===

        +----------Local Count, excluding submodules.
        | 
      122 wires
      149 wire bits
        9 public wires
       36 public wire bits
        6 ports
       13 port bits
      137 cells
       32   $_ANDNOT_
        1   $_AND_
       19   $_DFFE_PN0P_
        3   $_DFF_PN0_
        2   $_DFF_PN1_
        2   $_MUX_
       10   $_NAND_
        1   $_NOR_
        1   $_NOT_
       10   $_ORNOT_
       39   $_OR_
        2   $_XNOR_
       15   $_XOR_

   Area for cell type $_ANDNOT_ is unknown!
   Area for cell type $_AND_ is unknown!
   Area for cell type $_DFFE_PN0P_ is unknown!
   Area for cell type $_DFF_PN0_ is unknown!
   Area for cell type $_DFF_PN1_ is unknown!
   Area for cell type $_MUX_ is unknown!
   Area for cell type $_NAND_ is unknown!
   Area for cell type $_NOR_ is unknown!
   Area for cell type $_NOT_ is unknown!
   Area for cell type $_ORNOT_ is unknown!
   Area for cell type $_OR_ is unknown!
   Area for cell type $_XNOR_ is unknown!
   Area for cell type $_XOR_ is unknown!

