153. Printing statistics.

=== soc_top ===

        +----------Local Count, excluding submodules.
        |        +-Local Area, excluding submodules.
        |        | 
       96        - wires
      103        - wire bits
       29        - public wires
       36        - public wire bits
        6        - ports
       13        - port bits
      101 1.26E+03 cells
        1   12.512   sky130_fd_sc_hd__a211oi_2
        1    10.01   sky130_fd_sc_hd__a21bo_2
        1   11.261   sky130_fd_sc_hd__a21boi_2
        2   17.517   sky130_fd_sc_hd__a21o_2
        3   26.275   sky130_fd_sc_hd__a21oi_2
        1    8.758   sky130_fd_sc_hd__a31o_2
        1   12.512   sky130_fd_sc_hd__a31oi_2
        3   22.522   sky130_fd_sc_hd__and2_2
        1    8.758   sky130_fd_sc_hd__and2b_2
        7    52.55   sky130_fd_sc_hd__and3_2
        6   60.058   sky130_fd_sc_hd__and4_2
        2   22.522   sky130_fd_sc_hd__and4b_2
       10   37.536   sky130_fd_sc_hd__conb_1
       22  578.054   sky130_fd_sc_hd__dfrtp_2
        2    52.55   sky130_fd_sc_hd__dfstp_2
        6   22.522   sky130_fd_sc_hd__inv_2
        4   25.024   sky130_fd_sc_hd__nand2_2
        2   20.019   sky130_fd_sc_hd__nand3_2
        6   37.536   sky130_fd_sc_hd__nor2_2
        3   26.275   sky130_fd_sc_hd__o21ai_2
        1    10.01   sky130_fd_sc_hd__o21ba_2
        1    10.01   sky130_fd_sc_hd__o22a_2
        2   12.512   sky130_fd_sc_hd__or2_2
        3   22.522   sky130_fd_sc_hd__or3_2
        1    8.758   sky130_fd_sc_hd__or4_2
        3   30.029   sky130_fd_sc_hd__or4b_2
        2   32.531   sky130_fd_sc_hd__xnor2_2
        4   65.062   sky130_fd_sc_hd__xor2_2

   Chip area for module '\soc_top': 1256.204800
     of which used for sequential elements: 630.604800 (50.20%)

