Clock: clk
Sources: clk 
Generated: no
Virtual: yes
Propagated: no
Period: 20.000000

===========================================================================
report_clock_properties
============================================================================
Clock                   Period          Waveform
----------------------------------------------------
clk                  20.000000    0.000000 10.000000

===========================================================================
report_clock_latency
============================================================================
Clock clk
rise -> rise
    min     max
0.000000 0.000000 source latency
2.202012         network latency _28299_/CLK
        2.606554 network latency _28016_/CLK
---------------
2.202012 2.606554 latency
        0.404541 skew

fall -> fall
    min     max
0.000000 0.000000 source latency
1.824689         network latency _28299_/CLK
        2.145455 network latency _28016_/CLK
---------------
1.824689 2.145455 latency
        0.320767 skew



===========================================================================
report_clock_min_period
============================================================================
clk period_min = 21.21 fmax = 47.14
