
===========================================================================
Violator List
============================================================================
[setup in-reg] imem_data[15] -> _28152_/D : -4.093723
[setup in-reg] imem_data[15] -> _28154_/D : -4.074098
[setup in-reg] imem_data[15] -> _28156_/D : -4.072200
[setup in-reg] imem_data[15] -> _28157_/D : -4.070545
[setup in-reg] imem_data[15] -> _28250_/D : -4.068195
[setup in-reg] imem_data[15] -> _28167_/D : -4.065994
[setup in-reg] imem_data[15] -> _28153_/D : -4.061960
[setup in-reg] imem_data[15] -> _28155_/D : -4.054840
[setup in-reg] imem_data[15] -> _28248_/D : -4.050483
[setup in-reg] imem_data[15] -> _28158_/D : -4.049678
[setup in-reg] imem_data[15] -> _28150_/D : -4.048486
[setup in-reg] imem_data[15] -> _28249_/D : -4.044480
[setup in-reg] imem_data[15] -> _28253_/D : -4.036647
[setup in-reg] imem_data[15] -> _28247_/D : -4.025472
[setup in-reg] imem_data[15] -> _28254_/D : -4.010435
[setup in-reg] imem_data[15] -> _28246_/D : -4.009293
[setup in-reg] imem_data[15] -> _27992_/D : -3.764591
[setup in-reg] imem_data[15] -> _27989_/D : -3.755798
[setup in-reg] imem_data[15] -> _28277_/D : -3.747649
[setup in-reg] imem_data[15] -> _27999_/D : -3.747436
[setup in-reg] imem_data[15] -> _27994_/D : -3.746463
[setup in-reg] imem_data[15] -> _27995_/D : -3.743896
[setup in-reg] imem_data[15] -> _27997_/D : -3.734364
[setup in-reg] imem_data[15] -> _27988_/D : -3.733691
[setup in-reg] imem_data[15] -> _27991_/D : -3.727553
[setup in-reg] imem_data[15] -> _28279_/D : -3.726681
[setup in-reg] imem_data[15] -> _28287_/D : -3.717606
[setup in-reg] imem_data[15] -> _28291_/D : -3.717457
[setup in-reg] imem_data[15] -> _28276_/D : -3.715783
[setup in-reg] imem_data[15] -> _28292_/D : -3.713199
[setup in-reg] imem_data[15] -> _28294_/D : -3.710819
[setup in-reg] imem_data[15] -> _27990_/D : -3.709978
[setup in-reg] imem_data[15] -> _28282_/D : -3.706971
[setup in-reg] imem_data[15] -> _28283_/D : -3.702601
[setup in-reg] imem_data[15] -> _28278_/D : -3.698851
[setup in-reg] imem_data[15] -> _28006_/D : -3.698130
[setup in-reg] imem_data[15] -> _28120_/D : -3.505392
[setup in-reg] imem_data[15] -> _28126_/D : -3.503415
[setup in-reg] imem_data[15] -> _28122_/D : -3.502441
[setup in-reg] imem_data[15] -> _28118_/D : -3.498208
[setup in-reg] imem_data[15] -> _28121_/D : -3.491397
[setup in-reg] imem_data[15] -> _28117_/D : -3.482430
[setup in-reg] imem_data[15] -> _28124_/D : -3.465727
[setup in-reg] imem_data[15] -> _28119_/D : -3.446232
[setup in-reg] imem_data[15] -> _27892_/D : -3.426520
[setup in-reg] imem_data[15] -> _28344_/D : -3.424345
[setup in-reg] imem_data[15] -> _28345_/D : -3.406950
[setup in-reg] imem_data[15] -> _28342_/D : -3.406061
[setup in-reg] imem_data[15] -> _28350_/D : -3.404971
[setup in-reg] imem_data[15] -> _28343_/D : -3.398300
[setup in-reg] imem_data[15] -> _28340_/D : -3.397625
[setup in-reg] imem_data[15] -> _28351_/D : -3.392262
[setup in-reg] imem_data[15] -> _28347_/D : -3.388941
[setup in-reg] imem_data[15] -> _28346_/D : -3.385903
[setup in-reg] imem_data[15] -> _28218_/D : -3.383880
[setup in-reg] imem_data[15] -> _28349_/D : -3.380258
[setup in-reg] imem_data[15] -> _28341_/D : -3.376664
[setup in-reg] imem_data[15] -> _28220_/D : -3.375144
[setup in-reg] imem_data[15] -> _28216_/D : -3.374467
[setup in-reg] imem_data[15] -> _28231_/D : -3.360032
[setup in-reg] imem_data[15] -> _28222_/D : -3.359149
[setup in-reg] imem_data[15] -> _28358_/D : -3.357732
[setup in-reg] imem_data[15] -> _28252_/D : -3.352106
[setup in-reg] imem_data[15] -> _28217_/D : -3.347607
[setup in-reg] imem_data[15] -> _28214_/D : -3.346727
[setup in-reg] imem_data[15] -> _28221_/D : -3.343509
[setup in-reg] imem_data[15] -> _27901_/D : -3.340878
[setup in-reg] imem_data[15] -> _28263_/D : -3.331056
[setup in-reg] imem_data[15] -> _27896_/D : -3.330486
[setup in-reg] imem_data[15] -> _28312_/D : -3.327427
[setup in-reg] imem_data[15] -> _27894_/D : -3.327196
[setup in-reg] imem_data[15] -> _28245_/D : -3.324415
[setup in-reg] imem_data[15] -> _28251_/D : -3.320477
[setup in-reg] imem_data[15] -> _28255_/D : -3.319515
[setup in-reg] imem_data[15] -> _27895_/D : -3.318785
[setup in-reg] imem_data[15] -> _28224_/D : -3.318325
[setup in-reg] imem_data[15] -> _27903_/D : -3.315586
[setup in-reg] imem_data[15] -> _28309_/D : -3.312575
[setup in-reg] imem_data[15] -> _28244_/D : -3.312179
[setup in-reg] imem_data[15] -> _27893_/D : -3.311929
[setup in-reg] imem_data[15] -> _28315_/D : -3.310918
[setup in-reg] imem_data[15] -> _28311_/D : -3.309291
[setup in-reg] imem_data[15] -> _27898_/D : -3.308113
[setup in-reg] imem_data[15] -> _28319_/D : -3.307584
[setup in-reg] imem_data[15] -> _28262_/D : -3.307040
[setup in-reg] imem_data[15] -> _28149_/D : -3.301922
[setup in-reg] imem_data[15] -> _28230_/D : -3.301459
[setup in-reg] imem_data[15] -> _27899_/D : -3.297876
[setup in-reg] imem_data[15] -> _28308_/D : -3.293161
[setup in-reg] imem_data[15] -> _28310_/D : -3.285500
[setup in-reg] imem_data[15] -> _28314_/D : -3.285100
[setup in-reg] imem_data[15] -> _28159_/D : -3.281494
[setup in-reg] imem_data[15] -> _28326_/D : -3.281283
[setup in-reg] imem_data[15] -> _28151_/D : -3.280130
[setup in-reg] imem_data[15] -> _28317_/D : -3.279459
[setup in-reg] imem_data[15] -> _28164_/D : -3.274414
[setup in-reg] imem_data[15] -> _28160_/D : -3.258549
[setup in-reg] imem_data[15] -> _28166_/D : -3.254918
[setup in-reg] imem_data[15] -> _28186_/D : -3.252074
[setup in-reg] imem_data[15] -> _28148_/D : -3.243505
[setup in-reg] imem_data[15] -> _28181_/D : -3.231923
[setup in-reg] imem_data[15] -> _28184_/D : -3.229246
[setup in-reg] imem_data[15] -> _28020_/D : -3.225070
[setup in-reg] imem_data[15] -> _28187_/D : -3.213017
[setup in-reg] imem_data[15] -> _27956_/D : -3.205377
[setup in-reg] imem_data[15] -> _28182_/D : -3.200020
[setup in-reg] imem_data[15] -> _28183_/D : -3.180443
[setup in-reg] imem_data[15] -> _27969_/D : -3.173055
[setup in-reg] imem_data[15] -> _27976_/D : -3.166449
[setup in-reg] imem_data[15] -> _27978_/D : -3.164244
[setup in-reg] imem_data[15] -> _27971_/D : -3.163891
[setup in-reg] imem_data[15] -> _28180_/D : -3.163368
[setup in-reg] imem_data[15] -> _27977_/D : -3.157069
[setup in-reg] imem_data[15] -> _27970_/D : -3.153760
[setup in-reg] imem_data[15] -> _27942_/D : -3.150605
[setup in-reg] imem_data[15] -> _28102_/D : -3.146354
[setup in-reg] imem_data[15] -> _27974_/D : -3.143205
[setup in-reg] imem_data[15] -> _27933_/D : -3.135373
[setup in-reg] imem_data[15] -> _27965_/D : -3.133883
[setup in-reg] imem_data[15] -> _28040_/D : -3.133826
[setup in-reg] imem_data[15] -> _28285_/D : -3.132934
[setup in-reg] imem_data[15] -> _28043_/D : -3.132760
[setup in-reg] imem_data[15] -> _28093_/D : -3.132547
[setup in-reg] imem_data[15] -> _28042_/D : -3.130239
[setup in-reg] imem_data[15] -> _28189_/D : -3.130229
[setup in-reg] imem_data[15] -> _28061_/D : -3.128916
[setup in-reg] imem_data[15] -> _28034_/D : -3.128655
[setup in-reg] imem_data[15] -> _28026_/D : -3.123312
[setup in-reg] imem_data[15] -> _28029_/D : -3.121763
[setup in-reg] imem_data[15] -> _27967_/D : -3.120762
[setup in-reg] imem_data[15] -> _27910_/D : -3.120377
[setup in-reg] imem_data[15] -> _28125_/D : -3.115742
[setup in-reg] imem_data[15] -> _27935_/D : -3.115726
[setup in-reg] imem_data[15] -> _28024_/D : -3.114863
[setup in-reg] imem_data[15] -> _28021_/D : -3.112369
[setup in-reg] imem_data[15] -> _28198_/D : -3.110532
[setup in-reg] imem_data[15] -> _28070_/D : -3.108603
[setup in-reg] imem_data[15] -> _28038_/D : -3.105644
[setup in-reg] imem_data[15] -> _28022_/D : -3.105347
[setup in-reg] imem_data[15] -> _28063_/D : -3.103926
[setup in-reg] imem_data[15] -> _28095_/D : -3.103542
[setup in-reg] imem_data[15] -> _28031_/D : -3.102841
[setup in-reg] imem_data[15] -> _28023_/D : -3.102809
[setup in-reg] imem_data[15] -> _28092_/D : -3.099606
[setup in-reg] imem_data[15] -> _27960_/D : -3.098382
[setup in-reg] imem_data[15] -> _28037_/D : -3.096966
[setup in-reg] imem_data[15] -> _28103_/D : -3.096156
[setup in-reg] imem_data[15] -> _28098_/D : -3.093799
[setup in-reg] imem_data[15] -> _28101_/D : -3.089973
[setup in-reg] imem_data[15] -> _28106_/D : -3.087918
[setup in-reg] imem_data[15] -> _28089_/D : -3.085402
[setup in-reg] imem_data[15] -> _27957_/D : -3.085354
[setup in-reg] imem_data[15] -> _28094_/D : -3.082398
[setup in-reg] imem_data[15] -> _28127_/D : -3.082068
[setup in-reg] imem_data[15] -> _28027_/D : -3.078576
[setup in-reg] imem_data[15] -> _28084_/D : -3.073606
[setup in-reg] imem_data[15] -> _27958_/D : -3.072444
[setup in-reg] imem_data[15] -> _28191_/D : -3.071049
[setup in-reg] imem_data[15] -> _27959_/D : -3.069792
[setup in-reg] imem_data[15] -> _28223_/D : -3.064830
[setup in-reg] imem_data[15] -> _27909_/D : -3.063761
[setup in-reg] imem_data[15] -> _28096_/D : -3.059753
[setup in-reg] imem_data[15] -> _28134_/D : -3.056910
[setup in-reg] imem_data[15] -> _28069_/D : -3.056131
[setup in-reg] imem_data[15] -> _27941_/D : -3.053506
[setup in-reg] imem_data[15] -> _27973_/D : -3.052366
[setup in-reg] imem_data[15] -> _27962_/D : -3.048339
[setup in-reg] imem_data[15] -> _27963_/D : -3.046473
[setup in-reg] imem_data[15] -> _28197_/D : -3.039606
[setup in-reg] imem_data[15] -> _27998_/D : -3.037696
[setup in-reg] imem_data[15] -> _27968_/D : -3.023819
[setup in-reg] imem_data[15] -> _27904_/D : -3.023429
[setup in-reg] imem_data[15] -> _28032_/D : -3.022858
[setup in-reg] imem_data[15] -> _28064_/D : -3.022452
[setup in-reg] imem_data[15] -> _28190_/D : -3.020846
[setup in-reg] imem_data[15] -> _27936_/D : -3.016874
[setup in-reg] imem_data[15] -> _28133_/D : -3.015035
[setup in-reg] imem_data[15] -> _28005_/D : -3.011216
[setup in-reg] imem_data[15] -> _27938_/D : -3.000913
[setup in-reg] imem_data[15] -> _28258_/D : -2.997453
[setup in-reg] imem_data[15] -> _27906_/D : -2.991520
[setup in-reg] imem_data[15] -> _28000_/D : -2.982590
[setup in-reg] imem_data[15] -> _28192_/D : -2.977126
[setup in-reg] imem_data[15] -> _28128_/D : -2.973049
[setup in-reg] imem_data[15] -> _28194_/D : -2.953531
[setup in-reg] imem_data[15] -> _28162_/D : -2.952350
[setup in-reg] imem_data[15] -> _28090_/D : -2.950049
[setup in-reg] imem_data[15] -> _28226_/D : -2.949172
[setup in-reg] imem_data[15] -> _28088_/D : -2.943736
[setup in-reg] imem_data[15] -> _28087_/D : -2.923978
[setup in-reg] imem_data[15] -> _28085_/D : -2.918084
[setup in-reg] imem_data[15] -> _28091_/D : -2.901590
[setup in-reg] imem_data[15] -> _28086_/D : -2.900700
[setup in-reg] imem_data[15] -> _27934_/D : -2.895337
[setup in-reg] imem_data[15] -> _28030_/D : -2.888871
[setup in-reg] imem_data[15] -> _28323_/D : -2.883015
[setup in-reg] imem_data[15] -> _28062_/D : -2.881704
[setup in-reg] imem_data[15] -> _27902_/D : -2.880507
[setup in-reg] imem_data[15] -> _28259_/D : -2.880398
[setup in-reg] imem_data[15] -> _28099_/D : -2.878537
[setup in-reg] imem_data[15] -> _28067_/D : -2.877382
[setup in-reg] imem_data[15] -> _28280_/D : -2.875826
[setup in-reg] imem_data[15] -> _28215_/D : -2.866230
[setup in-reg] imem_data[15] -> _26837_/D : -2.851728
[setup in-reg] imem_data[15] -> _28131_/D : -2.850726
[setup in-reg] imem_data[15] -> _28286_/D : -2.848646
[setup in-reg] imem_data[15] -> _28284_/D : -2.842119
[setup in-reg] imem_data[15] -> _28295_/D : -2.839608
[setup in-reg] imem_data[15] -> _28298_/D : -2.836291
[setup in-reg] imem_data[15] -> _28293_/D : -2.834694
[setup in-reg] imem_data[15] -> _28003_/D : -2.834669
[setup in-reg] imem_data[15] -> _28195_/D : -2.834566
[setup in-reg] imem_data[15] -> _28297_/D : -2.833014
[setup in-reg] imem_data[15] -> _27943_/D : -2.832167
[setup in-reg] imem_data[15] -> _28071_/D : -2.831715
[setup in-reg] imem_data[15] -> _28290_/D : -2.830117
[setup in-reg] imem_data[15] -> _28039_/D : -2.829369
[setup in-reg] imem_data[15] -> _28227_/D : -2.828314
[setup in-reg] imem_data[15] -> _28281_/D : -2.824278
[setup in-reg] imem_data[15] -> _27911_/D : -2.820212
[setup in-reg] imem_data[15] -> _28055_/D : -2.817806
[setup in-reg] imem_data[15] -> _28288_/D : -2.817375
[setup in-reg] imem_data[15] -> _27927_/D : -2.815814
[setup in-reg] imem_data[15] -> _27996_/D : -2.807004
[setup in-reg] imem_data[15] -> _26834_/D : -2.795559
[setup in-reg] imem_data[15] -> _27975_/D : -2.794476
[setup in-reg] imem_data[15] -> _27993_/D : -2.790340
[setup in-reg] imem_data[15] -> _28002_/D : -2.776199
[setup in-reg] imem_data[15] -> _28135_/D : -2.766576
[setup in-reg] imem_data[15] -> _28004_/D : -2.762478
[setup in-reg] imem_data[15] -> _26832_/D : -2.762452
[setup in-reg] imem_data[15] -> _26833_/D : -2.760812
[setup in-reg] imem_data[15] -> _28009_/D : -2.754650
[setup in-reg] imem_data[15] -> _28028_/D : -2.751873
[setup in-reg] imem_data[15] -> _26839_/D : -2.751671
[setup in-reg] imem_data[15] -> _28199_/D : -2.751209
[setup in-reg] imem_data[15] -> _28025_/D : -2.748728
[setup in-reg] imem_data[15] -> _28007_/D : -2.748340
[setup in-reg] imem_data[15] -> _26835_/D : -2.675414
[setup in-reg] imem_data[15] -> _28267_/D : -2.670928
[setup in-reg] imem_data[15] -> _27979_/D : -2.670701
[setup in-reg] imem_data[15] -> _27947_/D : -2.667108
[setup in-reg] imem_data[15] -> _28363_/D : -2.665994
[setup in-reg] imem_data[15] -> _28075_/D : -2.664841
[setup in-reg] imem_data[15] -> _27972_/D : -2.642406
[setup in-reg] imem_data[15] -> _28357_/D : -2.632385
[setup in-reg] imem_data[15] -> _28325_/D : -2.629067
[setup in-reg] imem_data[15] -> _28213_/D : -2.623995
[setup in-reg] imem_data[15] -> _28235_/D : -2.621375
[setup in-reg] imem_data[15] -> _28050_/D : -2.618338
[setup in-reg] imem_data[15] -> _28171_/D : -2.618073
[setup in-reg] imem_data[15] -> _28011_/D : -2.617473
[setup in-reg] imem_data[15] -> _28123_/D : -2.616393
[setup in-reg] imem_data[15] -> _28242_/D : -2.612042
[setup in-reg] imem_data[15] -> _28306_/D : -2.611282
[setup in-reg] imem_data[15] -> _27986_/D : -2.610907
[setup in-reg] imem_data[15] -> _28261_/D : -2.610513
[setup in-reg] imem_data[15] -> _28316_/D : -2.609381
[setup in-reg] imem_data[15] -> _28114_/D : -2.609014
[setup in-reg] imem_data[15] -> _27954_/D : -2.608189
[setup in-reg] imem_data[15] -> _28018_/D : -2.607481
[setup in-reg] imem_data[15] -> _28178_/D : -2.606806
[setup in-reg] imem_data[15] -> _28348_/D : -2.605557
[setup in-reg] imem_data[15] -> _28274_/D : -2.605084
[setup in-reg] imem_data[15] -> _26836_/D : -2.599339
[setup in-reg] imem_data[15] -> _28116_/D : -2.590024
[setup in-reg] imem_data[15] -> _27932_/D : -2.588420
[setup in-reg] imem_data[15] -> _27900_/D : -2.588347
[setup in-reg] imem_data[15] -> _28060_/D : -2.585198
[setup in-reg] imem_data[15] -> _27964_/D : -2.582994
[setup in-reg] imem_data[15] -> _28229_/D : -2.582908
[setup in-reg] imem_data[15] -> _27924_/D : -2.580194
[setup in-reg] imem_data[15] -> _28052_/D : -2.579951
[setup in-reg] imem_data[15] -> _28313_/D : -2.575480
[setup in-reg] imem_data[15] -> _28354_/D : -2.574000
[setup in-reg] imem_data[15] -> _28066_/D : -2.569983
[setup in-reg] imem_data[15] -> _28322_/D : -2.566894
[setup in-reg] imem_data[15] -> _28318_/D : -2.562953
[setup in-reg] imem_data[15] -> _28352_/D : -2.562881
[setup in-reg] imem_data[15] -> _28165_/D : -2.557311
[setup in-reg] imem_data[15] -> _28320_/D : -2.548651
[setup in-reg] imem_data[15] -> _28256_/D : -2.547779
[setup in-reg] imem_data[15] -> _27861_/D : -2.543880
[setup in-reg] imem_data[15] -> _27862_/D : -2.542528
[setup in-reg] imem_data[15] -> _27871_/D : -2.541395
[setup in-reg] imem_data[15] -> _27897_/D : -2.540339
[setup in-reg] imem_data[15] -> _27961_/D : -2.537359
[setup in-reg] imem_data[15] -> _28057_/D : -2.536769
[setup in-reg] imem_data[15] -> _27870_/D : -2.536414
[setup in-reg] imem_data[15] -> _26755_/D : -2.535629
[setup in-reg] imem_data[15] -> _26757_/D : -2.532060
[setup in-reg] imem_data[15] -> _28327_/D : -2.531826
[setup in-reg] imem_data[15] -> _26760_/D : -2.531783
[setup in-reg] imem_data[15] -> _27866_/D : -2.531433
[setup in-reg] imem_data[15] -> _26761_/D : -2.530559
[setup in-reg] imem_data[15] -> _26756_/D : -2.530221
[setup in-reg] imem_data[15] -> _27865_/D : -2.530097
[setup in-reg] imem_data[15] -> _28140_/D : -2.529118
[setup in-reg] imem_data[15] -> _26765_/D : -2.528971
[setup in-reg] imem_data[15] -> _27878_/D : -2.528203
[setup in-reg] imem_data[15] -> _28329_/D : -2.527411
[setup in-reg] imem_data[15] -> _27867_/D : -2.526807
[setup in-reg] imem_data[15] -> _26759_/D : -2.525487
[setup in-reg] imem_data[15] -> _28330_/D : -2.523070
[setup in-reg] imem_data[15] -> _26838_/D : -2.522787
[setup in-reg] imem_data[15] -> _26762_/D : -2.522409
[setup in-reg] imem_data[15] -> _27863_/D : -2.520466
[setup in-reg] imem_data[15] -> _27864_/D : -2.519146
[setup in-reg] imem_data[15] -> _27879_/D : -2.518304
[setup in-reg] imem_data[15] -> _28324_/D : -2.518163
[setup in-reg] imem_data[15] -> _27868_/D : -2.518149
[setup in-reg] imem_data[15] -> _26754_/D : -2.516860
[setup in-reg] imem_data[15] -> _27869_/D : -2.516805
[setup in-reg] imem_data[15] -> _28264_/D : -2.516505
[setup in-reg] imem_data[15] -> _28257_/D : -2.516275
[setup in-reg] imem_data[15] -> _26758_/D : -2.515906
[setup in-reg] imem_data[15] -> _27881_/D : -2.514335
[setup in-reg] imem_data[15] -> _27872_/D : -2.513373
[setup in-reg] imem_data[15] -> _28265_/D : -2.513277
[setup in-reg] imem_data[15] -> _28266_/D : -2.511200
[setup in-reg] imem_data[15] -> _28129_/D : -2.509276
[setup in-reg] imem_data[15] -> _27882_/D : -2.508328
[setup in-reg] imem_data[15] -> _28260_/D : -2.506646
[setup in-reg] imem_data[15] -> _28228_/D : -2.505980
[setup in-reg] imem_data[15] -> _28145_/D : -2.505882
[setup in-reg] imem_data[15] -> _28139_/D : -2.505766
[setup in-reg] imem_data[15] -> _28136_/D : -2.505434
[setup in-reg] imem_data[15] -> _27873_/D : -2.503146
[setup in-reg] imem_data[15] -> _27883_/D : -2.502217
[setup in-reg] imem_data[15] -> _27928_/D : -2.502128
[setup in-reg] imem_data[15] -> _27876_/D : -2.501677
[setup in-reg] imem_data[15] -> _28056_/D : -2.501450
[setup in-reg] imem_data[15] -> _28234_/D : -2.500622
[setup in-reg] imem_data[15] -> _27884_/D : -2.497613
[setup in-reg] imem_data[15] -> _28359_/D : -2.496799
[setup in-reg] imem_data[15] -> _27880_/D : -2.496686
[setup in-reg] imem_data[15] -> _28130_/D : -2.493886
[setup in-reg] imem_data[15] -> _27874_/D : -2.493712
[setup in-reg] imem_data[15] -> _28137_/D : -2.491635
[setup in-reg] imem_data[15] -> _28142_/D : -2.490301
[setup in-reg] imem_data[15] -> _28362_/D : -2.488997
[setup in-reg] imem_data[15] -> _28361_/D : -2.488797
[setup in-reg] imem_data[15] -> _28355_/D : -2.486505
[setup in-reg] imem_data[15] -> _28353_/D : -2.485681
[setup in-reg] imem_data[15] -> _28356_/D : -2.483789
[setup in-reg] imem_data[15] -> _27875_/D : -2.481990
[setup in-reg] imem_data[15] -> _28219_/D : -2.474192
[setup in-reg] imem_data[15] -> _28058_/D : -2.470728
[setup in-reg] imem_data[15] -> _28054_/D : -2.470719
[setup in-reg] imem_data[15] -> _26822_/D : -2.469719
[setup in-reg] imem_data[15] -> _28073_/D : -2.469203
[setup in-reg] imem_data[15] -> _28036_/D : -2.467448
[setup in-reg] imem_data[15] -> _28053_/D : -2.467147
[setup in-reg] imem_data[15] -> _28068_/D : -2.466408
[setup in-reg] imem_data[15] -> _28074_/D : -2.463381
[setup in-reg] imem_data[15] -> _28188_/D : -2.456586
[setup in-reg] imem_data[15] -> _27940_/D : -2.456014
[setup in-reg] imem_data[15] -> _28072_/D : -2.455787
[setup in-reg] imem_data[15] -> _27966_/D : -2.449992
[setup in-reg] imem_data[15] -> _27908_/D : -2.447409
[setup in-reg] imem_data[15] -> _27925_/D : -2.446276
[setup in-reg] imem_data[15] -> _28201_/D : -2.446116
[setup in-reg] imem_data[15] -> _28212_/D : -2.443699
[setup in-reg] imem_data[15] -> _27931_/D : -2.441571
[setup in-reg] imem_data[15] -> _27914_/D : -2.441446
[setup in-reg] imem_data[15] -> _28059_/D : -2.441434
[setup in-reg] imem_data[15] -> _28193_/D : -2.437325
[setup in-reg] imem_data[15] -> _28185_/D : -2.436220
[setup in-reg] imem_data[15] -> _27907_/D : -2.433095
[setup in-reg] imem_data[15] -> _27926_/D : -2.430282
[setup in-reg] imem_data[15] -> _27930_/D : -2.430053
[setup in-reg] imem_data[15] -> _28196_/D : -2.428534
[setup in-reg] imem_data[15] -> _28100_/D : -2.426182
[setup in-reg] imem_data[15] -> _26820_/D : -2.423784
[setup in-reg] imem_data[15] -> _27913_/D : -2.421077
[setup in-reg] imem_data[15] -> _28138_/D : -2.420508
[setup in-reg] imem_data[15] -> _28132_/D : -2.418140
[setup in-reg] imem_data[15] -> _26821_/D : -2.416011
[setup in-reg] imem_data[15] -> _28010_/D : -2.413121
[setup in-reg] imem_data[15] -> _28170_/D : -2.409962
[setup in-reg] imem_data[15] -> _28202_/D : -2.408601
[setup in-reg] imem_data[15] -> _27945_/D : -2.396760
[setup in-reg] imem_data[15] -> _27929_/D : -2.394707
[setup in-reg] imem_data[15] -> _26819_/D : -2.379070
[setup in-reg] imem_data[15] -> _27939_/D : -2.368056
[setup in-reg] imem_data[15] -> _28035_/D : -2.365457
[setup in-reg] imem_data[15] -> _28169_/D : -2.344757
[setup in-reg] imem_data[15] -> _27953_/D : -2.339363
[setup in-reg] imem_data[15] -> _28172_/D : -2.338085
[setup in-reg] imem_data[15] -> _28161_/D : -2.338076
[setup in-reg] imem_data[15] -> _28163_/D : -2.337089
[setup in-reg] imem_data[15] -> _27948_/D : -2.328628
[setup in-reg] imem_data[15] -> _28168_/D : -2.323029
[setup in-reg] imem_data[15] -> _26846_/D : -2.314211
[setup in-reg] imem_data[15] -> _26823_/D : -2.297327
[setup in-reg] imem_data[15] -> _27915_/D : -2.271447
[setup in-reg] imem_data[15] -> _28299_/D : -2.270143
[setup in-reg] imem_data[15] -> _28107_/D : -2.266948
[setup in-reg] imem_data[15] -> _26841_/D : -2.253964
[setup in-reg] imem_data[15] -> _27946_/D : -2.243715
[setup in-reg] imem_data[15] -> _26840_/D : -2.240489
[setup in-reg] imem_data[15] -> _26842_/D : -2.239979
[setup in-reg] imem_data[15] -> _26847_/D : -2.232973
[setup in-reg] imem_data[15] -> _26843_/D : -2.232426
[setup in-reg] imem_data[15] -> _28225_/D : -2.230499
[setup in-reg] imem_data[15] -> _26845_/D : -2.222174
[setup in-reg] imem_data[15] -> _26844_/D : -2.219311
[setup in-reg] imem_data[15] -> _28331_/D : -2.211365
[setup in-reg] imem_data[15] -> _28204_/D : -2.210538
[setup in-reg] imem_data[15] -> _28082_/D : -2.203448
[setup in-reg] imem_data[15] -> _28200_/D : -2.200187
[setup in-reg] imem_data[15] -> _28210_/D : -2.200050
[setup in-reg] imem_data[15] -> _28370_/D : -2.190905
[setup in-reg] imem_data[15] -> _28146_/D : -2.189777
[setup in-reg] imem_data[15] -> _28338_/D : -2.189061
[setup in-reg] imem_data[15] -> _27922_/D : -2.181089
[setup in-reg] imem_data[15] -> _28105_/D : -2.176027
[setup in-reg] imem_data[15] -> _27937_/D : -2.169715
[setup in-reg] imem_data[15] -> _28209_/D : -2.166951
[setup in-reg] imem_data[15] -> _28206_/D : -2.163917
[setup in-reg] imem_data[15] -> _27944_/D : -2.161057
[setup in-reg] imem_data[15] -> _28203_/D : -2.158464
[setup in-reg] imem_data[15] -> _28339_/D : -2.093062
[setup in-reg] imem_data[15] -> _28275_/D : -2.092920
[setup in-reg] imem_data[15] -> _28307_/D : -2.091591
[setup in-reg] imem_data[15] -> _28211_/D : -2.090509
[setup in-reg] imem_data[15] -> _28097_/D : -2.088850
[setup in-reg] imem_data[15] -> _28147_/D : -2.086425
[setup in-reg] imem_data[15] -> _28051_/D : -2.085878
[setup in-reg] imem_data[15] -> _27923_/D : -2.085850
[setup in-reg] imem_data[15] -> _28371_/D : -2.084507
[setup in-reg] imem_data[15] -> _28033_/D : -2.071815
[setup in-reg] imem_data[15] -> _28041_/D : -2.058977
[setup in-reg] imem_data[15] -> _27905_/D : -2.053582
[setup in-reg] imem_data[15] -> _27859_/D : -2.034819
[setup in-reg] imem_data[15] -> _28012_/D : -2.029088
[setup in-reg] imem_data[15] -> _28001_/D : -2.027480
[setup in-reg] imem_data[15] -> _28236_/D : -1.996995
[setup in-reg] imem_data[15] -> _28008_/D : -1.995861
[setup in-reg] imem_data[15] -> _28076_/D : -1.988774
[setup in-reg] imem_data[15] -> _28044_/D : -1.988013
[setup in-reg] imem_data[15] -> _28014_/D : -1.985406
[setup in-reg] imem_data[15] -> _27860_/D : -1.984780
[setup in-reg] imem_data[15] -> _27916_/D : -1.983477
[setup in-reg] imem_data[15] -> _28065_/D : -1.978924
[setup in-reg] imem_data[15] -> _28300_/D : -1.978201
[setup in-reg] imem_data[15] -> _27877_/D : -1.977220
[setup in-reg] imem_data[15] -> _28268_/D : -1.975705
[setup in-reg] imem_data[15] -> _28108_/D : -1.972985
[setup in-reg] imem_data[15] -> _28233_/D : -1.972440
[setup in-reg] imem_data[15] -> _26818_/D : -1.963928
[setup in-reg] imem_data[15] -> _28017_/D : -1.960451
[setup in-reg] imem_data[15] -> _26773_/D : -1.940896
[setup in-reg] imem_data[15] -> _28232_/D : -1.938293
[setup in-reg] imem_data[15] -> _26768_/D : -1.933486
[setup in-reg] imem_data[15] -> _26763_/D : -1.932687
[setup in-reg] imem_data[15] -> _26824_/D : -1.931035
[setup in-reg] imem_data[15] -> _26770_/D : -1.927534
[setup in-reg] imem_data[15] -> _26766_/D : -1.927338
[setup in-reg] imem_data[15] -> _26772_/D : -1.927269
[setup in-reg] imem_data[15] -> _26764_/D : -1.912891
[setup in-reg] imem_data[15] -> _26815_/D : -1.906509
[setup in-reg] imem_data[15] -> _26810_/D : -1.905050
[setup in-reg] imem_data[15] -> _26811_/D : -1.904319
[setup in-reg] imem_data[15] -> _26808_/D : -1.893351
[setup in-reg] imem_data[15] -> _26803_/D : -1.875456
[setup in-reg] imem_data[15] -> _26809_/D : -1.872598
[setup in-reg] imem_data[15] -> _26805_/D : -1.860185
[setup in-reg] imem_data[15] -> _26798_/D : -1.853577
[setup in-reg] imem_data[15] -> _27885_/D : -1.847846
[setup in-reg] imem_data[15] -> _26826_/D : -1.833454
[setup in-reg] imem_data[15] -> _27889_/D : -1.831852
[setup in-reg] imem_data[15] -> _27887_/D : -1.829436
[setup in-reg] imem_data[15] -> _26825_/D : -1.824731
[setup in-reg] imem_data[15] -> _27890_/D : -1.824542
[setup in-reg] imem_data[15] -> _26827_/D : -1.819211
[setup in-reg] imem_data[15] -> _27886_/D : -1.819119
[setup in-reg] imem_data[15] -> _27888_/D : -1.817925
[setup in-reg] imem_data[15] -> _26715_/D : -1.793238
[setup in-reg] imem_data[15] -> _28143_/D : -1.792834
[setup in-reg] imem_data[15] -> _26716_/D : -1.790676
[setup in-reg] imem_data[15] -> _27983_/D : -1.783418
[setup in-reg] imem_data[15] -> _27919_/D : -1.781958
[setup in-reg] imem_data[15] -> _26714_/D : -1.781196
[setup in-reg] imem_data[15] -> _26717_/D : -1.780888
[setup in-reg] imem_data[15] -> _28296_/D : -1.777995
[setup in-reg] imem_data[15] -> _28302_/D : -1.775927
[setup in-reg] imem_data[15] -> _26719_/D : -1.775634
[setup in-reg] imem_data[15] -> _28305_/D : -1.774341
[setup in-reg] imem_data[15] -> _26828_/D : -1.774163
[setup in-reg] imem_data[15] -> _26712_/D : -1.770662
[setup in-reg] imem_data[15] -> _26710_/D : -1.767404
[setup in-reg] imem_data[15] -> _26713_/D : -1.767218
[setup in-reg] imem_data[15] -> _27912_/D : -1.764086
[setup in-reg] imem_data[15] -> _26711_/D : -1.762087
[setup in-reg] imem_data[15] -> _28289_/D : -1.761677
[setup in-reg] imem_data[15] -> _26718_/D : -1.761306
[setup in-reg] imem_data[15] -> _28176_/D : -1.760561
[setup in-reg] imem_data[15] -> _26721_/D : -1.759693
[setup in-reg] imem_data[15] -> _27980_/D : -1.752920
[setup in-reg] imem_data[15] -> _28332_/D : -1.752726
[setup in-reg] imem_data[15] -> _26720_/D : -1.750724
[setup in-reg] imem_data[15] -> _28337_/D : -1.745766
[setup in-reg] imem_data[15] -> _27984_/D : -1.743532
[setup in-reg] imem_data[15] -> _27952_/D : -1.737663
[setup in-reg] imem_data[15] -> _26829_/D : -1.735673
[setup in-reg] imem_data[15] -> _28364_/D : -1.730957
[setup in-reg] imem_data[15] -> _28240_/D : -1.728729
[setup in-reg] imem_data[15] -> _28112_/D : -1.728044
[setup in-reg] imem_data[15] -> _28080_/D : -1.725113
[setup in-reg] imem_data[15] -> _28016_/D : -1.724334
[setup in-reg] imem_data[15] -> _26743_/D : -1.723850
[setup in-reg] imem_data[15] -> _26752_/D : -1.723095
[setup in-reg] imem_data[15] -> _26749_/D : -1.722105
[setup in-reg] imem_data[15] -> _28334_/D : -1.718979
[setup in-reg] imem_data[15] -> _26747_/D : -1.718437
[setup in-reg] imem_data[15] -> _28179_/D : -1.717892
[setup in-reg] imem_data[15] -> _26746_/D : -1.717082
[setup in-reg] imem_data[15] -> _26748_/D : -1.712763
[setup in-reg] imem_data[15] -> _27987_/D : -1.709475
[setup in-reg] imem_data[15] -> _28115_/D : -1.708719
[setup in-reg] imem_data[15] -> _28328_/D : -1.708598
[setup in-reg] imem_data[15] -> _28321_/D : -1.708397
[setup in-reg] imem_data[15] -> _26724_/D : -1.707470
[setup in-reg] imem_data[15] -> _26744_/D : -1.706557
[setup in-reg] imem_data[15] -> _26751_/D : -1.703580
[setup in-reg] imem_data[15] -> _27985_/D : -1.701887
[setup in-reg] imem_data[15] -> _26750_/D : -1.701645
[setup in-reg] imem_data[15] -> _28369_/D : -1.701553
[setup in-reg] imem_data[15] -> _28019_/D : -1.701402
[setup in-reg] imem_data[15] -> _28083_/D : -1.701126
[setup in-reg] imem_data[15] -> _26742_/D : -1.700313
[setup in-reg] imem_data[15] -> _26745_/D : -1.699393
[setup in-reg] imem_data[15] -> _26753_/D : -1.696343
[setup in-reg] imem_data[15] -> _28243_/D : -1.695355
[setup in-reg] imem_data[15] -> _27955_/D : -1.693897
[setup in-reg] imem_data[15] -> _28366_/D : -1.692216
[setup in-reg] imem_data[15] -> _28360_/D : -1.690943
[setup in-reg] imem_data[15] -> _26729_/D : -1.684633
[setup in-reg] imem_data[15] -> _26831_/D : -1.683917
[setup in-reg] imem_data[15] -> _26727_/D : -1.683530
[setup in-reg] imem_data[15] -> _27918_/D : -1.683132
[setup in-reg] imem_data[15] -> _28046_/D : -1.682160
[setup in-reg] imem_data[15] -> _28238_/D : -1.681199
[setup in-reg] imem_data[15] -> _26731_/D : -1.680872
[setup in-reg] imem_data[15] -> _28273_/D : -1.678398
[setup in-reg] imem_data[15] -> _27982_/D : -1.677650
[setup in-reg] imem_data[15] -> _26728_/D : -1.677380
[setup in-reg] imem_data[15] -> _26723_/D : -1.677373
[setup in-reg] imem_data[15] -> _28270_/D : -1.676797
[setup in-reg] imem_data[15] -> _28110_/D : -1.675728
[setup in-reg] imem_data[15] -> _26725_/D : -1.675563
[setup in-reg] imem_data[15] -> _26730_/D : -1.675074
[setup in-reg] imem_data[15] -> _28078_/D : -1.674524
[setup in-reg] imem_data[15] -> _27951_/D : -1.674449
[setup in-reg] imem_data[15] -> _26733_/D : -1.669449
[setup in-reg] imem_data[15] -> _28207_/D : -1.668790
[setup in-reg] imem_data[15] -> _28175_/D : -1.668544
[setup in-reg] imem_data[15] -> _26722_/D : -1.666489
[setup in-reg] imem_data[15] -> _28081_/D : -1.664485
[setup in-reg] imem_data[15] -> _28241_/D : -1.663775
[setup in-reg] imem_data[15] -> _28239_/D : -1.663736
[setup in-reg] imem_data[15] -> _27921_/D : -1.663407
[setup in-reg] imem_data[15] -> _28049_/D : -1.662592
[setup in-reg] imem_data[15] -> _26726_/D : -1.662556
[setup in-reg] imem_data[15] -> _27950_/D : -1.662304
[setup in-reg] imem_data[15] -> _26732_/D : -1.661483
[setup in-reg] imem_data[15] -> _28177_/D : -1.660272
[setup in-reg] imem_data[15] -> _28271_/D : -1.660069
[setup in-reg] imem_data[15] -> _28113_/D : -1.658409
[setup in-reg] imem_data[15] -> _26697_/D : -1.639064
[setup in-reg] imem_data[15] -> _26695_/D : -1.637838
[setup in-reg] imem_data[15] -> _26696_/D : -1.637691
[setup in-reg] imem_data[15] -> _26694_/D : -1.636964
[setup in-reg] imem_data[15] -> _26700_/D : -1.633913
[setup in-reg] imem_data[15] -> _26693_/D : -1.633516
[setup in-reg] imem_data[15] -> _28333_/D : -1.632156
[setup in-reg] imem_data[15] -> _26691_/D : -1.627781
[setup in-reg] imem_data[15] -> _26692_/D : -1.622929
[setup in-reg] imem_data[15] -> _26690_/D : -1.622670
[setup in-reg] imem_data[15] -> _26701_/D : -1.621439
[setup in-reg] imem_data[15] -> _26698_/D : -1.618645
[setup in-reg] imem_data[15] -> _28144_/D : -1.612840
[setup in-reg] imem_data[15] -> _28336_/D : -1.607887
[setup in-reg] imem_data[15] -> _28141_/D : -1.605406
[setup in-reg] imem_data[15] -> _28335_/D : -1.604548
[setup in-reg] imem_data[15] -> _28365_/D : -1.603960
[setup in-reg] imem_data[15] -> _28045_/D : -1.593884
[setup in-reg] imem_data[15] -> _28013_/D : -1.588461
[setup in-reg] imem_data[15] -> _28368_/D : -1.587981
[setup in-reg] imem_data[15] -> _28367_/D : -1.587916
[setup in-reg] imem_data[15] -> _27981_/D : -1.586752
[setup in-reg] imem_data[15] -> _27949_/D : -1.586667
[setup in-reg] imem_data[15] -> _28109_/D : -1.583835
[setup in-reg] imem_data[15] -> _28077_/D : -1.575833
[setup in-reg] imem_data[15] -> _27917_/D : -1.574021
[setup in-reg] imem_data[15] -> _28205_/D : -1.573037
[setup in-reg] imem_data[15] -> _28173_/D : -1.571241
[setup in-reg] imem_data[15] -> _27920_/D : -1.569887
[setup in-reg] imem_data[15] -> _28269_/D : -1.569173
[setup in-reg] imem_data[15] -> _28079_/D : -1.559482
[setup in-reg] imem_data[15] -> _28237_/D : -1.516183
[setup in-reg] imem_data[15] -> _28111_/D : -1.505507
[setup in-reg] imem_data[15] -> _26791_/D : -1.467770
[setup in-reg] imem_data[15] -> _26787_/D : -1.467107
[setup in-reg] imem_data[15] -> _26789_/D : -1.465036
[setup in-reg] imem_data[15] -> _26795_/D : -1.463825
[setup in-reg] imem_data[15] -> _26788_/D : -1.463553
[setup in-reg] imem_data[15] -> _26793_/D : -1.463324
[setup in-reg] imem_data[15] -> _26792_/D : -1.460059
[setup in-reg] imem_data[15] -> _26797_/D : -1.459512
[setup in-reg] imem_data[15] -> _27857_/D : -1.453884
[setup in-reg] imem_data[15] -> _27858_/D : -1.453486
[setup in-reg] imem_data[15] -> _26786_/D : -1.450525
[setup in-reg] imem_data[15] -> _26767_/D : -1.449731
[setup in-reg] imem_data[15] -> _26790_/D : -1.448820
[setup in-reg] imem_data[15] -> _26794_/D : -1.446955
[setup in-reg] imem_data[15] -> _27855_/D : -1.445827
[setup in-reg] imem_data[15] -> _26796_/D : -1.445612
[setup in-reg] imem_data[15] -> _27856_/D : -1.444494
[setup in-reg] imem_data[15] -> _26776_/D : -1.441137
[setup in-reg] imem_data[15] -> _27853_/D : -1.440581
[setup in-reg] imem_data[15] -> _26769_/D : -1.439728
[setup in-reg] imem_data[15] -> _26775_/D : -1.435410
[setup in-reg] imem_data[15] -> _26771_/D : -1.433079
[setup in-reg] imem_data[15] -> _26777_/D : -1.431291
[setup in-reg] imem_data[15] -> _27854_/D : -1.430015
[setup in-reg] imem_data[15] -> _26774_/D : -1.429902
[setup in-reg] imem_data[15] -> _28104_/D : -1.428836
[setup in-reg] imem_data[15] -> _27852_/D : -1.427964
[setup in-reg] imem_data[15] -> _28047_/D : -1.410108
[setup in-reg] imem_data[15] -> _26830_/D : -1.395282
[setup in-reg] imem_data[15] -> _28303_/D : -1.390164
[setup in-reg] imem_data[15] -> _28272_/D : -1.380565
[setup in-reg] imem_data[15] -> _28048_/D : -1.363183
[setup in-reg] imem_data[15] -> _28208_/D : -1.362604
[setup in-reg] imem_data[15] -> _26807_/D : -1.353888
[setup in-reg] imem_data[15] -> _28304_/D : -1.350660
[setup in-reg] imem_data[15] -> _26816_/D : -1.336783
[setup in-reg] imem_data[15] -> _28174_/D : -1.336756
[setup in-reg] imem_data[15] -> _26812_/D : -1.322343
[setup in-reg] imem_data[15] -> _26813_/D : -1.315740
[setup in-reg] imem_data[15] -> _26814_/D : -1.308877
[setup in-reg] imem_data[15] -> _26806_/D : -1.304958
[setup in-reg] imem_data[15] -> _26817_/D : -1.300059
[setup in-reg] imem_data[15] -> _28301_/D : -1.289704
[setup in-reg] imem_data[15] -> _28015_/D : -1.286463
[setup reg-reg] _26853_/Q -> _27325_/D : -1.213351
[setup in-reg] imem_data[15] -> _27851_/D : -1.081231
[setup in-reg] imem_data[15] -> _26705_/D : -0.956751
[setup in-reg] imem_data[15] -> _26739_/D : -0.951149
[setup in-reg] imem_data[15] -> _26708_/D : -0.950321
[setup in-reg] imem_data[15] -> _26736_/D : -0.948040
[setup in-reg] imem_data[15] -> _26703_/D : -0.947390
[setup in-reg] imem_data[15] -> _26699_/D : -0.946834
[setup reg-reg] _26853_/Q -> _27326_/D : -0.940938
[setup in-reg] imem_data[15] -> _26735_/D : -0.939254
[setup in-reg] imem_data[15] -> _26706_/D : -0.937382
[setup in-reg] imem_data[15] -> _26780_/D : -0.935810
[setup in-reg] imem_data[15] -> _26702_/D : -0.935394
[setup in-reg] imem_data[15] -> _26704_/D : -0.933376
[setup in-reg] imem_data[15] -> _26737_/D : -0.932413
[setup in-reg] imem_data[15] -> _26779_/D : -0.931877
[setup in-reg] imem_data[15] -> _26778_/D : -0.930301
[setup in-reg] imem_data[15] -> _26738_/D : -0.928715
[setup in-reg] imem_data[15] -> _26709_/D : -0.927651
[setup in-reg] imem_data[15] -> _26707_/D : -0.920954
[setup in-reg] imem_data[15] -> _26740_/D : -0.919623
[setup in-reg] imem_data[15] -> _26783_/D : -0.916518
[setup in-reg] imem_data[15] -> _26734_/D : -0.912614
[setup in-reg] imem_data[15] -> _26781_/D : -0.904052
[setup in-reg] imem_data[15] -> _26785_/D : -0.902590
[setup in-reg] imem_data[15] -> _26741_/D : -0.901778
[setup in-reg] imem_data[15] -> _26782_/D : -0.898689
[setup in-reg] imem_data[15] -> _26784_/D : -0.891044
[setup in-reg] imem_data[15] -> _26848_/D : -0.819309
[setup in-reg] imem_data[15] -> _26849_/D : -0.767601
[setup in-reg] imem_data[15] -> _26804_/D : -0.759501
[setup in-reg] imem_data[15] -> _26800_/D : -0.758197
[setup in-reg] imem_data[15] -> _26801_/D : -0.756831
[setup in-reg] imem_data[15] -> _26799_/D : -0.755794
[setup in-reg] imem_data[15] -> _26802_/D : -0.754271
[setup reg-reg] _26853_/Q -> _27323_/D : -0.712699
[setup in-reg] imem_data[15] -> _28465_/D : -0.710278
[setup reg-reg] _26853_/Q -> _27328_/D : -0.584366
[setup reg-reg] _26853_/Q -> _27330_/D : -0.556552
[setup reg-reg] _26855_/Q -> _27289_/D : -0.545116
[setup reg-reg] _26855_/Q -> _27290_/D : -0.505281
[setup in-reg] imem_data[15] -> _28464_/D : -0.497904
[setup reg-reg] _26853_/Q -> _27329_/D : -0.488798
[setup reg-reg] _26853_/Q -> _27734_/D : -0.406475
[setup reg-reg] _26853_/Q -> _27318_/D : -0.354959
[setup in-reg] imem_data[15] -> _27891_/D : -0.339645
[setup reg-reg] _26852_/Q -> _27377_/D : -0.330820
[setup reg-reg] _26853_/Q -> _27320_/D : -0.278702
[setup reg-reg] _26853_/Q -> _27321_/D : -0.215000
[setup reg-reg] _26853_/Q -> _27324_/D : -0.208459
[setup reg-reg] _26853_/Q -> _27327_/D : -0.200270
[setup reg-reg] _26853_/Q -> _27737_/D : -0.152900
[setup reg-reg] _26852_/Q -> _27378_/D : -0.123602
[setup reg-reg] _26855_/Q -> _27288_/D : -0.074134
[setup reg-reg] _26852_/Q -> _27376_/D : -0.064230
