
===========================================================================
report_checks -unconstrained
===========================================================================
======================= nom_tt_025C_1v80 Corner ===================================

Startpoint: _17635_ (rising edge-triggered flip-flop clocked by clk)
Endpoint: _15346_ (rising edge-triggered flip-flop clocked by clk)
Path Group: clk
Path Type: max

Fanout         Cap        Slew       Delay        Time   Description
---------------------------------------------------------------------------------------------
                                  0.000000    0.000000   clock clk (rise edge)
                                  0.000000    0.000000   clock source latency
     1    0.069772    0.000000    0.000000    0.000000 ^ clk (in)
                                                         clk (net)
                      0.037482    0.019678    0.019678 ^ clkbuf_0_clk/A (sky130_fd_sc_hd__clkbuf_8)
     4    0.077748    0.141180    0.207047    0.226725 ^ clkbuf_0_clk/X (sky130_fd_sc_hd__clkbuf_8)
                                                         clknet_0_clk (net)
                      0.141400    0.004769    0.231495 ^ clkbuf_2_3_0_clk/A (sky130_fd_sc_hd__clkbuf_8)
     8    0.103825    0.183203    0.278141    0.509636 ^ clkbuf_2_3_0_clk/X (sky130_fd_sc_hd__clkbuf_8)
                                                         clknet_2_3_0_clk (net)
                      0.183395    0.004096    0.513732 ^ clkbuf_5_28__f_clk/A (sky130_fd_sc_hd__clkbuf_8)
     8    0.063885    0.120593    0.244638    0.758370 ^ clkbuf_5_28__f_clk/X (sky130_fd_sc_hd__clkbuf_8)
                                                         clknet_5_28__leaf_clk (net)
                      0.120619    0.001806    0.760175 ^ clkbuf_leaf_192_clk/A (sky130_fd_sc_hd__clkbuf_8)
     7    0.021393    0.053249    0.170026    0.930202 ^ clkbuf_leaf_192_clk/X (sky130_fd_sc_hd__clkbuf_8)
                                                         clknet_leaf_192_clk (net)
                      0.053255    0.000588    0.930790 ^ _17635_/CLK (sky130_fd_sc_hd__dfxtp_2)
     8    0.036034    0.184940    0.446489    1.377279 ^ _17635_/Q (sky130_fd_sc_hd__dfxtp_2)
                                                         core1.imm_gen.instruction[20] (net)
                      0.184944    0.001172    1.378451 ^ place1148/A (sky130_fd_sc_hd__buf_4)
    28    0.152807    0.416306    0.436752    1.815203 ^ place1148/X (sky130_fd_sc_hd__buf_4)
                                                         net1148 (net)
                      0.416650    0.010441    1.825644 ^ place1145/A (sky130_fd_sc_hd__buf_4)
    22    0.101353    0.279862    0.390651    2.216295 ^ place1145/X (sky130_fd_sc_hd__buf_4)
                                                         net1145 (net)
                      0.280091    0.005306    2.221601 ^ place1144/A (sky130_fd_sc_hd__buf_2)
    16    0.072361    0.350776    0.412646    2.634247 ^ place1144/X (sky130_fd_sc_hd__buf_2)
                                                         net1144 (net)
                      0.350780    0.001087    2.635334 ^ _07837_/S (sky130_fd_sc_hd__mux2_1)
     1    0.005559    0.068509    0.396943    3.032278 v _07837_/X (sky130_fd_sc_hd__mux2_1)
                                                         _04041_ (net)
                      0.068509    0.000227    3.032505 v _07838_/B2 (sky130_fd_sc_hd__a22oi_2)
     1    0.005198    0.146427    0.168994    3.201499 ^ _07838_/Y (sky130_fd_sc_hd__a22oi_2)
                                                         _04042_ (net)
                      0.146427    0.000128    3.201627 ^ _07839_/A (sky130_fd_sc_hd__nand2_2)
     5    0.025890    0.116887    0.140218    3.341845 v _07839_/Y (sky130_fd_sc_hd__nand2_2)
                                                         _04043_ (net)
                      0.116970    0.002700    3.344545 v _07842_/A (sky130_fd_sc_hd__nand4_2)
     4    0.019522    0.147347    0.158197    3.502742 ^ _07842_/Y (sky130_fd_sc_hd__nand4_2)
                                                         _04046_ (net)
                      0.147347    0.000473    3.503215 ^ _08049_/A (sky130_fd_sc_hd__nand2_2)
     6    0.025965    0.116916    0.141628    3.644843 v _08049_/Y (sky130_fd_sc_hd__nand2_2)
                                                         _04253_ (net)
                      0.116923    0.000801    3.645644 v _08054_/B (sky130_fd_sc_hd__or4bb_2)
     4    0.019292    0.150428    0.745688    4.391331 v _08054_/X (sky130_fd_sc_hd__or4bb_2)
                                                         _04258_ (net)
                      0.150430    0.000894    4.392225 v _08058_/B (sky130_fd_sc_hd__or2_2)
     3    0.012706    0.082432    0.369591    4.761817 v _08058_/X (sky130_fd_sc_hd__or2_2)
                                                         _04262_ (net)
                      0.082432    0.000392    4.762208 v _08059_/B1 (sky130_fd_sc_hd__a21oi_2)
     2    0.012515    0.177021    0.191249    4.953457 ^ _08059_/Y (sky130_fd_sc_hd__a21oi_2)
                                                         _04263_ (net)
                      0.177021    0.000287    4.953745 ^ _08180_/A2 (sky130_fd_sc_hd__o21ai_2)
     2    0.009109    0.075045    0.094513    5.048257 v _08180_/Y (sky130_fd_sc_hd__o21ai_2)
                                                         _04384_ (net)
                      0.075045    0.000358    5.048616 v _08218_/A1 (sky130_fd_sc_hd__a21oi_2)
     2    0.010026    0.151661    0.186798    5.235414 ^ _08218_/Y (sky130_fd_sc_hd__a21oi_2)
                                                         _04422_ (net)
                      0.151661    0.000488    5.235902 ^ _08635_/B2 (sky130_fd_sc_hd__o22ai_2)
     4    0.019221    0.111717    0.139035    5.374938 v _08635_/Y (sky130_fd_sc_hd__o22ai_2)
                                                         _04839_ (net)
                      0.111718    0.000619    5.375556 v _08636_/B2 (sky130_fd_sc_hd__a2bb2o_2)
     2    0.009919    0.062336    0.295799    5.671356 v _08636_/X (sky130_fd_sc_hd__a2bb2o_2)
                                                         _04840_ (net)
                      0.062339    0.000508    5.671863 v _08640_/A2 (sky130_fd_sc_hd__a31oi_2)
     4    0.018859    0.295935    0.312852    5.984715 ^ _08640_/Y (sky130_fd_sc_hd__a31oi_2)
                                                         _04844_ (net)
                      0.295937    0.000578    5.985294 ^ _08782_/A (sky130_fd_sc_hd__nand4_2)
     4    0.023949    0.220210    0.252874    6.238167 v _08782_/Y (sky130_fd_sc_hd__nand4_2)
                                                         _04986_ (net)
                      0.220215    0.000962    6.239130 v _08785_/A (sky130_fd_sc_hd__nor3_4)
     1    0.003491    0.137848    0.237948    6.477078 ^ _08785_/Y (sky130_fd_sc_hd__nor3_4)
                                                         _04989_ (net)
                      0.137848    0.000129    6.477207 ^ place770/A (sky130_fd_sc_hd__buf_2)
    11    0.060060    0.290850    0.328426    6.805633 ^ place770/X (sky130_fd_sc_hd__buf_2)
                                                         net770 (net)
                      0.290986    0.005473    6.811106 ^ _10599_/D1 (sky130_fd_sc_hd__o2111ai_4)
     1    0.003983    0.113304    0.150429    6.961535 v _10599_/Y (sky130_fd_sc_hd__o2111ai_4)
                                                         _06743_ (net)
                      0.113304    0.000153    6.961689 v place761/A (sky130_fd_sc_hd__buf_4)
    31    0.146375    0.181355    0.307420    7.269109 v place761/X (sky130_fd_sc_hd__buf_4)
                                                         net761 (net)
                      0.181822    0.008099    7.277208 v _10747_/B2 (sky130_fd_sc_hd__o22ai_2)
     1    0.006825    0.157834    0.169365    7.446573 ^ _10747_/Y (sky130_fd_sc_hd__o22ai_2)
                                                         _06884_ (net)
                      0.157834    0.000303    7.446876 ^ _10748_/B2 (sky130_fd_sc_hd__o22ai_2)
     2    0.019033    0.126327    0.140026    7.586902 v _10748_/Y (sky130_fd_sc_hd__o22ai_2)
                                                         _06885_ (net)
                      0.126338    0.001303    7.588205 v _10750_/A1 (sky130_fd_sc_hd__a21oi_4)
     1    0.003918    0.088663    0.146104    7.734309 ^ _10750_/Y (sky130_fd_sc_hd__a21oi_4)
                                                         _06887_ (net)
                      0.088663    0.000146    7.734454 ^ place739/A (sky130_fd_sc_hd__buf_2)
    12    0.081176    0.391448    0.383766    8.118220 ^ place739/X (sky130_fd_sc_hd__buf_2)
                                                         net739 (net)
                      0.391555    0.005667    8.123887 ^ place738/A (sky130_fd_sc_hd__buf_2)
    13    0.088238    0.424119    0.483110    8.606997 ^ place738/X (sky130_fd_sc_hd__buf_2)
                                                         net738 (net)
                      0.424375    0.009116    8.616114 ^ _10829_/A1_N (sky130_fd_sc_hd__o2bb2ai_2)
     1    0.007120    0.134840    0.179444    8.795557 ^ _10829_/Y (sky130_fd_sc_hd__o2bb2ai_2)
                                                         _06955_ (net)
                      0.134840    0.000348    8.795905 ^ _10830_/A (sky130_fd_sc_hd__nand2_2)
     3    0.014070    0.100882    0.101912    8.897818 v _10830_/Y (sky130_fd_sc_hd__nand2_2)
                                                         _06956_ (net)
                      0.100882    0.000353    8.898171 v _11028_/B1 (sky130_fd_sc_hd__a22oi_2)
     1    0.003438    0.128836    0.140088    9.038260 ^ _11028_/Y (sky130_fd_sc_hd__a22oi_2)
                                                         _00176_ (net)
                      0.128836    0.000099    9.038359 ^ _15346_/D (sky130_fd_sc_hd__dfxtp_2)
                                              9.038359   data arrival time

                                 20.000000   20.000000   clock clk (rise edge)
                                  0.000000   20.000000   clock source latency
     1    0.069772    0.000000    0.000000   20.000000 ^ clk (in)
                                                         clk (net)
                      0.037482    0.017804   20.017805 ^ clkbuf_0_clk/A (sky130_fd_sc_hd__clkbuf_8)
     4    0.077748    0.141180    0.187327   20.205132 ^ clkbuf_0_clk/X (sky130_fd_sc_hd__clkbuf_8)
                                                         clknet_0_clk (net)
                      0.141321    0.003483   20.208616 ^ clkbuf_2_2_0_clk/A (sky130_fd_sc_hd__clkbuf_8)
     8    0.097732    0.173267    0.245034   20.453650 ^ clkbuf_2_2_0_clk/X (sky130_fd_sc_hd__clkbuf_8)
                                                         clknet_2_2_0_clk (net)
                      0.173470    0.003798   20.457447 ^ clkbuf_5_20__f_clk/A (sky130_fd_sc_hd__clkbuf_8)
     8    0.063516    0.119920    0.217961   20.675409 ^ clkbuf_5_20__f_clk/X (sky130_fd_sc_hd__clkbuf_8)
                                                         clknet_5_20__leaf_clk (net)
                      0.119944    0.001576   20.676985 ^ clkbuf_leaf_242_clk/A (sky130_fd_sc_hd__clkbuf_8)
     5    0.026303    0.060675    0.159329   20.836313 ^ clkbuf_leaf_242_clk/X (sky130_fd_sc_hd__clkbuf_8)
                                                         clknet_leaf_242_clk (net)
                      0.060678    0.000448   20.836760 ^ _15346_/CLK (sky130_fd_sc_hd__dfxtp_2)
                                 -0.250000   20.586761   clock uncertainty
                                  0.021593   20.608355   clock reconvergence pessimism
                                 -0.076229   20.532125   library setup time
                                             20.532125   data required time
---------------------------------------------------------------------------------------------
                                             20.532125   data required time
                                             -9.038359   data arrival time
---------------------------------------------------------------------------------------------
                                             11.493767   slack (MET)




===========================================================================
report_checks --slack_max -0.01
============================================================================
======================= nom_tt_025C_1v80 Corner ===================================

No paths found.


===========================================================================
 report_check_types -max_slew -max_cap -max_fanout -violators
============================================================================
======================= nom_tt_025C_1v80 Corner ===================================



===========================================================================
report_parasitic_annotation -report_unannotated
============================================================================
Found 320 unannotated drivers.
 clkload0/X
 clkload1/Y
 clkload10/Y
 clkload100/Y
 clkload101/Y
 clkload102/Y
 clkload103/Y
 clkload104/Y
 clkload105/Y
 clkload106/Y
 clkload107/X
 clkload108/X
 clkload109/Y
 clkload11/Y
 clkload110/Y
 clkload111/Y
 clkload112/Y
 clkload113/Y
 clkload114/Y
 clkload115/Y
 clkload116/Y
 clkload117/Y
 clkload118/Y
 clkload119/Y
 clkload12/X
 clkload120/Y
 clkload121/Y
 clkload122/Y
 clkload123/Y
 clkload124/Y
 clkload125/Y
 clkload126/Y
 clkload127/Y
 clkload128/X
 clkload129/Y
 clkload13/Y
 clkload130/X
 clkload131/Y
 clkload132/Y
 clkload133/X
 clkload134/Y
 clkload135/X
 clkload136/Y
 clkload137/Y
 clkload138/Y
 clkload139/Y
 clkload14/X
 clkload140/Y
 clkload141/Y
 clkload142/Y
 clkload143/Y
 clkload144/Y
 clkload145/Y
 clkload146/Y
 clkload147/Y
 clkload148/Y
 clkload149/X
 clkload15/Y
 clkload150/Y
 clkload151/Y
 clkload152/Y
 clkload153/Y
 clkload154/Y
 clkload155/X
 clkload156/X
 clkload157/X
 clkload158/Y
 clkload159/X
 clkload16/Y
 clkload160/Y
 clkload161/Y
 clkload162/Y
 clkload163/Y
 clkload164/Y
 clkload165/X
 clkload166/X
 clkload167/Y
 clkload168/Y
 clkload169/X
 clkload17/Y
 clkload170/Y
 clkload171/X
 clkload172/X
 clkload173/Y
 clkload174/X
 clkload175/Y
 clkload176/X
 clkload177/X
 clkload178/Y
 clkload179/Y
 clkload18/X
 clkload180/Y
 clkload181/Y
 clkload182/Y
 clkload183/Y
 clkload184/Y
 clkload185/Y
 clkload186/Y
 clkload187/Y
 clkload188/Y
 clkload189/Y
 clkload19/X
 clkload190/Y
 clkload191/Y
 clkload192/Y
 clkload193/Y
 clkload194/Y
 clkload195/Y
 clkload196/Y
 clkload197/Y
 clkload198/Y
 clkload199/Y
 clkload2/X
 clkload20/X
 clkload200/Y
 clkload201/Y
 clkload202/Y
 clkload203/Y
 clkload204/X
 clkload205/Y
 clkload206/X
 clkload207/Y
 clkload208/Y
 clkload209/Y
 clkload21/Y
 clkload210/X
 clkload211/Y
 clkload212/Y
 clkload213/Y
 clkload214/Y
 clkload215/Y
 clkload216/Y
 clkload217/Y
 clkload218/Y
 clkload219/X
 clkload22/Y
 clkload220/Y
 clkload221/Y
 clkload222/X
 clkload223/Y
 clkload224/Y
 clkload225/Y
 clkload226/X
 clkload227/Y
 clkload228/Y
 clkload229/Y
 clkload23/Y
 clkload230/Y
 clkload231/Y
 clkload232/Y
 clkload233/Y
 clkload234/Y
 clkload235/Y
 clkload236/X
 clkload237/Y
 clkload238/Y
 clkload239/Y
 clkload24/Y
 clkload240/X
 clkload241/Y
 clkload242/X
 clkload243/Y
 clkload244/X
 clkload245/Y
 clkload246/X
 clkload247/Y
 clkload248/Y
 clkload249/Y
 clkload25/Y
 clkload250/Y
 clkload251/X
 clkload252/Y
 clkload253/X
 clkload254/Y
 clkload255/Y
 clkload256/Y
 clkload257/Y
 clkload258/X
 clkload259/Y
 clkload26/Y
 clkload260/Y
 clkload261/Y
 clkload262/X
 clkload263/Y
 clkload264/Y
 clkload265/Y
 clkload266/Y
 clkload267/X
 clkload268/X
 clkload269/X
 clkload27/Y
 clkload270/X
 clkload271/X
 clkload272/X
 clkload273/X
 clkload274/Y
 clkload275/Y
 clkload276/Y
 clkload277/Y
 clkload278/Y
 clkload279/Y
 clkload28/Y
 clkload280/Y
 clkload281/Y
 clkload282/Y
 clkload283/Y
 clkload284/Y
 clkload285/Y
 clkload286/Y
 clkload287/Y
 clkload288/Y
 clkload289/Y
 clkload29/Y
 clkload290/Y
 clkload291/Y
 clkload292/X
 clkload293/Y
 clkload294/Y
 clkload295/Y
 clkload296/X
 clkload297/Y
 clkload298/Y
 clkload299/Y
 clkload3/X
 clkload30/Y
 clkload300/X
 clkload301/X
 clkload302/X
 clkload303/X
 clkload304/Y
 clkload305/Y
 clkload306/X
 clkload307/Y
 clkload308/X
 clkload309/Y
 clkload31/Y
 clkload310/Y
 clkload311/Y
 clkload312/X
 clkload313/X
 clkload314/X
 clkload315/Y
 clkload316/Y
 clkload317/Y
 clkload318/X
 clkload319/Y
 clkload32/Y
 clkload33/Y
 clkload34/Y
 clkload35/Y
 clkload36/Y
 clkload37/Y
 clkload38/Y
 clkload39/Y
 clkload4/X
 clkload40/Y
 clkload41/Y
 clkload42/Y
 clkload43/Y
 clkload44/X
 clkload45/Y
 clkload46/Y
 clkload47/Y
 clkload48/Y
 clkload49/X
 clkload5/Y
 clkload50/X
 clkload51/Y
 clkload52/Y
 clkload53/X
 clkload54/Y
 clkload55/Y
 clkload56/X
 clkload57/Y
 clkload58/Y
 clkload59/Y
 clkload6/Y
 clkload60/Y
 clkload61/X
 clkload62/Y
 clkload63/Y
 clkload64/X
 clkload65/Y
 clkload66/X
 clkload67/X
 clkload68/Y
 clkload69/X
 clkload7/Y
 clkload70/Y
 clkload71/Y
 clkload72/Y
 clkload73/Y
 clkload74/Y
 clkload75/Y
 clkload76/Y
 clkload77/Y
 clkload78/Y
 clkload79/X
 clkload8/Y
 clkload80/Y
 clkload81/X
 clkload82/Y
 clkload83/Y
 clkload84/Y
 clkload85/Y
 clkload86/Y
 clkload87/Y
 clkload88/Y
 clkload89/Y
 clkload9/Y
 clkload90/Y
 clkload91/Y
 clkload92/Y
 clkload93/Y
 clkload94/Y
 clkload95/Y
 clkload96/Y
 clkload97/Y
 clkload98/Y
 clkload99/Y
Found 0 partially unannotated drivers.

===========================================================================
max slew violation count 0
Writing metric design__max_slew_violation__count__corner:nom_tt_025C_1v80: 0
max fanout violation count 0
Writing metric design__max_fanout_violation__count__corner:nom_tt_025C_1v80: 0
max cap violation count 0
Writing metric design__max_cap_violation__count__corner:nom_tt_025C_1v80: 0
============================================================================

===========================================================================
check_setup -verbose -unconstrained_endpoints -multiple_clock -no_clock -no_input_delay -loops -generated_clocks
===========================================================================
Warning: There is 1 input port missing set_input_delay.
  reset
