Clock: clk
Sources: clk 
Generated: no
Virtual: yes
Propagated: no
Period: 20.000000

===========================================================================
report_clock_properties
============================================================================
Clock                   Period          Waveform
----------------------------------------------------
clk                  20.000000    0.000000 10.000000

===========================================================================
report_clock_latency
============================================================================
Clock clk
rise -> rise
    min     max
0.000000 0.000000 source latency
0.676962         network latency _17704_/CLK
        1.029525 network latency _17003_/CLK
---------------
0.676962 1.029525 latency
        0.352563 skew

fall -> fall
    min     max
0.000000 0.000000 source latency
0.617117         network latency _17704_/CLK
        0.927465 network latency _17003_/CLK
---------------
0.617117 0.927465 latency
        0.310348 skew



===========================================================================
report_clock_min_period
============================================================================
clk period_min = 8.51 fmax = 117.56
