Clock: clk
Sources: clk 
Generated: no
Virtual: yes
Propagated: no
Period: 10.000000

===========================================================================
report_clock_properties
============================================================================
Clock                   Period          Waveform
----------------------------------------------------
clk                  10.000000    0.000000  5.000000

===========================================================================
report_clock_latency
============================================================================
Clock clk
rise -> rise
    min     max
0.000000 0.000000 source latency
0.241627         network latency _211_/CLK
        0.246526 network latency _195_/CLK
---------------
0.241627 0.246526 latency
        0.004899 skew

fall -> fall
    min     max
0.000000 0.000000 source latency
0.227171         network latency _211_/CLK
        0.230784 network latency _195_/CLK
---------------
0.227171 0.230784 latency
        0.003613 skew



===========================================================================
report_clock_min_period
============================================================================
clk period_min = 1.48 fmax = 673.62
