Clock: clk
Sources: clk 
Generated: no
Virtual: yes
Propagated: no
Period: 20.000000

===========================================================================
report_clock_properties
============================================================================
Clock                   Period          Waveform
----------------------------------------------------
clk                  20.000000    0.000000 10.000000

===========================================================================
report_clock_latency
============================================================================
Clock clk
rise -> rise
    min     max
0.000000 0.000000 source latency
0.235645         network latency _31_/CLK
        0.261313 network latency _26_/CLK
---------------
0.235645 0.261313 latency
        0.025668 skew

fall -> fall
    min     max
0.000000 0.000000 source latency
0.240028         network latency _31_/CLK
        0.266016 network latency _26_/CLK
---------------
0.240028 0.266016 latency
        0.025987 skew



===========================================================================
report_clock_min_period
============================================================================
clk period_min = 2.29 fmax = 435.93
