Clock: clk
Sources: clk 
Generated: no
Virtual: yes
Propagated: no
Period: 50.000000

===========================================================================
report_clock_properties
============================================================================
Clock                   Period          Waveform
----------------------------------------------------
clk                  50.000000    0.000000 25.000000

===========================================================================
report_clock_latency
============================================================================
Clock clk
rise -> rise
    min     max
0.000000 0.000000 source latency
0.298785         network latency _1135_/CLK
        0.340053 network latency _1053_/CLK
---------------
0.298785 0.340053 latency
        0.041268 skew

fall -> fall
    min     max
0.000000 0.000000 source latency
0.306772         network latency _1135_/CLK
        0.347455 network latency _1053_/CLK
---------------
0.306772 0.347455 latency
        0.040684 skew



===========================================================================
report_clock_min_period
============================================================================
clk period_min = 5.28 fmax = 189.28
