Clock: clk
Sources: clk 
Generated: no
Virtual: yes
Propagated: no
Period: 10.000000

===========================================================================
report_clock_properties
============================================================================
Clock                   Period          Waveform
----------------------------------------------------
clk                  10.000000    0.000000  5.000000

===========================================================================
report_clock_latency
============================================================================
Clock clk
rise -> rise
    min     max
0.000000 0.000000 source latency
0.246421         network latency _211_/CLK
        0.252536 network latency _195_/CLK
---------------
0.246421 0.252536 latency
        0.006115 skew

fall -> fall
    min     max
0.000000 0.000000 source latency
0.230572         network latency _211_/CLK
        0.235218 network latency _195_/CLK
---------------
0.230572 0.235218 latency
        0.004645 skew



===========================================================================
report_clock_min_period
============================================================================
clk period_min = 1.50 fmax = 666.72
