Clock: clk
Sources: clk 
Generated: no
Virtual: yes
Propagated: no
Period: 20.000000

===========================================================================
report_clock_properties
============================================================================
Clock                   Period          Waveform
----------------------------------------------------
clk                  20.000000    0.000000 10.000000

===========================================================================
report_clock_latency
============================================================================
Clock clk
rise -> rise
    min     max
0.000000 0.000000 source latency
13.577520         network latency _27920_/CLK
        15.682828 network latency _27244_/CLK
---------------
13.577520 15.682828 latency
        2.105307 skew

fall -> fall
    min     max
0.000000 0.000000 source latency
6.611022         network latency _27920_/CLK
        7.940259 network latency _27244_/CLK
---------------
6.611022 7.940259 latency
        1.329237 skew



===========================================================================
report_clock_min_period
============================================================================
clk period_min = 12.68 fmax = 78.87
