Clock: clk
Sources: clk 
Generated: no
Virtual: yes
Propagated: no
Period: 20.000000

===========================================================================
report_clock_properties
============================================================================
Clock                   Period          Waveform
----------------------------------------------------
clk                  20.000000    0.000000 10.000000

===========================================================================
report_clock_latency
============================================================================
Clock clk
rise -> rise
    min     max
0.000000 0.000000 source latency
0.815817         network latency _17704_/CLK
        1.213727 network latency _17549_/CLK
---------------
0.815817 1.213727 latency
        0.397910 skew

fall -> fall
    min     max
0.000000 0.000000 source latency
0.715125         network latency _17704_/CLK
        1.056908 network latency _17549_/CLK
---------------
0.715125 1.056908 latency
        0.341783 skew



===========================================================================
report_clock_min_period
============================================================================
clk period_min = 9.17 fmax = 109.02
