
===========================================================================
 report_power
============================================================================
======================= min_tt_025C_1v80 Corner ===================================

Group                    Internal    Switching      Leakage        Total
                            Power        Power        Power        Power (Watts)
------------------------------------------------------------------------
Sequential           5.866694e-03 1.823184e-04 2.430226e-08 6.049037e-03  46.3%
Combinational        8.243083e-04 9.859737e-04 5.655860e-08 1.810339e-03  13.9%
Clock                2.706896e-03 2.484943e-03 5.627581e-07 5.192402e-03  39.8%
Macro                0.000000e+00 0.000000e+00 0.000000e+00 0.000000e+00   0.0%
Pad                  0.000000e+00 0.000000e+00 0.000000e+00 0.000000e+00   0.0%
------------------------------------------------------------------------
Total                9.397864e-03 3.653231e-03 6.436405e-07 1.305174e-02 100.0%
                            72.0%        28.0%         0.0%

