
===========================================================================
report_checks -unconstrained
===========================================================================
======================= nom_tt_025C_1v80 Corner ===================================

Startpoint: _17635_ (rising edge-triggered flip-flop clocked by clk)
Endpoint: _15346_ (rising edge-triggered flip-flop clocked by clk)
Path Group: clk
Path Type: max

Fanout         Cap        Slew       Delay        Time   Description
---------------------------------------------------------------------------------------------
                                  0.000000    0.000000   clock clk (rise edge)
                                  0.000000    0.000000   clock source latency
     1    0.069619    0.000000    0.000000    0.000000 ^ clk (in)
                                                         clk (net)
                      0.019190    0.010075    0.010075 ^ clkbuf_0_clk/A (sky130_fd_sc_hd__clkbuf_8)
     4    0.077452    0.140583    0.201819    0.211894 ^ clkbuf_0_clk/X (sky130_fd_sc_hd__clkbuf_8)
                                                         clknet_0_clk (net)
                      0.140615    0.001837    0.213731 ^ clkbuf_2_3_0_clk/A (sky130_fd_sc_hd__clkbuf_8)
     8    0.101569    0.180129    0.276757    0.490488 ^ clkbuf_2_3_0_clk/X (sky130_fd_sc_hd__clkbuf_8)
                                                         clknet_2_3_0_clk (net)
                      0.180225    0.001912    0.492400 ^ clkbuf_5_28__f_clk/A (sky130_fd_sc_hd__clkbuf_8)
     8    0.060642    0.115157    0.240344    0.732744 ^ clkbuf_5_28__f_clk/X (sky130_fd_sc_hd__clkbuf_8)
                                                         clknet_5_28__leaf_clk (net)
                      0.115157    0.000398    0.733142 ^ clkbuf_leaf_192_clk/A (sky130_fd_sc_hd__clkbuf_8)
     7    0.019386    0.050408    0.164977    0.898118 ^ clkbuf_leaf_192_clk/X (sky130_fd_sc_hd__clkbuf_8)
                                                         clknet_leaf_192_clk (net)
                      0.050408    0.000068    0.898187 ^ _17635_/CLK (sky130_fd_sc_hd__dfxtp_2)
     8    0.033818    0.174600    0.437827    1.336013 ^ _17635_/Q (sky130_fd_sc_hd__dfxtp_2)
                                                         core1.imm_gen.instruction[20] (net)
                      0.174600    0.000285    1.336298 ^ place1148/A (sky130_fd_sc_hd__buf_4)
    28    0.144008    0.392392    0.421217    1.757515 ^ place1148/X (sky130_fd_sc_hd__buf_4)
                                                         net1148 (net)
                      0.392439    0.003752    1.761268 ^ place1145/A (sky130_fd_sc_hd__buf_4)
    22    0.096470    0.266401    0.379453    2.140721 ^ place1145/X (sky130_fd_sc_hd__buf_4)
                                                         net1145 (net)
                      0.266401    0.001087    2.141808 ^ place1144/A (sky130_fd_sc_hd__buf_2)
    16    0.067641    0.327942    0.394250    2.536057 ^ place1144/X (sky130_fd_sc_hd__buf_2)
                                                         net1144 (net)
                      0.327942    0.000063    2.536120 ^ _07837_/S (sky130_fd_sc_hd__mux2_1)
     1    0.004746    0.064635    0.389595    2.925715 v _07837_/X (sky130_fd_sc_hd__mux2_1)
                                                         _04041_ (net)
                      0.064635    0.000023    2.925738 v _07838_/B2 (sky130_fd_sc_hd__a22oi_2)
     1    0.004848    0.144261    0.164438    3.090177 ^ _07838_/Y (sky130_fd_sc_hd__a22oi_2)
                                                         _04042_ (net)
                      0.144261    0.000009    3.090185 ^ _07839_/A (sky130_fd_sc_hd__nand2_2)
     5    0.024321    0.110695    0.135687    3.225872 v _07839_/Y (sky130_fd_sc_hd__nand2_2)
                                                         _04043_ (net)
                      0.110706    0.000945    3.226817 v _07842_/A (sky130_fd_sc_hd__nand4_2)
     4    0.018040    0.139417    0.149723    3.376540 ^ _07842_/Y (sky130_fd_sc_hd__nand4_2)
                                                         _04046_ (net)
                      0.139417    0.000072    3.376612 ^ _08049_/A (sky130_fd_sc_hd__nand2_2)
     6    0.024102    0.109657    0.134029    3.510641 v _08049_/Y (sky130_fd_sc_hd__nand2_2)
                                                         _04253_ (net)
                      0.109657    0.000141    3.510782 v _08054_/B (sky130_fd_sc_hd__or4bb_2)
     4    0.015949    0.141578    0.729259    4.240041 v _08054_/X (sky130_fd_sc_hd__or4bb_2)
                                                         _04258_ (net)
                      0.141578    0.000221    4.240262 v _08058_/B (sky130_fd_sc_hd__or2_2)
     3    0.011679    0.079299    0.361921    4.602183 v _08058_/X (sky130_fd_sc_hd__or2_2)
                                                         _04262_ (net)
                      0.079299    0.000063    4.602246 v _08059_/B1 (sky130_fd_sc_hd__a21oi_2)
     2    0.011255    0.170171    0.179868    4.782114 ^ _08059_/Y (sky130_fd_sc_hd__a21oi_2)
                                                         _04263_ (net)
                      0.170171    0.000022    4.782135 ^ _08180_/A2 (sky130_fd_sc_hd__o21ai_2)
     2    0.008424    0.072332    0.091190    4.873326 v _08180_/Y (sky130_fd_sc_hd__o21ai_2)
                                                         _04384_ (net)
                      0.072332    0.000065    4.873391 v _08218_/A1 (sky130_fd_sc_hd__a21oi_2)
     2    0.008874    0.140092    0.175588    5.048979 ^ _08218_/Y (sky130_fd_sc_hd__a21oi_2)
                                                         _04422_ (net)
                      0.140092    0.000105    5.049084 ^ _08635_/B2 (sky130_fd_sc_hd__o22ai_2)
     4    0.016895    0.102256    0.128262    5.177346 v _08635_/Y (sky130_fd_sc_hd__o22ai_2)
                                                         _04839_ (net)
                      0.102256    0.000076    5.177422 v _08636_/B2 (sky130_fd_sc_hd__a2bb2o_2)
     2    0.009442    0.060851    0.290155    5.467577 v _08636_/X (sky130_fd_sc_hd__a2bb2o_2)
                                                         _04840_ (net)
                      0.060851    0.000151    5.467728 v _08640_/A2 (sky130_fd_sc_hd__a31oi_2)
     4    0.017698    0.292846    0.301665    5.769393 ^ _08640_/Y (sky130_fd_sc_hd__a31oi_2)
                                                         _04844_ (net)
                      0.292846    0.000085    5.769479 ^ _08782_/A (sky130_fd_sc_hd__nand4_2)
     4    0.023137    0.214497    0.247773    6.017252 v _08782_/Y (sky130_fd_sc_hd__nand4_2)
                                                         _04986_ (net)
                      0.214497    0.000160    6.017412 v _08785_/A (sky130_fd_sc_hd__nor3_4)
     1    0.002624    0.130396    0.229496    6.246908 ^ _08785_/Y (sky130_fd_sc_hd__nor3_4)
                                                         _04989_ (net)
                      0.130396    0.000011    6.246919 ^ place770/A (sky130_fd_sc_hd__buf_2)
    11    0.056906    0.276609    0.317598    6.564516 ^ place770/X (sky130_fd_sc_hd__buf_2)
                                                         net770 (net)
                      0.276621    0.001572    6.566088 ^ _10599_/D1 (sky130_fd_sc_hd__o2111ai_4)
     1    0.003256    0.108888    0.144619    6.710707 v _10599_/Y (sky130_fd_sc_hd__o2111ai_4)
                                                         _06743_ (net)
                      0.108888    0.000019    6.710725 v place761/A (sky130_fd_sc_hd__buf_4)
    31    0.138840    0.170968    0.304745    7.015471 v place761/X (sky130_fd_sc_hd__buf_4)
                                                         net761 (net)
                      0.170968    0.000285    7.015756 v _10747_/B2 (sky130_fd_sc_hd__o22ai_2)
     1    0.006419    0.152857    0.161454    7.177210 ^ _10747_/Y (sky130_fd_sc_hd__o22ai_2)
                                                         _06884_ (net)
                      0.152857    0.000057    7.177267 ^ _10748_/B2 (sky130_fd_sc_hd__o22ai_2)
     2    0.016558    0.115897    0.130716    7.307983 v _10748_/Y (sky130_fd_sc_hd__o22ai_2)
                                                         _06885_ (net)
                      0.115897    0.000352    7.308335 v _10750_/A1 (sky130_fd_sc_hd__a21oi_4)
     1    0.003056    0.083845    0.137275    7.445610 ^ _10750_/Y (sky130_fd_sc_hd__a21oi_4)
                                                         _06887_ (net)
                      0.083845    0.000019    7.445629 ^ place739/A (sky130_fd_sc_hd__buf_2)
    12    0.078337    0.377597    0.374340    7.819969 ^ place739/X (sky130_fd_sc_hd__buf_2)
                                                         net739 (net)
                      0.377610    0.001935    7.821904 ^ place738/A (sky130_fd_sc_hd__buf_2)
    13    0.085252    0.410939    0.474997    8.296901 ^ place738/X (sky130_fd_sc_hd__buf_2)
                                                         net738 (net)
                      0.411062    0.002198    8.299099 ^ _10829_/A1_N (sky130_fd_sc_hd__o2bb2ai_2)
     1    0.006594    0.128983    0.175786    8.474886 ^ _10829_/Y (sky130_fd_sc_hd__o2bb2ai_2)
                                                         _06955_ (net)
                      0.128983    0.000072    8.474957 ^ _10830_/A (sky130_fd_sc_hd__nand2_2)
     3    0.014177    0.098157    0.101019    8.575976 v _10830_/Y (sky130_fd_sc_hd__nand2_2)
                                                         _06956_ (net)
                      0.098157    0.000043    8.576019 v _11028_/B1 (sky130_fd_sc_hd__a22oi_2)
     1    0.003236    0.126347    0.137261    8.713280 ^ _11028_/Y (sky130_fd_sc_hd__a22oi_2)
                                                         _00176_ (net)
                      0.126347    0.000020    8.713300 ^ _15346_/D (sky130_fd_sc_hd__dfxtp_2)
                                              8.713300   data arrival time

                                 20.000000   20.000000   clock clk (rise edge)
                                  0.000000   20.000000   clock source latency
     1    0.069619    0.000000    0.000000   20.000000 ^ clk (in)
                                                         clk (net)
                      0.019190    0.009114   20.009115 ^ clkbuf_0_clk/A (sky130_fd_sc_hd__clkbuf_8)
     4    0.077452    0.140583    0.182599   20.191713 ^ clkbuf_0_clk/X (sky130_fd_sc_hd__clkbuf_8)
                                                         clknet_0_clk (net)
                      0.140597    0.001098   20.192812 ^ clkbuf_2_2_0_clk/A (sky130_fd_sc_hd__clkbuf_8)
     8    0.094618    0.168758    0.242855   20.435667 ^ clkbuf_2_2_0_clk/X (sky130_fd_sc_hd__clkbuf_8)
                                                         clknet_2_2_0_clk (net)
                      0.168765    0.001247   20.436913 ^ clkbuf_5_20__f_clk/A (sky130_fd_sc_hd__clkbuf_8)
     8    0.059993    0.114000    0.213342   20.650255 ^ clkbuf_5_20__f_clk/X (sky130_fd_sc_hd__clkbuf_8)
                                                         clknet_5_20__leaf_clk (net)
                      0.114000    0.000156   20.650412 ^ clkbuf_leaf_242_clk/A (sky130_fd_sc_hd__clkbuf_8)
     5    0.025022    0.058758    0.155923   20.806335 ^ clkbuf_leaf_242_clk/X (sky130_fd_sc_hd__clkbuf_8)
                                                         clknet_leaf_242_clk (net)
                      0.058758    0.000027   20.806362 ^ _15346_/CLK (sky130_fd_sc_hd__dfxtp_2)
                                 -0.250000   20.556362   clock uncertainty
                                  0.020180   20.576544   clock reconvergence pessimism
                                 -0.075938   20.500607   library setup time
                                             20.500607   data required time
---------------------------------------------------------------------------------------------
                                             20.500607   data required time
                                             -8.713300   data arrival time
---------------------------------------------------------------------------------------------
                                             11.787307   slack (MET)




===========================================================================
report_checks --slack_max -0.01
============================================================================
======================= nom_tt_025C_1v80 Corner ===================================

No paths found.


===========================================================================
 report_check_types -max_slew -max_cap -max_fanout -violators
============================================================================
======================= nom_tt_025C_1v80 Corner ===================================



===========================================================================
report_parasitic_annotation -report_unannotated
============================================================================
Found 320 unannotated drivers.
 clkload0/X
 clkload1/Y
 clkload10/Y
 clkload100/Y
 clkload101/Y
 clkload102/Y
 clkload103/Y
 clkload104/Y
 clkload105/Y
 clkload106/Y
 clkload107/X
 clkload108/X
 clkload109/Y
 clkload11/Y
 clkload110/Y
 clkload111/Y
 clkload112/Y
 clkload113/Y
 clkload114/Y
 clkload115/Y
 clkload116/Y
 clkload117/Y
 clkload118/Y
 clkload119/Y
 clkload12/X
 clkload120/Y
 clkload121/Y
 clkload122/Y
 clkload123/Y
 clkload124/Y
 clkload125/Y
 clkload126/Y
 clkload127/Y
 clkload128/X
 clkload129/Y
 clkload13/Y
 clkload130/X
 clkload131/Y
 clkload132/Y
 clkload133/X
 clkload134/Y
 clkload135/X
 clkload136/Y
 clkload137/Y
 clkload138/Y
 clkload139/Y
 clkload14/X
 clkload140/Y
 clkload141/Y
 clkload142/Y
 clkload143/Y
 clkload144/Y
 clkload145/Y
 clkload146/Y
 clkload147/Y
 clkload148/Y
 clkload149/X
 clkload15/Y
 clkload150/Y
 clkload151/Y
 clkload152/Y
 clkload153/Y
 clkload154/Y
 clkload155/X
 clkload156/X
 clkload157/X
 clkload158/Y
 clkload159/X
 clkload16/Y
 clkload160/Y
 clkload161/Y
 clkload162/Y
 clkload163/Y
 clkload164/Y
 clkload165/X
 clkload166/X
 clkload167/Y
 clkload168/Y
 clkload169/X
 clkload17/Y
 clkload170/Y
 clkload171/X
 clkload172/X
 clkload173/Y
 clkload174/X
 clkload175/Y
 clkload176/X
 clkload177/X
 clkload178/Y
 clkload179/Y
 clkload18/X
 clkload180/Y
 clkload181/Y
 clkload182/Y
 clkload183/Y
 clkload184/Y
 clkload185/Y
 clkload186/Y
 clkload187/Y
 clkload188/Y
 clkload189/Y
 clkload19/X
 clkload190/Y
 clkload191/Y
 clkload192/Y
 clkload193/Y
 clkload194/Y
 clkload195/Y
 clkload196/Y
 clkload197/Y
 clkload198/Y
 clkload199/Y
 clkload2/X
 clkload20/X
 clkload200/Y
 clkload201/Y
 clkload202/Y
 clkload203/Y
 clkload204/X
 clkload205/Y
 clkload206/X
 clkload207/Y
 clkload208/Y
 clkload209/Y
 clkload21/Y
 clkload210/X
 clkload211/Y
 clkload212/Y
 clkload213/Y
 clkload214/Y
 clkload215/Y
 clkload216/Y
 clkload217/Y
 clkload218/Y
 clkload219/X
 clkload22/Y
 clkload220/Y
 clkload221/Y
 clkload222/X
 clkload223/Y
 clkload224/Y
 clkload225/Y
 clkload226/X
 clkload227/Y
 clkload228/Y
 clkload229/Y
 clkload23/Y
 clkload230/Y
 clkload231/Y
 clkload232/Y
 clkload233/Y
 clkload234/Y
 clkload235/Y
 clkload236/X
 clkload237/Y
 clkload238/Y
 clkload239/Y
 clkload24/Y
 clkload240/X
 clkload241/Y
 clkload242/X
 clkload243/Y
 clkload244/X
 clkload245/Y
 clkload246/X
 clkload247/Y
 clkload248/Y
 clkload249/Y
 clkload25/Y
 clkload250/Y
 clkload251/X
 clkload252/Y
 clkload253/X
 clkload254/Y
 clkload255/Y
 clkload256/Y
 clkload257/Y
 clkload258/X
 clkload259/Y
 clkload26/Y
 clkload260/Y
 clkload261/Y
 clkload262/X
 clkload263/Y
 clkload264/Y
 clkload265/Y
 clkload266/Y
 clkload267/X
 clkload268/X
 clkload269/X
 clkload27/Y
 clkload270/X
 clkload271/X
 clkload272/X
 clkload273/X
 clkload274/Y
 clkload275/Y
 clkload276/Y
 clkload277/Y
 clkload278/Y
 clkload279/Y
 clkload28/Y
 clkload280/Y
 clkload281/Y
 clkload282/Y
 clkload283/Y
 clkload284/Y
 clkload285/Y
 clkload286/Y
 clkload287/Y
 clkload288/Y
 clkload289/Y
 clkload29/Y
 clkload290/Y
 clkload291/Y
 clkload292/X
 clkload293/Y
 clkload294/Y
 clkload295/Y
 clkload296/X
 clkload297/Y
 clkload298/Y
 clkload299/Y
 clkload3/X
 clkload30/Y
 clkload300/X
 clkload301/X
 clkload302/X
 clkload303/X
 clkload304/Y
 clkload305/Y
 clkload306/X
 clkload307/Y
 clkload308/X
 clkload309/Y
 clkload31/Y
 clkload310/Y
 clkload311/Y
 clkload312/X
 clkload313/X
 clkload314/X
 clkload315/Y
 clkload316/Y
 clkload317/Y
 clkload318/X
 clkload319/Y
 clkload32/Y
 clkload33/Y
 clkload34/Y
 clkload35/Y
 clkload36/Y
 clkload37/Y
 clkload38/Y
 clkload39/Y
 clkload4/X
 clkload40/Y
 clkload41/Y
 clkload42/Y
 clkload43/Y
 clkload44/X
 clkload45/Y
 clkload46/Y
 clkload47/Y
 clkload48/Y
 clkload49/X
 clkload5/Y
 clkload50/X
 clkload51/Y
 clkload52/Y
 clkload53/X
 clkload54/Y
 clkload55/Y
 clkload56/X
 clkload57/Y
 clkload58/Y
 clkload59/Y
 clkload6/Y
 clkload60/Y
 clkload61/X
 clkload62/Y
 clkload63/Y
 clkload64/X
 clkload65/Y
 clkload66/X
 clkload67/X
 clkload68/Y
 clkload69/X
 clkload7/Y
 clkload70/Y
 clkload71/Y
 clkload72/Y
 clkload73/Y
 clkload74/Y
 clkload75/Y
 clkload76/Y
 clkload77/Y
 clkload78/Y
 clkload79/X
 clkload8/Y
 clkload80/Y
 clkload81/X
 clkload82/Y
 clkload83/Y
 clkload84/Y
 clkload85/Y
 clkload86/Y
 clkload87/Y
 clkload88/Y
 clkload89/Y
 clkload9/Y
 clkload90/Y
 clkload91/Y
 clkload92/Y
 clkload93/Y
 clkload94/Y
 clkload95/Y
 clkload96/Y
 clkload97/Y
 clkload98/Y
 clkload99/Y
Found 0 partially unannotated drivers.

===========================================================================
max slew violation count 0
Writing metric design__max_slew_violation__count__corner:nom_tt_025C_1v80: 0
max fanout violation count 0
Writing metric design__max_fanout_violation__count__corner:nom_tt_025C_1v80: 0
max cap violation count 0
Writing metric design__max_cap_violation__count__corner:nom_tt_025C_1v80: 0
============================================================================

===========================================================================
check_setup -verbose -unconstrained_endpoints -multiple_clock -no_clock -no_input_delay -loops -generated_clocks
===========================================================================
Warning: There is 1 input port missing set_input_delay.
  reset
