Clock: clk
Sources: clk 
Generated: no
Virtual: yes
Propagated: no
Period: 20.000000

===========================================================================
report_clock_properties
============================================================================
Clock                   Period          Waveform
----------------------------------------------------
clk                  20.000000    0.000000 10.000000

===========================================================================
report_clock_latency
============================================================================
Clock clk
rise -> rise
    min     max
0.000000 0.000000 source latency
0.650368         network latency _17704_/CLK
        0.988626 network latency _15947_/CLK
---------------
0.650368 0.988626 latency
        0.338258 skew

fall -> fall
    min     max
0.000000 0.000000 source latency
0.591866         network latency _17704_/CLK
        0.890131 network latency _15947_/CLK
---------------
0.591866 0.890131 latency
        0.298265 skew



===========================================================================
report_clock_min_period
============================================================================
clk period_min = 8.21 fmax = 121.76
