Reading timing models for corner nom_tt_025C_1v80…
Reading timing library for the 'nom_tt_025C_1v80' corner at '/home/cl4/.ciel/ciel/sky130/versions/8afc8346a57fe1ab7934ba5a6056ea8b43078e71/sky130A/libs.ref/sky130_fd_sc_hd/lib/sky130_fd_sc_hd__tt_025C_1v80.lib'…
Reading OpenROAD database at '/home/cl4/Desktop/training/asic/runs/RUN_2026-09-13_16-01-18/26-odb-customioplacement/dual_core_soc.odb'…
Reading design constraints file at '/home/cl4/Desktop/training/asic/src/impl.sdc'…
[INFO] No information on clock propagation in input SDC file-- propagating all clocks.
[INFO] Setting signal min routing layer to: met1 and clock min routing layer to met1. 
[INFO] Setting signal max routing layer to: met5 and clock max routing layer to met5. 
+ global_placement -density 0.5 -timing_driven -routability_driven -pad_right 1 -pad_left 1 -init_wirelength_coef 0.25
[INFO GPL-0001] ---- Initialize GPL Main Data Structures
[INFO GPL-0002] DBU: 1000
[INFO GPL-0003] SiteSize: (  0.460  2.720 ) um
[INFO GPL-0004] CoreBBox: ( 30.360 32.640 ) ( 969.680 968.320 ) um
[INFO GPL-0036] Movable instances area:     164253.782 um^2
[INFO GPL-0037] Total instances area:       182421.206 um^2
[INFO GPL-0035] Pin density area adjust:     21034.449 um^2
[INFO GPL-0032] ---- Initialize Region: Top-level
[INFO GPL-0006] Number of instances:             23573
[INFO GPL-0007] Movable instances:               10429
[INFO GPL-0008] Fixed instances:                 13144
[INFO GPL-0009] Dummy instances:                     0
[INFO GPL-0010] Number of nets:                  10432
[INFO GPL-0011] Number of pins:                  42333
[INFO GPL-0012] Die BBox:  (  0.000  0.000 ) ( 1000.000 1000.000 ) um
[INFO GPL-0013] Core BBox: ( 30.360 32.640 ) ( 969.680 968.320 ) um
[INFO GPL-0016] Core area:                  878902.938 um^2
[INFO GPL-0014] Region name: top-level.
[INFO GPL-0015] Region area:                878902.938 um^2
[INFO GPL-0017] Fixed instances area:        18167.424 um^2
[INFO GPL-0018] Movable instances area:     185288.232 um^2
[INFO GPL-0019] Utilization:                    21.527 %
[INFO GPL-0020] Standard cells area:        185288.232 um^2
[INFO GPL-0021] Large instances area:            0.000 um^2
[INFO GPL-0005] ---- Execute Conjugate Gradient Initial Placement.
[INFO GPL-0051] Source of initial instance position counters:
	Odb location = 0	Core center = 10429	Region center = 0
[InitialPlace]  Iter: 1 conjugate gradient residual: 0.00011171 HPWL: 98482980
[InitialPlace]  Iter: 2 conjugate gradient residual: 0.00008688 HPWL: 102054805
[InitialPlace]  Iter: 3 conjugate gradient residual: 0.00008116 HPWL: 102346630
[InitialPlace]  Iter: 4 conjugate gradient residual: 0.00007938 HPWL: 102966617
[InitialPlace]  Iter: 5 conjugate gradient residual: 0.00008489 HPWL: 102865885
[InitialPlace]  Iter: 6 conjugate gradient residual: 0.00007825 HPWL: 103148342
[InitialPlace]  Iter: 7 conjugate gradient residual: 0.00007998 HPWL: 102971714
[InitialPlace]  Iter: 8 conjugate gradient residual: 0.00008164 HPWL: 103187745
[InitialPlace]  Iter: 9 conjugate gradient residual: 0.00011063 HPWL: 102996953
[InitialPlace]  Iter: 10 conjugate gradient residual: 0.00007952 HPWL: 103211285
[InitialPlace]  Iter: 11 conjugate gradient residual: 0.00007990 HPWL: 103016394
[InitialPlace]  Iter: 12 conjugate gradient residual: 0.00007854 HPWL: 103218472
[InitialPlace]  Iter: 13 conjugate gradient residual: 0.00008008 HPWL: 103053312
[InitialPlace]  Iter: 14 conjugate gradient residual: 0.00007919 HPWL: 103229525
[InitialPlace]  Iter: 15 conjugate gradient residual: 0.00008061 HPWL: 103047485
[InitialPlace]  Iter: 16 conjugate gradient residual: 0.00007910 HPWL: 103237472
[InitialPlace]  Iter: 17 conjugate gradient residual: 0.00008074 HPWL: 103056324
[InitialPlace]  Iter: 18 conjugate gradient residual: 0.00007852 HPWL: 103258132
[InitialPlace]  Iter: 19 conjugate gradient residual: 0.00007884 HPWL: 103059401
[InitialPlace]  Iter: 20 conjugate gradient residual: 0.00010897 HPWL: 103255514
[INFO GPL-0033] ---- Initialize Nesterov Region: Top-level
[INFO GPL-0023] Placement target density:       0.5000
[INFO GPL-0024] Movable insts average area:     17.767 um^2
[INFO GPL-0025] Ideal bin area:                 35.533 um^2
[INFO GPL-0026] Ideal bin count:                 24734
[INFO GPL-0027] Total bin area:             878902.938 um^2
[INFO GPL-0028] Bin count (X, Y):         128 ,    128
[INFO GPL-0029] Bin size (W * H):       7.338 *  7.310 um
[INFO GPL-0030] Number of bins:                  16384
[INFO GPL-0007] ---- Execute Nesterov Global Placement.
[INFO GPL-0031] HPWL: Half-Perimeter Wirelength
Iteration | Overflow |     HPWL (um) |  HPWL(%) |   Penalty | Group
---------------------------------------------------------------
        0 |   0.9981 |  2.757993e+04 |   +0.00% |  1.55e-16 |      
       10 |   0.9960 |  2.480274e+04 |  -10.07% |  2.52e-16 |      
       20 |   0.9948 |  2.497305e+04 |   +0.69% |  4.11e-16 |      
       30 |   0.9936 |  2.524877e+04 |   +1.10% |  6.70e-16 |      
       40 |   0.9929 |  2.541231e+04 |   +0.65% |  1.09e-15 |      
       50 |   0.9927 |  2.545784e+04 |   +0.18% |  1.78e-15 |      
       60 |   0.9925 |  2.549828e+04 |   +0.16% |  2.89e-15 |      
       70 |   0.9927 |  2.558924e+04 |   +0.36% |  4.71e-15 |      
       80 |   0.9927 |  2.572435e+04 |   +0.53% |  7.68e-15 |      
       90 |   0.9927 |  2.587724e+04 |   +0.59% |  1.25e-14 |      
      100 |   0.9925 |  2.604986e+04 |   +0.67% |  2.04e-14 |      
      110 |   0.9924 |  2.629090e+04 |   +0.93% |  3.32e-14 |      
      120 |   0.9923 |  2.670283e+04 |   +1.57% |  5.40e-14 |      
      130 |   0.9912 |  2.739251e+04 |   +2.58% |  8.80e-14 |      
      140 |   0.9906 |  2.847486e+04 |   +3.95% |  1.43e-13 |      
      150 |   0.9903 |  3.014058e+04 |   +5.85% |  2.33e-13 |      
      160 |   0.9891 |  3.295320e+04 |   +9.33% |  3.80e-13 |      
      170 |   0.9855 |  3.851497e+04 |  +16.88% |  6.19e-13 |      
      180 |   0.9794 |  4.789030e+04 |  +24.34% |  1.01e-12 |      
      190 |   0.9706 |  5.874513e+04 |  +22.67% |  1.64e-12 |      
      200 |   0.9621 |  6.921086e+04 |  +17.82% |  2.67e-12 |      
      210 |   0.9515 |  8.041561e+04 |  +16.19% |  4.34e-12 |      
      220 |   0.9374 |  9.326542e+04 |  +15.98% |  7.06e-12 |      
      230 |   0.9179 |  1.076795e+05 |  +15.45% |  1.15e-11 |      
      240 |   0.8969 |  1.235196e+05 |  +14.71% |  1.87e-11 |      
      250 |   0.8703 |  1.433047e+05 |  +16.02% |  3.03e-11 |      
      260 |   0.8398 |  1.635039e+05 |  +14.10% |  4.93e-11 |      
      270 |   0.8077 |  1.782602e+05 |   +9.03% |  8.02e-11 |      
      280 |   0.7718 |  1.951690e+05 |   +9.49% |  1.30e-10 |      
      290 |   0.7352 |  2.082583e+05 |   +6.71% |  2.12e-10 |      
      300 |   0.6935 |  2.249588e+05 |   +8.02% |  3.45e-10 |      
      310 |   0.6510 |  2.379677e+05 |   +5.78% |  5.61e-10 |      
[INFO GPL-0100] Timing-driven iteration 1/2, virtual: false.
[INFO GPL-0101]    Iter: 315, overflow: 0.634, keep resizer changes at: 1, HPWL: 242624191
Iteration |   Area    | Resized | Buffers | Nets repaired | Remaining
---------------------------------------------------------------------
        0 |     +0.0% |       0 |       0 |             0 |     10432
    final |     +2.6% |      35 |     333 |           125 |         0
---------------------------------------------------------------------
[INFO RSZ-0034] Found 108 slew violations.
[INFO RSZ-0035] Found 94 fanout violations.
[INFO RSZ-0039] Resized 35 instances.
[INFO RSZ-0038] Inserted 333 buffers in 125 nets.
   Iter   |    Area   | Removed | Inserted |   Pins
          |           | Buffers | Buffers  | Remaining
-------------------------------------------------------
        0 |     +0.0% |       0 |        0 |     10397
     1000 |     -0.2% |      41 |       34 |      9397
     2000 |     -0.2% |      60 |       58 |      8397
     3000 |     -0.2% |      61 |       62 |      7397
     4000 |     -0.2% |      61 |       62 |      6397
     5000 |     -0.2% |      70 |       72 |      5397
     6000 |     -0.2% |      70 |       74 |      4397
     7000 |     -0.3% |     110 |      121 |      3397
     8000 |     -0.8% |     313 |      361 |      2397
     9000 |     -0.8% |     313 |      361 |      1397
    10000 |     -0.8% |     313 |      361 |       397
    final |     -0.9% |     359 |      376 |         0
-------------------------------------------------------
[INFO GPL-0106] Timing-driven: worst slack 1.17e-08
[INFO GPL-0107] Timing-driven: repair_design delta area: 3897.756 um^2 (+2.10%)
[INFO GPL-0108] Timing-driven: repair_design, gpl delta gcells: 350 (+3.36%)
[INFO GPL-0109] Timing-driven: repair_design, gcells created: 709, deleted: 359
[INFO GPL-0110] Timing-driven: new target density: 0.5045284
Iteration | Overflow |     HPWL (um) |  HPWL(%) |   Penalty | Group
---------------------------------------------------------------
      320 |   0.6232 |  2.993219e+05 |  +25.78% |  9.07e-10 |      
[INFO GPL-0038] Routability snapshot saved at iter = 330
      329 |   0.5984 |  3.039073e+05 |          |           |      
      330 |   0.5912 |  3.046723e+05 |   +1.79% |  1.48e-09 |      
      340 |   0.5340 |  3.137850e+05 |   +2.99% |  2.40e-09 |      
      350 |   0.5017 |  3.258296e+05 |   +3.84% |  3.91e-09 |      
      360 |   0.4399 |  3.338200e+05 |   +2.45% |  6.36e-09 |      
      370 |   0.3930 |  3.388088e+05 |   +1.49% |  1.04e-08 |      
      380 |   0.3477 |  3.426668e+05 |   +1.14% |  1.69e-08 |      
      390 |   0.3128 |  3.458088e+05 |   +0.92% |  2.51e-08 |      
[INFO GPL-0040] Routability iteration: 1
[WARNING GRT-0281] Net clk has a large fanout of 2840 terminals.
[INFO GPL-0041] Total routing overflow: 7.9661
[INFO GPL-0042] Number of overflowed tiles: 99 (0.48%)
[INFO GPL-0043] Average top 0.5% routing congestion: 1.0765
[INFO GPL-0044] Average top 1.0% routing congestion: 1.0191
[INFO GPL-0045] Average top 2.0% routing congestion: 0.9597
[INFO GPL-0046] Average top 5.0% routing congestion: 0.8740
[INFO GPL-0047] Routability iteration weighted routing congestion: 1.0478
[INFO GPL-0048] Routing congestion (1.0478) lower than previous minimum (1e+30). Updating minimum.
[INFO GPL-0051] Inflated area:                1268.087 um^2 (+0.68%)
[INFO GPL-0052] Placement target density:       0.5045
[INFO GPL-0076] Removing fillers, count: Before: 13492, After: 13423 (-0.51%)
[INFO GPL-0077] Filler area (um^2)     : Before: 245079.537, After: 243810.754 (-0.52%)
[INFO GPL-0078] Removed fillers count: 69, area removed: 1253.292 um^2. Remaining area to be compensated by modifying density: 14.795 um^2
[INFO GPL-0058] White space area:           860735.514 um^2 (+0.00%)
[INFO GPL-0059] Movable instances area:     434265.522 um^2 (+0.00%)
[INFO GPL-0060] Total filler area:          243810.754 um^2 (-0.52%)
[INFO GPL-0061] Total non-inflated area:    432490.627 um^2 (-0.00%)
[INFO GPL-0062] Total inflated area:        433758.714 um^2 (-0.00%)
[INFO GPL-0063] New Target Density:             0.5045
[INFO GPL-0087] Routability end iteration: increase inflation and revert back to snapshot.
Iteration | Overflow |     HPWL (um) |  HPWL(%) |   Penalty | Group
---------------------------------------------------------------
      400 |   0.5655 |  3.095347e+05 |  -10.49% |  1.72e-09 |      
      410 |   0.5358 |  3.164510e+05 |   +2.23% |  2.54e-09 |      
      420 |   0.5007 |  3.277823e+05 |   +3.58% |  3.73e-09 |      
      430 |   0.4549 |  3.307668e+05 |   +0.91% |  5.50e-09 |      
      440 |   0.4195 |  3.352002e+05 |   +1.34% |  8.10e-09 |      
      450 |   0.3803 |  3.399294e+05 |   +1.41% |  1.19e-08 |      
      460 |   0.3429 |  3.440351e+05 |   +1.21% |  1.76e-08 |      
      470 |   0.3107 |  3.463081e+05 |   +0.66% |  2.59e-08 |      
[INFO GPL-0040] Routability iteration: 2
[INFO GPL-0041] Total routing overflow: 6.2838
[INFO GPL-0042] Number of overflowed tiles: 89 (0.43%)
[INFO GPL-0043] Average top 0.5% routing congestion: 1.0593
[INFO GPL-0044] Average top 1.0% routing congestion: 1.0062
[INFO GPL-0045] Average top 2.0% routing congestion: 0.9500
[INFO GPL-0046] Average top 5.0% routing congestion: 0.8674
[INFO GPL-0047] Routability iteration weighted routing congestion: 1.0328
[INFO GPL-0048] Routing congestion (1.0328) lower than previous minimum (1.048). Updating minimum.
[INFO GPL-0051] Inflated area:                 845.351 um^2 (+0.45%)
[INFO GPL-0052] Placement target density:       0.5045
[INFO GPL-0076] Removing fillers, count: Before: 13423, After: 13377 (-0.34%)
[INFO GPL-0077] Filler area (um^2)     : Before: 243810.754, After: 242975.226 (-0.34%)
[INFO GPL-0078] Removed fillers count: 46, area removed: 835.528 um^2. Remaining area to be compensated by modifying density: 9.823 um^2
[INFO GPL-0058] White space area:           860735.514 um^2 (+0.00%)
[INFO GPL-0059] Movable instances area:     434265.522 um^2 (+0.00%)
[INFO GPL-0060] Total filler area:          242975.226 um^2 (-0.34%)
[INFO GPL-0061] Total non-inflated area:    432500.451 um^2 (+0.00%)
[INFO GPL-0062] Total inflated area:        433345.802 um^2 (+0.00%)
[INFO GPL-0063] New Target Density:             0.5045
[INFO GPL-0087] Routability end iteration: increase inflation and revert back to snapshot.
Iteration | Overflow |     HPWL (um) |  HPWL(%) |   Penalty | Group
---------------------------------------------------------------
      480 |   0.5594 |  3.116308e+05 |  -10.01% |  1.79e-09 |      
      490 |   0.5339 |  3.190191e+05 |   +2.37% |  2.64e-09 |      
      500 |   0.4958 |  3.300976e+05 |   +3.47% |  3.88e-09 |      
      510 |   0.4508 |  3.325047e+05 |   +0.73% |  5.72e-09 |      
      520 |   0.4161 |  3.370125e+05 |   +1.36% |  8.42e-09 |      
      530 |   0.3758 |  3.421429e+05 |   +1.52% |  1.24e-08 |      
      540 |   0.3406 |  3.457661e+05 |   +1.06% |  1.83e-08 |      
      550 |   0.3081 |  3.480637e+05 |   +0.66% |  2.69e-08 |      
[INFO GPL-0040] Routability iteration: 3
[INFO GPL-0041] Total routing overflow: 4.7415
[INFO GPL-0042] Number of overflowed tiles: 74 (0.36%)
[INFO GPL-0043] Average top 0.5% routing congestion: 1.0424
[INFO GPL-0044] Average top 1.0% routing congestion: 0.9951
[INFO GPL-0045] Average top 2.0% routing congestion: 0.9432
[INFO GPL-0046] Average top 5.0% routing congestion: 0.8651
[INFO GPL-0047] Routability iteration weighted routing congestion: 1.0187
[INFO GPL-0048] Routing congestion (1.0187) lower than previous minimum (1.033). Updating minimum.
[INFO GPL-0051] Inflated area:                 567.964 um^2 (+0.30%)
[INFO GPL-0052] Placement target density:       0.5045
[INFO GPL-0076] Removing fillers, count: Before: 13377, After: 13346 (-0.23%)
[INFO GPL-0077] Filler area (um^2)     : Before: 242975.226, After: 242412.153 (-0.23%)
[INFO GPL-0078] Removed fillers count: 31, area removed: 563.073 um^2. Remaining area to be compensated by modifying density: 4.891 um^2
[INFO GPL-0058] White space area:           860735.514 um^2 (+0.00%)
[INFO GPL-0059] Movable instances area:     434265.522 um^2 (+0.00%)
[INFO GPL-0060] Total filler area:          242412.153 um^2 (-0.23%)
[INFO GPL-0061] Total non-inflated area:    432505.341 um^2 (+0.00%)
[INFO GPL-0062] Total inflated area:        433073.306 um^2 (+0.00%)
[INFO GPL-0063] New Target Density:             0.5045
[INFO GPL-0087] Routability end iteration: increase inflation and revert back to snapshot.
Iteration | Overflow |     HPWL (um) |  HPWL(%) |   Penalty | Group
---------------------------------------------------------------
      560 |   0.5537 |  3.137147e+05 |   -9.87% |  1.86e-09 |      
      570 |   0.5328 |  3.215263e+05 |   +2.49% |  2.74e-09 |      
      580 |   0.4914 |  3.318180e+05 |   +3.20% |  4.03e-09 |      
      590 |   0.4477 |  3.339384e+05 |   +0.64% |  5.94e-09 |      
      600 |   0.4118 |  3.386575e+05 |   +1.41% |  8.75e-09 |      
      610 |   0.3729 |  3.438069e+05 |   +1.52% |  1.29e-08 |      
      620 |   0.3382 |  3.470382e+05 |   +0.94% |  1.90e-08 |      
      630 |   0.3048 |  3.491430e+05 |   +0.61% |  2.79e-08 |      
[INFO GPL-0040] Routability iteration: 4
[INFO GPL-0041] Total routing overflow: 4.0080
[INFO GPL-0042] Number of overflowed tiles: 67 (0.32%)
[INFO GPL-0043] Average top 0.5% routing congestion: 1.0336
[INFO GPL-0044] Average top 1.0% routing congestion: 0.9893
[INFO GPL-0045] Average top 2.0% routing congestion: 0.9401
[INFO GPL-0046] Average top 5.0% routing congestion: 0.8642
[INFO GPL-0047] Routability iteration weighted routing congestion: 1.0114
[INFO GPL-0048] Routing congestion (1.0114) lower than previous minimum (1.019). Updating minimum.
[INFO GPL-0051] Inflated area:                 476.401 um^2 (+0.25%)
[INFO GPL-0052] Placement target density:       0.5045
[INFO GPL-0076] Removing fillers, count: Before: 13346, After: 13320 (-0.19%)
[INFO GPL-0077] Filler area (um^2)     : Before: 242412.153, After: 241939.898 (-0.19%)
[INFO GPL-0078] Removed fillers count: 26, area removed: 472.255 um^2. Remaining area to be compensated by modifying density: 4.146 um^2
[INFO GPL-0058] White space area:           860735.514 um^2 (+0.00%)
[INFO GPL-0059] Movable instances area:     434265.522 um^2 (+0.00%)
[INFO GPL-0060] Total filler area:          241939.898 um^2 (-0.19%)
[INFO GPL-0061] Total non-inflated area:    432509.487 um^2 (+0.00%)
[INFO GPL-0062] Total inflated area:        432985.888 um^2 (+0.00%)
[INFO GPL-0063] New Target Density:             0.5045
[INFO GPL-0087] Routability end iteration: increase inflation and revert back to snapshot.
Iteration | Overflow |     HPWL (um) |  HPWL(%) |   Penalty | Group
---------------------------------------------------------------
      640 |   0.5482 |  3.153672e+05 |   -9.67% |  1.94e-09 |      
      650 |   0.5312 |  3.237186e+05 |   +2.65% |  2.85e-09 |      
      660 |   0.4852 |  3.331063e+05 |   +2.90% |  4.19e-09 |      
      670 |   0.4447 |  3.349336e+05 |   +0.55% |  6.18e-09 |      
      680 |   0.4075 |  3.400475e+05 |   +1.53% |  9.09e-09 |      
      690 |   0.3692 |  3.453584e+05 |   +1.56% |  1.34e-08 |      
      700 |   0.3351 |  3.480092e+05 |   +0.77% |  1.97e-08 |      
      710 |   0.3012 |  3.502801e+05 |   +0.65% |  2.90e-08 |      
[INFO GPL-0040] Routability iteration: 5
[INFO GPL-0041] Total routing overflow: 3.2073
[INFO GPL-0042] Number of overflowed tiles: 63 (0.30%)
[INFO GPL-0043] Average top 0.5% routing congestion: 1.0240
[INFO GPL-0044] Average top 1.0% routing congestion: 0.9829
[INFO GPL-0045] Average top 2.0% routing congestion: 0.9367
[INFO GPL-0046] Average top 5.0% routing congestion: 0.8622
[INFO GPL-0047] Routability iteration weighted routing congestion: 1.0034
[INFO GPL-0050] Weighted routing congestion is lower than target routing congestion(1.0100), end routability optimization.
[INFO GPL-0090] Routability finished. Target routing congestion achieved succesfully.
Iteration | Overflow |     HPWL (um) |  HPWL(%) |   Penalty | Group
---------------------------------------------------------------
      720 |   0.2704 |  3.531354e+05 |   +0.82% |  4.28e-08 |      
      730 |   0.2398 |  3.549259e+05 |   +0.51% |  6.30e-08 |      
      740 |   0.2109 |  3.576063e+05 |   +0.76% |  9.28e-08 |      
[INFO GPL-0100] Timing-driven iteration 2/2, virtual: false.
[INFO GPL-0101]    Iter: 748, overflow: 0.193, keep resizer changes at: 1, HPWL: 358745945
Iteration |   Area    | Resized | Buffers | Nets repaired | Remaining
---------------------------------------------------------------------
        0 |     +0.0% |       0 |       0 |             0 |     10782
    final |     +0.0% |       1 |       1 |             1 |         0
---------------------------------------------------------------------
[INFO RSZ-0034] Found 1 slew violations.
[INFO RSZ-0039] Resized 1 instances.
[INFO RSZ-0038] Inserted 1 buffers in 1 nets.
   Iter   |    Area   | Removed | Inserted |   Pins
          |           | Buffers | Buffers  | Remaining
-------------------------------------------------------
        0 |     +0.0% |       0 |        0 |     10397
     1000 |     +0.0% |      34 |       43 |      9397
     2000 |     +0.1% |      58 |       76 |      8397
     3000 |     +0.1% |      62 |       82 |      7397
     4000 |     +0.1% |      62 |       82 |      6397
     5000 |     +0.1% |      72 |       95 |      5397
     6000 |     +0.1% |      74 |       98 |      4397
     7000 |     +0.2% |     121 |      159 |      3397
     8000 |     +0.4% |     361 |      444 |      2397
     9000 |     +0.4% |     361 |      444 |      1397
    10000 |     +0.4% |     361 |      444 |       397
    final |     +0.4% |     376 |      461 |         0
-------------------------------------------------------
[INFO GPL-0106] Timing-driven: worst slack 1.13e-08
[INFO GPL-0107] Timing-driven: repair_design delta area: 1699.042 um^2 (+0.89%)
[INFO GPL-0108] Timing-driven: repair_design, gpl delta gcells: 86 (+0.80%)
[INFO GPL-0109] Timing-driven: repair_design, gcells created: 462, deleted: 376
[INFO GPL-0110] Timing-driven: new target density: 0.5044622
Iteration | Overflow |     HPWL (um) |  HPWL(%) |   Penalty | Group
---------------------------------------------------------------
      750 |   0.1855 |  3.831410e+05 |   +7.14% |  1.36e-07 |      
      760 |   0.1598 |  3.788387e+05 |   -1.12% |  2.01e-07 |      
      770 |   0.1398 |  3.763129e+05 |   -0.67% |  2.96e-07 |      
      780 |   0.1187 |  3.750159e+05 |   -0.34% |  4.36e-07 |      
      790 |   0.1029 |  3.750325e+05 |   +0.00% |  6.42e-07 |      
      792 |   0.0993 |  3.751837e+05 |          |  7.21e-07 |      
---------------------------------------------------------------
[INFO GPL-1001] Global placement finished at iteration 792
[INFO GPL-1003] Routability mode iteration count: 377
[INFO GPL-1005] Routability final weighted congestion: 0.9822
[INFO GPL-1002] Placed Cell Area            191112.5227
[INFO GPL-1003] Available Free Area         860735.5136
[INFO GPL-1004] Minimum Feasible Density        0.2200 (cell_area / free_area)
[INFO GPL-1006]   Suggested Target Densities:
[INFO GPL-1007]     - For 90% usage of free space: 0.2467
[INFO GPL-1008]     - For 80% usage of free space: 0.2775
[INFO GPL-1009]     - For 50% usage of free space: 0.4441
[INFO GPL-1011] Original area (um^2): 185288.23
[INFO GPL-1012] Total routability artificial inflation: 3157.80 (+1.70%)
[INFO GPL-1013] Total timing-driven delta area: 5596.80 (+3.02%)
[INFO GPL-1014] Final placement area: 191112.52 (+3.14%)
Setting global connections for newly added cells…
[INFO] Setting global connections...
[INFO ODB-0403] 1872 connections made, 0 conflicts skipped.
Updating metrics…
Cell type report:                       Count       Area
  Fill cell                               688    2582.48
  Tap cell                              12456   15584.95
  Timing Repair Buffer                    468    2766.40
  Inverter                                134     502.98
  Sequential cell                        2839   60391.67
  Multi-Input combinational cell         7424   77380.46
  Total                                 24009  159208.94
Writing OpenROAD database to '/home/cl4/Desktop/training/asic/runs/RUN_2026-09-13_16-01-18/28-openroad-globalplacement/dual_core_soc.odb'…
Writing netlist to '/home/cl4/Desktop/training/asic/runs/RUN_2026-09-13_16-01-18/28-openroad-globalplacement/dual_core_soc.nl.v'…
Writing powered netlist to '/home/cl4/Desktop/training/asic/runs/RUN_2026-09-13_16-01-18/28-openroad-globalplacement/dual_core_soc.pnl.v'…
Writing layout to '/home/cl4/Desktop/training/asic/runs/RUN_2026-09-13_16-01-18/28-openroad-globalplacement/dual_core_soc.def'…
Writing timing constraints to '/home/cl4/Desktop/training/asic/runs/RUN_2026-09-13_16-01-18/28-openroad-globalplacement/dual_core_soc.sdc'…
