Clock: clk
Sources: clk 
Generated: no
Virtual: no
Propagated: no
Period: 10.000000

===========================================================================
report_clock_properties
============================================================================
Clock                   Period          Waveform
----------------------------------------------------
clk                  10.000000    0.000000  5.000000

===========================================================================
report_clock_latency
============================================================================
Clock clk
rise -> rise
    min     max
0.000000 0.000000 source latency
0.363356         network latency _186_/CLK
        0.363356 network latency _186_/CLK
---------------
0.363356 0.363356 latency
        0.000000 skew

fall -> fall
    min     max
0.000000 0.000000 source latency
0.203270         network latency _186_/CLK
        0.203270 network latency _186_/CLK
---------------
0.203270 0.203270 latency
        0.000000 skew



===========================================================================
report_clock_min_period
============================================================================
clk period_min = 4.09 fmax = 244.63
