Clock: clk
Sources: clk 
Generated: no
Virtual: yes
Propagated: no
Period: 10.000000

===========================================================================
report_clock_properties
============================================================================
Clock                   Period          Waveform
----------------------------------------------------
clk                  10.000000    0.000000  5.000000

===========================================================================
report_clock_latency
============================================================================
Clock clk
rise -> rise
    min     max
0.000000 0.000000 source latency
0.238282         network latency _211_/CLK
        0.242439 network latency _195_/CLK
---------------
0.238282 0.242439 latency
        0.004157 skew

fall -> fall
    min     max
0.000000 0.000000 source latency
0.224881         network latency _211_/CLK
        0.227985 network latency _195_/CLK
---------------
0.224881 0.227985 latency
        0.003104 skew



===========================================================================
report_clock_min_period
============================================================================
clk period_min = 1.47 fmax = 680.31
