[WARNING ORD-0039] .openroad ignored with -python
Unannotated report:
['report_parasitic_annotation -report_unannotated\n',
 '============================================================================\n',
 'Found 88 unannotated drivers.\n',
 ' axi_awaddr[0]\n',
 ' axi_awaddr[10]\n',
 ' axi_awaddr[11]\n',
 ' axi_awaddr[12]\n',
 ' axi_awaddr[13]\n',
 ' axi_awaddr[14]\n',
 ' axi_awaddr[15]\n',
 ' axi_awaddr[16]\n',
 ' axi_awaddr[17]\n',
 ' axi_awaddr[18]\n',
 ' axi_awaddr[19]\n',
 ' axi_awaddr[1]\n',
 ' axi_awaddr[20]\n',
 ' axi_awaddr[21]\n',
 ' axi_awaddr[22]\n',
 ' axi_awaddr[23]\n',
 ' axi_awaddr[24]\n',
 ' axi_awaddr[25]\n',
 ' axi_awaddr[26]\n',
 ' axi_awaddr[27]\n',
 ' axi_awaddr[28]\n',
 ' axi_awaddr[29]\n',
 ' axi_awaddr[2]\n',
 ' axi_awaddr[30]\n',
 ' axi_awaddr[31]\n',
 ' axi_awaddr[3]\n',
 ' axi_awaddr[4]\n',
 ' axi_awaddr[5]\n',
 ' axi_awaddr[6]\n',
 ' axi_awaddr[7]\n',
 ' axi_awaddr[8]\n',
 ' axi_awaddr[9]\n',
 ' axi_bready\n',
 ' axi_rready\n',
 ' axi_wdata[0]\n',
 ' axi_wdata[10]\n',
 ' axi_wdata[11]\n',
 ' axi_wdata[12]\n',
 ' axi_wdata[13]\n',
 ' axi_wdata[14]\n',
 ' axi_wdata[15]\n',
 ' axi_wdata[16]\n',
 ' axi_wdata[17]\n',
 ' axi_wdata[18]\n',
 ' axi_wdata[19]\n',
 ' axi_wdata[1]\n',
 ' axi_wdata[20]\n',
 ' axi_wdata[21]\n',
 ' axi_wdata[22]\n',
 ' axi_wdata[23]\n',
 ' axi_wdata[24]\n',
 ' axi_wdata[25]\n',
 ' axi_wdata[26]\n',
 ' axi_wdata[27]\n',
 ' axi_wdata[28]\n',
 ' axi_wdata[29]\n',
 ' axi_wdata[2]\n',
 ' axi_wdata[30]\n',
 ' axi_wdata[31]\n',
 ' axi_wdata[3]\n',
 ' axi_wdata[4]\n',
 ' axi_wdata[5]\n',
 ' axi_wdata[6]\n',
 ' axi_wdata[7]\n',
 ' axi_wdata[8]\n',
 ' axi_wdata[9]\n',
 ' axi_wstrb[0]\n',
 ' axi_wstrb[1]\n',
 ' axi_wstrb[2]\n',
 ' axi_wstrb[3]\n',
 ' ext_interrupt\n',
 ' gpio_in[0]\n',
 ' gpio_in[1]\n',
 ' gpio_in[2]\n',
 ' gpio_in[3]\n',
 ' gpio_in[4]\n',
 ' gpio_in[5]\n',
 ' gpio_in[6]\n',
 ' gpio_in[7]\n',
 ' clkload0/Y\n',
 ' clkload1/X\n',
 ' clkload2/Y\n',
 ' riscv_soc_top/HI\n',
 ' riscv_soc_top_80/HI\n',
 ' riscv_soc_top_81/HI\n',
 ' riscv_soc_top_82/HI\n',
 ' riscv_soc_top_83/LO\n',
 ' riscv_soc_top_84/LO\n',
 'Found 0 partially unannotated drivers.\n',
 '\n']
Reported nets:
['axi_awaddr[0]',
 'axi_awaddr[10]',
 'axi_awaddr[11]',
 'axi_awaddr[12]',
 'axi_awaddr[13]',
 'axi_awaddr[14]',
 'axi_awaddr[15]',
 'axi_awaddr[16]',
 'axi_awaddr[17]',
 'axi_awaddr[18]',
 'axi_awaddr[19]',
 'axi_awaddr[1]',
 'axi_awaddr[20]',
 'axi_awaddr[21]',
 'axi_awaddr[22]',
 'axi_awaddr[23]',
 'axi_awaddr[24]',
 'axi_awaddr[25]',
 'axi_awaddr[26]',
 'axi_awaddr[27]',
 'axi_awaddr[28]',
 'axi_awaddr[29]',
 'axi_awaddr[2]',
 'axi_awaddr[30]',
 'axi_awaddr[31]',
 'axi_awaddr[3]',
 'axi_awaddr[4]',
 'axi_awaddr[5]',
 'axi_awaddr[6]',
 'axi_awaddr[7]',
 'axi_awaddr[8]',
 'axi_awaddr[9]',
 'axi_bready',
 'axi_rready',
 'axi_wdata[0]',
 'axi_wdata[10]',
 'axi_wdata[11]',
 'axi_wdata[12]',
 'axi_wdata[13]',
 'axi_wdata[14]',
 'axi_wdata[15]',
 'axi_wdata[16]',
 'axi_wdata[17]',
 'axi_wdata[18]',
 'axi_wdata[19]',
 'axi_wdata[1]',
 'axi_wdata[20]',
 'axi_wdata[21]',
 'axi_wdata[22]',
 'axi_wdata[23]',
 'axi_wdata[24]',
 'axi_wdata[25]',
 'axi_wdata[26]',
 'axi_wdata[27]',
 'axi_wdata[28]',
 'axi_wdata[29]',
 'axi_wdata[2]',
 'axi_wdata[30]',
 'axi_wdata[31]',
 'axi_wdata[3]',
 'axi_wdata[4]',
 'axi_wdata[5]',
 'axi_wdata[6]',
 'axi_wdata[7]',
 'axi_wdata[8]',
 'axi_wdata[9]',
 'axi_wstrb[0]',
 'axi_wstrb[1]',
 'axi_wstrb[2]',
 'axi_wstrb[3]',
 'ext_interrupt',
 'gpio_in[0]',
 'gpio_in[1]',
 'gpio_in[2]',
 'gpio_in[3]',
 'gpio_in[4]',
 'gpio_in[5]',
 'gpio_in[6]',
 'gpio_in[7]',
 'clkload0/Y',
 'clkload1/X',
 'clkload2/Y',
 'riscv_soc_top/HI',
 'riscv_soc_top_80/HI',
 'riscv_soc_top_81/HI',
 'riscv_soc_top_82/HI',
 'riscv_soc_top_83/LO',
 'riscv_soc_top_84/LO']
Filtered nets:
[]
done
