Clock: clk
Sources: clk 
Generated: no
Virtual: yes
Propagated: no
Period: 20.000000

===========================================================================
report_clock_properties
============================================================================
Clock                   Period          Waveform
----------------------------------------------------
clk                  20.000000    0.000000 10.000000

===========================================================================
report_clock_latency
============================================================================
Clock clk
rise -> rise
    min     max
0.000000 0.000000 source latency
2.480158         network latency _28299_/CLK
        2.943986 network latency _28016_/CLK
---------------
2.480158 2.943986 latency
        0.463828 skew

fall -> fall
    min     max
0.000000 0.000000 source latency
2.024026         network latency _28299_/CLK
        2.389513 network latency _28016_/CLK
---------------
2.024026 2.389513 latency
        0.365486 skew



===========================================================================
report_clock_min_period
============================================================================
clk period_min = 22.11 fmax = 45.22
