
===========================================================================
Violator List
============================================================================
[setup in-reg] imem_data[15] -> _28250_/D : -5.191808
[setup in-reg] imem_data[15] -> _28248_/D : -5.168998
[setup in-reg] imem_data[15] -> _28152_/D : -5.165431
[setup in-reg] imem_data[15] -> _28249_/D : -5.163884
[setup in-reg] imem_data[15] -> _28253_/D : -5.154155
[setup in-reg] imem_data[15] -> _28154_/D : -5.146628
[setup in-reg] imem_data[15] -> _28156_/D : -5.141006
[setup in-reg] imem_data[15] -> _28247_/D : -5.139953
[setup in-reg] imem_data[15] -> _28157_/D : -5.135757
[setup in-reg] imem_data[15] -> _28167_/D : -5.134254
[setup in-reg] imem_data[15] -> _28153_/D : -5.129362
[setup in-reg] imem_data[15] -> _28246_/D : -5.121452
[setup in-reg] imem_data[15] -> _28155_/D : -5.120296
[setup in-reg] imem_data[15] -> _28254_/D : -5.119897
[setup in-reg] imem_data[15] -> _28158_/D : -5.112220
[setup in-reg] imem_data[15] -> _28150_/D : -5.108841
[setup in-reg] imem_data[15] -> _28277_/D : -4.785782
[setup in-reg] imem_data[15] -> _27989_/D : -4.775936
[setup in-reg] imem_data[15] -> _27992_/D : -4.769817
[setup in-reg] imem_data[15] -> _27999_/D : -4.763901
[setup in-reg] imem_data[15] -> _27995_/D : -4.759835
[setup in-reg] imem_data[15] -> _27988_/D : -4.753489
[setup in-reg] imem_data[15] -> _28279_/D : -4.752618
[setup in-reg] imem_data[15] -> _27994_/D : -4.747506
[setup in-reg] imem_data[15] -> _27991_/D : -4.745187
[setup in-reg] imem_data[15] -> _28276_/D : -4.743797
[setup in-reg] imem_data[15] -> _28291_/D : -4.743281
[setup in-reg] imem_data[15] -> _28292_/D : -4.741427
[setup in-reg] imem_data[15] -> _28287_/D : -4.739807
[setup in-reg] imem_data[15] -> _27997_/D : -4.736711
[setup in-reg] imem_data[15] -> _28282_/D : -4.731001
[setup in-reg] imem_data[15] -> _28294_/D : -4.728495
[setup in-reg] imem_data[15] -> _28278_/D : -4.720562
[setup in-reg] imem_data[15] -> _28283_/D : -4.720146
[setup in-reg] imem_data[15] -> _27990_/D : -4.706235
[setup in-reg] imem_data[15] -> _28006_/D : -4.695672
[setup in-reg] imem_data[15] -> _28122_/D : -4.519959
[setup in-reg] imem_data[15] -> _28120_/D : -4.519310
[setup in-reg] imem_data[15] -> _28126_/D : -4.517164
[setup in-reg] imem_data[15] -> _28118_/D : -4.514107
[setup in-reg] imem_data[15] -> _28121_/D : -4.504084
[setup in-reg] imem_data[15] -> _28117_/D : -4.500020
[setup in-reg] imem_data[15] -> _28124_/D : -4.469042
[setup in-reg] imem_data[15] -> _28119_/D : -4.460576
[setup in-reg] imem_data[15] -> _28344_/D : -4.406092
[setup in-reg] imem_data[15] -> _27892_/D : -4.387980
[setup in-reg] imem_data[15] -> _28345_/D : -4.384937
[setup in-reg] imem_data[15] -> _28342_/D : -4.384926
[setup in-reg] imem_data[15] -> _28252_/D : -4.383221
[setup in-reg] imem_data[15] -> _28350_/D : -4.382759
[setup in-reg] imem_data[15] -> _28343_/D : -4.378078
[setup in-reg] imem_data[15] -> _28340_/D : -4.374900
[setup in-reg] imem_data[15] -> _28351_/D : -4.368475
[setup in-reg] imem_data[15] -> _28263_/D : -4.366575
[setup in-reg] imem_data[15] -> _28347_/D : -4.363798
[setup in-reg] imem_data[15] -> _28346_/D : -4.363489
[setup in-reg] imem_data[15] -> _28245_/D : -4.362010
[setup in-reg] imem_data[15] -> _28218_/D : -4.361240
[setup in-reg] imem_data[15] -> _28255_/D : -4.357579
[setup in-reg] imem_data[15] -> _28251_/D : -4.356453
[setup in-reg] imem_data[15] -> _28349_/D : -4.355624
[setup in-reg] imem_data[15] -> _28341_/D : -4.352698
[setup in-reg] imem_data[15] -> _28244_/D : -4.348781
[setup in-reg] imem_data[15] -> _28216_/D : -4.348026
[setup in-reg] imem_data[15] -> _28220_/D : -4.345916
[setup in-reg] imem_data[15] -> _28262_/D : -4.336496
[setup in-reg] imem_data[15] -> _28222_/D : -4.329211
[setup in-reg] imem_data[15] -> _28231_/D : -4.323528
[setup in-reg] imem_data[15] -> _28358_/D : -4.320207
[setup in-reg] imem_data[15] -> _28214_/D : -4.318696
[setup in-reg] imem_data[15] -> _28217_/D : -4.313097
[setup in-reg] imem_data[15] -> _28221_/D : -4.306715
[setup in-reg] imem_data[15] -> _28312_/D : -4.302102
[setup in-reg] imem_data[15] -> _27901_/D : -4.298821
[setup in-reg] imem_data[15] -> _28309_/D : -4.292112
[setup in-reg] imem_data[15] -> _28149_/D : -4.290905
[setup in-reg] imem_data[15] -> _27894_/D : -4.289842
[setup in-reg] imem_data[15] -> _28315_/D : -4.289534
[setup in-reg] imem_data[15] -> _28311_/D : -4.287094
[setup in-reg] imem_data[15] -> _27896_/D : -4.283571
[setup in-reg] imem_data[15] -> _27895_/D : -4.282418
[setup in-reg] imem_data[15] -> _28319_/D : -4.281070
[setup in-reg] imem_data[15] -> _27903_/D : -4.275650
[setup in-reg] imem_data[15] -> _27893_/D : -4.274853
[setup in-reg] imem_data[15] -> _28224_/D : -4.272286
[setup in-reg] imem_data[15] -> _27898_/D : -4.268271
[setup in-reg] imem_data[15] -> _28308_/D : -4.267390
[setup in-reg] imem_data[15] -> _28151_/D : -4.265482
[setup in-reg] imem_data[15] -> _28159_/D : -4.256428
[setup in-reg] imem_data[15] -> _28314_/D : -4.255933
[setup in-reg] imem_data[15] -> _28310_/D : -4.254956
[setup in-reg] imem_data[15] -> _27899_/D : -4.254508
[setup in-reg] imem_data[15] -> _28230_/D : -4.251812
[setup in-reg] imem_data[15] -> _28326_/D : -4.249067
[setup in-reg] imem_data[15] -> _28317_/D : -4.248253
[setup in-reg] imem_data[15] -> _28164_/D : -4.247591
[setup in-reg] imem_data[15] -> _28186_/D : -4.246029
[setup in-reg] imem_data[15] -> _28160_/D : -4.227489
[setup in-reg] imem_data[15] -> _28181_/D : -4.225385
[setup in-reg] imem_data[15] -> _28148_/D : -4.223754
[setup in-reg] imem_data[15] -> _28166_/D : -4.223182
[setup in-reg] imem_data[15] -> _28184_/D : -4.214110
[setup in-reg] imem_data[15] -> _28187_/D : -4.206344
[setup in-reg] imem_data[15] -> _28182_/D : -4.187440
[setup in-reg] imem_data[15] -> _28020_/D : -4.184065
[setup in-reg] imem_data[15] -> _28183_/D : -4.166729
[setup in-reg] imem_data[15] -> _27956_/D : -4.156808
[setup in-reg] imem_data[15] -> _28180_/D : -4.149753
[setup in-reg] imem_data[15] -> _27969_/D : -4.125822
[setup in-reg] imem_data[15] -> _27976_/D : -4.117240
[setup in-reg] imem_data[15] -> _27942_/D : -4.116043
[setup in-reg] imem_data[15] -> _27971_/D : -4.114334
[setup in-reg] imem_data[15] -> _27978_/D : -4.112300
[setup in-reg] imem_data[15] -> _27977_/D : -4.110856
[setup in-reg] imem_data[15] -> _28102_/D : -4.110680
[setup in-reg] imem_data[15] -> _27974_/D : -4.106017
[setup in-reg] imem_data[15] -> _27970_/D : -4.095416
[setup in-reg] imem_data[15] -> _28026_/D : -4.084134
[setup in-reg] imem_data[15] -> _28189_/D : -4.081007
[setup in-reg] imem_data[15] -> _28029_/D : -4.080251
[setup in-reg] imem_data[15] -> _28198_/D : -4.079210
[setup in-reg] imem_data[15] -> _28285_/D : -4.078201
[setup in-reg] imem_data[15] -> _28021_/D : -4.077649
[setup in-reg] imem_data[15] -> _27933_/D : -4.077293
[setup in-reg] imem_data[15] -> _27910_/D : -4.077247
[setup in-reg] imem_data[15] -> _27965_/D : -4.074746
[setup in-reg] imem_data[15] -> _28093_/D : -4.073137
[setup in-reg] imem_data[15] -> _28024_/D : -4.072817
[setup in-reg] imem_data[15] -> _28061_/D : -4.069523
[setup in-reg] imem_data[15] -> _27967_/D : -4.069315
[setup in-reg] imem_data[15] -> _28125_/D : -4.066234
[setup in-reg] imem_data[15] -> _28022_/D : -4.064930
[setup in-reg] imem_data[15] -> _28023_/D : -4.064796
[setup in-reg] imem_data[15] -> _27935_/D : -4.061692
[setup in-reg] imem_data[15] -> _28070_/D : -4.060057
[setup in-reg] imem_data[15] -> _28040_/D : -4.059519
[setup in-reg] imem_data[15] -> _28043_/D : -4.058226
[setup in-reg] imem_data[15] -> _28038_/D : -4.057261
[setup in-reg] imem_data[15] -> _28042_/D : -4.054545
[setup in-reg] imem_data[15] -> _28034_/D : -4.052870
[setup in-reg] imem_data[15] -> _27960_/D : -4.050403
[setup in-reg] imem_data[15] -> _28092_/D : -4.047557
[setup in-reg] imem_data[15] -> _28063_/D : -4.046179
[setup in-reg] imem_data[15] -> _28095_/D : -4.045866
[setup in-reg] imem_data[15] -> _28031_/D : -4.044296
[setup in-reg] imem_data[15] -> _28103_/D : -4.043841
[setup in-reg] imem_data[15] -> _27957_/D : -4.039075
[setup in-reg] imem_data[15] -> _28098_/D : -4.037069
[setup in-reg] imem_data[15] -> _28027_/D : -4.033156
[setup in-reg] imem_data[15] -> _28127_/D : -4.033123
[setup in-reg] imem_data[15] -> _28101_/D : -4.031518
[setup in-reg] imem_data[15] -> _28106_/D : -4.030302
[setup in-reg] imem_data[15] -> _28089_/D : -4.029332
[setup in-reg] imem_data[15] -> _28094_/D : -4.025706
[setup in-reg] imem_data[15] -> _27958_/D : -4.020684
[setup in-reg] imem_data[15] -> _27959_/D : -4.016888
[setup in-reg] imem_data[15] -> _28191_/D : -4.016693
[setup in-reg] imem_data[15] -> _28223_/D : -4.011382
[setup in-reg] imem_data[15] -> _28037_/D : -4.011009
[setup in-reg] imem_data[15] -> _28134_/D : -4.009545
[setup in-reg] imem_data[15] -> _28084_/D : -3.998293
[setup in-reg] imem_data[15] -> _28096_/D : -3.996364
[setup in-reg] imem_data[15] -> _27962_/D : -3.992561
[setup in-reg] imem_data[15] -> _27909_/D : -3.990103
[setup in-reg] imem_data[15] -> _27963_/D : -3.988612
[setup in-reg] imem_data[15] -> _28069_/D : -3.980025
[setup in-reg] imem_data[15] -> _27941_/D : -3.977009
[setup in-reg] imem_data[15] -> _27973_/D : -3.975586
[setup in-reg] imem_data[15] -> _28197_/D : -3.972058
[setup in-reg] imem_data[15] -> _27968_/D : -3.948772
[setup in-reg] imem_data[15] -> _27904_/D : -3.948028
[setup in-reg] imem_data[15] -> _28032_/D : -3.947763
[setup in-reg] imem_data[15] -> _28064_/D : -3.946656
[setup in-reg] imem_data[15] -> _27938_/D : -3.940800
[setup in-reg] imem_data[15] -> _27936_/D : -3.940700
[setup in-reg] imem_data[15] -> _28133_/D : -3.939620
[setup in-reg] imem_data[15] -> _28258_/D : -3.936600
[setup in-reg] imem_data[15] -> _28005_/D : -3.935846
[setup in-reg] imem_data[15] -> _27906_/D : -3.928449
[setup in-reg] imem_data[15] -> _27998_/D : -3.911129
[setup in-reg] imem_data[15] -> _28000_/D : -3.909978
[setup in-reg] imem_data[15] -> _28192_/D : -3.901825
[setup in-reg] imem_data[15] -> _28128_/D : -3.896537
[setup in-reg] imem_data[15] -> _28194_/D : -3.892890
[setup in-reg] imem_data[15] -> _28162_/D : -3.892364
[setup in-reg] imem_data[15] -> _28190_/D : -3.890854
[setup in-reg] imem_data[15] -> _28226_/D : -3.887591
[setup in-reg] imem_data[15] -> _28090_/D : -3.875535
[setup in-reg] imem_data[15] -> _28088_/D : -3.867445
[setup in-reg] imem_data[15] -> _26837_/D : -3.856171
[setup in-reg] imem_data[15] -> _26834_/D : -3.845438
[setup in-reg] imem_data[15] -> _28087_/D : -3.841672
[setup in-reg] imem_data[15] -> _28085_/D : -3.835771
[setup in-reg] imem_data[15] -> _28086_/D : -3.817336
[setup in-reg] imem_data[15] -> _28280_/D : -3.813169
[setup in-reg] imem_data[15] -> _28091_/D : -3.810241
[setup in-reg] imem_data[15] -> _28259_/D : -3.799999
[setup in-reg] imem_data[15] -> _28323_/D : -3.799979
[setup in-reg] imem_data[15] -> _28099_/D : -3.793836
[setup in-reg] imem_data[15] -> _28067_/D : -3.792117
[setup in-reg] imem_data[15] -> _28286_/D : -3.780690
[setup in-reg] imem_data[15] -> _27934_/D : -3.772284
[setup in-reg] imem_data[15] -> _28284_/D : -3.771389
[setup in-reg] imem_data[15] -> _28131_/D : -3.770531
[setup in-reg] imem_data[15] -> _28295_/D : -3.768790
[setup in-reg] imem_data[15] -> _28030_/D : -3.764376
[setup in-reg] imem_data[15] -> _28293_/D : -3.764104
[setup in-reg] imem_data[15] -> _26833_/D : -3.758507
[setup in-reg] imem_data[15] -> _28062_/D : -3.755357
[setup in-reg] imem_data[15] -> _28290_/D : -3.754801
[setup in-reg] imem_data[15] -> _27902_/D : -3.754094
[setup in-reg] imem_data[15] -> _28298_/D : -3.753087
[setup in-reg] imem_data[15] -> _28195_/D : -3.750850
[setup in-reg] imem_data[15] -> _28297_/D : -3.750237
[setup in-reg] imem_data[15] -> _28003_/D : -3.748827
[setup in-reg] imem_data[15] -> _28281_/D : -3.748829
[setup in-reg] imem_data[15] -> _28227_/D : -3.741917
[setup in-reg] imem_data[15] -> _28288_/D : -3.741429
[setup in-reg] imem_data[15] -> _26839_/D : -3.732748
[setup in-reg] imem_data[15] -> _26832_/D : -3.718165
[setup in-reg] imem_data[15] -> _28071_/D : -3.716497
[setup in-reg] imem_data[15] -> _27996_/D : -3.715643
[setup in-reg] imem_data[15] -> _27943_/D : -3.714664
[setup in-reg] imem_data[15] -> _28039_/D : -3.711639
[setup in-reg] imem_data[15] -> _27911_/D : -3.700983
[setup in-reg] imem_data[15] -> _27993_/D : -3.697013
[setup in-reg] imem_data[15] -> _28215_/D : -3.695428
[setup in-reg] imem_data[15] -> _26835_/D : -3.672307
[setup in-reg] imem_data[15] -> _28002_/D : -3.671758
[setup in-reg] imem_data[15] -> _27975_/D : -3.671495
[setup in-reg] imem_data[15] -> _28004_/D : -3.655599
[setup in-reg] imem_data[15] -> _28028_/D : -3.652790
[setup in-reg] imem_data[15] -> _28055_/D : -3.648523
[setup in-reg] imem_data[15] -> _28025_/D : -3.647850
[setup in-reg] imem_data[15] -> _27927_/D : -3.646544
[setup in-reg] imem_data[15] -> _28009_/D : -3.645841
[setup in-reg] imem_data[15] -> _28135_/D : -3.644301
[setup in-reg] imem_data[15] -> _28007_/D : -3.643555
[setup in-reg] imem_data[15] -> _28199_/D : -3.628331
[setup in-reg] imem_data[15] -> _26836_/D : -3.586088
[setup in-reg] imem_data[15] -> _28267_/D : -3.552055
[setup in-reg] imem_data[15] -> _27972_/D : -3.549019
[setup in-reg] imem_data[15] -> _27979_/D : -3.547997
[setup in-reg] imem_data[15] -> _27947_/D : -3.543418
[setup in-reg] imem_data[15] -> _28363_/D : -3.542008
[setup in-reg] imem_data[15] -> _28075_/D : -3.540880
[setup in-reg] imem_data[15] -> _28357_/D : -3.536076
[setup in-reg] imem_data[15] -> _28123_/D : -3.532300
[setup in-reg] imem_data[15] -> _28325_/D : -3.529914
[setup in-reg] imem_data[15] -> _28316_/D : -3.510174
[setup in-reg] imem_data[15] -> _28261_/D : -3.506496
[setup in-reg] imem_data[15] -> _28348_/D : -3.506221
[setup in-reg] imem_data[15] -> _28116_/D : -3.505548
[setup in-reg] imem_data[15] -> _28050_/D : -3.504038
[setup in-reg] imem_data[15] -> _28235_/D : -3.499212
[setup in-reg] imem_data[15] -> _27900_/D : -3.498284
[setup in-reg] imem_data[15] -> _27932_/D : -3.497869
[setup in-reg] imem_data[15] -> _28242_/D : -3.495869
[setup in-reg] imem_data[15] -> _28011_/D : -3.495238
[setup in-reg] imem_data[15] -> _28306_/D : -3.494419
[setup in-reg] imem_data[15] -> _28171_/D : -3.494307
[setup in-reg] imem_data[15] -> _27986_/D : -3.494213
[setup in-reg] imem_data[15] -> _28060_/D : -3.492461
[setup in-reg] imem_data[15] -> _28114_/D : -3.492073
[setup in-reg] imem_data[15] -> _27964_/D : -3.491465
[setup in-reg] imem_data[15] -> _27954_/D : -3.490625
[setup in-reg] imem_data[15] -> _28018_/D : -3.490474
[setup in-reg] imem_data[15] -> _28178_/D : -3.489223
[setup in-reg] imem_data[15] -> _28274_/D : -3.487621
[setup in-reg] imem_data[15] -> _28229_/D : -3.485667
[setup in-reg] imem_data[15] -> _28354_/D : -3.485086
[setup in-reg] imem_data[15] -> _28066_/D : -3.479199
[setup in-reg] imem_data[15] -> _28322_/D : -3.474689
[setup in-reg] imem_data[15] -> _28052_/D : -3.461695
[setup in-reg] imem_data[15] -> _28318_/D : -3.456345
[setup in-reg] imem_data[15] -> _28352_/D : -3.454405
[setup in-reg] imem_data[15] -> _26838_/D : -3.452955
[setup in-reg] imem_data[15] -> _28165_/D : -3.450763
[setup in-reg] imem_data[15] -> _28264_/D : -3.446475
[setup in-reg] imem_data[15] -> _28213_/D : -3.445432
[setup in-reg] imem_data[15] -> _28265_/D : -3.443370
[setup in-reg] imem_data[15] -> _28257_/D : -3.440810
[setup in-reg] imem_data[15] -> _28266_/D : -3.440450
[setup in-reg] imem_data[15] -> _27924_/D : -3.440233
[setup in-reg] imem_data[15] -> _28260_/D : -3.438752
[setup in-reg] imem_data[15] -> _27897_/D : -3.437052
[setup in-reg] imem_data[15] -> _28320_/D : -3.436321
[setup in-reg] imem_data[15] -> _28256_/D : -3.435629
[setup in-reg] imem_data[15] -> _27961_/D : -3.429703
[setup in-reg] imem_data[15] -> _28057_/D : -3.429289
[setup in-reg] imem_data[15] -> _28140_/D : -3.424223
[setup in-reg] imem_data[15] -> _28327_/D : -3.418439
[setup in-reg] imem_data[15] -> _28313_/D : -3.410447
[setup in-reg] imem_data[15] -> _26822_/D : -3.401576
[setup in-reg] imem_data[15] -> _28329_/D : -3.396387
[setup in-reg] imem_data[15] -> _28324_/D : -3.395829
[setup in-reg] imem_data[15] -> _28145_/D : -3.395668
[setup in-reg] imem_data[15] -> _28228_/D : -3.395627
[setup in-reg] imem_data[15] -> _28130_/D : -3.394915
[setup in-reg] imem_data[15] -> _28330_/D : -3.393966
[setup in-reg] imem_data[15] -> _28129_/D : -3.387584
[setup in-reg] imem_data[15] -> _28136_/D : -3.383860
[setup in-reg] imem_data[15] -> _28139_/D : -3.382734
[setup in-reg] imem_data[15] -> _28359_/D : -3.380567
[setup in-reg] imem_data[15] -> _28142_/D : -3.377267
[setup in-reg] imem_data[15] -> _28234_/D : -3.372140
[setup in-reg] imem_data[15] -> _28137_/D : -3.370305
[setup in-reg] imem_data[15] -> _28361_/D : -3.368871
[setup in-reg] imem_data[15] -> _28355_/D : -3.367875
[setup in-reg] imem_data[15] -> _28356_/D : -3.367388
[setup in-reg] imem_data[15] -> _28362_/D : -3.366752
[setup in-reg] imem_data[15] -> _28353_/D : -3.357489
[setup in-reg] imem_data[15] -> _28219_/D : -3.355169
[setup in-reg] imem_data[15] -> _28054_/D : -3.353224
[setup in-reg] imem_data[15] -> _26755_/D : -3.352820
[setup in-reg] imem_data[15] -> _28058_/D : -3.352071
[setup in-reg] imem_data[15] -> _26757_/D : -3.347877
[setup in-reg] imem_data[15] -> _26760_/D : -3.347074
[setup in-reg] imem_data[15] -> _28188_/D : -3.347022
[setup in-reg] imem_data[15] -> _26756_/D : -3.345512
[setup in-reg] imem_data[15] -> _26761_/D : -3.345388
[setup in-reg] imem_data[15] -> _28056_/D : -3.342819
[setup in-reg] imem_data[15] -> _27861_/D : -3.341944
[setup in-reg] imem_data[15] -> _27862_/D : -3.340134
[setup in-reg] imem_data[15] -> _28053_/D : -3.338865
[setup in-reg] imem_data[15] -> _26820_/D : -3.337343
[setup in-reg] imem_data[15] -> _27871_/D : -3.336693
[setup in-reg] imem_data[15] -> _26759_/D : -3.335394
[setup in-reg] imem_data[15] -> _26762_/D : -3.331961
[setup in-reg] imem_data[15] -> _26821_/D : -3.331515
[setup in-reg] imem_data[15] -> _26765_/D : -3.331298
[setup in-reg] imem_data[15] -> _28201_/D : -3.331254
[setup in-reg] imem_data[15] -> _27870_/D : -3.330612
[setup in-reg] imem_data[15] -> _27928_/D : -3.329065
[setup in-reg] imem_data[15] -> _28212_/D : -3.328303
[setup in-reg] imem_data[15] -> _26754_/D : -3.328010
[setup in-reg] imem_data[15] -> _28073_/D : -3.328007
[setup in-reg] imem_data[15] -> _27866_/D : -3.324583
[setup in-reg] imem_data[15] -> _27865_/D : -3.323722
[setup in-reg] imem_data[15] -> _26758_/D : -3.322757
[setup in-reg] imem_data[15] -> _27878_/D : -3.322262
[setup in-reg] imem_data[15] -> _28185_/D : -3.321151
[setup in-reg] imem_data[15] -> _28068_/D : -3.320341
[setup in-reg] imem_data[15] -> _28059_/D : -3.320293
[setup in-reg] imem_data[15] -> _28074_/D : -3.319922
[setup in-reg] imem_data[15] -> _27867_/D : -3.319755
[setup in-reg] imem_data[15] -> _28193_/D : -3.319373
[setup in-reg] imem_data[15] -> _27879_/D : -3.317050
[setup in-reg] imem_data[15] -> _27914_/D : -3.312433
[setup in-reg] imem_data[15] -> _27881_/D : -3.311612
[setup in-reg] imem_data[15] -> _28196_/D : -3.311614
[setup in-reg] imem_data[15] -> _27863_/D : -3.310175
[setup in-reg] imem_data[15] -> _28036_/D : -3.309825
[setup in-reg] imem_data[15] -> _27872_/D : -3.309623
[setup in-reg] imem_data[15] -> _27868_/D : -3.307939
[setup in-reg] imem_data[15] -> _27864_/D : -3.306965
[setup in-reg] imem_data[15] -> _27869_/D : -3.305855
[setup in-reg] imem_data[15] -> _27882_/D : -3.304946
[setup in-reg] imem_data[15] -> _28072_/D : -3.301034
[setup in-reg] imem_data[15] -> _28100_/D : -3.300219
[setup in-reg] imem_data[15] -> _27873_/D : -3.299823
[setup in-reg] imem_data[15] -> _27966_/D : -3.299697
[setup in-reg] imem_data[15] -> _27907_/D : -3.298572
[setup in-reg] imem_data[15] -> _27931_/D : -3.297846
[setup in-reg] imem_data[15] -> _27876_/D : -3.297816
[setup in-reg] imem_data[15] -> _27940_/D : -3.294019
[setup in-reg] imem_data[15] -> _27883_/D : -3.291868
[setup in-reg] imem_data[15] -> _27925_/D : -3.291190
[setup in-reg] imem_data[15] -> _27880_/D : -3.290921
[setup in-reg] imem_data[15] -> _26819_/D : -3.289371
[setup in-reg] imem_data[15] -> _27884_/D : -3.288639
[setup in-reg] imem_data[15] -> _27926_/D : -3.285406
[setup in-reg] imem_data[15] -> _27874_/D : -3.285047
[setup in-reg] imem_data[15] -> _27930_/D : -3.284788
[setup in-reg] imem_data[15] -> _27908_/D : -3.283050
[setup in-reg] imem_data[15] -> _27913_/D : -3.280265
[setup in-reg] imem_data[15] -> _27875_/D : -3.271364
[setup in-reg] imem_data[15] -> _28132_/D : -3.259832
[setup in-reg] imem_data[15] -> _27929_/D : -3.256039
[setup in-reg] imem_data[15] -> _27945_/D : -3.246843
[setup in-reg] imem_data[15] -> _26823_/D : -3.238125
[setup in-reg] imem_data[15] -> _27939_/D : -3.235878
[setup in-reg] imem_data[15] -> _28035_/D : -3.232780
[setup in-reg] imem_data[15] -> _26846_/D : -3.221301
[setup in-reg] imem_data[15] -> _28163_/D : -3.204480
[setup in-reg] imem_data[15] -> _28161_/D : -3.203722
[setup in-reg] imem_data[15] -> _28170_/D : -3.201565
[setup in-reg] imem_data[15] -> _28169_/D : -3.200851
[setup in-reg] imem_data[15] -> _28172_/D : -3.199698
[setup in-reg] imem_data[15] -> _27953_/D : -3.187186
[setup in-reg] imem_data[15] -> _28168_/D : -3.181267
[setup in-reg] imem_data[15] -> _27948_/D : -3.173842
[setup in-reg] imem_data[15] -> _26841_/D : -3.158745
[setup in-reg] imem_data[15] -> _28138_/D : -3.151879
[setup in-reg] imem_data[15] -> _28010_/D : -3.144141
[setup in-reg] imem_data[15] -> _26842_/D : -3.141493
[setup in-reg] imem_data[15] -> _26840_/D : -3.140681
[setup in-reg] imem_data[15] -> _28202_/D : -3.137570
[setup in-reg] imem_data[15] -> _26843_/D : -3.130969
[setup in-reg] imem_data[15] -> _27915_/D : -3.129314
[setup in-reg] imem_data[15] -> _28299_/D : -3.128470
[setup in-reg] imem_data[15] -> _26847_/D : -3.128319
[setup in-reg] imem_data[15] -> _28107_/D : -3.123944
[setup in-reg] imem_data[15] -> _26845_/D : -3.117009
[setup in-reg] imem_data[15] -> _26844_/D : -3.114373
[setup in-reg] imem_data[15] -> _28082_/D : -3.060929
[setup in-reg] imem_data[15] -> _28210_/D : -3.058418
[setup in-reg] imem_data[15] -> _28331_/D : -3.053847
[setup in-reg] imem_data[15] -> _28204_/D : -3.049172
[setup in-reg] imem_data[15] -> _28370_/D : -3.047298
[setup in-reg] imem_data[15] -> _28146_/D : -3.046116
[setup in-reg] imem_data[15] -> _28338_/D : -3.045297
[setup in-reg] imem_data[15] -> _27922_/D : -3.034794
[setup in-reg] imem_data[15] -> _28200_/D : -3.028742
[setup in-reg] imem_data[15] -> _27937_/D : -3.002311
[setup in-reg] imem_data[15] -> _27946_/D : -2.996877
[setup in-reg] imem_data[15] -> _28203_/D : -2.996702
[setup in-reg] imem_data[15] -> _27944_/D : -2.992728
[setup in-reg] imem_data[15] -> _28209_/D : -2.989424
[setup in-reg] imem_data[15] -> _28225_/D : -2.985715
[setup in-reg] imem_data[15] -> _28206_/D : -2.978775
[setup in-reg] imem_data[15] -> _28339_/D : -2.945580
[setup in-reg] imem_data[15] -> _28275_/D : -2.944786
[setup in-reg] imem_data[15] -> _28307_/D : -2.943232
[setup in-reg] imem_data[15] -> _28211_/D : -2.942018
[setup in-reg] imem_data[15] -> _28147_/D : -2.937267
[setup in-reg] imem_data[15] -> _27923_/D : -2.937155
[setup in-reg] imem_data[15] -> _28105_/D : -2.936993
[setup in-reg] imem_data[15] -> _28371_/D : -2.936323
[setup in-reg] imem_data[15] -> _28051_/D : -2.935572
[setup in-reg] imem_data[15] -> _28097_/D : -2.934231
[setup in-reg] imem_data[15] -> _28033_/D : -2.918329
[setup in-reg] imem_data[15] -> _28041_/D : -2.908697
[setup in-reg] imem_data[15] -> _28012_/D : -2.852220
[setup in-reg] imem_data[15] -> _28001_/D : -2.847656
[setup in-reg] imem_data[15] -> _26818_/D : -2.834357
[setup in-reg] imem_data[15] -> _26824_/D : -2.822398
[setup in-reg] imem_data[15] -> _27859_/D : -2.804322
[setup in-reg] imem_data[15] -> _28008_/D : -2.804303
[setup in-reg] imem_data[15] -> _27905_/D : -2.804086
[setup in-reg] imem_data[15] -> _28065_/D : -2.794462
[setup in-reg] imem_data[15] -> _28014_/D : -2.789321
[setup in-reg] imem_data[15] -> _28233_/D : -2.788943
[setup in-reg] imem_data[15] -> _28017_/D : -2.762329
[setup in-reg] imem_data[15] -> _27860_/D : -2.752927
[setup in-reg] imem_data[15] -> _27877_/D : -2.742492
[setup in-reg] imem_data[15] -> _28236_/D : -2.730621
[setup in-reg] imem_data[15] -> _28044_/D : -2.719936
[setup in-reg] imem_data[15] -> _28076_/D : -2.719588
[setup in-reg] imem_data[15] -> _27916_/D : -2.712108
[setup in-reg] imem_data[15] -> _26773_/D : -2.709291
[setup in-reg] imem_data[15] -> _26826_/D : -2.706914
[setup in-reg] imem_data[15] -> _28300_/D : -2.705111
[setup in-reg] imem_data[15] -> _28268_/D : -2.702205
[setup in-reg] imem_data[15] -> _26768_/D : -2.701910
[setup in-reg] imem_data[15] -> _26763_/D : -2.699378
[setup in-reg] imem_data[15] -> _28108_/D : -2.698306
[setup in-reg] imem_data[15] -> _26770_/D : -2.695566
[setup in-reg] imem_data[15] -> _26772_/D : -2.694959
[setup in-reg] imem_data[15] -> _26825_/D : -2.691586
[setup in-reg] imem_data[15] -> _26766_/D : -2.691559
[setup in-reg] imem_data[15] -> _26827_/D : -2.688946
[setup in-reg] imem_data[15] -> _26815_/D : -2.679366
[setup in-reg] imem_data[15] -> _26764_/D : -2.678521
[setup in-reg] imem_data[15] -> _26810_/D : -2.678071
[setup in-reg] imem_data[15] -> _26811_/D : -2.676620
[setup in-reg] imem_data[15] -> _28232_/D : -2.662391
[setup in-reg] imem_data[15] -> _26808_/D : -2.660856
[setup in-reg] imem_data[15] -> _26828_/D : -2.656254
[setup in-reg] imem_data[15] -> _26803_/D : -2.639373
[setup in-reg] imem_data[15] -> _26809_/D : -2.634634
[setup in-reg] imem_data[15] -> _26805_/D : -2.619467
[setup in-reg] imem_data[15] -> _27885_/D : -2.615989
[setup in-reg] imem_data[15] -> _26798_/D : -2.613127
[setup in-reg] imem_data[15] -> _26829_/D : -2.605841
[setup in-reg] imem_data[15] -> _27889_/D : -2.598595
[setup in-reg] imem_data[15] -> _28176_/D : -2.597826
[setup in-reg] imem_data[15] -> _27887_/D : -2.594819
[setup in-reg] imem_data[15] -> _27890_/D : -2.585795
[setup in-reg] imem_data[15] -> _27886_/D : -2.582086
[setup in-reg] imem_data[15] -> _27888_/D : -2.581611
[setup in-reg] imem_data[15] -> _27984_/D : -2.575559
[setup in-reg] imem_data[15] -> _28296_/D : -2.574847
[setup in-reg] imem_data[15] -> _26715_/D : -2.574421
[setup in-reg] imem_data[15] -> _26716_/D : -2.572231
[setup in-reg] imem_data[15] -> _28305_/D : -2.569722
[setup in-reg] imem_data[15] -> _27952_/D : -2.569307
[setup in-reg] imem_data[15] -> _28302_/D : -2.569252
[setup in-reg] imem_data[15] -> _27980_/D : -2.568248
[setup in-reg] imem_data[15] -> _26717_/D : -2.562839
[setup in-reg] imem_data[15] -> _28332_/D : -2.561102
[setup in-reg] imem_data[15] -> _26714_/D : -2.559277
[setup in-reg] imem_data[15] -> _28240_/D : -2.557771
[setup in-reg] imem_data[15] -> _28143_/D : -2.557464
[setup in-reg] imem_data[15] -> _28112_/D : -2.556998
[setup in-reg] imem_data[15] -> _28289_/D : -2.555375
[setup in-reg] imem_data[15] -> _28080_/D : -2.554005
[setup in-reg] imem_data[15] -> _26719_/D : -2.553760
[setup in-reg] imem_data[15] -> _28016_/D : -2.552486
[setup in-reg] imem_data[15] -> _28337_/D : -2.551715
[setup in-reg] imem_data[15] -> _28179_/D : -2.550628
[setup in-reg] imem_data[15] -> _27983_/D : -2.545360
[setup in-reg] imem_data[15] -> _27919_/D : -2.543722
[setup in-reg] imem_data[15] -> _26712_/D : -2.542064
[setup in-reg] imem_data[15] -> _26718_/D : -2.541690
[setup in-reg] imem_data[15] -> _27987_/D : -2.540812
[setup in-reg] imem_data[15] -> _26721_/D : -2.540636
[setup in-reg] imem_data[15] -> _28115_/D : -2.538839
[setup in-reg] imem_data[15] -> _26831_/D : -2.537668
[setup in-reg] imem_data[15] -> _26710_/D : -2.536515
[setup in-reg] imem_data[15] -> _26713_/D : -2.536384
[setup in-reg] imem_data[15] -> _26711_/D : -2.531056
[setup in-reg] imem_data[15] -> _28019_/D : -2.529127
[setup in-reg] imem_data[15] -> _28083_/D : -2.528685
[setup in-reg] imem_data[15] -> _26720_/D : -2.528395
[setup in-reg] imem_data[15] -> _28364_/D : -2.523938
[setup in-reg] imem_data[15] -> _27955_/D : -2.521288
[setup in-reg] imem_data[15] -> _28243_/D : -2.520366
[setup in-reg] imem_data[15] -> _28334_/D : -2.515549
[setup in-reg] imem_data[15] -> _28328_/D : -2.506271
[setup in-reg] imem_data[15] -> _28321_/D : -2.506035
[setup in-reg] imem_data[15] -> _26743_/D : -2.505967
[setup in-reg] imem_data[15] -> _26749_/D : -2.505704
[setup in-reg] imem_data[15] -> _26752_/D : -2.505557
[setup in-reg] imem_data[15] -> _27985_/D : -2.504402
[setup in-reg] imem_data[15] -> _26746_/D : -2.496993
[setup in-reg] imem_data[15] -> _26747_/D : -2.495451
[setup in-reg] imem_data[15] -> _26748_/D : -2.490129
[setup in-reg] imem_data[15] -> _28369_/D : -2.486736
[setup in-reg] imem_data[15] -> _27912_/D : -2.485573
[setup in-reg] imem_data[15] -> _26750_/D : -2.481917
[setup in-reg] imem_data[15] -> _26751_/D : -2.478878
[setup in-reg] imem_data[15] -> _26724_/D : -2.478801
[setup in-reg] imem_data[15] -> _26744_/D : -2.475812
[setup in-reg] imem_data[15] -> _26753_/D : -2.475504
[setup in-reg] imem_data[15] -> _28366_/D : -2.474257
[setup in-reg] imem_data[15] -> _26742_/D : -2.473916
[setup in-reg] imem_data[15] -> _28360_/D : -2.472232
[setup in-reg] imem_data[15] -> _26745_/D : -2.463429
[setup in-reg] imem_data[15] -> _27982_/D : -2.462965
[setup in-reg] imem_data[15] -> _26727_/D : -2.451591
[setup in-reg] imem_data[15] -> _26729_/D : -2.449564
[setup in-reg] imem_data[15] -> _26728_/D : -2.443931
[setup in-reg] imem_data[15] -> _27921_/D : -2.443292
[setup in-reg] imem_data[15] -> _26723_/D : -2.443125
[setup in-reg] imem_data[15] -> _26725_/D : -2.443013
[setup in-reg] imem_data[15] -> _28078_/D : -2.441901
[setup in-reg] imem_data[15] -> _26730_/D : -2.441492
[setup in-reg] imem_data[15] -> _26731_/D : -2.440057
[setup in-reg] imem_data[15] -> _28081_/D : -2.439643
[setup in-reg] imem_data[15] -> _27918_/D : -2.436133
[setup in-reg] imem_data[15] -> _26733_/D : -2.433582
[setup in-reg] imem_data[15] -> _26722_/D : -2.429179
[setup in-reg] imem_data[15] -> _26726_/D : -2.424883
[setup in-reg] imem_data[15] -> _27951_/D : -2.422578
[setup in-reg] imem_data[15] -> _28333_/D : -2.421659
[setup in-reg] imem_data[15] -> _26732_/D : -2.420865
[setup in-reg] imem_data[15] -> _28046_/D : -2.420578
[setup in-reg] imem_data[15] -> _28238_/D : -2.420448
[setup in-reg] imem_data[15] -> _28241_/D : -2.417874
[setup in-reg] imem_data[15] -> _28207_/D : -2.416691
[setup in-reg] imem_data[15] -> _28175_/D : -2.416430
[setup in-reg] imem_data[15] -> _28270_/D : -2.415268
[setup in-reg] imem_data[15] -> _28110_/D : -2.413532
[setup in-reg] imem_data[15] -> _28239_/D : -2.410296
[setup in-reg] imem_data[15] -> _28271_/D : -2.406477
[setup in-reg] imem_data[15] -> _28144_/D : -2.400253
[setup in-reg] imem_data[15] -> _27950_/D : -2.396751
[setup in-reg] imem_data[15] -> _26695_/D : -2.395968
[setup in-reg] imem_data[15] -> _26694_/D : -2.395080
[setup in-reg] imem_data[15] -> _26697_/D : -2.393607
[setup in-reg] imem_data[15] -> _26696_/D : -2.393556
[setup in-reg] imem_data[15] -> _28336_/D : -2.391190
[setup in-reg] imem_data[15] -> _26700_/D : -2.391136
[setup in-reg] imem_data[15] -> _28141_/D : -2.390420
[setup in-reg] imem_data[15] -> _26693_/D : -2.389443
[setup in-reg] imem_data[15] -> _28335_/D : -2.389344
[setup in-reg] imem_data[15] -> _26691_/D : -2.383359
[setup in-reg] imem_data[15] -> _28273_/D : -2.382926
[setup in-reg] imem_data[15] -> _28365_/D : -2.381016
[setup in-reg] imem_data[15] -> _26692_/D : -2.378149
[setup in-reg] imem_data[15] -> _26690_/D : -2.377625
[setup in-reg] imem_data[15] -> _26698_/D : -2.372181
[setup in-reg] imem_data[15] -> _26701_/D : -2.371266
[setup in-reg] imem_data[15] -> _28049_/D : -2.360393
[setup in-reg] imem_data[15] -> _28367_/D : -2.360276
[setup in-reg] imem_data[15] -> _28368_/D : -2.360110
[setup in-reg] imem_data[15] -> _28177_/D : -2.359899
[setup in-reg] imem_data[15] -> _28113_/D : -2.356565
[setup in-reg] imem_data[15] -> _27981_/D : -2.341382
[setup in-reg] imem_data[15] -> _27920_/D : -2.339037
[setup in-reg] imem_data[15] -> _28045_/D : -2.316764
[setup in-reg] imem_data[15] -> _28077_/D : -2.316568
[setup in-reg] imem_data[15] -> _28079_/D : -2.310753
[setup in-reg] imem_data[15] -> _28013_/D : -2.310243
[setup in-reg] imem_data[15] -> _27949_/D : -2.307791
[setup in-reg] imem_data[15] -> _27917_/D : -2.303903
[setup in-reg] imem_data[15] -> _28109_/D : -2.303178
[setup in-reg] imem_data[15] -> _28205_/D : -2.290770
[setup in-reg] imem_data[15] -> _28173_/D : -2.288514
[setup in-reg] imem_data[15] -> _28269_/D : -2.286417
[setup in-reg] imem_data[15] -> _28237_/D : -2.283130
[setup in-reg] imem_data[15] -> _28111_/D : -2.268875
[setup in-reg] imem_data[15] -> _26787_/D : -2.206123
[setup in-reg] imem_data[15] -> _26830_/D : -2.205225
[setup in-reg] imem_data[15] -> _26791_/D : -2.203032
[setup in-reg] imem_data[15] -> _26789_/D : -2.202688
[setup in-reg] imem_data[15] -> _26788_/D : -2.199744
[setup in-reg] imem_data[15] -> _26792_/D : -2.196025
[setup in-reg] imem_data[15] -> _26793_/D : -2.195698
[setup in-reg] imem_data[15] -> _26795_/D : -2.192049
[setup in-reg] imem_data[15] -> _28272_/D : -2.188941
[setup in-reg] imem_data[15] -> _26797_/D : -2.187504
[setup in-reg] imem_data[15] -> _26767_/D : -2.187106
[setup in-reg] imem_data[15] -> _26786_/D : -2.184397
[setup in-reg] imem_data[15] -> _27857_/D : -2.181873
[setup in-reg] imem_data[15] -> _27858_/D : -2.180457
[setup in-reg] imem_data[15] -> _26790_/D : -2.179926
[setup in-reg] imem_data[15] -> _26794_/D : -2.179871
[setup in-reg] imem_data[15] -> _27855_/D : -2.177824
[setup in-reg] imem_data[15] -> _26769_/D : -2.176506
[setup in-reg] imem_data[15] -> _26776_/D : -2.175803
[setup in-reg] imem_data[15] -> _27856_/D : -2.175003
[setup in-reg] imem_data[15] -> _26796_/D : -2.174534
[setup in-reg] imem_data[15] -> _26775_/D : -2.168431
[setup in-reg] imem_data[15] -> _28048_/D : -2.167994
[setup in-reg] imem_data[15] -> _27853_/D : -2.167573
[setup in-reg] imem_data[15] -> _28047_/D : -2.166687
[setup in-reg] imem_data[15] -> _28208_/D : -2.166068
[setup in-reg] imem_data[15] -> _26771_/D : -2.165009
[setup in-reg] imem_data[15] -> _26777_/D : -2.164036
[setup in-reg] imem_data[15] -> _26774_/D : -2.162322
[setup in-reg] imem_data[15] -> _28104_/D : -2.155437
[setup in-reg] imem_data[15] -> _27854_/D : -2.155115
[setup in-reg] imem_data[15] -> _27852_/D : -2.152541
[setup in-reg] imem_data[15] -> _28304_/D : -2.152012
[setup in-reg] imem_data[15] -> _28303_/D : -2.131760
[setup reg-reg] _26853_/Q -> _27325_/D : -2.114577
[setup in-reg] imem_data[15] -> _26807_/D : -2.090253
[setup in-reg] imem_data[15] -> _28174_/D : -2.084454
[setup in-reg] imem_data[15] -> _26816_/D : -2.069273
[setup in-reg] imem_data[15] -> _26812_/D : -2.050900
[setup in-reg] imem_data[15] -> _26813_/D : -2.043825
[setup in-reg] imem_data[15] -> _28301_/D : -2.043326
[setup in-reg] imem_data[15] -> _26814_/D : -2.038467
[setup in-reg] imem_data[15] -> _26817_/D : -2.027276
[setup in-reg] imem_data[15] -> _26806_/D : -2.022450
[setup in-reg] imem_data[15] -> _28015_/D : -2.015566
[setup reg-reg] _26853_/Q -> _27326_/D : -1.850806
[setup in-reg] imem_data[15] -> _27851_/D : -1.802704
[setup in-reg] imem_data[15] -> _26848_/D : -1.672936
[setup in-reg] imem_data[15] -> _26739_/D : -1.653078
[setup in-reg] imem_data[15] -> _26736_/D : -1.650978
[setup in-reg] imem_data[15] -> _26705_/D : -1.650200
[setup in-reg] imem_data[15] -> _26708_/D : -1.648497
[setup in-reg] imem_data[15] -> _26699_/D : -1.642507
[setup in-reg] imem_data[15] -> _26780_/D : -1.640922
[setup in-reg] imem_data[15] -> _26735_/D : -1.638302
[setup in-reg] imem_data[15] -> _26703_/D : -1.638153
[setup in-reg] imem_data[15] -> _26779_/D : -1.635041
[setup in-reg] imem_data[15] -> _26778_/D : -1.633625
[setup in-reg] imem_data[15] -> _26706_/D : -1.633174
[setup in-reg] imem_data[15] -> _26737_/D : -1.629198
[setup in-reg] imem_data[15] -> _26702_/D : -1.628067
[setup in-reg] imem_data[15] -> _26738_/D : -1.626370
[setup in-reg] imem_data[15] -> _26704_/D : -1.625816
[setup in-reg] imem_data[15] -> _26709_/D : -1.618751
[setup in-reg] imem_data[15] -> _26849_/D : -1.616495
[setup in-reg] imem_data[15] -> _26783_/D : -1.615957
[setup in-reg] imem_data[15] -> _26740_/D : -1.614742
[setup reg-reg] _26853_/Q -> _27323_/D : -1.612019
[setup in-reg] imem_data[15] -> _26734_/D : -1.606063
[setup in-reg] imem_data[15] -> _26707_/D : -1.605992
[setup in-reg] imem_data[15] -> _26785_/D : -1.602965
[setup in-reg] imem_data[15] -> _26781_/D : -1.600577
[setup in-reg] imem_data[15] -> _26782_/D : -1.597517
[setup in-reg] imem_data[15] -> _26741_/D : -1.591310
[setup in-reg] imem_data[15] -> _26784_/D : -1.587846
[setup reg-reg] _26853_/Q -> _27328_/D : -1.483878
[setup reg-reg] _26853_/Q -> _27330_/D : -1.452644
[setup in-reg] imem_data[15] -> _28465_/D : -1.435732
[setup in-reg] imem_data[15] -> _26804_/D : -1.435495
[setup in-reg] imem_data[15] -> _26800_/D : -1.433172
[setup in-reg] imem_data[15] -> _26802_/D : -1.430978
[setup in-reg] imem_data[15] -> _26801_/D : -1.430562
[setup in-reg] imem_data[15] -> _26799_/D : -1.428761
[setup reg-reg] _26853_/Q -> _27329_/D : -1.389148
[setup reg-reg] _26855_/Q -> _27289_/D : -1.251710
[setup in-reg] imem_data[15] -> _28464_/D : -1.241164
[setup reg-reg] _26855_/Q -> _27290_/D : -1.207885
[setup reg-reg] _26853_/Q -> _27318_/D : -1.204546
[setup reg-reg] _26853_/Q -> _27734_/D : -1.193694
[setup reg-reg] _26853_/Q -> _27377_/D : -1.170660
[setup reg-reg] _26853_/Q -> _27320_/D : -1.133884
[setup reg-reg] _26853_/Q -> _27324_/D : -1.110637
[setup reg-reg] _26853_/Q -> _27327_/D : -1.108846
[setup reg-reg] _26853_/Q -> _27321_/D : -1.087573
[setup in-reg] imem_data[15] -> _27891_/D : -1.075446
[setup reg-reg] _26853_/Q -> _27378_/D : -0.960169
[setup reg-reg] _26853_/Q -> _27737_/D : -0.937639
[setup reg-reg] _26853_/Q -> _27376_/D : -0.907580
[setup reg-reg] _26853_/Q -> _27322_/D : -0.855978
[setup reg-reg] _26855_/Q -> _27288_/D : -0.774177
[setup reg-reg] _26853_/Q -> _27317_/D : -0.753584
[setup reg-reg] _26853_/Q -> _27736_/D : -0.748397
[setup reg-reg] _26853_/Q -> _27319_/D : -0.739025
[setup reg-reg] _26853_/Q -> _27738_/D : -0.717067
[setup reg-reg] _26853_/Q -> _27559_/D : -0.688321
[setup reg-reg] _26855_/Q -> _27287_/D : -0.678044
[setup reg-reg] _26853_/Q -> _27316_/D : -0.677746
[setup reg-reg] _26853_/Q -> _27556_/D : -0.665244
[setup reg-reg] _26853_/Q -> _27375_/D : -0.649340
[setup reg-reg] _26853_/Q -> _27558_/D : -0.585981
[setup reg-reg] _26855_/Q -> _27285_/D : -0.538517
[setup reg-reg] _26853_/Q -> _27315_/D : -0.517582
[setup reg-reg] _26855_/Q -> _27286_/D : -0.483885
[setup reg-reg] _26853_/Q -> _27561_/D : -0.474460
[setup reg-reg] _26855_/Q -> _27284_/D : -0.431914
[setup reg-reg] _26853_/Q -> _27374_/D : -0.361963
[setup reg-reg] _26853_/Q -> _27557_/D : -0.332211
[setup reg-reg] _26855_/Q -> _27238_/D : -0.265793
[setup reg-reg] _26855_/Q -> _27282_/D : -0.255238
[setup reg-reg] _26852_/Q -> _27193_/D : -0.252296
[setup reg-reg] _26853_/Q -> _27733_/D : -0.173872
[setup reg-reg] _26852_/Q -> _27183_/D : -0.163103
[setup reg-reg] _26855_/Q -> _27283_/D : -0.151639
[setup reg-reg] _26853_/Q -> _27562_/D : -0.145825
[setup reg-reg] _26855_/Q -> _27241_/D : -0.133014
[setup reg-reg] _26855_/Q -> _27242_/D : -0.108292
[setup reg-reg] _26852_/Q -> _27186_/D : -0.078332
[setup reg-reg] _26853_/Q -> _27560_/D : -0.070639
[setup reg-reg] _26852_/Q -> _27194_/D : -0.038080
[setup reg-reg] _26853_/Q -> _27729_/D : -0.034632
[setup reg-reg] _26853_/Q -> _27728_/D : -0.029207
[setup reg-reg] _26853_/Q -> _27735_/D : -0.023757
[setup reg-reg] _26852_/Q -> _27185_/D : -0.020242
[setup reg-reg] _26852_/Q -> _27187_/D : -0.016753
