[WARNING ORD-0039] .openroad ignored with -python
Top-level design name: soc_top
Block boundaries: 0 0 658440 669160
Horizontal Tracks Origin: 340, Count: 984, Step: 680
Vertical Tracks Origin: 230, Count: 1431, Step: 460
Placement details for the N side
Virtual pin count:  0
Actual pin count:  18
Total pin count:  18
Tracks count:  1431
Tracks per pin:  79
Used tracks count:  1344
Unused track count:  87
Starting track index:  43
Placement details for the E side
Virtual pin count:  0
Actual pin count:  16
Total pin count:  16
Tracks count:  492
Tracks per pin:  30
Used tracks count:  451
Unused track count:  41
Starting track index:  20
Placement details for the W side
Virtual pin count:  0
Actual pin count:  16
Total pin count:  16
Tracks count:  492
Tracks per pin:  30
Used tracks count:  451
Unused track count:  41
Starting track index:  20
Placement details for the S side
Virtual pin count:  0
Actual pin count:  16
Total pin count:  16
Tracks count:  1431
Tracks per pin:  89
Used tracks count:  1336
Unused track count:  95
Starting track index:  47
