Clock: clk
Sources: clk 
Generated: no
Virtual: yes
Propagated: no
Period: 20.000000

===========================================================================
report_clock_properties
============================================================================
Clock                   Period          Waveform
----------------------------------------------------
clk                  20.000000    0.000000 10.000000

===========================================================================
report_clock_latency
============================================================================
Clock clk
rise -> rise
    min     max
0.000000 0.000000 source latency
0.167079         network latency _31_/CLK
        0.187054 network latency _26_/CLK
---------------
0.167079 0.187054 latency
        0.019975 skew

fall -> fall
    min     max
0.000000 0.000000 source latency
0.164260         network latency _31_/CLK
        0.183539 network latency _26_/CLK
---------------
0.164260 0.183539 latency
        0.019280 skew



===========================================================================
report_clock_min_period
============================================================================
clk period_min = 1.45 fmax = 689.73
