
===========================================================================
report_checks -unconstrained
===========================================================================
======================= max_tt_025C_1v80 Corner ===================================

Startpoint: _17644_ (rising edge-triggered flip-flop clocked by clk)
Endpoint: _15296_ (rising edge-triggered flip-flop clocked by clk)
Path Group: clk
Path Type: max

Fanout         Cap        Slew       Delay        Time   Description
---------------------------------------------------------------------------------------------
                                  0.000000    0.000000   clock clk (rise edge)
                                  0.000000    0.000000   clock source latency
     2    0.104423    0.000000    0.000000    0.000000 ^ clk (in)
                                                         clk (net)
                      0.074966    0.039357    0.039357 ^ clkbuf_0_clk/A (sky130_fd_sc_hd__clkbuf_8)
     4    0.136737    0.239060    0.285049    0.324406 ^ clkbuf_0_clk/X (sky130_fd_sc_hd__clkbuf_8)
                                                         clknet_0_clk (net)
                      0.239929    0.012486    0.336892 ^ clkbuf_2_2_0_clk/A (sky130_fd_sc_hd__clkbuf_8)
     8    0.158033    0.273525    0.373466    0.710359 ^ clkbuf_2_2_0_clk/X (sky130_fd_sc_hd__clkbuf_8)
                                                         clknet_2_2_0_clk (net)
                      0.273927    0.009091    0.719450 ^ clkbuf_5_17__f_clk/A (sky130_fd_sc_hd__clkbuf_8)
    10    0.089141    0.160566    0.303750    1.023200 ^ clkbuf_5_17__f_clk/X (sky130_fd_sc_hd__clkbuf_8)
                                                         clknet_5_17__leaf_clk (net)
                      0.160891    0.005477    1.028677 ^ clkbuf_leaf_237_clk/A (sky130_fd_sc_hd__clkbuf_8)
     7    0.023832    0.057600    0.186239    1.214916 ^ clkbuf_leaf_237_clk/X (sky130_fd_sc_hd__clkbuf_8)
                                                         clknet_leaf_237_clk (net)
                      0.057640    0.001375    1.216292 ^ _17644_/CLK (sky130_fd_sc_hd__dfxtp_2)
    17    0.122465    0.610037    0.749008    1.965300 ^ _17644_/Q (sky130_fd_sc_hd__dfxtp_2)
                                                         core0.imm_gen.instruction[20] (net)
                      0.610517    0.014991    1.980291 ^ _07620_/A (sky130_fd_sc_hd__inv_2)
    13    0.108403    0.339058    0.408486    2.388778 v _07620_/Y (sky130_fd_sc_hd__inv_2)
                                                         _03829_ (net)
                      0.339278    0.008226    2.397004 v _08297_/C (sky130_fd_sc_hd__nand3_2)
     9    0.061738    0.327931    0.400531    2.797534 ^ _08297_/Y (sky130_fd_sc_hd__nand3_2)
                                                         _04501_ (net)
                      0.327988    0.003786    2.801320 ^ max_cap1218/A (sky130_fd_sc_hd__buf_6)
     8    0.052101    0.111863    0.223949    3.025269 ^ max_cap1218/X (sky130_fd_sc_hd__buf_6)
                                                         net1218 (net)
                      0.111922    0.002526    3.027795 ^ place869/A (sky130_fd_sc_hd__buf_2)
    20    0.119263    0.575052    0.514793    3.542588 ^ place869/X (sky130_fd_sc_hd__buf_2)
                                                         net869 (net)
                      0.575173    0.007435    3.550023 ^ _08342_/C1 (sky130_fd_sc_hd__o2111ai_2)
     2    0.005508    0.156823    0.232523    3.782546 v _08342_/Y (sky130_fd_sc_hd__o2111ai_2)
                                                         _04546_ (net)
                      0.156823    0.000348    3.782895 v _08343_/A (sky130_fd_sc_hd__and3_2)
     2    0.013832    0.063083    0.265481    4.048376 v _08343_/X (sky130_fd_sc_hd__and3_2)
                                                         _04547_ (net)
                      0.063083    0.000671    4.049047 v _08347_/A_N (sky130_fd_sc_hd__nand2b_2)
     4    0.018488    0.093657    0.239155    4.288202 v _08347_/Y (sky130_fd_sc_hd__nand2b_2)
                                                         _04551_ (net)
                      0.093672    0.001290    4.289492 v _08436_/A (sky130_fd_sc_hd__and4_2)
     3    0.016161    0.068981    0.245281    4.534773 v _08436_/X (sky130_fd_sc_hd__and4_2)
                                                         _04640_ (net)
                      0.069014    0.001435    4.536208 v _08437_/B (sky130_fd_sc_hd__nor2_2)
     5    0.040490    0.441834    0.377256    4.913464 ^ _08437_/Y (sky130_fd_sc_hd__nor2_2)
                                                         _04641_ (net)
                      0.441856    0.002758    4.916222 ^ _08439_/B1 (sky130_fd_sc_hd__o21ai_2)
     5    0.044953    0.228453    0.289186    5.205408 v _08439_/Y (sky130_fd_sc_hd__o21ai_2)
                                                         _04643_ (net)
                      0.228544    0.002256    5.207664 v _08522_/A1 (sky130_fd_sc_hd__a21oi_2)
     5    0.039677    0.483528    0.504965    5.712629 ^ _08522_/Y (sky130_fd_sc_hd__a21oi_2)
                                                         _04726_ (net)
                      0.483596    0.005063    5.717691 ^ _08569_/A2 (sky130_fd_sc_hd__o21ai_2)
     5    0.041279    0.208549    0.260647    5.978338 v _08569_/Y (sky130_fd_sc_hd__o21ai_2)
                                                         _04773_ (net)
                      0.208794    0.005464    5.983802 v _08600_/A1 (sky130_fd_sc_hd__a21boi_2)
     6    0.030348    0.373265    0.415219    6.399021 ^ _08600_/Y (sky130_fd_sc_hd__a21boi_2)
                                                         _04804_ (net)
                      0.373277    0.001874    6.400895 ^ _08762_/A2 (sky130_fd_sc_hd__o211a_2)
     2    0.012364    0.091104    0.279814    6.680709 ^ _08762_/X (sky130_fd_sc_hd__o211a_2)
                                                         _04966_ (net)
                      0.091116    0.001104    6.681814 ^ _08765_/B (sky130_fd_sc_hd__nor2_2)
     2    0.045143    0.121353    0.119970    6.801784 v _08765_/Y (sky130_fd_sc_hd__nor2_2)
                                                         _04969_ (net)
                      0.121429    0.002665    6.804449 v _08773_/A2 (sky130_fd_sc_hd__o21a_2)
     1    0.008756    0.048233    0.249701    7.054150 v _08773_/X (sky130_fd_sc_hd__o21a_2)
                                                         _04977_ (net)
                      0.048242    0.000701    7.054851 v _08778_/B (sky130_fd_sc_hd__nor3_4)
     1    0.007846    0.151317    0.184788    7.239639 ^ _08778_/Y (sky130_fd_sc_hd__nor3_4)
                                                         _04982_ (net)
                      0.151317    0.000684    7.240323 ^ place771/A (sky130_fd_sc_hd__buf_2)
    10    0.060717    0.295440    0.332170    7.572493 ^ place771/X (sky130_fd_sc_hd__buf_2)
                                                         net771 (net)
                      0.295573    0.005506    7.577999 ^ _09059_/A (sky130_fd_sc_hd__nand4_4)
    11    0.087443    0.392705    0.386065    7.964064 v _09059_/Y (sky130_fd_sc_hd__nand4_4)
                                                         _05262_ (net)
                      0.393189    0.011853    7.975916 v _10588_/B (sky130_fd_sc_hd__nor2_4)
    10    0.066748    0.426065    0.493746    8.469662 ^ _10588_/Y (sky130_fd_sc_hd__nor2_4)
                                                         _06732_ (net)
                      0.426255    0.007799    8.477461 ^ place763/A (sky130_fd_sc_hd__buf_2)
    19    0.097224    0.466160    0.519567    8.997027 ^ place763/X (sky130_fd_sc_hd__buf_2)
                                                         net763 (net)
                      0.466388    0.009056    9.006083 ^ _10610_/A2 (sky130_fd_sc_hd__a22oi_2)
     1    0.011316    0.152323    0.192347    9.198431 v _10610_/Y (sky130_fd_sc_hd__a22oi_2)
                                                         _06754_ (net)
                      0.152324    0.000876    9.199306 v wire1189/A (sky130_fd_sc_hd__buf_2)
     2    0.055235    0.132938    0.271751    9.471057 v wire1189/X (sky130_fd_sc_hd__buf_2)
                                                         net1189 (net)
                      0.133058    0.002143    9.473200 v _10616_/B1 (sky130_fd_sc_hd__o22ai_2)
     1    0.005587    0.147846    0.162879    9.636079 ^ _10616_/Y (sky130_fd_sc_hd__o22ai_2)
                                                         _06760_ (net)
                      0.147846    0.000427    9.636506 ^ _10634_/A1 (sky130_fd_sc_hd__o211ai_2)
     3    0.036534    0.240552    0.251634    9.888141 v _10634_/Y (sky130_fd_sc_hd__o211ai_2)
                                                         _06778_ (net)
                      0.240753    0.005924    9.894065 v _10935_/A1 (sky130_fd_sc_hd__a31oi_2)
     1    0.002352    0.115991    0.197407   10.091472 ^ _10935_/Y (sky130_fd_sc_hd__a31oi_2)
                                                         _00126_ (net)
                      0.115991    0.000105   10.091577 ^ hold1446/A (sky130_fd_sc_hd__dlygate4sd3_1)
     1    0.002565    0.050898    0.581038   10.672615 ^ hold1446/X (sky130_fd_sc_hd__dlygate4sd3_1)
                                                         net1446 (net)
                      0.050898    0.000169   10.672784 ^ _15296_/D (sky130_fd_sc_hd__dfxtp_2)
                                             10.672784   data arrival time

                                 20.000000   20.000000   clock clk (rise edge)
                                  0.000000   20.000000   clock source latency
     2    0.104423    0.000000    0.000000   20.000000 ^ clk (in)
                                                         clk (net)
                      0.074966    0.035609   20.035610 ^ clkbuf_0_clk/A (sky130_fd_sc_hd__clkbuf_8)
     4    0.136737    0.239060    0.257902   20.293512 ^ clkbuf_0_clk/X (sky130_fd_sc_hd__clkbuf_8)
                                                         clknet_0_clk (net)
                      0.239929    0.011296   20.304808 ^ clkbuf_2_2_0_clk/A (sky130_fd_sc_hd__clkbuf_8)
     8    0.158033    0.273525    0.337899   20.642706 ^ clkbuf_2_2_0_clk/X (sky130_fd_sc_hd__clkbuf_8)
                                                         clknet_2_2_0_clk (net)
                      0.274309    0.011367   20.654074 ^ clkbuf_5_18__f_clk/A (sky130_fd_sc_hd__clkbuf_8)
    11    0.098904    0.176559    0.283896   20.937969 ^ clkbuf_5_18__f_clk/X (sky130_fd_sc_hd__clkbuf_8)
                                                         clknet_5_18__leaf_clk (net)
                      0.177027    0.007061   20.945030 ^ clkbuf_leaf_272_clk/A (sky130_fd_sc_hd__clkbuf_8)
     7    0.039143    0.081616    0.190443   21.135473 ^ clkbuf_leaf_272_clk/X (sky130_fd_sc_hd__clkbuf_8)
                                                         clknet_leaf_272_clk (net)
                      0.081661    0.001707   21.137180 ^ _15296_/CLK (sky130_fd_sc_hd__dfxtp_2)
                                 -0.250000   20.887180   clock uncertainty
                                  0.067653   20.954834   clock reconvergence pessimism
                                 -0.054819   20.900015   library setup time
                                             20.900015   data required time
---------------------------------------------------------------------------------------------
                                             20.900015   data required time
                                            -10.672784   data arrival time
---------------------------------------------------------------------------------------------
                                             10.227231   slack (MET)




===========================================================================
report_checks --slack_max -0.01
============================================================================
======================= max_tt_025C_1v80 Corner ===================================

No paths found.


===========================================================================
 report_check_types -max_slew -max_cap -max_fanout -violators
============================================================================
======================= max_tt_025C_1v80 Corner ===================================

max slew

Pin                                        Limit        Slew       Slack
------------------------------------------------------------------------
_13650_/C                               0.750000    0.775709   -0.025709 (VIOLATED)
_13686_/C                               0.750000    0.775683   -0.025683 (VIOLATED)
_13866_/C                               0.750000    0.775609   -0.025609 (VIOLATED)
_13614_/C                               0.750000    0.775366   -0.025366 (VIOLATED)
_13830_/C                               0.750000    0.775354   -0.025354 (VIOLATED)
_13722_/C                               0.750000    0.775341   -0.025341 (VIOLATED)
_13902_/C                               0.750000    0.775333   -0.025334 (VIOLATED)
_13794_/C                               0.750000    0.775333   -0.025333 (VIOLATED)
_13360_/C                               0.750000    0.773927   -0.023927 (VIOLATED)
_12567_/C                               0.750000    0.773160   -0.023160 (VIOLATED)
_12171_/C                               0.750000    0.773124   -0.023124 (VIOLATED)
_11773_/C                               0.750000    0.771829   -0.021829 (VIOLATED)
_13938_/C                               0.750000    0.771797   -0.021797 (VIOLATED)
_13758_/C                               0.750000    0.770595   -0.020595 (VIOLATED)
_12963_/C                               0.750000    0.770566   -0.020566 (VIOLATED)
_13974_/C                               0.750000    0.770542   -0.020542 (VIOLATED)
_14010_/C                               0.750000    0.768850   -0.018850 (VIOLATED)
_11883_/C                               0.750000    0.768695   -0.018695 (VIOLATED)
_11829_/B                               0.750000    0.767311   -0.017311 (VIOLATED)
ANTENNA_5/DIODE                         0.750000    0.767307   -0.017307 (VIOLATED)
_11901_/B                               0.750000    0.767264   -0.017264 (VIOLATED)
ANTENNA_7/DIODE                         0.750000    0.767203   -0.017203 (VIOLATED)
_11919_/B                               0.750000    0.766460   -0.016460 (VIOLATED)
ANTENNA_8/DIODE                         0.750000    0.766460   -0.016460 (VIOLATED)
_11847_/B                               0.750000    0.766451   -0.016451 (VIOLATED)
ANTENNA_6/DIODE                         0.750000    0.766450   -0.016450 (VIOLATED)
_11856_/B                               0.750000    0.765963   -0.015963 (VIOLATED)
place820/A                              0.750000    0.765662   -0.015662 (VIOLATED)
_13577_/C                               0.750000    0.765550   -0.015550 (VIOLATED)
_11928_/B                               0.750000    0.765478   -0.015478 (VIOLATED)
_11910_/B                               0.750000    0.763607   -0.013607 (VIOLATED)
_11838_/B                               0.750000    0.763581   -0.013581 (VIOLATED)
_09119_/X                               0.750000    0.763169   -0.013169 (VIOLATED)
_11771_/X                               0.750000    0.759925   -0.009925 (VIOLATED)
_10879_/B1                              0.750000    0.757167   -0.007167 (VIOLATED)
_10641_/A2                              0.750000    0.757129   -0.007129 (VIOLATED)
_10639_/Y                               0.750000    0.757096   -0.007096 (VIOLATED)

max fanout

Pin                                   Limit Fanout  Slack
---------------------------------------------------------
place1066/X                              32     33        (VIOLATED)
place1109/X                              32     33        (VIOLATED)

max capacitance

Pin                                        Limit         Cap       Slack
------------------------------------------------------------------------
place907/X                              0.200000    0.265470   -0.065470 (VIOLATED)
place835/X                              0.200000    0.246668   -0.046668 (VIOLATED)
place951/X                              0.200000    0.242534   -0.042534 (VIOLATED)
place930/X                              0.200000    0.229990   -0.029990 (VIOLATED)
place915/X                              0.200000    0.229586   -0.029586 (VIOLATED)
place875/X                              0.200000    0.223967   -0.023967 (VIOLATED)
place717/X                              0.200000    0.219778   -0.019778 (VIOLATED)
place1163/X                             0.200000    0.218839   -0.018839 (VIOLATED)
place828/X                              0.200000    0.215549   -0.015549 (VIOLATED)
place943/X                              0.200000    0.211055   -0.011055 (VIOLATED)
place962/X                              0.200000    0.208626   -0.008626 (VIOLATED)
place1141/X                             0.200000    0.207369   -0.007369 (VIOLATED)
place961/X                              0.200000    0.206508   -0.006508 (VIOLATED)
place1152/X                             0.200000    0.206445   -0.006445 (VIOLATED)
place729/X                              0.200000    0.203566   -0.003566 (VIOLATED)
place716/X                              0.200000    0.202267   -0.002267 (VIOLATED)
place890/X                              0.200000    0.200086   -0.000086 (VIOLATED)



===========================================================================
report_parasitic_annotation -report_unannotated
============================================================================
Found 320 unannotated drivers.
 clkload0/X
 clkload1/Y
 clkload10/Y
 clkload100/Y
 clkload101/Y
 clkload102/Y
 clkload103/Y
 clkload104/Y
 clkload105/Y
 clkload106/Y
 clkload107/X
 clkload108/X
 clkload109/Y
 clkload11/Y
 clkload110/Y
 clkload111/Y
 clkload112/Y
 clkload113/Y
 clkload114/Y
 clkload115/Y
 clkload116/Y
 clkload117/Y
 clkload118/Y
 clkload119/Y
 clkload12/X
 clkload120/Y
 clkload121/Y
 clkload122/Y
 clkload123/Y
 clkload124/Y
 clkload125/Y
 clkload126/Y
 clkload127/Y
 clkload128/X
 clkload129/Y
 clkload13/Y
 clkload130/X
 clkload131/Y
 clkload132/Y
 clkload133/X
 clkload134/Y
 clkload135/X
 clkload136/Y
 clkload137/Y
 clkload138/Y
 clkload139/Y
 clkload14/X
 clkload140/Y
 clkload141/Y
 clkload142/Y
 clkload143/Y
 clkload144/Y
 clkload145/Y
 clkload146/Y
 clkload147/Y
 clkload148/Y
 clkload149/X
 clkload15/Y
 clkload150/Y
 clkload151/Y
 clkload152/Y
 clkload153/Y
 clkload154/Y
 clkload155/X
 clkload156/X
 clkload157/X
 clkload158/Y
 clkload159/X
 clkload16/Y
 clkload160/Y
 clkload161/Y
 clkload162/Y
 clkload163/Y
 clkload164/Y
 clkload165/X
 clkload166/X
 clkload167/Y
 clkload168/Y
 clkload169/X
 clkload17/Y
 clkload170/Y
 clkload171/X
 clkload172/X
 clkload173/Y
 clkload174/X
 clkload175/Y
 clkload176/X
 clkload177/X
 clkload178/Y
 clkload179/Y
 clkload18/X
 clkload180/Y
 clkload181/Y
 clkload182/Y
 clkload183/Y
 clkload184/Y
 clkload185/Y
 clkload186/Y
 clkload187/Y
 clkload188/Y
 clkload189/Y
 clkload19/X
 clkload190/Y
 clkload191/Y
 clkload192/Y
 clkload193/Y
 clkload194/Y
 clkload195/Y
 clkload196/Y
 clkload197/Y
 clkload198/Y
 clkload199/Y
 clkload2/X
 clkload20/X
 clkload200/Y
 clkload201/Y
 clkload202/Y
 clkload203/Y
 clkload204/X
 clkload205/Y
 clkload206/X
 clkload207/Y
 clkload208/Y
 clkload209/Y
 clkload21/Y
 clkload210/X
 clkload211/Y
 clkload212/Y
 clkload213/Y
 clkload214/Y
 clkload215/Y
 clkload216/Y
 clkload217/Y
 clkload218/Y
 clkload219/X
 clkload22/Y
 clkload220/Y
 clkload221/Y
 clkload222/X
 clkload223/Y
 clkload224/Y
 clkload225/Y
 clkload226/X
 clkload227/Y
 clkload228/Y
 clkload229/Y
 clkload23/Y
 clkload230/Y
 clkload231/Y
 clkload232/Y
 clkload233/Y
 clkload234/Y
 clkload235/Y
 clkload236/X
 clkload237/Y
 clkload238/Y
 clkload239/Y
 clkload24/Y
 clkload240/X
 clkload241/Y
 clkload242/X
 clkload243/Y
 clkload244/X
 clkload245/Y
 clkload246/X
 clkload247/Y
 clkload248/Y
 clkload249/Y
 clkload25/Y
 clkload250/Y
 clkload251/X
 clkload252/Y
 clkload253/X
 clkload254/Y
 clkload255/Y
 clkload256/Y
 clkload257/Y
 clkload258/X
 clkload259/Y
 clkload26/Y
 clkload260/Y
 clkload261/Y
 clkload262/X
 clkload263/Y
 clkload264/Y
 clkload265/Y
 clkload266/Y
 clkload267/X
 clkload268/X
 clkload269/X
 clkload27/Y
 clkload270/X
 clkload271/X
 clkload272/X
 clkload273/X
 clkload274/Y
 clkload275/Y
 clkload276/Y
 clkload277/Y
 clkload278/Y
 clkload279/Y
 clkload28/Y
 clkload280/Y
 clkload281/Y
 clkload282/Y
 clkload283/Y
 clkload284/Y
 clkload285/Y
 clkload286/Y
 clkload287/Y
 clkload288/Y
 clkload289/Y
 clkload29/Y
 clkload290/Y
 clkload291/Y
 clkload292/X
 clkload293/Y
 clkload294/Y
 clkload295/Y
 clkload296/X
 clkload297/Y
 clkload298/Y
 clkload299/Y
 clkload3/X
 clkload30/Y
 clkload300/X
 clkload301/X
 clkload302/X
 clkload303/X
 clkload304/Y
 clkload305/Y
 clkload306/X
 clkload307/Y
 clkload308/X
 clkload309/Y
 clkload31/Y
 clkload310/Y
 clkload311/Y
 clkload312/X
 clkload313/X
 clkload314/X
 clkload315/Y
 clkload316/Y
 clkload317/Y
 clkload318/X
 clkload319/Y
 clkload32/Y
 clkload33/Y
 clkload34/Y
 clkload35/Y
 clkload36/Y
 clkload37/Y
 clkload38/Y
 clkload39/Y
 clkload4/X
 clkload40/Y
 clkload41/Y
 clkload42/Y
 clkload43/Y
 clkload44/X
 clkload45/Y
 clkload46/Y
 clkload47/Y
 clkload48/Y
 clkload49/X
 clkload5/Y
 clkload50/X
 clkload51/Y
 clkload52/Y
 clkload53/X
 clkload54/Y
 clkload55/Y
 clkload56/X
 clkload57/Y
 clkload58/Y
 clkload59/Y
 clkload6/Y
 clkload60/Y
 clkload61/X
 clkload62/Y
 clkload63/Y
 clkload64/X
 clkload65/Y
 clkload66/X
 clkload67/X
 clkload68/Y
 clkload69/X
 clkload7/Y
 clkload70/Y
 clkload71/Y
 clkload72/Y
 clkload73/Y
 clkload74/Y
 clkload75/Y
 clkload76/Y
 clkload77/Y
 clkload78/Y
 clkload79/X
 clkload8/Y
 clkload80/Y
 clkload81/X
 clkload82/Y
 clkload83/Y
 clkload84/Y
 clkload85/Y
 clkload86/Y
 clkload87/Y
 clkload88/Y
 clkload89/Y
 clkload9/Y
 clkload90/Y
 clkload91/Y
 clkload92/Y
 clkload93/Y
 clkload94/Y
 clkload95/Y
 clkload96/Y
 clkload97/Y
 clkload98/Y
 clkload99/Y
Found 0 partially unannotated drivers.

===========================================================================
max slew violation count 37
max fanout violation count 2
max cap violation count 17
============================================================================

===========================================================================
check_setup -verbose -unconstrained_endpoints -multiple_clock -no_clock -no_input_delay -loops -generated_clocks
===========================================================================
Warning: There is 1 input port missing set_input_delay.
  reset
