Clock: clk
Sources: clk 
Generated: no
Virtual: yes
Propagated: no
Period: 20.000000

===========================================================================
report_clock_properties
============================================================================
Clock                   Period          Waveform
----------------------------------------------------
clk                  20.000000    0.000000 10.000000

===========================================================================
report_clock_latency
============================================================================
Clock clk
rise -> rise
    min     max
0.000000 0.000000 source latency
0.916689         network latency _17704_/CLK
        1.368977 network latency _17549_/CLK
---------------
0.916689 1.368977 latency
        0.452288 skew

fall -> fall
    min     max
0.000000 0.000000 source latency
0.796407         network latency _17704_/CLK
        1.183802 network latency _17549_/CLK
---------------
0.796407 1.183802 latency
        0.387396 skew



===========================================================================
report_clock_min_period
============================================================================
clk period_min = 9.77 fmax = 102.33
