Clock: clk
Sources: clk 
Generated: no
Virtual: yes
Propagated: no
Period: 10.000000

===========================================================================
report_clock_properties
============================================================================
Clock                   Period          Waveform
----------------------------------------------------
clk                  10.000000    0.000000  5.000000

===========================================================================
report_clock_latency
============================================================================
Clock clk
rise -> rise
    min     max
0.000000 0.000000 source latency
0.594476         network latency _211_/CLK
        0.603816 network latency _195_/CLK
---------------
0.594476 0.603816 latency
        0.009340 skew

fall -> fall
    min     max
0.000000 0.000000 source latency
0.585985         network latency _211_/CLK
        0.593655 network latency _195_/CLK
---------------
0.585985 0.593655 latency
        0.007669 skew



===========================================================================
report_clock_min_period
============================================================================
clk period_min = 4.28 fmax = 233.49
