Reading timing models for corner max_tt_025C_1v80…
Reading timing library for the 'max_tt_025C_1v80' corner at '/home/cl4/.ciel/ciel/sky130/versions/8afc8346a57fe1ab7934ba5a6056ea8b43078e71/sky130A/libs.ref/sky130_fd_sc_hd/lib/sky130_fd_sc_hd__tt_025C_1v80.lib'…
Reading timing models for corner min_ss_100C_1v60…
Reading timing library for the 'min_ss_100C_1v60' corner at '/home/cl4/.ciel/ciel/sky130/versions/8afc8346a57fe1ab7934ba5a6056ea8b43078e71/sky130A/libs.ref/sky130_fd_sc_hd/lib/sky130_fd_sc_hd__ss_100C_1v60.lib'…
Reading timing models for corner nom_tt_025C_1v80…
Reading timing library for the 'nom_tt_025C_1v80' corner at '/home/cl4/.ciel/ciel/sky130/versions/8afc8346a57fe1ab7934ba5a6056ea8b43078e71/sky130A/libs.ref/sky130_fd_sc_hd/lib/sky130_fd_sc_hd__tt_025C_1v80.lib'…
[WARNING STA-1140] /home/cl4/.ciel/ciel/sky130/versions/8afc8346a57fe1ab7934ba5a6056ea8b43078e71/sky130A/libs.ref/sky130_fd_sc_hd/lib/sky130_fd_sc_hd__tt_025C_1v80.lib line 1, library sky130_fd_sc_hd__tt_025C_1v80 already exists.
Reading timing models for corner max_ff_n40C_1v95…
Reading timing library for the 'max_ff_n40C_1v95' corner at '/home/cl4/.ciel/ciel/sky130/versions/8afc8346a57fe1ab7934ba5a6056ea8b43078e71/sky130A/libs.ref/sky130_fd_sc_hd/lib/sky130_fd_sc_hd__ff_n40C_1v95.lib'…
Reading timing models for corner nom_ff_n40C_1v95…
Reading timing library for the 'nom_ff_n40C_1v95' corner at '/home/cl4/.ciel/ciel/sky130/versions/8afc8346a57fe1ab7934ba5a6056ea8b43078e71/sky130A/libs.ref/sky130_fd_sc_hd/lib/sky130_fd_sc_hd__ff_n40C_1v95.lib'…
[WARNING STA-1140] /home/cl4/.ciel/ciel/sky130/versions/8afc8346a57fe1ab7934ba5a6056ea8b43078e71/sky130A/libs.ref/sky130_fd_sc_hd/lib/sky130_fd_sc_hd__ff_n40C_1v95.lib line 1, library sky130_fd_sc_hd__ff_n40C_1v95 already exists.
Reading timing models for corner max_ss_100C_1v60…
Reading timing library for the 'max_ss_100C_1v60' corner at '/home/cl4/.ciel/ciel/sky130/versions/8afc8346a57fe1ab7934ba5a6056ea8b43078e71/sky130A/libs.ref/sky130_fd_sc_hd/lib/sky130_fd_sc_hd__ss_100C_1v60.lib'…
[WARNING STA-1140] /home/cl4/.ciel/ciel/sky130/versions/8afc8346a57fe1ab7934ba5a6056ea8b43078e71/sky130A/libs.ref/sky130_fd_sc_hd/lib/sky130_fd_sc_hd__ss_100C_1v60.lib line 1, library sky130_fd_sc_hd__ss_100C_1v60 already exists.
Reading timing models for corner min_tt_025C_1v80…
Reading timing library for the 'min_tt_025C_1v80' corner at '/home/cl4/.ciel/ciel/sky130/versions/8afc8346a57fe1ab7934ba5a6056ea8b43078e71/sky130A/libs.ref/sky130_fd_sc_hd/lib/sky130_fd_sc_hd__tt_025C_1v80.lib'…
[WARNING STA-1140] /home/cl4/.ciel/ciel/sky130/versions/8afc8346a57fe1ab7934ba5a6056ea8b43078e71/sky130A/libs.ref/sky130_fd_sc_hd/lib/sky130_fd_sc_hd__tt_025C_1v80.lib line 1, library sky130_fd_sc_hd__tt_025C_1v80 already exists.
Reading timing models for corner nom_ss_100C_1v60…
Reading timing library for the 'nom_ss_100C_1v60' corner at '/home/cl4/.ciel/ciel/sky130/versions/8afc8346a57fe1ab7934ba5a6056ea8b43078e71/sky130A/libs.ref/sky130_fd_sc_hd/lib/sky130_fd_sc_hd__ss_100C_1v60.lib'…
[WARNING STA-1140] /home/cl4/.ciel/ciel/sky130/versions/8afc8346a57fe1ab7934ba5a6056ea8b43078e71/sky130A/libs.ref/sky130_fd_sc_hd/lib/sky130_fd_sc_hd__ss_100C_1v60.lib line 1, library sky130_fd_sc_hd__ss_100C_1v60 already exists.
Reading timing models for corner min_ff_n40C_1v95…
Reading timing library for the 'min_ff_n40C_1v95' corner at '/home/cl4/.ciel/ciel/sky130/versions/8afc8346a57fe1ab7934ba5a6056ea8b43078e71/sky130A/libs.ref/sky130_fd_sc_hd/lib/sky130_fd_sc_hd__ff_n40C_1v95.lib'…
[WARNING STA-1140] /home/cl4/.ciel/ciel/sky130/versions/8afc8346a57fe1ab7934ba5a6056ea8b43078e71/sky130A/libs.ref/sky130_fd_sc_hd/lib/sky130_fd_sc_hd__ff_n40C_1v95.lib line 1, library sky130_fd_sc_hd__ff_n40C_1v95 already exists.
Reading OpenROAD database at '/home/cl4/Desktop/training/RISC-V/asic/runs/RUN_2026-09-10_08-55-15/24-openroad-globalplacement/riscv_soc_top.odb'…
Reading design constraints file at '/nix/store/5jsqcdxd774ydqqjk8zkw3zk47dxbryb-python3-3.13.9-env/lib/python3.13/site-packages/librelane/scripts/base.sdc'…
[INFO] Using clock clk…
[INFO] Setting output delay to: 2
[INFO] Setting input delay to: 2
[INFO] Setting load to: 0.033442
[INFO] Setting clock uncertainty to: 0.25
[INFO] Setting clock transition to: 0.1499999999999999944488848768742172978818416595458984375
[INFO] Setting timing derate to: 5%
[INFO RSZ-0027] Inserted 34 sky130_fd_sc_hd__clkdlybuf4s25_1 input buffers.
[INFO RSZ-0028] Inserted 44 sky130_fd_sc_hd__clkdlybuf4s25_1 output buffers.
+ repair_design -verbose -max_wire_length 0 -slew_margin 20 -cap_margin 20
Iteration |   Area    | Resized | Buffers | Nets repaired | Remaining
---------------------------------------------------------------------
        0 |     +0.0% |       0 |       0 |             0 |       360
       10 |     +0.0% |       0 |       0 |             0 |       350
       20 |     +0.0% |       0 |       0 |             0 |       340
       30 |     +0.0% |       0 |       0 |             0 |       330
       40 |     +0.0% |       0 |       0 |             0 |       320
       50 |     +0.0% |       0 |       0 |             0 |       310
       60 |     +0.0% |       0 |       0 |             0 |       300
       70 |     +0.0% |       0 |       0 |             0 |       290
       80 |     +0.0% |       0 |       0 |             0 |       280
       90 |     +0.0% |       0 |       0 |             0 |       270
      100 |     +0.0% |       0 |       0 |             0 |       260
      110 |     +0.0% |       0 |       0 |             0 |       250
      120 |     +0.0% |       0 |       0 |             0 |       240
      130 |     +0.0% |       0 |       0 |             0 |       230
      140 |     +0.0% |       0 |       0 |             0 |       220
      150 |     +0.0% |       0 |       0 |             0 |       210
      160 |     +0.0% |       0 |       0 |             0 |       200
      170 |     +0.0% |       0 |       0 |             0 |       190
      180 |     +0.0% |       0 |       0 |             0 |       180
      190 |     +0.0% |       0 |       0 |             0 |       170
      200 |     +0.0% |       0 |       0 |             0 |       160
      210 |     +0.6% |       1 |       1 |             1 |       150
      220 |     +0.6% |       1 |       1 |             1 |       140
      230 |     +0.6% |       1 |       1 |             1 |       130
      240 |     +0.6% |       1 |       1 |             1 |       120
      250 |     +0.6% |       1 |       1 |             1 |       110
      260 |     +0.6% |       1 |       1 |             1 |       100
      270 |     +0.6% |       1 |       1 |             1 |        90
      280 |     +0.6% |       1 |       1 |             1 |        80
      290 |     +0.6% |       1 |       1 |             1 |        70
      300 |     +0.6% |       1 |       1 |             1 |        60
      310 |     +0.6% |       1 |       1 |             1 |        50
      320 |     +0.6% |       1 |       1 |             1 |        40
      330 |     +0.6% |       1 |       1 |             1 |        30
      340 |     +0.6% |       1 |       1 |             1 |        20
      350 |     +0.6% |       1 |       1 |             1 |        10
      360 |     +0.6% |       1 |       1 |             1 |         0
    final |     +0.6% |       1 |       1 |             1 |         0
---------------------------------------------------------------------
[INFO RSZ-0034] Found 1 slew violations.
[INFO RSZ-0036] Found 1 capacitance violations.
[INFO RSZ-0039] Resized 1 instances.
[INFO RSZ-0038] Inserted 1 buffers in 1 nets.
[INFO RSZ-0042] Inserted 4 tie sky130_fd_sc_hd__conb_1 instances.
[INFO RSZ-0042] Inserted 2 tie sky130_fd_sc_hd__conb_1 instances.
[WARNING RSZ-0020] found 2 floating nets.
 VGND
 VPWR
+ detailed_placement -max_displacement  500 100 
Placement Analysis
---------------------------------
total displacement       2529.8 u
average displacement        7.1 u
max displacement           33.9 u
original HPWL            2966.6 u
legalized HPWL           5041.9 u
delta HPWL                   70 %

[INFO DPL-0020] Mirrored 97 instances
[INFO DPL-0021] HPWL before            5041.9 u
[INFO DPL-0022] HPWL after             4878.5 u
[INFO DPL-0023] HPWL delta               -3.2 %
Setting global connections for newly added cells…
[INFO] Setting global connections...
[INFO ODB-0403] 340 connections made, 0 conflicts skipped.
Updating metrics…
Cell type report:                       Count       Area
  Fill cell                                50     187.68
  Tap cell                                 67      83.83
  Buffer                                    3      15.01
  Timing Repair Buffer                     79     798.27
  Inverter                                  1       3.75
  Sequential cell                          41    1077.28
  Multi-Input combinational cell          114    1287.48
  Total                                   355    3453.31
Writing OpenROAD database to '/home/cl4/Desktop/training/RISC-V/asic/runs/RUN_2026-09-10_08-55-15/28-openroad-repairdesignpostgpl/riscv_soc_top.odb'…
Writing netlist to '/home/cl4/Desktop/training/RISC-V/asic/runs/RUN_2026-09-10_08-55-15/28-openroad-repairdesignpostgpl/riscv_soc_top.nl.v'…
Writing powered netlist to '/home/cl4/Desktop/training/RISC-V/asic/runs/RUN_2026-09-10_08-55-15/28-openroad-repairdesignpostgpl/riscv_soc_top.pnl.v'…
Writing layout to '/home/cl4/Desktop/training/RISC-V/asic/runs/RUN_2026-09-10_08-55-15/28-openroad-repairdesignpostgpl/riscv_soc_top.def'…
Writing timing constraints to '/home/cl4/Desktop/training/RISC-V/asic/runs/RUN_2026-09-10_08-55-15/28-openroad-repairdesignpostgpl/riscv_soc_top.sdc'…
