Clock: clk
Sources: clk 
Generated: no
Virtual: no
Propagated: no
Period: 20.000000

===========================================================================
report_clock_properties
============================================================================
Clock                   Period          Waveform
----------------------------------------------------
clk                  20.000000    0.000000 10.000000

===========================================================================
report_clock_latency
============================================================================
Clock clk
rise -> rise
    min     max
0.000000 0.000000 source latency
14.838763         network latency _26690_/CLK
        16.400738 network latency _26690_/CLK
---------------
14.838763 16.400738 latency
        1.561974 skew

fall -> fall
    min     max
0.000000 0.000000 source latency
8.194839         network latency _26690_/CLK
        9.057453 network latency _26690_/CLK
---------------
8.194839 9.057453 latency
        0.862613 skew



===========================================================================
report_clock_min_period
============================================================================
clk period_min = 20.78 fmax = 48.11
