Clock: clk
Sources: clk 
Generated: no
Virtual: no
Propagated: no
Period: 20.000000

===========================================================================
report_clock_properties
============================================================================
Clock                   Period          Waveform
----------------------------------------------------
clk                  20.000000    0.000000 10.000000

===========================================================================
report_clock_latency
============================================================================
Clock clk
rise -> rise
    min     max
0.000000 0.000000 source latency
0.027703         network latency _26_/CLK
        0.030619 network latency _26_/CLK
---------------
0.027703 0.030619 latency
        0.002916 skew

fall -> fall
    min     max
0.000000 0.000000 source latency
0.010226         network latency _26_/CLK
        0.011303 network latency _26_/CLK
---------------
0.010226 0.011303 latency
        0.001076 skew



===========================================================================
report_clock_min_period
============================================================================
clk period_min = 0.87 fmax = 1150.22
