
===========================================================================
report_checks -unconstrained
===========================================================================
======================= max_ff_n40C_1v95 Corner ===================================

Startpoint: _17644_ (rising edge-triggered flip-flop clocked by clk)
Endpoint: _15296_ (rising edge-triggered flip-flop clocked by clk)
Path Group: clk
Path Type: max

Fanout         Cap        Slew       Delay        Time   Description
---------------------------------------------------------------------------------------------
                                  0.000000    0.000000   clock clk (rise edge)
                                  0.000000    0.000000   clock source latency
     2    0.104361    0.000000    0.000000    0.000000 ^ clk (in)
                                                         clk (net)
                      0.074893    0.039319    0.039319 ^ clkbuf_0_clk/A (sky130_fd_sc_hd__clkbuf_8)
     4    0.136869    0.182523    0.204047    0.243366 ^ clkbuf_0_clk/X (sky130_fd_sc_hd__clkbuf_8)
                                                         clknet_0_clk (net)
                      0.183676    0.012471    0.255837 ^ clkbuf_2_2_0_clk/A (sky130_fd_sc_hd__clkbuf_8)
     8    0.158297    0.209058    0.251489    0.507326 ^ clkbuf_2_2_0_clk/X (sky130_fd_sc_hd__clkbuf_8)
                                                         clknet_2_2_0_clk (net)
                      0.209592    0.009096    0.516421 ^ clkbuf_5_17__f_clk/A (sky130_fd_sc_hd__clkbuf_8)
    10    0.089764    0.122932    0.195406    0.711828 ^ clkbuf_5_17__f_clk/X (sky130_fd_sc_hd__clkbuf_8)
                                                         clknet_5_17__leaf_clk (net)
                      0.123270    0.005503    0.717331 ^ clkbuf_leaf_237_clk/A (sky130_fd_sc_hd__clkbuf_8)
     7    0.024303    0.043339    0.123120    0.840451 ^ clkbuf_leaf_237_clk/X (sky130_fd_sc_hd__clkbuf_8)
                                                         clknet_leaf_237_clk (net)
                      0.043397    0.001404    0.841855 ^ _17644_/CLK (sky130_fd_sc_hd__dfxtp_2)
    17    0.122756    0.460715    0.513879    1.355734 ^ _17644_/Q (sky130_fd_sc_hd__dfxtp_2)
                                                         core0.imm_gen.instruction[20] (net)
                      0.461361    0.015007    1.370741 ^ _07620_/A (sky130_fd_sc_hd__inv_2)
    13    0.109150    0.250738    0.226947    1.597688 v _07620_/Y (sky130_fd_sc_hd__inv_2)
                                                         _03829_ (net)
                      0.251080    0.008272    1.605960 v _08297_/C (sky130_fd_sc_hd__nand3_2)
     9    0.062161    0.249926    0.289739    1.895700 ^ _08297_/Y (sky130_fd_sc_hd__nand3_2)
                                                         _04501_ (net)
                      0.250001    0.003811    1.899511 ^ max_cap1218/A (sky130_fd_sc_hd__buf_6)
     8    0.052249    0.084837    0.129382    2.028893 ^ max_cap1218/X (sky130_fd_sc_hd__buf_6)
                                                         net1218 (net)
                      0.084940    0.002537    2.031430 ^ place869/A (sky130_fd_sc_hd__buf_2)
    20    0.120353    0.437816    0.370214    2.401644 ^ place869/X (sky130_fd_sc_hd__buf_2)
                                                         net869 (net)
                      0.437980    0.007500    2.409144 ^ _08342_/C1 (sky130_fd_sc_hd__o2111ai_2)
     2    0.005693    0.097784    0.066325    2.475469 v _08342_/Y (sky130_fd_sc_hd__o2111ai_2)
                                                         _04546_ (net)
                      0.097784    0.000361    2.475831 v _08343_/A (sky130_fd_sc_hd__and3_2)
     2    0.013922    0.047150    0.162760    2.638591 v _08343_/X (sky130_fd_sc_hd__and3_2)
                                                         _04547_ (net)
                      0.047158    0.000679    2.639270 v _08347_/A_N (sky130_fd_sc_hd__nand2b_2)
     4    0.018728    0.061902    0.151712    2.790982 v _08347_/Y (sky130_fd_sc_hd__nand2b_2)
                                                         _04551_ (net)
                      0.061931    0.001308    2.792290 v _08436_/A (sky130_fd_sc_hd__and4_2)
     3    0.016288    0.051309    0.154458    2.946748 v _08436_/X (sky130_fd_sc_hd__and4_2)
                                                         _04640_ (net)
                      0.051359    0.001444    2.948192 v _08437_/B (sky130_fd_sc_hd__nor2_2)
     5    0.040618    0.319100    0.266190    3.214382 ^ _08437_/Y (sky130_fd_sc_hd__nor2_2)
                                                         _04641_ (net)
                      0.319131    0.002771    3.217153 ^ _08439_/B1 (sky130_fd_sc_hd__o21ai_2)
     5    0.044992    0.146496    0.138207    3.355360 v _08439_/Y (sky130_fd_sc_hd__o21ai_2)
                                                         _04643_ (net)
                      0.146542    0.002257    3.357617 v _08522_/A1 (sky130_fd_sc_hd__a21oi_2)
     5    0.039714    0.353672    0.347723    3.705340 ^ _08522_/Y (sky130_fd_sc_hd__a21oi_2)
                                                         _04726_ (net)
                      0.353767    0.005066    3.710405 ^ _08569_/A2 (sky130_fd_sc_hd__o21ai_2)
     5    0.041355    0.146235    0.139466    3.849871 v _08569_/Y (sky130_fd_sc_hd__o21ai_2)
                                                         _04773_ (net)
                      0.146511    0.005469    3.855340 v _08600_/A1 (sky130_fd_sc_hd__a21boi_2)
     6    0.030426    0.273253    0.289033    4.144373 ^ _08600_/Y (sky130_fd_sc_hd__a21boi_2)
                                                         _04804_ (net)
                      0.273270    0.001879    4.146252 ^ _08762_/A2 (sky130_fd_sc_hd__o211a_2)
     2    0.012398    0.067363    0.155921    4.302173 ^ _08762_/X (sky130_fd_sc_hd__o211a_2)
                                                         _04966_ (net)
                      0.067380    0.001108    4.303280 ^ _08765_/B (sky130_fd_sc_hd__nor2_2)
     2    0.045269    0.088957    0.078348    4.381628 v _08765_/Y (sky130_fd_sc_hd__nor2_2)
                                                         _04969_ (net)
                      0.089064    0.002671    4.384299 v _08773_/A2 (sky130_fd_sc_hd__o21a_2)
     1    0.008787    0.035920    0.159500    4.543800 v _08773_/X (sky130_fd_sc_hd__o21a_2)
                                                         _04977_ (net)
                      0.035959    0.000703    4.544503 v _08778_/B (sky130_fd_sc_hd__nor3_4)
     1    0.007917    0.109708    0.125991    4.670495 ^ _08778_/Y (sky130_fd_sc_hd__nor3_4)
                                                         _04982_ (net)
                      0.109709    0.000693    4.671187 ^ place771/A (sky130_fd_sc_hd__buf_2)
    10    0.060695    0.223092    0.228094    4.899281 ^ place771/X (sky130_fd_sc_hd__buf_2)
                                                         net771 (net)
                      0.223269    0.005499    4.904780 ^ _09059_/A (sky130_fd_sc_hd__nand4_4)
    11    0.088086    0.257270    0.233184    5.137964 v _09059_/Y (sky130_fd_sc_hd__nand4_4)
                                                         _05262_ (net)
                      0.258061    0.011937    5.149901 v _10588_/B (sky130_fd_sc_hd__nor2_4)
    10    0.067005    0.308082    0.338333    5.488235 ^ _10588_/Y (sky130_fd_sc_hd__nor2_4)
                                                         _06732_ (net)
                      0.308351    0.007817    5.496052 ^ place763/A (sky130_fd_sc_hd__buf_2)
    19    0.097603    0.354274    0.343225    5.839276 ^ place763/X (sky130_fd_sc_hd__buf_2)
                                                         net763 (net)
                      0.354581    0.009080    5.848357 ^ _10610_/A2 (sky130_fd_sc_hd__a22oi_2)
     1    0.011388    0.097107    0.083810    5.932167 v _10610_/Y (sky130_fd_sc_hd__a22oi_2)
                                                         _06754_ (net)
                      0.097109    0.000885    5.933052 v wire1189/A (sky130_fd_sc_hd__buf_2)
     2    0.055260    0.093488    0.173388    6.106441 v wire1189/X (sky130_fd_sc_hd__buf_2)
                                                         net1189 (net)
                      0.093549    0.002143    6.108583 v _10616_/B1 (sky130_fd_sc_hd__o22ai_2)
     1    0.005584    0.103957    0.109267    6.217850 ^ _10616_/Y (sky130_fd_sc_hd__o22ai_2)
                                                         _06760_ (net)
                      0.103957    0.000427    6.218277 ^ _10634_/A1 (sky130_fd_sc_hd__o211ai_2)
     3    0.036579    0.147429    0.145306    6.363583 v _10634_/Y (sky130_fd_sc_hd__o211ai_2)
                                                         _06778_ (net)
                      0.147760    0.005922    6.369505 v _10935_/A1 (sky130_fd_sc_hd__a31oi_2)
     1    0.002466    0.090263    0.123592    6.493097 ^ _10935_/Y (sky130_fd_sc_hd__a31oi_2)
                                                         _00126_ (net)
                      0.090263    0.000111    6.493208 ^ hold1446/A (sky130_fd_sc_hd__dlygate4sd3_1)
     1    0.002639    0.036274    0.399319    6.892527 ^ hold1446/X (sky130_fd_sc_hd__dlygate4sd3_1)
                                                         net1446 (net)
                      0.036274    0.000175    6.892702 ^ _15296_/D (sky130_fd_sc_hd__dfxtp_2)
                                              6.892702   data arrival time

                                 20.000000   20.000000   clock clk (rise edge)
                                  0.000000   20.000000   clock source latency
     2    0.104361    0.000000    0.000000   20.000000 ^ clk (in)
                                                         clk (net)
                      0.074893    0.035573   20.035574 ^ clkbuf_0_clk/A (sky130_fd_sc_hd__clkbuf_8)
     4    0.136869    0.182523    0.184615   20.220188 ^ clkbuf_0_clk/X (sky130_fd_sc_hd__clkbuf_8)
                                                         clknet_0_clk (net)
                      0.183676    0.011283   20.231472 ^ clkbuf_2_2_0_clk/A (sky130_fd_sc_hd__clkbuf_8)
     8    0.158297    0.209058    0.227537   20.459009 ^ clkbuf_2_2_0_clk/X (sky130_fd_sc_hd__clkbuf_8)
                                                         clknet_2_2_0_clk (net)
                      0.210101    0.011367   20.470377 ^ clkbuf_5_18__f_clk/A (sky130_fd_sc_hd__clkbuf_8)
    11    0.099267    0.134462    0.183034   20.653410 ^ clkbuf_5_18__f_clk/X (sky130_fd_sc_hd__clkbuf_8)
                                                         clknet_5_18__leaf_clk (net)
                      0.135086    0.007075   20.660486 ^ clkbuf_leaf_272_clk/A (sky130_fd_sc_hd__clkbuf_8)
     7    0.039679    0.061921    0.125619   20.786104 ^ clkbuf_leaf_272_clk/X (sky130_fd_sc_hd__clkbuf_8)
                                                         clknet_leaf_272_clk (net)
                      0.062044    0.001730   20.787834 ^ _15296_/CLK (sky130_fd_sc_hd__dfxtp_2)
                                 -0.250000   20.537836   clock uncertainty
                                  0.048317   20.586151   clock reconvergence pessimism
                                 -0.030972   20.555180   library setup time
                                             20.555180   data required time
---------------------------------------------------------------------------------------------
                                             20.555180   data required time
                                             -6.892702   data arrival time
---------------------------------------------------------------------------------------------
                                             13.662477   slack (MET)




===========================================================================
report_checks --slack_max -0.01
============================================================================
======================= max_ff_n40C_1v95 Corner ===================================

No paths found.


===========================================================================
 report_check_types -max_slew -max_cap -max_fanout -violators
============================================================================
======================= max_ff_n40C_1v95 Corner ===================================

max fanout

Pin                                   Limit Fanout  Slack
---------------------------------------------------------
place1066/X                              32     33        (VIOLATED)
place1109/X                              32     33        (VIOLATED)

max capacitance

Pin                                        Limit         Cap       Slack
------------------------------------------------------------------------
place907/X                              0.200000    0.267339   -0.067339 (VIOLATED)
place835/X                              0.200000    0.248008   -0.048008 (VIOLATED)
place951/X                              0.200000    0.243761   -0.043761 (VIOLATED)
place915/X                              0.200000    0.232184   -0.032184 (VIOLATED)
place930/X                              0.200000    0.230295   -0.030295 (VIOLATED)
place875/X                              0.200000    0.224402   -0.024402 (VIOLATED)
place717/X                              0.200000    0.221601   -0.021601 (VIOLATED)
place1163/X                             0.200000    0.220881   -0.020881 (VIOLATED)
place828/X                              0.200000    0.217106   -0.017106 (VIOLATED)
place943/X                              0.200000    0.212372   -0.012372 (VIOLATED)
place1141/X                             0.200000    0.209390   -0.009390 (VIOLATED)
place962/X                              0.200000    0.208622   -0.008622 (VIOLATED)
place1152/X                             0.200000    0.207474   -0.007474 (VIOLATED)
place961/X                              0.200000    0.206517   -0.006517 (VIOLATED)
place729/X                              0.200000    0.205665   -0.005665 (VIOLATED)
place716/X                              0.200000    0.204301   -0.004301 (VIOLATED)
place890/X                              0.200000    0.201373   -0.001373 (VIOLATED)



===========================================================================
report_parasitic_annotation -report_unannotated
============================================================================
Found 320 unannotated drivers.
 clkload0/X
 clkload1/Y
 clkload10/Y
 clkload100/Y
 clkload101/Y
 clkload102/Y
 clkload103/Y
 clkload104/Y
 clkload105/Y
 clkload106/Y
 clkload107/X
 clkload108/X
 clkload109/Y
 clkload11/Y
 clkload110/Y
 clkload111/Y
 clkload112/Y
 clkload113/Y
 clkload114/Y
 clkload115/Y
 clkload116/Y
 clkload117/Y
 clkload118/Y
 clkload119/Y
 clkload12/X
 clkload120/Y
 clkload121/Y
 clkload122/Y
 clkload123/Y
 clkload124/Y
 clkload125/Y
 clkload126/Y
 clkload127/Y
 clkload128/X
 clkload129/Y
 clkload13/Y
 clkload130/X
 clkload131/Y
 clkload132/Y
 clkload133/X
 clkload134/Y
 clkload135/X
 clkload136/Y
 clkload137/Y
 clkload138/Y
 clkload139/Y
 clkload14/X
 clkload140/Y
 clkload141/Y
 clkload142/Y
 clkload143/Y
 clkload144/Y
 clkload145/Y
 clkload146/Y
 clkload147/Y
 clkload148/Y
 clkload149/X
 clkload15/Y
 clkload150/Y
 clkload151/Y
 clkload152/Y
 clkload153/Y
 clkload154/Y
 clkload155/X
 clkload156/X
 clkload157/X
 clkload158/Y
 clkload159/X
 clkload16/Y
 clkload160/Y
 clkload161/Y
 clkload162/Y
 clkload163/Y
 clkload164/Y
 clkload165/X
 clkload166/X
 clkload167/Y
 clkload168/Y
 clkload169/X
 clkload17/Y
 clkload170/Y
 clkload171/X
 clkload172/X
 clkload173/Y
 clkload174/X
 clkload175/Y
 clkload176/X
 clkload177/X
 clkload178/Y
 clkload179/Y
 clkload18/X
 clkload180/Y
 clkload181/Y
 clkload182/Y
 clkload183/Y
 clkload184/Y
 clkload185/Y
 clkload186/Y
 clkload187/Y
 clkload188/Y
 clkload189/Y
 clkload19/X
 clkload190/Y
 clkload191/Y
 clkload192/Y
 clkload193/Y
 clkload194/Y
 clkload195/Y
 clkload196/Y
 clkload197/Y
 clkload198/Y
 clkload199/Y
 clkload2/X
 clkload20/X
 clkload200/Y
 clkload201/Y
 clkload202/Y
 clkload203/Y
 clkload204/X
 clkload205/Y
 clkload206/X
 clkload207/Y
 clkload208/Y
 clkload209/Y
 clkload21/Y
 clkload210/X
 clkload211/Y
 clkload212/Y
 clkload213/Y
 clkload214/Y
 clkload215/Y
 clkload216/Y
 clkload217/Y
 clkload218/Y
 clkload219/X
 clkload22/Y
 clkload220/Y
 clkload221/Y
 clkload222/X
 clkload223/Y
 clkload224/Y
 clkload225/Y
 clkload226/X
 clkload227/Y
 clkload228/Y
 clkload229/Y
 clkload23/Y
 clkload230/Y
 clkload231/Y
 clkload232/Y
 clkload233/Y
 clkload234/Y
 clkload235/Y
 clkload236/X
 clkload237/Y
 clkload238/Y
 clkload239/Y
 clkload24/Y
 clkload240/X
 clkload241/Y
 clkload242/X
 clkload243/Y
 clkload244/X
 clkload245/Y
 clkload246/X
 clkload247/Y
 clkload248/Y
 clkload249/Y
 clkload25/Y
 clkload250/Y
 clkload251/X
 clkload252/Y
 clkload253/X
 clkload254/Y
 clkload255/Y
 clkload256/Y
 clkload257/Y
 clkload258/X
 clkload259/Y
 clkload26/Y
 clkload260/Y
 clkload261/Y
 clkload262/X
 clkload263/Y
 clkload264/Y
 clkload265/Y
 clkload266/Y
 clkload267/X
 clkload268/X
 clkload269/X
 clkload27/Y
 clkload270/X
 clkload271/X
 clkload272/X
 clkload273/X
 clkload274/Y
 clkload275/Y
 clkload276/Y
 clkload277/Y
 clkload278/Y
 clkload279/Y
 clkload28/Y
 clkload280/Y
 clkload281/Y
 clkload282/Y
 clkload283/Y
 clkload284/Y
 clkload285/Y
 clkload286/Y
 clkload287/Y
 clkload288/Y
 clkload289/Y
 clkload29/Y
 clkload290/Y
 clkload291/Y
 clkload292/X
 clkload293/Y
 clkload294/Y
 clkload295/Y
 clkload296/X
 clkload297/Y
 clkload298/Y
 clkload299/Y
 clkload3/X
 clkload30/Y
 clkload300/X
 clkload301/X
 clkload302/X
 clkload303/X
 clkload304/Y
 clkload305/Y
 clkload306/X
 clkload307/Y
 clkload308/X
 clkload309/Y
 clkload31/Y
 clkload310/Y
 clkload311/Y
 clkload312/X
 clkload313/X
 clkload314/X
 clkload315/Y
 clkload316/Y
 clkload317/Y
 clkload318/X
 clkload319/Y
 clkload32/Y
 clkload33/Y
 clkload34/Y
 clkload35/Y
 clkload36/Y
 clkload37/Y
 clkload38/Y
 clkload39/Y
 clkload4/X
 clkload40/Y
 clkload41/Y
 clkload42/Y
 clkload43/Y
 clkload44/X
 clkload45/Y
 clkload46/Y
 clkload47/Y
 clkload48/Y
 clkload49/X
 clkload5/Y
 clkload50/X
 clkload51/Y
 clkload52/Y
 clkload53/X
 clkload54/Y
 clkload55/Y
 clkload56/X
 clkload57/Y
 clkload58/Y
 clkload59/Y
 clkload6/Y
 clkload60/Y
 clkload61/X
 clkload62/Y
 clkload63/Y
 clkload64/X
 clkload65/Y
 clkload66/X
 clkload67/X
 clkload68/Y
 clkload69/X
 clkload7/Y
 clkload70/Y
 clkload71/Y
 clkload72/Y
 clkload73/Y
 clkload74/Y
 clkload75/Y
 clkload76/Y
 clkload77/Y
 clkload78/Y
 clkload79/X
 clkload8/Y
 clkload80/Y
 clkload81/X
 clkload82/Y
 clkload83/Y
 clkload84/Y
 clkload85/Y
 clkload86/Y
 clkload87/Y
 clkload88/Y
 clkload89/Y
 clkload9/Y
 clkload90/Y
 clkload91/Y
 clkload92/Y
 clkload93/Y
 clkload94/Y
 clkload95/Y
 clkload96/Y
 clkload97/Y
 clkload98/Y
 clkload99/Y
Found 0 partially unannotated drivers.

===========================================================================
max slew violation count 0
max fanout violation count 2
max cap violation count 17
============================================================================

===========================================================================
check_setup -verbose -unconstrained_endpoints -multiple_clock -no_clock -no_input_delay -loops -generated_clocks
===========================================================================
Warning: There is 1 input port missing set_input_delay.
  reset
