Clock: clk
Sources: clk 
Generated: no
Virtual: yes
Propagated: no
Period: 20.000000

===========================================================================
report_clock_properties
============================================================================
Clock                   Period          Waveform
----------------------------------------------------
clk                  20.000000    0.000000 10.000000

===========================================================================
report_clock_latency
============================================================================
Clock clk
rise -> rise
    min     max
0.000000 0.000000 source latency
0.637865         network latency _17704_/CLK
        0.950282 network latency _17549_/CLK
---------------
0.637865 0.950282 latency
        0.312417 skew

fall -> fall
    min     max
0.000000 0.000000 source latency
0.567573         network latency _17704_/CLK
        0.845618 network latency _17549_/CLK
---------------
0.567573 0.845618 latency
        0.278045 skew



===========================================================================
report_clock_min_period
============================================================================
clk period_min = 6.34 fmax = 157.79
