
===========================================================================
 report_power
============================================================================
======================= nom_tt_025C_1v80 Corner ===================================

Group                    Internal    Switching      Leakage        Total
                            Power        Power        Power        Power (Watts)
------------------------------------------------------------------------
Sequential           1.588376e-04 0.000000e+00 2.339459e-09 1.588399e-04 100.0%
Combinational        0.000000e+00 0.000000e+00 2.278679e-09 2.278679e-09   0.0%
Clock                0.000000e+00 0.000000e+00 0.000000e+00 0.000000e+00   0.0%
Macro                0.000000e+00 0.000000e+00 0.000000e+00 0.000000e+00   0.0%
Pad                  0.000000e+00 0.000000e+00 0.000000e+00 0.000000e+00   0.0%
------------------------------------------------------------------------
Total                1.588376e-04 0.000000e+00 4.618135e-09 1.588422e-04 100.0%
                           100.0%         0.0%         0.0%

