
===========================================================================
Violator List
============================================================================
[setup reg-reg] _17640_/Q -> _15271_/D : -7.606780
[setup reg-reg] _17640_/Q -> _15281_/D : -7.565507
[setup reg-reg] _17640_/Q -> _15282_/D : -7.565507
[setup reg-reg] _17640_/Q -> _15284_/D : -7.565507
[setup reg-reg] _17640_/Q -> _15285_/D : -7.565507
[setup reg-reg] _17640_/Q -> _15286_/D : -7.565507
[setup reg-reg] _17640_/Q -> _15280_/D : -7.565360
[setup reg-reg] _17640_/Q -> _15272_/D : -7.565328
[setup reg-reg] _17640_/Q -> _15289_/D : -7.565328
[setup reg-reg] _17640_/Q -> _15290_/D : -7.565328
[setup reg-reg] _17640_/Q -> _15292_/D : -7.565328
[setup reg-reg] _17640_/Q -> _15293_/D : -7.565328
[setup reg-reg] _17640_/Q -> _15294_/D : -7.565328
[setup reg-reg] _17640_/Q -> _15288_/D : -7.565289
[setup reg-reg] _17640_/Q -> _15291_/D : -7.564596
[setup reg-reg] _17640_/Q -> _15275_/D : -7.564554
[setup reg-reg] _17640_/Q -> _15283_/D : -7.564538
[setup reg-reg] _17640_/Q -> _15273_/D : -7.564270
[setup reg-reg] _17640_/Q -> _15274_/D : -7.564270
[setup reg-reg] _17640_/Q -> _15276_/D : -7.564270
[setup reg-reg] _17640_/Q -> _15277_/D : -7.564270
[setup reg-reg] _17640_/Q -> _15278_/D : -7.564270
[setup reg-reg] _17640_/Q -> _15345_/D : -7.563227
[setup reg-reg] _17640_/Q -> _15346_/D : -7.563227
[setup reg-reg] _17640_/Q -> _15348_/D : -7.563227
[setup reg-reg] _17640_/Q -> _15349_/D : -7.563227
[setup reg-reg] _17640_/Q -> _15350_/D : -7.563227
[setup reg-reg] _17640_/Q -> _15344_/D : -7.563079
[setup reg-reg] _17640_/Q -> _15336_/D : -7.563047
[setup reg-reg] _17640_/Q -> _15353_/D : -7.563047
[setup reg-reg] _17640_/Q -> _15354_/D : -7.563047
[setup reg-reg] _17640_/Q -> _15356_/D : -7.563047
[setup reg-reg] _17640_/Q -> _15357_/D : -7.563047
[setup reg-reg] _17640_/Q -> _15358_/D : -7.563047
[setup reg-reg] _17640_/Q -> _15352_/D : -7.563008
[setup reg-reg] _17640_/Q -> _15355_/D : -7.562315
[setup reg-reg] _17640_/Q -> _15339_/D : -7.562273
[setup reg-reg] _17640_/Q -> _15347_/D : -7.562257
[setup reg-reg] _17640_/Q -> _15337_/D : -7.561988
[setup reg-reg] _17640_/Q -> _15338_/D : -7.561988
[setup reg-reg] _17640_/Q -> _15340_/D : -7.561988
[setup reg-reg] _17640_/Q -> _15341_/D : -7.561988
[setup reg-reg] _17640_/Q -> _15342_/D : -7.561988
[setup reg-reg] _17640_/Q -> _15313_/D : -7.536844
[setup reg-reg] _17640_/Q -> _15314_/D : -7.536844
[setup reg-reg] _17640_/Q -> _15316_/D : -7.536844
[setup reg-reg] _17640_/Q -> _15317_/D : -7.536844
[setup reg-reg] _17640_/Q -> _15318_/D : -7.536844
[setup reg-reg] _17640_/Q -> _15312_/D : -7.536697
[setup reg-reg] _17640_/Q -> _15304_/D : -7.536665
[setup reg-reg] _17640_/Q -> _15321_/D : -7.536665
[setup reg-reg] _17640_/Q -> _15322_/D : -7.536665
[setup reg-reg] _17640_/Q -> _15324_/D : -7.536665
[setup reg-reg] _17640_/Q -> _15325_/D : -7.536665
[setup reg-reg] _17640_/Q -> _15326_/D : -7.536665
[setup reg-reg] _17640_/Q -> _15320_/D : -7.536626
[setup reg-reg] _17640_/Q -> _15323_/D : -7.535933
[setup reg-reg] _17640_/Q -> _15307_/D : -7.535891
[setup reg-reg] _17640_/Q -> _15315_/D : -7.535874
[setup reg-reg] _17640_/Q -> _15305_/D : -7.535606
[setup reg-reg] _17640_/Q -> _15306_/D : -7.535606
[setup reg-reg] _17640_/Q -> _15308_/D : -7.535606
[setup reg-reg] _17640_/Q -> _15309_/D : -7.535606
[setup reg-reg] _17640_/Q -> _15310_/D : -7.535606
[setup reg-reg] _17640_/Q -> _15295_/D : -7.526680
[setup reg-reg] _17640_/Q -> _15359_/D : -7.526456
[setup reg-reg] _17640_/Q -> _15327_/D : -7.521779
[setup reg-reg] _17640_/Q -> _15287_/D : -7.409298
[setup reg-reg] _17640_/Q -> _15279_/D : -7.409265
[setup reg-reg] _17640_/Q -> _15343_/D : -7.377722
[setup reg-reg] _17640_/Q -> _15351_/D : -7.377722
[setup reg-reg] _17640_/Q -> _15311_/D : -7.377633
[setup reg-reg] _17640_/Q -> _15319_/D : -7.377633
[setup reg-reg] _17640_/Q -> _15303_/D : -7.331455
[setup reg-reg] _17640_/Q -> _15335_/D : -7.331425
[setup reg-reg] _17757_/Q -> _15181_/D : -6.754750
[setup reg-reg] _17757_/Q -> _15186_/D : -6.754750
[setup reg-reg] _17640_/Q -> _15466_/D : -6.653633
[setup reg-reg] _17640_/Q -> _15472_/D : -6.653633
[setup reg-reg] _17640_/Q -> _15480_/D : -6.653633
[setup reg-reg] _17640_/Q -> _15486_/D : -6.653633
[setup reg-reg] _17640_/Q -> _15402_/D : -6.649167
[setup reg-reg] _17640_/Q -> _15408_/D : -6.649167
[setup reg-reg] _17640_/Q -> _15416_/D : -6.649167
[setup reg-reg] _17640_/Q -> _15422_/D : -6.649167
[setup reg-reg] _17640_/Q -> _15530_/D : -6.649167
[setup reg-reg] _17640_/Q -> _15536_/D : -6.649167
[setup reg-reg] _17640_/Q -> _15544_/D : -6.649167
[setup reg-reg] _17640_/Q -> _15550_/D : -6.649167
[setup reg-reg] _17640_/Q -> _15434_/D : -6.647367
[setup reg-reg] _17640_/Q -> _15440_/D : -6.647367
[setup reg-reg] _17640_/Q -> _15448_/D : -6.647367
[setup reg-reg] _17640_/Q -> _15454_/D : -6.647367
[setup reg-reg] _17640_/Q -> _15498_/D : -6.645905
[setup reg-reg] _17640_/Q -> _15504_/D : -6.645905
[setup reg-reg] _17640_/Q -> _15512_/D : -6.645905
[setup reg-reg] _17640_/Q -> _15518_/D : -6.645905
[setup reg-reg] _17640_/Q -> _15562_/D : -6.645905
[setup reg-reg] _17640_/Q -> _15568_/D : -6.645905
[setup reg-reg] _17640_/Q -> _15576_/D : -6.645905
[setup reg-reg] _17640_/Q -> _15582_/D : -6.645905
[setup reg-reg] _17640_/Q -> _15370_/D : -6.645825
[setup reg-reg] _17640_/Q -> _15376_/D : -6.645825
[setup reg-reg] _17640_/Q -> _15384_/D : -6.645825
[setup reg-reg] _17640_/Q -> _15390_/D : -6.645825
[setup reg-reg] _17640_/Q -> _15400_/D : -6.644230
[setup reg-reg] _17640_/Q -> _15528_/D : -6.644230
[setup reg-reg] _17640_/Q -> _15464_/D : -6.643566
[setup reg-reg] _17757_/Q -> _15180_/D : -6.631145
[setup reg-reg] _17757_/Q -> _15191_/D : -6.631145
[setup reg-reg] _17640_/Q -> _15465_/D : -6.615191
[setup reg-reg] _17640_/Q -> _15432_/D : -6.609861
[setup reg-reg] _17640_/Q -> _15560_/D : -6.608559
[setup reg-reg] _17640_/Q -> _15368_/D : -6.608549
[setup reg-reg] _17640_/Q -> _15496_/D : -6.608552
[setup reg-reg] _17640_/Q -> _15403_/D : -6.607460
[setup reg-reg] _17640_/Q -> _15404_/D : -6.607460
[setup reg-reg] _17640_/Q -> _15405_/D : -6.607460
[setup reg-reg] _17640_/Q -> _15406_/D : -6.607460
[setup reg-reg] _17640_/Q -> _15409_/D : -6.607460
[setup reg-reg] _17640_/Q -> _15410_/D : -6.607460
[setup reg-reg] _17640_/Q -> _15411_/D : -6.607460
[setup reg-reg] _17640_/Q -> _15412_/D : -6.607460
[setup reg-reg] _17640_/Q -> _15413_/D : -6.607460
[setup reg-reg] _17640_/Q -> _15414_/D : -6.607460
[setup reg-reg] _17640_/Q -> _15417_/D : -6.607460
[setup reg-reg] _17640_/Q -> _15418_/D : -6.607460
[setup reg-reg] _17640_/Q -> _15419_/D : -6.607460
[setup reg-reg] _17640_/Q -> _15420_/D : -6.607460
[setup reg-reg] _17640_/Q -> _15421_/D : -6.607460
[setup reg-reg] _17640_/Q -> _15531_/D : -6.607460
[setup reg-reg] _17640_/Q -> _15532_/D : -6.607460
[setup reg-reg] _17640_/Q -> _15533_/D : -6.607460
[setup reg-reg] _17640_/Q -> _15534_/D : -6.607460
[setup reg-reg] _17640_/Q -> _15537_/D : -6.607460
[setup reg-reg] _17640_/Q -> _15538_/D : -6.607460
[setup reg-reg] _17640_/Q -> _15539_/D : -6.607460
[setup reg-reg] _17640_/Q -> _15540_/D : -6.607460
[setup reg-reg] _17640_/Q -> _15541_/D : -6.607460
[setup reg-reg] _17640_/Q -> _15542_/D : -6.607460
[setup reg-reg] _17640_/Q -> _15545_/D : -6.607460
[setup reg-reg] _17640_/Q -> _15546_/D : -6.607460
[setup reg-reg] _17640_/Q -> _15547_/D : -6.607460
[setup reg-reg] _17640_/Q -> _15548_/D : -6.607460
[setup reg-reg] _17640_/Q -> _15549_/D : -6.607460
[setup reg-reg] _17640_/Q -> _15467_/D : -6.606795
[setup reg-reg] _17640_/Q -> _15468_/D : -6.606795
[setup reg-reg] _17640_/Q -> _15469_/D : -6.606795
[setup reg-reg] _17640_/Q -> _15470_/D : -6.606795
[setup reg-reg] _17640_/Q -> _15473_/D : -6.606795
[setup reg-reg] _17640_/Q -> _15474_/D : -6.606795
[setup reg-reg] _17640_/Q -> _15475_/D : -6.606795
[setup reg-reg] _17640_/Q -> _15476_/D : -6.606795
[setup reg-reg] _17640_/Q -> _15477_/D : -6.606795
[setup reg-reg] _17640_/Q -> _15478_/D : -6.606795
[setup reg-reg] _17640_/Q -> _15481_/D : -6.606795
[setup reg-reg] _17640_/Q -> _15482_/D : -6.606795
[setup reg-reg] _17640_/Q -> _15483_/D : -6.606795
[setup reg-reg] _17640_/Q -> _15484_/D : -6.606795
[setup reg-reg] _17640_/Q -> _15485_/D : -6.606795
[setup reg-reg] _17640_/Q -> _15401_/D : -6.606623
[setup reg-reg] _17640_/Q -> _15529_/D : -6.606623
[setup reg-reg] _17640_/Q -> _15435_/D : -6.603420
[setup reg-reg] _17640_/Q -> _15436_/D : -6.603420
[setup reg-reg] _17640_/Q -> _15437_/D : -6.603420
[setup reg-reg] _17640_/Q -> _15438_/D : -6.603420
[setup reg-reg] _17640_/Q -> _15441_/D : -6.603420
[setup reg-reg] _17640_/Q -> _15442_/D : -6.603420
[setup reg-reg] _17640_/Q -> _15443_/D : -6.603420
[setup reg-reg] _17640_/Q -> _15444_/D : -6.603420
[setup reg-reg] _17640_/Q -> _15445_/D : -6.603420
[setup reg-reg] _17640_/Q -> _15446_/D : -6.603420
[setup reg-reg] _17640_/Q -> _15449_/D : -6.603420
[setup reg-reg] _17640_/Q -> _15450_/D : -6.603420
[setup reg-reg] _17640_/Q -> _15451_/D : -6.603420
[setup reg-reg] _17640_/Q -> _15452_/D : -6.603420
[setup reg-reg] _17640_/Q -> _15453_/D : -6.603420
[setup reg-reg] _17640_/Q -> _15433_/D : -6.602583
[setup reg-reg] _17640_/Q -> _15563_/D : -6.602118
[setup reg-reg] _17640_/Q -> _15564_/D : -6.602118
[setup reg-reg] _17640_/Q -> _15565_/D : -6.602118
[setup reg-reg] _17640_/Q -> _15566_/D : -6.602118
[setup reg-reg] _17640_/Q -> _15569_/D : -6.602118
[setup reg-reg] _17640_/Q -> _15570_/D : -6.602118
[setup reg-reg] _17640_/Q -> _15571_/D : -6.602118
[setup reg-reg] _17640_/Q -> _15572_/D : -6.602118
[setup reg-reg] _17640_/Q -> _15573_/D : -6.602118
[setup reg-reg] _17640_/Q -> _15574_/D : -6.602118
[setup reg-reg] _17640_/Q -> _15577_/D : -6.602118
[setup reg-reg] _17640_/Q -> _15578_/D : -6.602118
[setup reg-reg] _17640_/Q -> _15579_/D : -6.602118
[setup reg-reg] _17640_/Q -> _15580_/D : -6.602118
[setup reg-reg] _17640_/Q -> _15581_/D : -6.602118
[setup reg-reg] _17640_/Q -> _15371_/D : -6.602108
[setup reg-reg] _17640_/Q -> _15372_/D : -6.602108
[setup reg-reg] _17640_/Q -> _15373_/D : -6.602108
[setup reg-reg] _17640_/Q -> _15374_/D : -6.602108
[setup reg-reg] _17640_/Q -> _15377_/D : -6.602108
[setup reg-reg] _17640_/Q -> _15378_/D : -6.602108
[setup reg-reg] _17640_/Q -> _15379_/D : -6.602108
[setup reg-reg] _17640_/Q -> _15380_/D : -6.602108
[setup reg-reg] _17640_/Q -> _15381_/D : -6.602108
[setup reg-reg] _17640_/Q -> _15382_/D : -6.602108
[setup reg-reg] _17640_/Q -> _15385_/D : -6.602108
[setup reg-reg] _17640_/Q -> _15386_/D : -6.602108
[setup reg-reg] _17640_/Q -> _15387_/D : -6.602108
[setup reg-reg] _17640_/Q -> _15388_/D : -6.602108
[setup reg-reg] _17640_/Q -> _15389_/D : -6.602108
[setup reg-reg] _17640_/Q -> _15499_/D : -6.602111
[setup reg-reg] _17640_/Q -> _15500_/D : -6.602111
[setup reg-reg] _17640_/Q -> _15501_/D : -6.602111
[setup reg-reg] _17640_/Q -> _15502_/D : -6.602111
[setup reg-reg] _17640_/Q -> _15505_/D : -6.602111
[setup reg-reg] _17640_/Q -> _15506_/D : -6.602111
[setup reg-reg] _17640_/Q -> _15507_/D : -6.602111
[setup reg-reg] _17640_/Q -> _15508_/D : -6.602111
[setup reg-reg] _17640_/Q -> _15509_/D : -6.602111
[setup reg-reg] _17640_/Q -> _15510_/D : -6.602111
[setup reg-reg] _17640_/Q -> _15513_/D : -6.602111
[setup reg-reg] _17640_/Q -> _15514_/D : -6.602111
[setup reg-reg] _17640_/Q -> _15515_/D : -6.602111
[setup reg-reg] _17640_/Q -> _15516_/D : -6.602111
[setup reg-reg] _17640_/Q -> _15517_/D : -6.602111
[setup reg-reg] _17640_/Q -> _15561_/D : -6.601282
[setup reg-reg] _17640_/Q -> _15369_/D : -6.601271
[setup reg-reg] _17640_/Q -> _15497_/D : -6.601274
[setup reg-reg] _17640_/Q -> _15367_/D : -6.573549
[setup reg-reg] _17640_/Q -> _15463_/D : -6.534581
[setup reg-reg] _17757_/Q -> _15182_/D : -6.533671
[setup reg-reg] _17757_/Q -> _15190_/D : -6.531140
[setup reg-reg] _17640_/Q -> _15399_/D : -6.530115
[setup reg-reg] _17640_/Q -> _15527_/D : -6.530115
[setup reg-reg] _17640_/Q -> _15431_/D : -6.528316
[setup reg-reg] _17640_/Q -> _15495_/D : -6.526854
[setup reg-reg] _17640_/Q -> _15559_/D : -6.526854
[setup reg-reg] _17640_/Q -> _15423_/D : -6.503881
[setup reg-reg] _17640_/Q -> _15551_/D : -6.503881
[setup reg-reg] _17640_/Q -> _15487_/D : -6.502971
[setup reg-reg] _17640_/Q -> _15455_/D : -6.498358
[setup reg-reg] _17640_/Q -> _15583_/D : -6.496578
[setup reg-reg] _17640_/Q -> _15391_/D : -6.496563
[setup reg-reg] _17640_/Q -> _15519_/D : -6.496567
[setup reg-reg] _17640_/Q -> _15415_/D : -6.440397
[setup reg-reg] _17640_/Q -> _15543_/D : -6.440397
[setup reg-reg] _17640_/Q -> _15479_/D : -6.439487
[setup reg-reg] _17640_/Q -> _15447_/D : -6.434874
[setup reg-reg] _17640_/Q -> _15383_/D : -6.422230
[setup reg-reg] _17640_/Q -> _15511_/D : -6.422230
[setup reg-reg] _17640_/Q -> _15575_/D : -6.422230
[setup reg-reg] _17757_/Q -> _15193_/D : -6.405811
[setup reg-reg] _17640_/Q -> _15407_/D : -6.377198
[setup reg-reg] _17640_/Q -> _15535_/D : -6.377198
[setup reg-reg] _17640_/Q -> _15471_/D : -6.376288
[setup reg-reg] _17640_/Q -> _15439_/D : -6.371675
[setup reg-reg] _17640_/Q -> _15375_/D : -6.358073
[setup reg-reg] _17640_/Q -> _15503_/D : -6.358073
[setup reg-reg] _17640_/Q -> _15567_/D : -6.358073
[setup reg-reg] _17757_/Q -> _15185_/D : -6.341653
[setup reg-reg] _17757_/Q -> _15197_/D : -6.305225
[setup reg-reg] _17757_/Q -> _15196_/D : -6.232073
[setup reg-reg] _17757_/Q -> _15202_/D : -6.117782
[setup reg-reg] _17757_/Q -> _15209_/D : -6.045296
[setup reg-reg] _17757_/Q -> _15207_/D : -6.033341
[setup reg-reg] _17757_/Q -> _15188_/D : -5.936199
[setup reg-reg] _17640_/Q -> _15267_/D : -5.902715
[setup reg-reg] _17757_/Q -> _15187_/D : -5.841352
[setup reg-reg] _17640_/Q -> _15299_/D : -5.838654
[setup reg-reg] _17640_/Q -> _15331_/D : -5.838610
[setup reg-reg] _17757_/Q -> _15200_/D : -5.715347
[setup reg-reg] _17757_/Q -> _15210_/D : -5.664433
[setup reg-reg] _17757_/Q -> _15208_/D : -5.645351
[setup reg-reg] _17757_/Q -> _15203_/D : -5.622877
[setup reg-reg] _17640_/Q -> _15296_/D : -5.590359
[setup reg-reg] _17640_/Q -> _15328_/D : -5.590328
[setup reg-reg] _17640_/Q -> _15264_/D : -5.590019
[setup reg-reg] _17757_/Q -> _15189_/D : -5.588504
[setup reg-reg] _17640_/Q -> _15397_/D : -5.567360
[setup reg-reg] _17640_/Q -> _15525_/D : -5.567360
[setup reg-reg] _17640_/Q -> _15461_/D : -5.566451
[setup reg-reg] _17640_/Q -> _15429_/D : -5.561837
[setup reg-reg] _17640_/Q -> _15392_/D : -5.560692
[setup reg-reg] _17640_/Q -> _15520_/D : -5.560692
[setup reg-reg] _17640_/Q -> _15456_/D : -5.559782
[setup reg-reg] _17757_/Q -> _15211_/D : -5.555474
[setup reg-reg] _17640_/Q -> _15424_/D : -5.555169
[setup reg-reg] _17640_/Q -> _15552_/D : -5.553389
[setup reg-reg] _17640_/Q -> _15360_/D : -5.553375
[setup reg-reg] _17640_/Q -> _15488_/D : -5.553379
[setup reg-reg] _17640_/Q -> _15365_/D : -5.549193
[setup reg-reg] _17640_/Q -> _15493_/D : -5.549193
[setup reg-reg] _17640_/Q -> _15557_/D : -5.549193
[setup reg-reg] _17757_/Q -> _15183_/D : -5.541386
[setup reg-reg] _17640_/Q -> _15398_/D : -5.518486
[setup reg-reg] _17640_/Q -> _15526_/D : -5.518486
[setup reg-reg] _17640_/Q -> _15462_/D : -5.517576
[setup reg-reg] _17640_/Q -> _15430_/D : -5.512963
[setup reg-reg] _17640_/Q -> _15494_/D : -5.498997
[setup reg-reg] _17640_/Q -> _15558_/D : -5.498997
[setup reg-reg] _17640_/Q -> _15366_/D : -5.498952
[setup reg-reg] _17640_/Q -> _15394_/D : -5.475667
[setup reg-reg] _17640_/Q -> _15522_/D : -5.475667
[setup reg-reg] _17640_/Q -> _15458_/D : -5.474757
[setup reg-reg] _17640_/Q -> _15393_/D : -5.470451
[setup reg-reg] _17640_/Q -> _15521_/D : -5.470451
[setup reg-reg] _17640_/Q -> _15426_/D : -5.470144
[setup reg-reg] _17640_/Q -> _15457_/D : -5.469542
[setup reg-reg] _17640_/Q -> _15425_/D : -5.464928
[setup reg-reg] _17640_/Q -> _15396_/D : -5.463600
[setup reg-reg] _17640_/Q -> _15524_/D : -5.463600
[setup reg-reg] _17640_/Q -> _15460_/D : -5.462690
[setup reg-reg] _17640_/Q -> _15269_/D : -5.462368
[setup reg-reg] _17640_/Q -> _15333_/D : -5.462123
[setup reg-reg] _17640_/Q -> _15428_/D : -5.458077
[setup reg-reg] _17640_/Q -> _15301_/D : -5.456986
[setup reg-reg] _17640_/Q -> _15490_/D : -5.456176
[setup reg-reg] _17640_/Q -> _15554_/D : -5.456176
[setup reg-reg] _17640_/Q -> _15362_/D : -5.456132
[setup reg-reg] _17640_/Q -> _15489_/D : -5.450961
[setup reg-reg] _17640_/Q -> _15553_/D : -5.450961
[setup reg-reg] _17640_/Q -> _15361_/D : -5.450916
[setup reg-reg] _17640_/Q -> _15268_/D : -5.446726
[setup reg-reg] _17640_/Q -> _15270_/D : -5.446726
[setup reg-reg] _17640_/Q -> _15332_/D : -5.446481
[setup reg-reg] _17640_/Q -> _15334_/D : -5.446481
[setup reg-reg] _17640_/Q -> _15266_/D : -5.446086
[setup reg-reg] _17640_/Q -> _15330_/D : -5.445841
[setup reg-reg] _17640_/Q -> _15265_/D : -5.445060
[setup reg-reg] _17640_/Q -> _15329_/D : -5.444815
[setup reg-reg] _17640_/Q -> _15492_/D : -5.444109
[setup reg-reg] _17640_/Q -> _15556_/D : -5.444109
[setup reg-reg] _17640_/Q -> _15364_/D : -5.444065
[setup reg-reg] _17640_/Q -> _15300_/D : -5.441343
[setup reg-reg] _17640_/Q -> _15302_/D : -5.441343
[setup reg-reg] _17640_/Q -> _15298_/D : -5.440704
[setup reg-reg] _17640_/Q -> _15297_/D : -5.439677
[setup reg-reg] _17757_/Q -> _15184_/D : -5.381102
[setup reg-reg] _17757_/Q -> _15195_/D : -5.378704
[setup reg-reg] _17640_/Q -> _15395_/D : -5.368179
[setup reg-reg] _17640_/Q -> _15523_/D : -5.368179
[setup reg-reg] _17640_/Q -> _15459_/D : -5.367270
[setup reg-reg] _17640_/Q -> _15427_/D : -5.362656
[setup reg-reg] _17640_/Q -> _15491_/D : -5.348623
[setup reg-reg] _17640_/Q -> _15555_/D : -5.348623
[setup reg-reg] _17640_/Q -> _15363_/D : -5.348578
[setup reg-reg] _17757_/Q -> _15206_/D : -5.188451
[setup reg-reg] _17757_/Q -> _15205_/D : -5.185466
[setup reg-reg] _17757_/Q -> _15584_/D : -5.157169
[setup reg-reg] _17757_/Q -> _15585_/D : -5.157169
[setup reg-reg] _17757_/Q -> _15586_/D : -5.157169
[setup reg-reg] _17757_/Q -> _15587_/D : -5.157169
[setup reg-reg] _17757_/Q -> _15588_/D : -5.157169
[setup reg-reg] _17757_/Q -> _15589_/D : -5.157169
[setup reg-reg] _17757_/Q -> _15590_/D : -5.157169
[setup reg-reg] _17757_/Q -> _15591_/D : -5.157169
[setup reg-reg] _17757_/Q -> _15592_/D : -5.157169
[setup reg-reg] _17757_/Q -> _15593_/D : -5.157169
[setup reg-reg] _17757_/Q -> _15594_/D : -5.157169
[setup reg-reg] _17757_/Q -> _15595_/D : -5.157169
[setup reg-reg] _17757_/Q -> _15596_/D : -5.157169
[setup reg-reg] _17757_/Q -> _15597_/D : -5.157169
[setup reg-reg] _17757_/Q -> _15598_/D : -5.157169
[setup reg-reg] _17757_/Q -> _15599_/D : -5.157169
[setup reg-reg] _17757_/Q -> _15600_/D : -5.157169
[setup reg-reg] _17757_/Q -> _15601_/D : -5.157169
[setup reg-reg] _17757_/Q -> _15602_/D : -5.157169
[setup reg-reg] _17757_/Q -> _15603_/D : -5.157169
[setup reg-reg] _17757_/Q -> _15604_/D : -5.157169
[setup reg-reg] _17757_/Q -> _15605_/D : -5.157169
[setup reg-reg] _17757_/Q -> _15606_/D : -5.157169
[setup reg-reg] _17757_/Q -> _15607_/D : -5.157169
[setup reg-reg] _17757_/Q -> _15608_/D : -5.157169
[setup reg-reg] _17757_/Q -> _15609_/D : -5.157169
[setup reg-reg] _17757_/Q -> _15610_/D : -5.157169
[setup reg-reg] _17757_/Q -> _15611_/D : -5.157169
[setup reg-reg] _17757_/Q -> _15612_/D : -5.157169
[setup reg-reg] _17757_/Q -> _15613_/D : -5.157169
[setup reg-reg] _17757_/Q -> _15614_/D : -5.157169
[setup reg-reg] _17757_/Q -> _15615_/D : -5.157169
[setup reg-reg] _17757_/Q -> _15808_/D : -5.157169
[setup reg-reg] _17757_/Q -> _15809_/D : -5.157169
[setup reg-reg] _17757_/Q -> _15810_/D : -5.157169
[setup reg-reg] _17757_/Q -> _15811_/D : -5.157169
[setup reg-reg] _17757_/Q -> _15812_/D : -5.157169
[setup reg-reg] _17757_/Q -> _15813_/D : -5.157169
[setup reg-reg] _17757_/Q -> _15814_/D : -5.157169
[setup reg-reg] _17757_/Q -> _15815_/D : -5.157169
[setup reg-reg] _17757_/Q -> _15816_/D : -5.157169
[setup reg-reg] _17757_/Q -> _15817_/D : -5.157169
[setup reg-reg] _17757_/Q -> _15818_/D : -5.157169
[setup reg-reg] _17757_/Q -> _15819_/D : -5.157169
[setup reg-reg] _17757_/Q -> _15820_/D : -5.157169
[setup reg-reg] _17757_/Q -> _15821_/D : -5.157169
[setup reg-reg] _17757_/Q -> _15822_/D : -5.157169
[setup reg-reg] _17757_/Q -> _15823_/D : -5.157169
[setup reg-reg] _17757_/Q -> _15824_/D : -5.157169
[setup reg-reg] _17757_/Q -> _15825_/D : -5.157169
[setup reg-reg] _17757_/Q -> _15826_/D : -5.157169
[setup reg-reg] _17757_/Q -> _15827_/D : -5.157169
[setup reg-reg] _17757_/Q -> _15828_/D : -5.157169
[setup reg-reg] _17757_/Q -> _15829_/D : -5.157169
[setup reg-reg] _17757_/Q -> _15830_/D : -5.157169
[setup reg-reg] _17757_/Q -> _15831_/D : -5.157169
[setup reg-reg] _17757_/Q -> _15832_/D : -5.157169
[setup reg-reg] _17757_/Q -> _15833_/D : -5.157169
[setup reg-reg] _17757_/Q -> _15834_/D : -5.157169
[setup reg-reg] _17757_/Q -> _15835_/D : -5.157169
[setup reg-reg] _17757_/Q -> _15836_/D : -5.157169
[setup reg-reg] _17757_/Q -> _15837_/D : -5.157169
[setup reg-reg] _17757_/Q -> _15838_/D : -5.157169
[setup reg-reg] _17757_/Q -> _15839_/D : -5.157169
[setup reg-reg] _17757_/Q -> _16928_/D : -5.157169
[setup reg-reg] _17757_/Q -> _16929_/D : -5.157169
[setup reg-reg] _17757_/Q -> _16930_/D : -5.157169
[setup reg-reg] _17757_/Q -> _16931_/D : -5.157169
[setup reg-reg] _17757_/Q -> _16932_/D : -5.157169
[setup reg-reg] _17757_/Q -> _16933_/D : -5.157169
[setup reg-reg] _17757_/Q -> _16934_/D : -5.157169
[setup reg-reg] _17757_/Q -> _16935_/D : -5.157169
[setup reg-reg] _17757_/Q -> _16936_/D : -5.157169
[setup reg-reg] _17757_/Q -> _16937_/D : -5.157169
[setup reg-reg] _17757_/Q -> _16938_/D : -5.157169
[setup reg-reg] _17757_/Q -> _16939_/D : -5.157169
[setup reg-reg] _17757_/Q -> _16940_/D : -5.157169
[setup reg-reg] _17757_/Q -> _16941_/D : -5.157169
[setup reg-reg] _17757_/Q -> _16942_/D : -5.157169
[setup reg-reg] _17757_/Q -> _16943_/D : -5.157169
[setup reg-reg] _17757_/Q -> _16944_/D : -5.157169
[setup reg-reg] _17757_/Q -> _16945_/D : -5.157169
[setup reg-reg] _17757_/Q -> _16946_/D : -5.157169
[setup reg-reg] _17757_/Q -> _16947_/D : -5.157169
[setup reg-reg] _17757_/Q -> _16948_/D : -5.157169
[setup reg-reg] _17757_/Q -> _16949_/D : -5.157169
[setup reg-reg] _17757_/Q -> _16950_/D : -5.157169
[setup reg-reg] _17757_/Q -> _16951_/D : -5.157169
[setup reg-reg] _17757_/Q -> _16952_/D : -5.157169
[setup reg-reg] _17757_/Q -> _16953_/D : -5.157169
[setup reg-reg] _17757_/Q -> _16954_/D : -5.157169
[setup reg-reg] _17757_/Q -> _16955_/D : -5.157169
[setup reg-reg] _17757_/Q -> _16956_/D : -5.157169
[setup reg-reg] _17757_/Q -> _16957_/D : -5.157169
[setup reg-reg] _17757_/Q -> _16958_/D : -5.157169
[setup reg-reg] _17757_/Q -> _16959_/D : -5.157169
[setup reg-reg] _17757_/Q -> _17216_/D : -5.157169
[setup reg-reg] _17757_/Q -> _17217_/D : -5.157169
[setup reg-reg] _17757_/Q -> _17218_/D : -5.157169
[setup reg-reg] _17757_/Q -> _17219_/D : -5.157169
[setup reg-reg] _17757_/Q -> _17220_/D : -5.157169
[setup reg-reg] _17757_/Q -> _17221_/D : -5.157169
[setup reg-reg] _17757_/Q -> _17222_/D : -5.157169
[setup reg-reg] _17757_/Q -> _17223_/D : -5.157169
[setup reg-reg] _17757_/Q -> _17224_/D : -5.157169
[setup reg-reg] _17757_/Q -> _17225_/D : -5.157169
[setup reg-reg] _17757_/Q -> _17226_/D : -5.157169
[setup reg-reg] _17757_/Q -> _17227_/D : -5.157169
[setup reg-reg] _17757_/Q -> _17228_/D : -5.157169
[setup reg-reg] _17757_/Q -> _17229_/D : -5.157169
[setup reg-reg] _17757_/Q -> _17230_/D : -5.157169
[setup reg-reg] _17757_/Q -> _17231_/D : -5.157169
[setup reg-reg] _17757_/Q -> _17232_/D : -5.157169
[setup reg-reg] _17757_/Q -> _17233_/D : -5.157169
[setup reg-reg] _17757_/Q -> _17234_/D : -5.157169
[setup reg-reg] _17757_/Q -> _17235_/D : -5.157169
[setup reg-reg] _17757_/Q -> _17236_/D : -5.157169
[setup reg-reg] _17757_/Q -> _17237_/D : -5.157169
[setup reg-reg] _17757_/Q -> _17238_/D : -5.157169
[setup reg-reg] _17757_/Q -> _17239_/D : -5.157169
[setup reg-reg] _17757_/Q -> _17240_/D : -5.157169
[setup reg-reg] _17757_/Q -> _17241_/D : -5.157169
[setup reg-reg] _17757_/Q -> _17242_/D : -5.157169
[setup reg-reg] _17757_/Q -> _17243_/D : -5.157169
[setup reg-reg] _17757_/Q -> _17244_/D : -5.157169
[setup reg-reg] _17757_/Q -> _17245_/D : -5.157169
[setup reg-reg] _17757_/Q -> _17246_/D : -5.157169
[setup reg-reg] _17757_/Q -> _17247_/D : -5.157169
[setup reg-reg] _17757_/Q -> _17568_/D : -5.157169
[setup reg-reg] _17757_/Q -> _17569_/D : -5.157169
[setup reg-reg] _17757_/Q -> _17570_/D : -5.157169
[setup reg-reg] _17757_/Q -> _17571_/D : -5.157169
[setup reg-reg] _17757_/Q -> _17572_/D : -5.157169
[setup reg-reg] _17757_/Q -> _17573_/D : -5.157169
[setup reg-reg] _17757_/Q -> _17574_/D : -5.157169
[setup reg-reg] _17757_/Q -> _17575_/D : -5.157169
[setup reg-reg] _17757_/Q -> _17576_/D : -5.157169
[setup reg-reg] _17757_/Q -> _17577_/D : -5.157169
[setup reg-reg] _17757_/Q -> _17578_/D : -5.157169
[setup reg-reg] _17757_/Q -> _17579_/D : -5.157169
[setup reg-reg] _17757_/Q -> _17580_/D : -5.157169
[setup reg-reg] _17757_/Q -> _17581_/D : -5.157169
[setup reg-reg] _17757_/Q -> _17582_/D : -5.157169
[setup reg-reg] _17757_/Q -> _17583_/D : -5.157169
[setup reg-reg] _17757_/Q -> _17584_/D : -5.157169
[setup reg-reg] _17757_/Q -> _17585_/D : -5.157169
[setup reg-reg] _17757_/Q -> _17586_/D : -5.157169
[setup reg-reg] _17757_/Q -> _17587_/D : -5.157169
[setup reg-reg] _17757_/Q -> _17588_/D : -5.157169
[setup reg-reg] _17757_/Q -> _17589_/D : -5.157169
[setup reg-reg] _17757_/Q -> _17590_/D : -5.157169
[setup reg-reg] _17757_/Q -> _17591_/D : -5.157169
[setup reg-reg] _17757_/Q -> _17592_/D : -5.157169
[setup reg-reg] _17757_/Q -> _17593_/D : -5.157169
[setup reg-reg] _17757_/Q -> _17594_/D : -5.157169
[setup reg-reg] _17757_/Q -> _17595_/D : -5.157169
[setup reg-reg] _17757_/Q -> _17596_/D : -5.157169
[setup reg-reg] _17757_/Q -> _17597_/D : -5.157169
[setup reg-reg] _17757_/Q -> _17598_/D : -5.157169
[setup reg-reg] _17757_/Q -> _17599_/D : -5.157169
[setup reg-reg] _17757_/Q -> _15198_/D : -5.139624
[setup reg-reg] _17757_/Q -> _15199_/D : -5.104921
[setup reg-reg] _17757_/Q -> _15204_/D : -5.078887
[setup reg-reg] _17757_/Q -> _15194_/D : -5.032844
[setup reg-reg] _17757_/Q -> _16384_/D : -5.015251
[setup reg-reg] _17757_/Q -> _16385_/D : -5.015251
[setup reg-reg] _17757_/Q -> _16386_/D : -5.015251
[setup reg-reg] _17757_/Q -> _16387_/D : -5.015251
[setup reg-reg] _17757_/Q -> _16388_/D : -5.015251
[setup reg-reg] _17757_/Q -> _16389_/D : -5.015251
[setup reg-reg] _17757_/Q -> _16390_/D : -5.015251
[setup reg-reg] _17757_/Q -> _16391_/D : -5.015251
[setup reg-reg] _17757_/Q -> _16392_/D : -5.015251
[setup reg-reg] _17757_/Q -> _16393_/D : -5.015251
[setup reg-reg] _17757_/Q -> _16394_/D : -5.015251
[setup reg-reg] _17757_/Q -> _16395_/D : -5.015251
[setup reg-reg] _17757_/Q -> _16396_/D : -5.015251
[setup reg-reg] _17757_/Q -> _16397_/D : -5.015251
[setup reg-reg] _17757_/Q -> _16398_/D : -5.015251
[setup reg-reg] _17757_/Q -> _16399_/D : -5.015251
[setup reg-reg] _17757_/Q -> _16400_/D : -5.015251
[setup reg-reg] _17757_/Q -> _16401_/D : -5.015251
[setup reg-reg] _17757_/Q -> _16402_/D : -5.015251
[setup reg-reg] _17757_/Q -> _16403_/D : -5.015251
[setup reg-reg] _17757_/Q -> _16404_/D : -5.015251
[setup reg-reg] _17757_/Q -> _16405_/D : -5.015251
[setup reg-reg] _17757_/Q -> _16406_/D : -5.015251
[setup reg-reg] _17757_/Q -> _16407_/D : -5.015251
[setup reg-reg] _17757_/Q -> _16408_/D : -5.015251
[setup reg-reg] _17757_/Q -> _16409_/D : -5.015251
[setup reg-reg] _17757_/Q -> _16410_/D : -5.015251
[setup reg-reg] _17757_/Q -> _16411_/D : -5.015251
[setup reg-reg] _17757_/Q -> _16412_/D : -5.015251
[setup reg-reg] _17757_/Q -> _16413_/D : -5.015251
[setup reg-reg] _17757_/Q -> _16414_/D : -5.015251
[setup reg-reg] _17757_/Q -> _16415_/D : -5.015251
[setup reg-reg] _17757_/Q -> _15201_/D : -4.994482
[setup reg-reg] _17757_/Q -> _15192_/D : -4.959537
[setup reg-reg] _17640_/Q -> _17721_/D : -4.329440
[setup reg-reg] _17640_/Q -> _17722_/D : -4.329440
[setup reg-reg] _17640_/Q -> _17723_/D : -4.329440
[setup reg-reg] _17640_/Q -> _17724_/D : -4.329440
[setup reg-reg] _17640_/Q -> _17725_/D : -4.329440
[setup reg-reg] _17640_/Q -> _17726_/D : -4.329440
[setup reg-reg] _17640_/Q -> _17727_/D : -4.329440
[setup reg-reg] _17640_/Q -> _17728_/D : -4.329440
[setup reg-reg] _17640_/Q -> _17735_/D : -4.266012
[setup reg-reg] _17640_/Q -> _17737_/D : -4.266012
[setup reg-reg] _17640_/Q -> _17739_/D : -4.266012
[setup reg-reg] _17640_/Q -> _17744_/D : -4.148115
[setup reg-reg] _17640_/Q -> _17745_/D : -4.148115
[setup reg-reg] _17640_/Q -> _17746_/D : -4.148115
[setup reg-reg] _17640_/Q -> _17747_/D : -4.148115
[setup reg-reg] _17640_/Q -> _17748_/D : -4.148115
[setup reg-reg] _17640_/Q -> _17749_/D : -4.148115
[setup reg-reg] _17640_/Q -> _17750_/D : -4.148115
[setup reg-reg] _17640_/Q -> _17751_/D : -4.148115
[setup reg-reg] _17640_/Q -> _17752_/D : -4.148115
[setup reg-reg] _17640_/Q -> _17835_/D : -2.784709
[setup reg-reg] _17640_/Q -> _17832_/D : -2.784688
[setup reg-reg] _17640_/Q -> _17836_/D : -2.784686
[setup reg-reg] _17640_/Q -> _17837_/D : -2.784686
[setup reg-reg] _17640_/Q -> _17839_/D : -2.784686
[setup reg-reg] _17640_/Q -> _17753_/D : -2.708305
[setup reg-reg] _17640_/Q -> _17833_/D : -2.445727
[setup reg-reg] _17640_/Q -> _17834_/D : -2.445727
[setup reg-reg] _17640_/Q -> _17838_/D : -2.445727
[setup reg-reg] _17640_/Q -> _17718_/D : -2.375412
[setup reg-reg] _17640_/Q -> _17720_/D : -1.647416
[setup reg-reg] _17640_/Q -> _17705_/D : -1.081594
[setup reg-reg] _17640_/Q -> _17684_/D : -1.078727
[setup reg-reg] _17640_/Q -> _17685_/D : -1.078727
[setup reg-reg] _17640_/Q -> _17690_/D : -1.078727
[setup reg-reg] _17640_/Q -> _17692_/D : -1.078727
[setup reg-reg] _17640_/Q -> _17694_/D : -1.078727
[setup reg-reg] _17640_/Q -> _17697_/D : -1.078727
[setup reg-reg] _17640_/Q -> _17700_/D : -1.078727
[setup reg-reg] _17640_/Q -> _17702_/D : -1.078727
[setup reg-reg] _17640_/Q -> _17704_/D : -1.078727
[setup reg-reg] _17640_/Q -> _17707_/D : -1.078727
[setup reg-reg] _17640_/Q -> _17708_/D : -1.078727
[setup reg-reg] _17640_/Q -> _17709_/D : -1.078727
[setup reg-reg] _17640_/Q -> _17683_/D : -0.988969
[setup reg-reg] _17640_/Q -> _17688_/D : -0.988969
[setup reg-reg] _17640_/Q -> _17689_/D : -0.988969
[setup reg-reg] _17640_/Q -> _17693_/D : -0.988969
[setup reg-reg] _17640_/Q -> _17695_/D : -0.988969
[setup reg-reg] _17640_/Q -> _17706_/D : -0.988969
[setup reg-reg] _17640_/Q -> _17696_/D : -0.969294
[setup reg-reg] _17640_/Q -> _17698_/D : -0.969294
[setup reg-reg] _17757_/Q -> _16526_/D : -0.939128
[setup reg-reg] _17757_/Q -> _16528_/D : -0.939128
[setup reg-reg] _17757_/Q -> _16530_/D : -0.939128
[setup reg-reg] _17757_/Q -> _16533_/D : -0.939128
[setup reg-reg] _17757_/Q -> _16535_/D : -0.939128
[setup reg-reg] _17757_/Q -> _16536_/D : -0.939128
[setup reg-reg] _17757_/Q -> _16538_/D : -0.939128
[setup reg-reg] _17757_/Q -> _16539_/D : -0.939128
[setup reg-reg] _17757_/Q -> _16541_/D : -0.939128
[setup reg-reg] _17757_/Q -> _16543_/D : -0.939128
[setup reg-reg] _17757_/Q -> _16512_/D : -0.939126
[setup reg-reg] _17757_/Q -> _16513_/D : -0.939126
[setup reg-reg] _17757_/Q -> _16514_/D : -0.939126
[setup reg-reg] _17757_/Q -> _16515_/D : -0.939126
[setup reg-reg] _17757_/Q -> _16517_/D : -0.939126
[setup reg-reg] _17757_/Q -> _16518_/D : -0.939126
[setup reg-reg] _17757_/Q -> _16519_/D : -0.939126
[setup reg-reg] _17757_/Q -> _16537_/D : -0.939126
[setup reg-reg] _17757_/Q -> _16540_/D : -0.939126
[setup reg-reg] _17757_/Q -> _16542_/D : -0.939126
[setup reg-reg] _17757_/Q -> _16516_/D : -0.939124
[setup reg-reg] _17757_/Q -> _16520_/D : -0.939124
[setup reg-reg] _17757_/Q -> _16521_/D : -0.939124
[setup reg-reg] _17757_/Q -> _16522_/D : -0.939124
[setup reg-reg] _17757_/Q -> _16523_/D : -0.939124
[setup reg-reg] _17757_/Q -> _16524_/D : -0.939124
[setup reg-reg] _17757_/Q -> _16525_/D : -0.939124
[setup reg-reg] _17757_/Q -> _16527_/D : -0.939124
[setup reg-reg] _17757_/Q -> _16529_/D : -0.939124
[setup reg-reg] _17757_/Q -> _16531_/D : -0.939124
[setup reg-reg] _17757_/Q -> _16532_/D : -0.939124
[setup reg-reg] _17757_/Q -> _16534_/D : -0.939124
[setup reg-reg] _17757_/Q -> _16462_/D : -0.937352
[setup reg-reg] _17757_/Q -> _16464_/D : -0.937352
[setup reg-reg] _17757_/Q -> _16466_/D : -0.937352
[setup reg-reg] _17757_/Q -> _16469_/D : -0.937352
[setup reg-reg] _17757_/Q -> _16471_/D : -0.937352
[setup reg-reg] _17757_/Q -> _16472_/D : -0.937352
[setup reg-reg] _17757_/Q -> _16474_/D : -0.937352
[setup reg-reg] _17757_/Q -> _16475_/D : -0.937352
[setup reg-reg] _17757_/Q -> _16477_/D : -0.937352
[setup reg-reg] _17757_/Q -> _16479_/D : -0.937352
[setup reg-reg] _17757_/Q -> _16448_/D : -0.937350
[setup reg-reg] _17757_/Q -> _16449_/D : -0.937350
[setup reg-reg] _17757_/Q -> _16450_/D : -0.937350
[setup reg-reg] _17757_/Q -> _16451_/D : -0.937350
[setup reg-reg] _17757_/Q -> _16453_/D : -0.937350
[setup reg-reg] _17757_/Q -> _16454_/D : -0.937350
[setup reg-reg] _17757_/Q -> _16455_/D : -0.937350
[setup reg-reg] _17757_/Q -> _16473_/D : -0.937350
[setup reg-reg] _17757_/Q -> _16476_/D : -0.937350
[setup reg-reg] _17757_/Q -> _16478_/D : -0.937350
[setup reg-reg] _17757_/Q -> _16452_/D : -0.937348
[setup reg-reg] _17757_/Q -> _16456_/D : -0.937348
[setup reg-reg] _17757_/Q -> _16457_/D : -0.937348
[setup reg-reg] _17757_/Q -> _16458_/D : -0.937348
[setup reg-reg] _17757_/Q -> _16459_/D : -0.937348
[setup reg-reg] _17757_/Q -> _16460_/D : -0.937348
[setup reg-reg] _17757_/Q -> _16461_/D : -0.937348
[setup reg-reg] _17757_/Q -> _16463_/D : -0.937348
[setup reg-reg] _17757_/Q -> _16465_/D : -0.937348
[setup reg-reg] _17757_/Q -> _16467_/D : -0.937348
[setup reg-reg] _17757_/Q -> _16468_/D : -0.937348
[setup reg-reg] _17757_/Q -> _16470_/D : -0.937348
[setup reg-reg] _17757_/Q -> _15694_/D : -0.757687
[setup reg-reg] _17757_/Q -> _15696_/D : -0.757687
[setup reg-reg] _17757_/Q -> _15698_/D : -0.757687
[setup reg-reg] _17757_/Q -> _15701_/D : -0.757687
[setup reg-reg] _17757_/Q -> _15703_/D : -0.757687
[setup reg-reg] _17757_/Q -> _15704_/D : -0.757687
[setup reg-reg] _17757_/Q -> _15706_/D : -0.757687
[setup reg-reg] _17757_/Q -> _15707_/D : -0.757687
[setup reg-reg] _17757_/Q -> _15709_/D : -0.757687
[setup reg-reg] _17757_/Q -> _15711_/D : -0.757687
[setup reg-reg] _17757_/Q -> _15982_/D : -0.757687
[setup reg-reg] _17757_/Q -> _15984_/D : -0.757687
[setup reg-reg] _17757_/Q -> _15986_/D : -0.757687
[setup reg-reg] _17757_/Q -> _15989_/D : -0.757687
[setup reg-reg] _17757_/Q -> _15991_/D : -0.757687
[setup reg-reg] _17757_/Q -> _15992_/D : -0.757687
[setup reg-reg] _17757_/Q -> _15994_/D : -0.757687
[setup reg-reg] _17757_/Q -> _15995_/D : -0.757687
[setup reg-reg] _17757_/Q -> _15997_/D : -0.757687
[setup reg-reg] _17757_/Q -> _15999_/D : -0.757687
[setup reg-reg] _17757_/Q -> _17006_/D : -0.757687
[setup reg-reg] _17757_/Q -> _17008_/D : -0.757687
[setup reg-reg] _17757_/Q -> _17010_/D : -0.757687
[setup reg-reg] _17757_/Q -> _17013_/D : -0.757687
[setup reg-reg] _17757_/Q -> _17015_/D : -0.757687
[setup reg-reg] _17757_/Q -> _17016_/D : -0.757687
[setup reg-reg] _17757_/Q -> _17018_/D : -0.757687
[setup reg-reg] _17757_/Q -> _17019_/D : -0.757687
[setup reg-reg] _17757_/Q -> _17021_/D : -0.757687
[setup reg-reg] _17757_/Q -> _17023_/D : -0.757687
[setup reg-reg] _17757_/Q -> _17102_/D : -0.757687
[setup reg-reg] _17757_/Q -> _17104_/D : -0.757687
[setup reg-reg] _17757_/Q -> _17106_/D : -0.757687
[setup reg-reg] _17757_/Q -> _17109_/D : -0.757687
[setup reg-reg] _17757_/Q -> _17111_/D : -0.757687
[setup reg-reg] _17757_/Q -> _17112_/D : -0.757687
[setup reg-reg] _17757_/Q -> _17114_/D : -0.757687
[setup reg-reg] _17757_/Q -> _17115_/D : -0.757687
[setup reg-reg] _17757_/Q -> _17117_/D : -0.757687
[setup reg-reg] _17757_/Q -> _17119_/D : -0.757687
[setup reg-reg] _17757_/Q -> _17390_/D : -0.757687
[setup reg-reg] _17757_/Q -> _17392_/D : -0.757687
[setup reg-reg] _17757_/Q -> _17394_/D : -0.757687
[setup reg-reg] _17757_/Q -> _17397_/D : -0.757687
[setup reg-reg] _17757_/Q -> _17399_/D : -0.757687
[setup reg-reg] _17757_/Q -> _17400_/D : -0.757687
[setup reg-reg] _17757_/Q -> _17402_/D : -0.757687
[setup reg-reg] _17757_/Q -> _17403_/D : -0.757687
[setup reg-reg] _17757_/Q -> _17405_/D : -0.757687
[setup reg-reg] _17757_/Q -> _17407_/D : -0.757687
[setup reg-reg] _17757_/Q -> _15680_/D : -0.757685
[setup reg-reg] _17757_/Q -> _15681_/D : -0.757685
[setup reg-reg] _17757_/Q -> _15682_/D : -0.757685
[setup reg-reg] _17757_/Q -> _15683_/D : -0.757685
[setup reg-reg] _17757_/Q -> _15685_/D : -0.757685
[setup reg-reg] _17757_/Q -> _15686_/D : -0.757685
[setup reg-reg] _17757_/Q -> _15687_/D : -0.757685
[setup reg-reg] _17757_/Q -> _15705_/D : -0.757685
[setup reg-reg] _17757_/Q -> _15708_/D : -0.757685
[setup reg-reg] _17757_/Q -> _15710_/D : -0.757685
[setup reg-reg] _17757_/Q -> _15968_/D : -0.757685
[setup reg-reg] _17757_/Q -> _15969_/D : -0.757685
[setup reg-reg] _17757_/Q -> _15970_/D : -0.757685
[setup reg-reg] _17757_/Q -> _15971_/D : -0.757685
[setup reg-reg] _17757_/Q -> _15973_/D : -0.757685
[setup reg-reg] _17757_/Q -> _15974_/D : -0.757685
[setup reg-reg] _17757_/Q -> _15975_/D : -0.757685
[setup reg-reg] _17757_/Q -> _15993_/D : -0.757685
[setup reg-reg] _17757_/Q -> _15996_/D : -0.757685
[setup reg-reg] _17757_/Q -> _15998_/D : -0.757685
[setup reg-reg] _17757_/Q -> _16992_/D : -0.757685
[setup reg-reg] _17757_/Q -> _16993_/D : -0.757685
[setup reg-reg] _17757_/Q -> _16994_/D : -0.757685
[setup reg-reg] _17757_/Q -> _16995_/D : -0.757685
[setup reg-reg] _17757_/Q -> _16997_/D : -0.757685
[setup reg-reg] _17757_/Q -> _16998_/D : -0.757685
[setup reg-reg] _17757_/Q -> _16999_/D : -0.757685
[setup reg-reg] _17757_/Q -> _17017_/D : -0.757685
[setup reg-reg] _17757_/Q -> _17020_/D : -0.757685
[setup reg-reg] _17757_/Q -> _17022_/D : -0.757685
[setup reg-reg] _17757_/Q -> _17088_/D : -0.757685
[setup reg-reg] _17757_/Q -> _17089_/D : -0.757685
[setup reg-reg] _17757_/Q -> _17090_/D : -0.757685
[setup reg-reg] _17757_/Q -> _17091_/D : -0.757685
[setup reg-reg] _17757_/Q -> _17093_/D : -0.757685
[setup reg-reg] _17757_/Q -> _17094_/D : -0.757685
[setup reg-reg] _17757_/Q -> _17095_/D : -0.757685
[setup reg-reg] _17757_/Q -> _17113_/D : -0.757685
[setup reg-reg] _17757_/Q -> _17116_/D : -0.757685
[setup reg-reg] _17757_/Q -> _17118_/D : -0.757685
[setup reg-reg] _17757_/Q -> _17376_/D : -0.757685
[setup reg-reg] _17757_/Q -> _17377_/D : -0.757685
[setup reg-reg] _17757_/Q -> _17378_/D : -0.757685
[setup reg-reg] _17757_/Q -> _17379_/D : -0.757685
[setup reg-reg] _17757_/Q -> _17381_/D : -0.757685
[setup reg-reg] _17757_/Q -> _17382_/D : -0.757685
[setup reg-reg] _17757_/Q -> _17383_/D : -0.757685
[setup reg-reg] _17757_/Q -> _17401_/D : -0.757685
[setup reg-reg] _17757_/Q -> _17404_/D : -0.757685
[setup reg-reg] _17757_/Q -> _17406_/D : -0.757685
[setup reg-reg] _17757_/Q -> _15684_/D : -0.757684
[setup reg-reg] _17757_/Q -> _15688_/D : -0.757684
[setup reg-reg] _17757_/Q -> _15689_/D : -0.757684
[setup reg-reg] _17757_/Q -> _15690_/D : -0.757684
[setup reg-reg] _17757_/Q -> _15691_/D : -0.757684
[setup reg-reg] _17757_/Q -> _15692_/D : -0.757684
[setup reg-reg] _17757_/Q -> _15693_/D : -0.757684
[setup reg-reg] _17757_/Q -> _15695_/D : -0.757684
[setup reg-reg] _17757_/Q -> _15697_/D : -0.757684
[setup reg-reg] _17757_/Q -> _15699_/D : -0.757684
[setup reg-reg] _17757_/Q -> _15700_/D : -0.757684
[setup reg-reg] _17757_/Q -> _15702_/D : -0.757684
[setup reg-reg] _17757_/Q -> _15972_/D : -0.757684
[setup reg-reg] _17757_/Q -> _15976_/D : -0.757684
[setup reg-reg] _17757_/Q -> _15977_/D : -0.757684
[setup reg-reg] _17757_/Q -> _15978_/D : -0.757684
[setup reg-reg] _17757_/Q -> _15979_/D : -0.757684
[setup reg-reg] _17757_/Q -> _15980_/D : -0.757684
[setup reg-reg] _17757_/Q -> _15981_/D : -0.757684
[setup reg-reg] _17757_/Q -> _15983_/D : -0.757684
[setup reg-reg] _17757_/Q -> _15985_/D : -0.757684
[setup reg-reg] _17757_/Q -> _15987_/D : -0.757684
[setup reg-reg] _17757_/Q -> _15988_/D : -0.757684
[setup reg-reg] _17757_/Q -> _15990_/D : -0.757684
[setup reg-reg] _17757_/Q -> _16996_/D : -0.757684
[setup reg-reg] _17757_/Q -> _17000_/D : -0.757684
[setup reg-reg] _17757_/Q -> _17001_/D : -0.757684
[setup reg-reg] _17757_/Q -> _17002_/D : -0.757684
[setup reg-reg] _17757_/Q -> _17003_/D : -0.757684
[setup reg-reg] _17757_/Q -> _17004_/D : -0.757684
[setup reg-reg] _17757_/Q -> _17005_/D : -0.757684
[setup reg-reg] _17757_/Q -> _17007_/D : -0.757684
[setup reg-reg] _17757_/Q -> _17009_/D : -0.757684
[setup reg-reg] _17757_/Q -> _17011_/D : -0.757684
[setup reg-reg] _17757_/Q -> _17012_/D : -0.757684
[setup reg-reg] _17757_/Q -> _17014_/D : -0.757684
[setup reg-reg] _17757_/Q -> _17092_/D : -0.757684
[setup reg-reg] _17757_/Q -> _17096_/D : -0.757684
[setup reg-reg] _17757_/Q -> _17097_/D : -0.757684
[setup reg-reg] _17757_/Q -> _17098_/D : -0.757684
[setup reg-reg] _17757_/Q -> _17099_/D : -0.757684
[setup reg-reg] _17757_/Q -> _17100_/D : -0.757684
[setup reg-reg] _17757_/Q -> _17101_/D : -0.757684
[setup reg-reg] _17757_/Q -> _17103_/D : -0.757684
[setup reg-reg] _17757_/Q -> _17105_/D : -0.757684
[setup reg-reg] _17757_/Q -> _17107_/D : -0.757684
[setup reg-reg] _17757_/Q -> _17108_/D : -0.757684
[setup reg-reg] _17757_/Q -> _17110_/D : -0.757684
[setup reg-reg] _17757_/Q -> _17380_/D : -0.757684
[setup reg-reg] _17757_/Q -> _17384_/D : -0.757684
[setup reg-reg] _17757_/Q -> _17385_/D : -0.757684
[setup reg-reg] _17757_/Q -> _17386_/D : -0.757684
[setup reg-reg] _17757_/Q -> _17387_/D : -0.757684
[setup reg-reg] _17757_/Q -> _17388_/D : -0.757684
[setup reg-reg] _17757_/Q -> _17389_/D : -0.757684
[setup reg-reg] _17757_/Q -> _17391_/D : -0.757684
[setup reg-reg] _17757_/Q -> _17393_/D : -0.757684
[setup reg-reg] _17757_/Q -> _17395_/D : -0.757684
[setup reg-reg] _17757_/Q -> _17396_/D : -0.757684
[setup reg-reg] _17757_/Q -> _17398_/D : -0.757684
[setup reg-reg] _17757_/Q -> _15630_/D : -0.755929
[setup reg-reg] _17757_/Q -> _15632_/D : -0.755929
[setup reg-reg] _17757_/Q -> _15634_/D : -0.755929
[setup reg-reg] _17757_/Q -> _15637_/D : -0.755929
[setup reg-reg] _17757_/Q -> _15639_/D : -0.755929
[setup reg-reg] _17757_/Q -> _15640_/D : -0.755929
[setup reg-reg] _17757_/Q -> _15642_/D : -0.755929
[setup reg-reg] _17757_/Q -> _15643_/D : -0.755929
[setup reg-reg] _17757_/Q -> _15645_/D : -0.755929
[setup reg-reg] _17757_/Q -> _15647_/D : -0.755929
[setup reg-reg] _17757_/Q -> _15886_/D : -0.755929
[setup reg-reg] _17757_/Q -> _15888_/D : -0.755929
[setup reg-reg] _17757_/Q -> _15890_/D : -0.755929
[setup reg-reg] _17757_/Q -> _15893_/D : -0.755929
[setup reg-reg] _17757_/Q -> _15895_/D : -0.755929
[setup reg-reg] _17757_/Q -> _15896_/D : -0.755929
[setup reg-reg] _17757_/Q -> _15898_/D : -0.755929
[setup reg-reg] _17757_/Q -> _15899_/D : -0.755929
[setup reg-reg] _17757_/Q -> _15901_/D : -0.755929
[setup reg-reg] _17757_/Q -> _15903_/D : -0.755929
[setup reg-reg] _17757_/Q -> _16302_/D : -0.755929
[setup reg-reg] _17757_/Q -> _16304_/D : -0.755929
[setup reg-reg] _17757_/Q -> _16306_/D : -0.755929
[setup reg-reg] _17757_/Q -> _16309_/D : -0.755929
[setup reg-reg] _17757_/Q -> _16311_/D : -0.755929
[setup reg-reg] _17757_/Q -> _16312_/D : -0.755929
[setup reg-reg] _17757_/Q -> _16314_/D : -0.755929
[setup reg-reg] _17757_/Q -> _16315_/D : -0.755929
[setup reg-reg] _17757_/Q -> _16317_/D : -0.755929
[setup reg-reg] _17757_/Q -> _16319_/D : -0.755929
[setup reg-reg] _17757_/Q -> _17038_/D : -0.755929
[setup reg-reg] _17757_/Q -> _17040_/D : -0.755929
[setup reg-reg] _17757_/Q -> _17042_/D : -0.755929
[setup reg-reg] _17757_/Q -> _17045_/D : -0.755929
[setup reg-reg] _17757_/Q -> _17047_/D : -0.755929
[setup reg-reg] _17757_/Q -> _17048_/D : -0.755929
[setup reg-reg] _17757_/Q -> _17050_/D : -0.755929
[setup reg-reg] _17757_/Q -> _17051_/D : -0.755929
[setup reg-reg] _17757_/Q -> _17053_/D : -0.755929
[setup reg-reg] _17757_/Q -> _17055_/D : -0.755929
[setup reg-reg] _17757_/Q -> _17294_/D : -0.755929
[setup reg-reg] _17757_/Q -> _17296_/D : -0.755929
[setup reg-reg] _17757_/Q -> _17298_/D : -0.755929
[setup reg-reg] _17757_/Q -> _17301_/D : -0.755929
[setup reg-reg] _17757_/Q -> _17303_/D : -0.755929
[setup reg-reg] _17757_/Q -> _17304_/D : -0.755929
[setup reg-reg] _17757_/Q -> _17306_/D : -0.755929
[setup reg-reg] _17757_/Q -> _17307_/D : -0.755929
[setup reg-reg] _17757_/Q -> _17309_/D : -0.755929
[setup reg-reg] _17757_/Q -> _17311_/D : -0.755929
[setup reg-reg] _17757_/Q -> _15616_/D : -0.755927
[setup reg-reg] _17757_/Q -> _15617_/D : -0.755927
[setup reg-reg] _17757_/Q -> _15618_/D : -0.755927
[setup reg-reg] _17757_/Q -> _15619_/D : -0.755927
[setup reg-reg] _17757_/Q -> _15621_/D : -0.755927
[setup reg-reg] _17757_/Q -> _15622_/D : -0.755927
[setup reg-reg] _17757_/Q -> _15623_/D : -0.755927
[setup reg-reg] _17757_/Q -> _15641_/D : -0.755927
[setup reg-reg] _17757_/Q -> _15644_/D : -0.755927
[setup reg-reg] _17757_/Q -> _15646_/D : -0.755927
[setup reg-reg] _17757_/Q -> _15872_/D : -0.755927
[setup reg-reg] _17757_/Q -> _15873_/D : -0.755927
[setup reg-reg] _17757_/Q -> _15874_/D : -0.755927
[setup reg-reg] _17757_/Q -> _15875_/D : -0.755927
[setup reg-reg] _17757_/Q -> _15877_/D : -0.755927
[setup reg-reg] _17757_/Q -> _15878_/D : -0.755927
[setup reg-reg] _17757_/Q -> _15879_/D : -0.755927
[setup reg-reg] _17757_/Q -> _15897_/D : -0.755927
[setup reg-reg] _17757_/Q -> _15900_/D : -0.755927
[setup reg-reg] _17757_/Q -> _15902_/D : -0.755927
[setup reg-reg] _17757_/Q -> _16288_/D : -0.755927
[setup reg-reg] _17757_/Q -> _16289_/D : -0.755927
[setup reg-reg] _17757_/Q -> _16290_/D : -0.755927
[setup reg-reg] _17757_/Q -> _16291_/D : -0.755927
[setup reg-reg] _17757_/Q -> _16293_/D : -0.755927
[setup reg-reg] _17757_/Q -> _16294_/D : -0.755927
[setup reg-reg] _17757_/Q -> _16295_/D : -0.755927
[setup reg-reg] _17757_/Q -> _16313_/D : -0.755927
[setup reg-reg] _17757_/Q -> _16316_/D : -0.755927
[setup reg-reg] _17757_/Q -> _16318_/D : -0.755927
[setup reg-reg] _17757_/Q -> _17024_/D : -0.755927
[setup reg-reg] _17757_/Q -> _17025_/D : -0.755927
[setup reg-reg] _17757_/Q -> _17026_/D : -0.755927
[setup reg-reg] _17757_/Q -> _17027_/D : -0.755927
[setup reg-reg] _17757_/Q -> _17029_/D : -0.755927
[setup reg-reg] _17757_/Q -> _17030_/D : -0.755927
[setup reg-reg] _17757_/Q -> _17031_/D : -0.755927
[setup reg-reg] _17757_/Q -> _17049_/D : -0.755927
[setup reg-reg] _17757_/Q -> _17052_/D : -0.755927
[setup reg-reg] _17757_/Q -> _17054_/D : -0.755927
[setup reg-reg] _17757_/Q -> _17280_/D : -0.755927
[setup reg-reg] _17757_/Q -> _17281_/D : -0.755927
[setup reg-reg] _17757_/Q -> _17282_/D : -0.755927
[setup reg-reg] _17757_/Q -> _17283_/D : -0.755927
[setup reg-reg] _17757_/Q -> _17285_/D : -0.755927
[setup reg-reg] _17757_/Q -> _17286_/D : -0.755927
[setup reg-reg] _17757_/Q -> _17287_/D : -0.755927
[setup reg-reg] _17757_/Q -> _17305_/D : -0.755927
[setup reg-reg] _17757_/Q -> _17308_/D : -0.755927
[setup reg-reg] _17757_/Q -> _17310_/D : -0.755927
[setup reg-reg] _17757_/Q -> _15620_/D : -0.755925
[setup reg-reg] _17757_/Q -> _15624_/D : -0.755925
[setup reg-reg] _17757_/Q -> _15625_/D : -0.755925
[setup reg-reg] _17757_/Q -> _15626_/D : -0.755925
[setup reg-reg] _17757_/Q -> _15627_/D : -0.755925
[setup reg-reg] _17757_/Q -> _15628_/D : -0.755925
[setup reg-reg] _17757_/Q -> _15629_/D : -0.755925
[setup reg-reg] _17757_/Q -> _15631_/D : -0.755925
[setup reg-reg] _17757_/Q -> _15633_/D : -0.755925
[setup reg-reg] _17757_/Q -> _15635_/D : -0.755925
[setup reg-reg] _17757_/Q -> _15636_/D : -0.755925
[setup reg-reg] _17757_/Q -> _15638_/D : -0.755925
[setup reg-reg] _17757_/Q -> _15876_/D : -0.755925
[setup reg-reg] _17757_/Q -> _15880_/D : -0.755925
[setup reg-reg] _17757_/Q -> _15881_/D : -0.755925
[setup reg-reg] _17757_/Q -> _15882_/D : -0.755925
[setup reg-reg] _17757_/Q -> _15883_/D : -0.755925
[setup reg-reg] _17757_/Q -> _15884_/D : -0.755925
[setup reg-reg] _17757_/Q -> _15885_/D : -0.755925
[setup reg-reg] _17757_/Q -> _15887_/D : -0.755925
[setup reg-reg] _17757_/Q -> _15889_/D : -0.755925
[setup reg-reg] _17757_/Q -> _15891_/D : -0.755925
[setup reg-reg] _17757_/Q -> _15892_/D : -0.755925
[setup reg-reg] _17757_/Q -> _15894_/D : -0.755925
[setup reg-reg] _17757_/Q -> _16292_/D : -0.755925
[setup reg-reg] _17757_/Q -> _16296_/D : -0.755925
[setup reg-reg] _17757_/Q -> _16297_/D : -0.755925
[setup reg-reg] _17757_/Q -> _16298_/D : -0.755925
[setup reg-reg] _17757_/Q -> _16299_/D : -0.755925
[setup reg-reg] _17757_/Q -> _16300_/D : -0.755925
[setup reg-reg] _17757_/Q -> _16301_/D : -0.755925
[setup reg-reg] _17757_/Q -> _16303_/D : -0.755925
[setup reg-reg] _17757_/Q -> _16305_/D : -0.755925
[setup reg-reg] _17757_/Q -> _16307_/D : -0.755925
[setup reg-reg] _17757_/Q -> _16308_/D : -0.755925
[setup reg-reg] _17757_/Q -> _16310_/D : -0.755925
[setup reg-reg] _17757_/Q -> _17028_/D : -0.755925
[setup reg-reg] _17757_/Q -> _17032_/D : -0.755925
[setup reg-reg] _17757_/Q -> _17033_/D : -0.755925
[setup reg-reg] _17757_/Q -> _17034_/D : -0.755925
[setup reg-reg] _17757_/Q -> _17035_/D : -0.755925
[setup reg-reg] _17757_/Q -> _17036_/D : -0.755925
[setup reg-reg] _17757_/Q -> _17037_/D : -0.755925
[setup reg-reg] _17757_/Q -> _17039_/D : -0.755925
[setup reg-reg] _17757_/Q -> _17041_/D : -0.755925
[setup reg-reg] _17757_/Q -> _17043_/D : -0.755925
[setup reg-reg] _17757_/Q -> _17044_/D : -0.755925
[setup reg-reg] _17757_/Q -> _17046_/D : -0.755925
[setup reg-reg] _17757_/Q -> _17284_/D : -0.755925
[setup reg-reg] _17757_/Q -> _17288_/D : -0.755925
[setup reg-reg] _17757_/Q -> _17289_/D : -0.755925
[setup reg-reg] _17757_/Q -> _17290_/D : -0.755925
[setup reg-reg] _17757_/Q -> _17291_/D : -0.755925
[setup reg-reg] _17757_/Q -> _17292_/D : -0.755925
[setup reg-reg] _17757_/Q -> _17293_/D : -0.755925
[setup reg-reg] _17757_/Q -> _17295_/D : -0.755925
[setup reg-reg] _17757_/Q -> _17297_/D : -0.755925
[setup reg-reg] _17757_/Q -> _17299_/D : -0.755925
[setup reg-reg] _17757_/Q -> _17300_/D : -0.755925
[setup reg-reg] _17757_/Q -> _17302_/D : -0.755925
[setup reg-reg] _17640_/Q -> _17714_/D : -0.708310
[setup reg-reg] _17640_/Q -> _17682_/D : -0.637151
[setup reg-reg] _17640_/Q -> _17802_/D : -0.572685
[setup reg-reg] _17640_/Q -> _17687_/D : -0.545453
[setup reg-reg] _17640_/Q -> _17686_/D : -0.498510
[setup reg-reg] _17640_/Q -> _17679_/D : -0.482064
[setup reg-reg] _17640_/Q -> _17659_/D : -0.473314
[setup reg-reg] _17640_/Q -> _17662_/D : -0.473314
[setup reg-reg] _17640_/Q -> _17663_/D : -0.473314
[setup reg-reg] _17640_/Q -> _17667_/D : -0.473314
[setup reg-reg] _17640_/Q -> _17670_/D : -0.473314
[setup reg-reg] _17640_/Q -> _17672_/D : -0.473314
[setup reg-reg] _17640_/Q -> _17843_/D : -0.459526
[setup reg-reg] _17640_/Q -> _17844_/D : -0.459526
[setup reg-reg] _17640_/Q -> _17847_/D : -0.459526
[setup reg-reg] _17640_/Q -> _17848_/D : -0.459526
[setup reg-reg] _17640_/Q -> _17849_/D : -0.459526
[setup reg-reg] _17640_/Q -> _17850_/D : -0.459526
[setup reg-reg] _17640_/Q -> _17851_/D : -0.459526
[setup reg-reg] _17640_/Q -> _17852_/D : -0.459526
[setup reg-reg] _17640_/Q -> _17853_/D : -0.459526
[setup reg-reg] _17640_/Q -> _17854_/D : -0.459526
[setup reg-reg] _17640_/Q -> _17855_/D : -0.459526
[setup reg-reg] _17640_/Q -> _17857_/D : -0.459526
[setup reg-reg] _17640_/Q -> _17858_/D : -0.459526
[setup reg-reg] _17640_/Q -> _17859_/D : -0.459526
[setup reg-reg] _17640_/Q -> _17860_/D : -0.459526
[setup reg-reg] _17640_/Q -> _17861_/D : -0.459526
[setup reg-reg] _17640_/Q -> _17862_/D : -0.459526
[setup reg-reg] _17640_/Q -> _17863_/D : -0.459526
[setup reg-reg] _17640_/Q -> _17864_/D : -0.459526
[setup reg-reg] _17640_/Q -> _17865_/D : -0.459526
[setup reg-reg] _17640_/Q -> _17866_/D : -0.459526
[setup reg-reg] _17640_/Q -> _17867_/D : -0.459526
[setup reg-reg] _17640_/Q -> _17868_/D : -0.459526
[setup reg-reg] _17640_/Q -> _17869_/D : -0.459526
[setup reg-reg] _17640_/Q -> _17870_/D : -0.459526
[setup reg-reg] _17640_/Q -> _17871_/D : -0.459526
[setup reg-reg] _17640_/Q -> _17872_/D : -0.459526
[setup reg-reg] _17640_/Q -> _17873_/D : -0.459526
[setup reg-reg] _17640_/Q -> _17874_/D : -0.459526
[setup reg-reg] _17640_/Q -> _17729_/D : -0.457321
[setup reg-reg] _17640_/Q -> _17730_/D : -0.457321
[setup reg-reg] _17640_/Q -> _17731_/D : -0.457321
[setup reg-reg] _17640_/Q -> _17732_/D : -0.457321
[setup reg-reg] _17640_/Q -> _17733_/D : -0.457321
[setup reg-reg] _17640_/Q -> _17734_/D : -0.457321
[setup reg-reg] _17640_/Q -> _17736_/D : -0.457321
[setup reg-reg] _17640_/Q -> _17738_/D : -0.457321
[setup reg-reg] _17640_/Q -> _17740_/D : -0.457321
[setup reg-reg] _17640_/Q -> _17741_/D : -0.457321
[setup reg-reg] _17640_/Q -> _17742_/D : -0.457321
[setup reg-reg] _17640_/Q -> _17743_/D : -0.457321
[setup reg-reg] _17640_/Q -> _17711_/D : -0.455863
[setup reg-reg] _17640_/Q -> _17656_/D : -0.454797
[setup reg-reg] _17640_/Q -> _17657_/D : -0.454797
[setup reg-reg] _17640_/Q -> _17660_/D : -0.454797
[setup reg-reg] _17640_/Q -> _17665_/D : -0.454797
[setup reg-reg] _17640_/Q -> _17673_/D : -0.454797
[setup reg-reg] _17640_/Q -> _17652_/D : -0.436268
[setup reg-reg] _17640_/Q -> _17669_/D : -0.364762
[setup reg-reg] _17640_/Q -> _17653_/D : -0.347775
[setup reg-reg] _17640_/Q -> _17654_/D : -0.347775
[setup reg-reg] _17640_/Q -> _17655_/D : -0.347775
[setup reg-reg] _17640_/Q -> _17658_/D : -0.347775
[setup reg-reg] _17640_/Q -> _17661_/D : -0.347775
[setup reg-reg] _17640_/Q -> _17664_/D : -0.347775
[setup reg-reg] _17640_/Q -> _17666_/D : -0.347775
[setup reg-reg] _17640_/Q -> _17668_/D : -0.347775
[setup reg-reg] _17640_/Q -> _17674_/D : -0.347775
[setup reg-reg] _17640_/Q -> _17675_/D : -0.347775
[setup reg-reg] _17640_/Q -> _17676_/D : -0.347775
[setup reg-reg] _17640_/Q -> _17677_/D : -0.347775
[setup reg-reg] _17640_/Q -> _17710_/D : -0.318856
[setup reg-reg] _17640_/Q -> _17699_/D : -0.304247
[setup reg-reg] _17640_/Q -> _17701_/D : -0.304247
[setup reg-reg] _17640_/Q -> _17703_/D : -0.304247
[setup reg-reg] _17640_/Q -> _17691_/D : -0.202304
[setup reg-reg] _17640_/Q -> _17845_/D : -0.180442
[setup reg-reg] _17640_/Q -> _17846_/D : -0.180442
[setup reg-reg] _17640_/Q -> _17719_/D : -0.143405
[setup reg-reg] _17640_/Q -> _17801_/D : -0.143077
[setup reg-reg] _17640_/Q -> _17650_/D : -0.107702
[setup reg-reg] _17640_/Q -> _17760_/D : -0.103691
[setup reg-reg] _17640_/Q -> _17771_/D : -0.103668
[setup reg-reg] _17640_/Q -> _17772_/D : -0.103668
[setup reg-reg] _17640_/Q -> _17773_/D : -0.103668
[setup reg-reg] _17640_/Q -> _17774_/D : -0.103668
[setup reg-reg] _17640_/Q -> _17776_/D : -0.103668
[setup reg-reg] _17640_/Q -> _17780_/D : -0.103668
[setup reg-reg] _17640_/Q -> _17783_/D : -0.103668
[setup reg-reg] _17640_/Q -> _17782_/D : -0.103665
[setup reg-reg] _17640_/Q -> _17775_/D : -0.103661
[setup reg-reg] _17640_/Q -> _17778_/D : -0.103661
[setup reg-reg] _17640_/Q -> _17785_/D : -0.103661
[setup reg-reg] _17640_/Q -> _17715_/D : -0.100625
[setup reg-reg] _17640_/Q -> _17799_/D : -0.081334
[setup reg-reg] _17640_/Q -> _17800_/D : -0.081334
[setup reg-reg] _17640_/Q -> _17803_/D : -0.081334
[setup reg-reg] _17640_/Q -> _17804_/D : -0.081334
[setup reg-reg] _17640_/Q -> _17805_/D : -0.081334
[setup reg-reg] _17640_/Q -> _17806_/D : -0.081334
[setup reg-reg] _17640_/Q -> _17807_/D : -0.081334
[setup reg-reg] _17640_/Q -> _17808_/D : -0.081334
[setup reg-reg] _17640_/Q -> _17809_/D : -0.081334
[setup reg-reg] _17640_/Q -> _17810_/D : -0.081334
[setup reg-reg] _17640_/Q -> _17811_/D : -0.081334
[setup reg-reg] _17640_/Q -> _17813_/D : -0.081334
[setup reg-reg] _17640_/Q -> _17814_/D : -0.081334
[setup reg-reg] _17640_/Q -> _17815_/D : -0.081334
[setup reg-reg] _17640_/Q -> _17816_/D : -0.081334
[setup reg-reg] _17640_/Q -> _17817_/D : -0.081334
[setup reg-reg] _17640_/Q -> _17818_/D : -0.081334
[setup reg-reg] _17640_/Q -> _17819_/D : -0.081334
[setup reg-reg] _17640_/Q -> _17820_/D : -0.081334
[setup reg-reg] _17640_/Q -> _17821_/D : -0.081334
[setup reg-reg] _17640_/Q -> _17822_/D : -0.081334
[setup reg-reg] _17640_/Q -> _17823_/D : -0.081334
[setup reg-reg] _17640_/Q -> _17824_/D : -0.081334
[setup reg-reg] _17640_/Q -> _17825_/D : -0.081334
[setup reg-reg] _17640_/Q -> _17826_/D : -0.081334
[setup reg-reg] _17640_/Q -> _17827_/D : -0.081334
[setup reg-reg] _17640_/Q -> _17828_/D : -0.081334
[setup reg-reg] _17640_/Q -> _17829_/D : -0.081334
[setup reg-reg] _17640_/Q -> _17830_/D : -0.081334
[setup reg-reg] _17640_/Q -> _17759_/D : -0.073850
[setup reg-reg] _17640_/Q -> _17761_/D : -0.073850
[setup reg-reg] _17640_/Q -> _17784_/D : -0.065457
[setup reg-reg] _17640_/Q -> _17856_/D : -0.036163
[setup reg-reg] _17640_/Q -> _18018_/D : -0.036163
[setup reg-reg] _17640_/Q -> _17678_/D : -0.014575
[setup reg-reg] _17640_/Q -> _17757_/D : -0.004892
[setup reg-reg] _17640_/Q -> _17786_/D : -0.000064
[setup reg-reg] _17640_/Q -> _17790_/D : -0.000064
[setup reg-reg] _17640_/Q -> _17792_/D : -0.000064
[setup reg-reg] _17640_/Q -> _17794_/D : -0.000064
[setup reg-reg] _17640_/Q -> _17787_/D : -0.000055
[setup reg-reg] _17640_/Q -> _17789_/D : -0.000055
[setup reg-reg] _17640_/Q -> _17777_/D : -0.000050
[setup reg-reg] _17640_/Q -> _17779_/D : -0.000050
[setup reg-reg] _17640_/Q -> _17781_/D : -0.000050
