Reading timing models for corner nom_tt_025C_1v80…
Reading timing library for the 'nom_tt_025C_1v80' corner at '/home/hassan/.ciel/ciel/sky130/versions/8afc8346a57fe1ab7934ba5a6056ea8b43078e71/sky130A/libs.ref/sky130_fd_sc_hd/lib/sky130_fd_sc_hd__tt_025C_1v80.lib'…
Reading OpenROAD database at '/home/hassan/risc_v_systolic_array/runs/RUN_2026-09-13_15-59-45/41-openroad-repairantennas/1-openroad-diodeinsertion/soc_top.odb'…
Reading design constraints file at '/home/hassan/risc_v_systolic_array/src/impl.sdc'…
[INFO] Using clock clk…
[INFO] Setting output delay to: 4.0
[INFO] Setting input delay to: 4.0
[INFO] Setting load to: 0.033442
[INFO] Setting clock uncertainty to: 0.25
[INFO] Setting clock transition to: 0.1499999999999999944488848768742172978818416595458984375
[INFO] Setting timing derate to: 5.0%
[INFO] No information on clock propagation in input SDC file-- propagating all clocks.
[INFO ORD-0030] Using 8 thread(s).
+ detailed_route -droute_end_iter 64 -or_seed 42 -verbose 1 -output_drc /home/hassan/risc_v_systolic_array/runs/RUN_2026-09-13_15-59-45/43-openroad-detailedrouting/drt-run-0/soc_top.drc
[INFO DRT-0149] Reading tech and libs.
[WARNING DRT-0349] LEF58_ENCLOSURE with no CUTCLASS is not supported. Skipping for layer mcon
[WARNING DRT-0349] LEF58_ENCLOSURE with no CUTCLASS is not supported. Skipping for layer mcon
[WARNING DRT-0349] LEF58_ENCLOSURE with no CUTCLASS is not supported. Skipping for layer via
[WARNING DRT-0349] LEF58_ENCLOSURE with no CUTCLASS is not supported. Skipping for layer via
[WARNING DRT-0349] LEF58_ENCLOSURE with no CUTCLASS is not supported. Skipping for layer via2
[WARNING DRT-0349] LEF58_ENCLOSURE with no CUTCLASS is not supported. Skipping for layer via2
[WARNING DRT-0349] LEF58_ENCLOSURE with no CUTCLASS is not supported. Skipping for layer via3
[WARNING DRT-0349] LEF58_ENCLOSURE with no CUTCLASS is not supported. Skipping for layer via3
[WARNING DRT-0349] LEF58_ENCLOSURE with no CUTCLASS is not supported. Skipping for layer via4
[WARNING DRT-0349] LEF58_ENCLOSURE with no CUTCLASS is not supported. Skipping for layer via4

Units:                1000
Number of layers:     13
Number of macros:     445
Number of vias:       29
Number of viarulegen: 25

[INFO DRT-0150] Reading design.

Design:                   soc_top
Die area:                 ( 0 0 ) ( 658440 669160 )
Number of track patterns: 12
Number of DEF vias:       0
Number of components:     21773
Number of terminals:      68
Number of snets:          2
Number of nets:           15035

[INFO DRT-0167] List of default vias:
  Layer via
    default via: M1M2_PR
  Layer via2
    default via: M2M3_PR
  Layer via3
    default via: M3M4_PR
  Layer via4
    default via: M4M5_PR
[INFO DRT-0162] Library cell analysis.
[INFO DRT-0163] Instance analysis.
[INFO DRT-0164] Number of unique instances = 216.
[INFO DRT-0168] Init region query.
[INFO DRT-0024]   Complete FR_MASTERSLICE.
[INFO DRT-0024]   Complete licon.
[INFO DRT-0024]   Complete li1.
[INFO DRT-0024]   Complete mcon.
[INFO DRT-0024]   Complete met1.
[INFO DRT-0024]   Complete via.
[INFO DRT-0024]   Complete met2.
[INFO DRT-0024]   Complete via2.
[INFO DRT-0024]   Complete met3.
[INFO DRT-0024]   Complete via3.
[INFO DRT-0024]   Complete met4.
[INFO DRT-0024]   Complete via4.
[INFO DRT-0024]   Complete met5.
[INFO DRT-0033] FR_MASTERSLICE shape region query size = 0.
[INFO DRT-0033] licon shape region query size = 0.
[INFO DRT-0033] li1 shape region query size = 527283.
[INFO DRT-0033] mcon shape region query size = 0.
[INFO DRT-0033] met1 shape region query size = 79892.
[INFO DRT-0033] via shape region query size = 31070.
[INFO DRT-0033] met2 shape region query size = 18676.
[INFO DRT-0033] via2 shape region query size = 24856.
[INFO DRT-0033] met3 shape region query size = 18674.
[INFO DRT-0033] via3 shape region query size = 24856.
[INFO DRT-0033] met4 shape region query size = 7894.
[INFO DRT-0033] via4 shape region query size = 1568.
[INFO DRT-0033] met5 shape region query size = 1680.
[INFO DRT-0165] Start pin access.
[INFO DRT-0076]   Complete 1000 pins.
[INFO DRT-0078]   Complete 1731 pins.
[INFO DRT-0079]   Complete 100 unique inst patterns.
[INFO DRT-0079]   Complete 200 unique inst patterns.
[INFO DRT-0081]   Complete 216 unique inst patterns.
[INFO DRT-0082]   Complete 10000 groups.
[INFO DRT-0084]   Complete 15201 groups.
#scanned instances     = 21773
#unique  instances     = 216
#stdCellGenAp          = 5958
#stdCellValidPlanarAp  = 27
#stdCellValidViaAp     = 4610
#stdCellPinNoAp        = 0
#stdCellPinCnt         = 56073
#instTermValidViaApCnt = 0
#macroGenAp            = 0
#macroValidPlanarAp    = 0
#macroValidViaAp       = 0
#macroNoAp             = 0
[INFO DRT-0166] Complete pin access.
[INFO DRT-0267] cpu time = 00:02:27, elapsed time = 00:00:21, memory = 246.99 (MB), peak = 253.73 (MB)
[INFO DRT-0156] guideIn read 100000 guides.

[INFO DRT-0157] Number of guides:     139697

[INFO DRT-0169] Post process guides.
[INFO DRT-0176] GCELLGRID X 0 DO 95 STEP 6900 ;
[INFO DRT-0177] GCELLGRID Y 0 DO 96 STEP 6900 ;
[INFO DRT-0026]   Complete 100000 origin guides.
[INFO DRT-0028]   Complete FR_MASTERSLICE.
[INFO DRT-0028]   Complete licon.
[INFO DRT-0028]   Complete li1.
[INFO DRT-0028]   Complete mcon.
[INFO DRT-0028]   Complete met1.
[INFO DRT-0028]   Complete via.
[INFO DRT-0028]   Complete met2.
[INFO DRT-0028]   Complete via2.
[INFO DRT-0028]   Complete met3.
[INFO DRT-0028]   Complete via3.
[INFO DRT-0028]   Complete met4.
[INFO DRT-0028]   Complete via4.
[INFO DRT-0028]   Complete met5.
[INFO DRT-0178] Init guide query.
[INFO DRT-0035]   Complete FR_MASTERSLICE (guide).
[INFO DRT-0035]   Complete licon (guide).
[INFO DRT-0035]   Complete li1 (guide).
[INFO DRT-0035]   Complete mcon (guide).
[INFO DRT-0035]   Complete met1 (guide).
[INFO DRT-0035]   Complete via (guide).
[INFO DRT-0035]   Complete met2 (guide).
[INFO DRT-0035]   Complete via2 (guide).
[INFO DRT-0035]   Complete met3 (guide).
[INFO DRT-0035]   Complete via3 (guide).
[INFO DRT-0035]   Complete met4 (guide).
[INFO DRT-0035]   Complete via4 (guide).
[INFO DRT-0035]   Complete met5 (guide).
[INFO DRT-0036] FR_MASTERSLICE guide region query size = 0.
[INFO DRT-0036] licon guide region query size = 0.
[INFO DRT-0036] li1 guide region query size = 45708.
[INFO DRT-0036] mcon guide region query size = 0.
[INFO DRT-0036] met1 guide region query size = 43717.
[INFO DRT-0036] via guide region query size = 0.
[INFO DRT-0036] met2 guide region query size = 22971.
[INFO DRT-0036] via2 guide region query size = 0.
[INFO DRT-0036] met3 guide region query size = 1702.
[INFO DRT-0036] via3 guide region query size = 0.
[INFO DRT-0036] met4 guide region query size = 514.
[INFO DRT-0036] via4 guide region query size = 0.
[INFO DRT-0036] met5 guide region query size = 79.
[INFO DRT-0179] Init gr pin query.
[INFO DRT-0267] cpu time = 00:00:02, elapsed time = 00:00:00, memory = 293.50 (MB), peak = 292.84 (MB)
[INFO DRT-0245] skipped writing guide updates to database.
[INFO DRT-0185] Post process initialize RPin region query.
[INFO DRT-0181] Start track assignment.
[INFO DRT-0184] Done with 69193 vertical wires in 2 frboxes and 45498 horizontal wires in 2 frboxes.
[INFO DRT-0186] Done with 9096 vertical wires in 2 frboxes and 14518 horizontal wires in 2 frboxes.
[INFO DRT-0182] Complete track assignment.
[INFO DRT-0267] cpu time = 00:00:17, elapsed time = 00:00:06, memory = 527.01 (MB), peak = 526.45 (MB)
[INFO DRT-0187] Start routing data preparation.
[INFO DRT-0267] cpu time = 00:00:00, elapsed time = 00:00:00, memory = 527.07 (MB), peak = 526.45 (MB)
[INFO DRT-0194] Start detail routing.
[INFO DRT-0195] Start 0th optimization iteration.
    Completing 10% with 0 violations.
    elapsed time = 00:00:17, memory = 773.01 (MB).
    Completing 20% with 0 violations.
    elapsed time = 00:00:34, memory = 962.79 (MB).
    Completing 30% with 2364 violations.
    elapsed time = 00:00:50, memory = 1012.54 (MB).
    Completing 40% with 2364 violations.
    elapsed time = 00:01:08, memory = 1049.02 (MB).
    Completing 50% with 2364 violations.
    elapsed time = 00:01:27, memory = 1073.88 (MB).
    Completing 60% with 4830 violations.
    elapsed time = 00:01:43, memory = 1087.23 (MB).
    Completing 70% with 4830 violations.
    elapsed time = 00:02:02, memory = 1093.82 (MB).
    Completing 80% with 6793 violations.
    elapsed time = 00:02:15, memory = 1098.34 (MB).
    Completing 90% with 6793 violations.
    elapsed time = 00:02:34, memory = 1093.79 (MB).
    Completing 100% with 8766 violations.
    elapsed time = 00:02:54, memory = 1101.71 (MB).
[INFO DRT-0199]   Number of violations = 10012.
Viol/Layer         li1   mcon   met1    via   met2   met3   met4   met5
Cut Spacing          0     14      0      0      0      0      0      0
Metal Spacing        0      0   1346      0    410     37      5     13
Min Hole             0      0      3      0      0      0      0      0
Recheck             13      0    863      0    340     12      7     11
Short                0      1   5963      3    935     33      3      0
[INFO DRT-0267] cpu time = 00:18:39, elapsed time = 00:02:56, memory = 1316.78 (MB), peak = 1341.14 (MB)
Total wire length = 817388 um.
Total wire length on LAYER li1 = 0 um.
Total wire length on LAYER met1 = 365942 um.
Total wire length on LAYER met2 = 329738 um.
Total wire length on LAYER met3 = 88439 um.
Total wire length on LAYER met4 = 28005 um.
Total wire length on LAYER met5 = 5262 um.
Total number of vias = 128841.
Up-via summary (total 128841):

-------------------------
 FR_MASTERSLICE         0
            li1     55069
           met1     69607
           met2      3230
           met3       809
           met4       126
-------------------------
               128841


[INFO DRT-0195] Start 1st optimization iteration.
    Completing 10% with 10012 violations.
    elapsed time = 00:00:14, memory = 1326.13 (MB).
    Completing 20% with 10012 violations.
    elapsed time = 00:00:29, memory = 1329.29 (MB).
    Completing 30% with 8891 violations.
    elapsed time = 00:00:54, memory = 1305.28 (MB).
    Completing 40% with 8891 violations.
    elapsed time = 00:01:11, memory = 1305.34 (MB).
    Completing 50% with 8891 violations.
    elapsed time = 00:01:28, memory = 1313.45 (MB).
    Completing 60% with 7486 violations.
    elapsed time = 00:01:46, memory = 1331.93 (MB).
    Completing 70% with 7486 violations.
    elapsed time = 00:02:00, memory = 1340.27 (MB).
    Completing 80% with 6166 violations.
    elapsed time = 00:02:19, memory = 1340.27 (MB).
    Completing 90% with 6166 violations.
    elapsed time = 00:02:38, memory = 1396.39 (MB).
    Completing 100% with 4915 violations.
    elapsed time = 00:02:58, memory = 1359.98 (MB).
[INFO DRT-0199]   Number of violations = 4915.
Viol/Layer        mcon   met1    via   met2   met3   met4
Cut Spacing          4      0      0      0      0      0
Metal Spacing        0    614      0    254     14      3
Recheck              0      3      0      0      0      0
Short                0   3645      1    363     14      0
[INFO DRT-0267] cpu time = 00:18:34, elapsed time = 00:02:59, memory = 1362.38 (MB), peak = 1395.46 (MB)
Total wire length = 813054 um.
Total wire length on LAYER li1 = 0 um.
Total wire length on LAYER met1 = 363305 um.
Total wire length on LAYER met2 = 327953 um.
Total wire length on LAYER met3 = 88765 um.
Total wire length on LAYER met4 = 27834 um.
Total wire length on LAYER met5 = 5194 um.
Total number of vias = 128437.
Up-via summary (total 128437):

-------------------------
 FR_MASTERSLICE         0
            li1     55057
           met1     69042
           met2      3402
           met3       812
           met4       124
-------------------------
               128437


[INFO DRT-0195] Start 2nd optimization iteration.
    Completing 10% with 4915 violations.
    elapsed time = 00:00:00, memory = 1362.38 (MB).
    Completing 20% with 4915 violations.
    elapsed time = 00:00:17, memory = 1363.50 (MB).
    Completing 30% with 4800 violations.
    elapsed time = 00:00:34, memory = 1370.36 (MB).
    Completing 40% with 4800 violations.
    elapsed time = 00:00:46, memory = 1371.80 (MB).
    Completing 50% with 4800 violations.
    elapsed time = 00:01:04, memory = 1383.83 (MB).
    Completing 60% with 4597 violations.
    elapsed time = 00:01:23, memory = 1417.13 (MB).
    Completing 70% with 4597 violations.
    elapsed time = 00:01:35, memory = 1403.04 (MB).
    Completing 80% with 4353 violations.
    elapsed time = 00:01:55, memory = 1411.36 (MB).
    Completing 90% with 4353 violations.
    elapsed time = 00:02:11, memory = 1411.36 (MB).
    Completing 100% with 4216 violations.
    elapsed time = 00:02:36, memory = 1423.51 (MB).
[INFO DRT-0199]   Number of violations = 4216.
Viol/Layer        mcon   met1   met2   met3   met4
Cut Spacing          4      0      0      0      0
Metal Spacing        0    547    182     19      1
Short                0   3163    294      6      0
[INFO DRT-0267] cpu time = 00:17:38, elapsed time = 00:02:37, memory = 1426.91 (MB), peak = 1425.81 (MB)
Total wire length = 812046 um.
Total wire length on LAYER li1 = 0 um.
Total wire length on LAYER met1 = 362798 um.
Total wire length on LAYER met2 = 327848 um.
Total wire length on LAYER met3 = 88475 um.
Total wire length on LAYER met4 = 27741 um.
Total wire length on LAYER met5 = 5182 um.
Total number of vias = 128151.
Up-via summary (total 128151):

-------------------------
 FR_MASTERSLICE         0
            li1     55066
           met1     68885
           met2      3295
           met3       785
           met4       120
-------------------------
               128151


[INFO DRT-0195] Start 3rd optimization iteration.
    Completing 10% with 4216 violations.
    elapsed time = 00:00:07, memory = 1444.19 (MB).
    Completing 20% with 4216 violations.
    elapsed time = 00:00:17, memory = 1444.19 (MB).
    Completing 30% with 3279 violations.
    elapsed time = 00:00:32, memory = 1457.95 (MB).
    Completing 40% with 3279 violations.
    elapsed time = 00:00:43, memory = 1459.80 (MB).
    Completing 50% with 3279 violations.
    elapsed time = 00:01:01, memory = 1501.24 (MB).
    Completing 60% with 2276 violations.
    elapsed time = 00:01:10, memory = 1518.05 (MB).
    Completing 70% with 2276 violations.
    elapsed time = 00:01:16, memory = 1518.05 (MB).
    Completing 80% with 1340 violations.
    elapsed time = 00:01:25, memory = 1518.06 (MB).
    Completing 90% with 1340 violations.
    elapsed time = 00:01:36, memory = 1530.48 (MB).
    Completing 100% with 287 violations.
    elapsed time = 00:01:49, memory = 1476.08 (MB).
[INFO DRT-0199]   Number of violations = 287.
Viol/Layer        met1   met2   met3   met4
Metal Spacing       49     30      0      2
Short              159     46      1      0
[INFO DRT-0267] cpu time = 00:11:23, elapsed time = 00:01:50, memory = 1476.08 (MB), peak = 1529.85 (MB)
Total wire length = 811442 um.
Total wire length on LAYER li1 = 0 um.
Total wire length on LAYER met1 = 349293 um.
Total wire length on LAYER met2 = 327742 um.
Total wire length on LAYER met3 = 100481 um.
Total wire length on LAYER met4 = 28750 um.
Total wire length on LAYER met5 = 5174 um.
Total number of vias = 130652.
Up-via summary (total 130652):

-------------------------
 FR_MASTERSLICE         0
            li1     55084
           met1     69645
           met2      4892
           met3       914
           met4       117
-------------------------
               130652


[INFO DRT-0195] Start 4th optimization iteration.
    Completing 10% with 287 violations.
    elapsed time = 00:00:00, memory = 1476.08 (MB).
    Completing 20% with 287 violations.
    elapsed time = 00:00:00, memory = 1486.62 (MB).
    Completing 30% with 234 violations.
    elapsed time = 00:00:02, memory = 1486.62 (MB).
    Completing 40% with 234 violations.
    elapsed time = 00:00:02, memory = 1497.40 (MB).
    Completing 50% with 234 violations.
    elapsed time = 00:00:04, memory = 1497.40 (MB).
    Completing 60% with 146 violations.
    elapsed time = 00:00:04, memory = 1497.40 (MB).
    Completing 70% with 146 violations.
    elapsed time = 00:00:04, memory = 1497.40 (MB).
    Completing 80% with 86 violations.
    elapsed time = 00:00:06, memory = 1497.40 (MB).
    Completing 90% with 86 violations.
    elapsed time = 00:00:06, memory = 1497.40 (MB).
    Completing 100% with 1 violations.
    elapsed time = 00:00:11, memory = 1505.14 (MB).
[INFO DRT-0199]   Number of violations = 1.
Viol/Layer        met1
Short                1
[INFO DRT-0267] cpu time = 00:01:06, elapsed time = 00:00:11, memory = 1505.14 (MB), peak = 1529.85 (MB)
Total wire length = 811371 um.
Total wire length on LAYER li1 = 0 um.
Total wire length on LAYER met1 = 348904 um.
Total wire length on LAYER met2 = 327679 um.
Total wire length on LAYER met3 = 100844 um.
Total wire length on LAYER met4 = 28767 um.
Total wire length on LAYER met5 = 5174 um.
Total number of vias = 130648.
Up-via summary (total 130648):

-------------------------
 FR_MASTERSLICE         0
            li1     55081
           met1     69622
           met2      4917
           met3       911
           met4       117
-------------------------
               130648


[INFO DRT-0195] Start 5th guides tiles iteration.
    Completing 100% with 1 violations.
    elapsed time = 00:00:00, memory = 1505.14 (MB).
[INFO DRT-0199]   Number of violations = 1.
Viol/Layer        met1
Short                1
[INFO DRT-0267] cpu time = 00:00:02, elapsed time = 00:00:00, memory = 1505.14 (MB), peak = 1529.85 (MB)
Total wire length = 811371 um.
Total wire length on LAYER li1 = 0 um.
Total wire length on LAYER met1 = 348904 um.
Total wire length on LAYER met2 = 327679 um.
Total wire length on LAYER met3 = 100844 um.
Total wire length on LAYER met4 = 28767 um.
Total wire length on LAYER met5 = 5174 um.
Total number of vias = 130648.
Up-via summary (total 130648):

-------------------------
 FR_MASTERSLICE         0
            li1     55081
           met1     69622
           met2      4917
           met3       911
           met4       117
-------------------------
               130648


[INFO DRT-0195] Start 6th stubborn tiles iteration.
    Completing 10% with 1 violations.
    elapsed time = 00:00:02, memory = 1505.21 (MB).
    Completing 20% with 1 violations.
    elapsed time = 00:00:03, memory = 1505.21 (MB).
    Completing 30% with 1 violations.
    elapsed time = 00:00:04, memory = 1505.21 (MB).
    Completing 40% with 1 violations.
    elapsed time = 00:00:05, memory = 1505.21 (MB).
    Completing 50% with 1 violations.
    elapsed time = 00:00:06, memory = 1505.21 (MB).
    Completing 60% with 1 violations.
    elapsed time = 00:00:07, memory = 1505.21 (MB).
    Completing 70% with 1 violations.
    elapsed time = 00:00:08, memory = 1505.21 (MB).
    Completing 80% with 1 violations.
    elapsed time = 00:00:08, memory = 1505.21 (MB).
    Completing 90% with 1 violations.
    elapsed time = 00:00:09, memory = 1512.18 (MB).
    Completing 100% with 0 violations.
    elapsed time = 00:00:10, memory = 1512.18 (MB).
[INFO DRT-0199]   Number of violations = 0.
[INFO DRT-0267] cpu time = 00:01:11, elapsed time = 00:00:10, memory = 1512.18 (MB), peak = 1529.85 (MB)
Total wire length = 811369 um.
Total wire length on LAYER li1 = 0 um.
Total wire length on LAYER met1 = 348901 um.
Total wire length on LAYER met2 = 327663 um.
Total wire length on LAYER met3 = 100845 um.
Total wire length on LAYER met4 = 28784 um.
Total wire length on LAYER met5 = 5174 um.
Total number of vias = 130652.
Up-via summary (total 130652):

-------------------------
 FR_MASTERSLICE         0
            li1     55081
           met1     69624
           met2      4917
           met3       913
           met4       117
-------------------------
               130652


[INFO DRT-0198] Complete detail routing.
Total wire length = 811369 um.
Total wire length on LAYER li1 = 0 um.
Total wire length on LAYER met1 = 348901 um.
Total wire length on LAYER met2 = 327663 um.
Total wire length on LAYER met3 = 100845 um.
Total wire length on LAYER met4 = 28784 um.
Total wire length on LAYER met5 = 5174 um.
Total number of vias = 130652.
Up-via summary (total 130652):

-------------------------
 FR_MASTERSLICE         0
            li1     55081
           met1     69624
           met2      4917
           met3       913
           met4       117
-------------------------
               130652


[INFO DRT-0267] cpu time = 01:08:39, elapsed time = 00:10:46, memory = 1512.29 (MB), peak = 1529.85 (MB)

[INFO DRT-0180] Post processing.
+ check_antennas 
[INFO ANT-0002] Found 36 net violations.
[INFO ANT-0001] Found 45 pin violations.
[INFO] Running antenna repair iteration 1…
+ repair_antennas sky130_fd_sc_hd__diode_2 -ratio_margin 10 -allow_congestion
[INFO GRT-0012] Found 47 antenna violations.
[INFO GRT-0015] Inserted 65 diodes.
+ detailed_route -droute_end_iter 64 -or_seed 42 -verbose 1 -output_drc /home/hassan/risc_v_systolic_array/runs/RUN_2026-09-13_15-59-45/43-openroad-detailedrouting/drt-run-1/soc_top.drc
[INFO DRT-0024]   Complete FR_MASTERSLICE.
[INFO DRT-0024]   Complete licon.
[INFO DRT-0024]   Complete li1.
[INFO DRT-0024]   Complete mcon.
[INFO DRT-0024]   Complete met1.
[INFO DRT-0024]   Complete via.
[INFO DRT-0024]   Complete met2.
[INFO DRT-0024]   Complete via2.
[INFO DRT-0024]   Complete met3.
[INFO DRT-0024]   Complete via3.
[INFO DRT-0024]   Complete met4.
[INFO DRT-0024]   Complete via4.
[INFO DRT-0024]   Complete met5.
[INFO DRT-0165] Start pin access.
[INFO DRT-0076]   Complete 1000 pins.
[INFO DRT-0078]   Complete 1731 pins.
[INFO DRT-0079]   Complete 100 unique inst patterns.
[INFO DRT-0079]   Complete 200 unique inst patterns.
[INFO DRT-0081]   Complete 216 unique inst patterns.
[INFO DRT-0082]   Complete 10000 groups.
[INFO DRT-0084]   Complete 15200 groups.
#scanned instances     = 21838
#unique  instances     = 216
#stdCellGenAp          = 5958
#stdCellValidPlanarAp  = 27
#stdCellValidViaAp     = 4610
#stdCellPinNoAp        = 0
#stdCellPinCnt         = 56073
#instTermValidViaApCnt = 0
#macroGenAp            = 0
#macroValidPlanarAp    = 0
#macroValidViaAp       = 0
#macroNoAp             = 0
[INFO DRT-0166] Complete pin access.
[INFO DRT-0267] cpu time = 00:03:24, elapsed time = 00:34:43, memory = 1513.69 (MB), peak = 1529.85 (MB)
[INFO DRT-0156] guideIn read 100000 guides.

[INFO DRT-0157] Number of guides:     139549

[INFO DRT-0169] Post process guides.
[INFO DRT-0176] GCELLGRID X 0 DO 95 STEP 6900 ;
[INFO DRT-0177] GCELLGRID Y 0 DO 96 STEP 6900 ;
[INFO DRT-0026]   Complete 100000 origin guides.
[INFO DRT-0028]   Complete FR_MASTERSLICE.
[INFO DRT-0028]   Complete licon.
[INFO DRT-0028]   Complete li1.
[INFO DRT-0028]   Complete mcon.
[INFO DRT-0028]   Complete met1.
[INFO DRT-0028]   Complete via.
[INFO DRT-0028]   Complete met2.
[INFO DRT-0028]   Complete via2.
[INFO DRT-0028]   Complete met3.
[INFO DRT-0028]   Complete via3.
[INFO DRT-0028]   Complete met4.
[INFO DRT-0028]   Complete via4.
[INFO DRT-0028]   Complete met5.
[INFO DRT-0178] Init guide query.
[INFO DRT-0035]   Complete FR_MASTERSLICE (guide).
[INFO DRT-0035]   Complete licon (guide).
[INFO DRT-0035]   Complete li1 (guide).
[INFO DRT-0035]   Complete mcon (guide).
[INFO DRT-0035]   Complete met1 (guide).
[INFO DRT-0035]   Complete via (guide).
[INFO DRT-0035]   Complete met2 (guide).
[INFO DRT-0035]   Complete via2 (guide).
[INFO DRT-0035]   Complete met3 (guide).
[INFO DRT-0035]   Complete via3 (guide).
[INFO DRT-0035]   Complete met4 (guide).
[INFO DRT-0035]   Complete via4 (guide).
[INFO DRT-0035]   Complete met5 (guide).
[INFO DRT-0036] FR_MASTERSLICE guide region query size = 0.
[INFO DRT-0036] licon guide region query size = 0.
[INFO DRT-0036] li1 guide region query size = 45731.
[INFO DRT-0036] mcon guide region query size = 0.
[INFO DRT-0036] met1 guide region query size = 43719.
[INFO DRT-0036] via guide region query size = 0.
[INFO DRT-0036] met2 guide region query size = 22941.
[INFO DRT-0036] via2 guide region query size = 0.
[INFO DRT-0036] met3 guide region query size = 1662.
[INFO DRT-0036] via3 guide region query size = 0.
[INFO DRT-0036] met4 guide region query size = 477.
[INFO DRT-0036] via4 guide region query size = 0.
[INFO DRT-0036] met5 guide region query size = 65.
[INFO DRT-0179] Init gr pin query.
[INFO DRT-0267] cpu time = 00:00:02, elapsed time = 00:00:00, memory = 1513.69 (MB), peak = 1529.85 (MB)
[INFO DRT-0245] skipped writing guide updates to database.
[INFO DRT-0185] Post process initialize RPin region query.
[INFO DRT-0181] Start track assignment.
[INFO DRT-0184] Done with 69149 vertical wires in 2 frboxes and 45446 horizontal wires in 2 frboxes.
[INFO DRT-0186] Done with 9123 vertical wires in 2 frboxes and 14630 horizontal wires in 2 frboxes.
[INFO DRT-0182] Complete track assignment.
[INFO DRT-0267] cpu time = 00:00:23, elapsed time = 00:00:09, memory = 1513.69 (MB), peak = 1529.85 (MB)
[INFO DRT-0187] Start routing data preparation.
[INFO DRT-0267] cpu time = 00:00:00, elapsed time = 00:00:00, memory = 1513.69 (MB), peak = 1529.85 (MB)
[INFO DRT-0194] Start detail routing.
[INFO DRT-0195] Start 0th optimization iteration.
    Completing 10% with 0 violations.
    elapsed time = 00:00:04, memory = 1529.38 (MB).
    Completing 20% with 0 violations.
    elapsed time = 00:00:09, memory = 1530.85 (MB).
    Completing 30% with 334 violations.
    elapsed time = 00:00:14, memory = 1530.85 (MB).
    Completing 40% with 334 violations.
    elapsed time = 00:00:20, memory = 1549.58 (MB).
    Completing 50% with 334 violations.
    elapsed time = 00:00:24, memory = 1552.80 (MB).
    Completing 60% with 756 violations.
    elapsed time = 00:00:29, memory = 1552.80 (MB).
    Completing 70% with 756 violations.
    elapsed time = 00:00:33, memory = 1552.80 (MB).
    Completing 80% with 998 violations.
    elapsed time = 00:00:38, memory = 1552.80 (MB).
    Completing 90% with 998 violations.
    elapsed time = 00:00:42, memory = 1552.80 (MB).
    Completing 100% with 1309 violations.
    elapsed time = 00:00:47, memory = 1552.80 (MB).
[INFO DRT-0199]   Number of violations = 1510.
Viol/Layer        met1   met2   met3   met4
Metal Spacing       81     48     16      0
Min Hole             1      0      0      0
Recheck            118     61     21      1
Short              840    247     73      3
[INFO DRT-0267] cpu time = 00:05:23, elapsed time = 00:00:47, memory = 1728.40 (MB), peak = 1727.63 (MB)
Total wire length = 811870 um.
Total wire length on LAYER li1 = 0 um.
Total wire length on LAYER met1 = 349950 um.
Total wire length on LAYER met2 = 327554 um.
Total wire length on LAYER met3 = 100188 um.
Total wire length on LAYER met4 = 29019 um.
Total wire length on LAYER met5 = 5157 um.
Total number of vias = 130674.
Up-via summary (total 130674):

-------------------------
 FR_MASTERSLICE         0
            li1     55159
           met1     69727
           met2      4785
           met3       888
           met4       115
-------------------------
               130674


[INFO DRT-0195] Start 1st optimization iteration.
    Completing 10% with 1510 violations.
    elapsed time = 00:00:03, memory = 1729.27 (MB).
    Completing 20% with 1510 violations.
    elapsed time = 00:00:08, memory = 1729.27 (MB).
    Completing 30% with 1307 violations.
    elapsed time = 00:00:12, memory = 1729.27 (MB).
    Completing 40% with 1307 violations.
    elapsed time = 00:00:16, memory = 1729.27 (MB).
    Completing 50% with 1307 violations.
    elapsed time = 00:00:20, memory = 1729.27 (MB).
    Completing 60% with 961 violations.
    elapsed time = 00:00:25, memory = 1729.27 (MB).
    Completing 70% with 961 violations.
    elapsed time = 00:00:29, memory = 1729.27 (MB).
    Completing 80% with 703 violations.
    elapsed time = 00:00:34, memory = 1729.27 (MB).
    Completing 90% with 703 violations.
    elapsed time = 00:00:38, memory = 1730.07 (MB).
    Completing 100% with 447 violations.
    elapsed time = 00:00:43, memory = 1730.07 (MB).
[INFO DRT-0199]   Number of violations = 447.
Viol/Layer        met1   met2   met3
Metal Spacing       22     11     15
Short              289     77     33
[INFO DRT-0267] cpu time = 00:04:54, elapsed time = 00:00:43, memory = 1733.07 (MB), peak = 1738.63 (MB)
Total wire length = 811581 um.
Total wire length on LAYER li1 = 0 um.
Total wire length on LAYER met1 = 349725 um.
Total wire length on LAYER met2 = 327465 um.
Total wire length on LAYER met3 = 100215 um.
Total wire length on LAYER met4 = 29015 um.
Total wire length on LAYER met5 = 5159 um.
Total number of vias = 130631.
Up-via summary (total 130631):

-------------------------
 FR_MASTERSLICE         0
            li1     55170
           met1     69649
           met2      4805
           met3       892
           met4       115
-------------------------
               130631


[INFO DRT-0195] Start 2nd optimization iteration.
    Completing 10% with 447 violations.
    elapsed time = 00:00:00, memory = 1733.07 (MB).
    Completing 20% with 447 violations.
    elapsed time = 00:00:02, memory = 1733.07 (MB).
    Completing 30% with 428 violations.
    elapsed time = 00:00:05, memory = 1733.07 (MB).
    Completing 40% with 428 violations.
    elapsed time = 00:00:06, memory = 1733.07 (MB).
    Completing 50% with 428 violations.
    elapsed time = 00:00:08, memory = 1733.07 (MB).
    Completing 60% with 434 violations.
    elapsed time = 00:00:10, memory = 1733.07 (MB).
    Completing 70% with 434 violations.
    elapsed time = 00:00:13, memory = 1760.67 (MB).
    Completing 80% with 437 violations.
    elapsed time = 00:00:15, memory = 1733.07 (MB).
    Completing 90% with 437 violations.
    elapsed time = 00:00:17, memory = 1733.07 (MB).
    Completing 100% with 364 violations.
    elapsed time = 00:00:20, memory = 1733.07 (MB).
[INFO DRT-0199]   Number of violations = 364.
Viol/Layer        met1   met2   met3
Metal Spacing       25     12     13
Short              227     65     22
[INFO DRT-0267] cpu time = 00:02:17, elapsed time = 00:00:20, memory = 1733.07 (MB), peak = 1760.11 (MB)
Total wire length = 811469 um.
Total wire length on LAYER li1 = 0 um.
Total wire length on LAYER met1 = 349710 um.
Total wire length on LAYER met2 = 327403 um.
Total wire length on LAYER met3 = 100213 um.
Total wire length on LAYER met4 = 28981 um.
Total wire length on LAYER met5 = 5159 um.
Total number of vias = 130594.
Up-via summary (total 130594):

-------------------------
 FR_MASTERSLICE         0
            li1     55167
           met1     69625
           met2      4799
           met3       888
           met4       115
-------------------------
               130594


[INFO DRT-0195] Start 3rd optimization iteration.
    Completing 10% with 364 violations.
    elapsed time = 00:00:00, memory = 1733.07 (MB).
    Completing 20% with 364 violations.
    elapsed time = 00:00:01, memory = 1733.07 (MB).
    Completing 30% with 313 violations.
    elapsed time = 00:00:06, memory = 1733.07 (MB).
    Completing 40% with 313 violations.
    elapsed time = 00:00:07, memory = 1733.07 (MB).
    Completing 50% with 313 violations.
    elapsed time = 00:00:23, memory = 1733.07 (MB).
    Completing 60% with 238 violations.
    elapsed time = 00:00:23, memory = 1733.07 (MB).
    Completing 70% with 238 violations.
    elapsed time = 00:00:24, memory = 1733.07 (MB).
    Completing 80% with 155 violations.
    elapsed time = 00:00:27, memory = 1733.07 (MB).
    Completing 90% with 155 violations.
    elapsed time = 00:00:31, memory = 1733.07 (MB).
    Completing 100% with 33 violations.
    elapsed time = 00:00:39, memory = 1733.07 (MB).
[INFO DRT-0199]   Number of violations = 33.
Viol/Layer        met1    via   met2
Cut Spacing          0      1      0
Metal Spacing        1      0      8
Short               17      0      6
[INFO DRT-0267] cpu time = 00:02:39, elapsed time = 00:00:40, memory = 1733.07 (MB), peak = 1760.11 (MB)
Total wire length = 811479 um.
Total wire length on LAYER li1 = 0 um.
Total wire length on LAYER met1 = 348978 um.
Total wire length on LAYER met2 = 327375 um.
Total wire length on LAYER met3 = 100848 um.
Total wire length on LAYER met4 = 29109 um.
Total wire length on LAYER met5 = 5167 um.
Total number of vias = 130867.
Up-via summary (total 130867):

-------------------------
 FR_MASTERSLICE         0
            li1     55168
           met1     69748
           met2      4936
           met3       900
           met4       115
-------------------------
               130867


[INFO DRT-0195] Start 4th guides tiles iteration.
    Completing 10% with 33 violations.
    elapsed time = 00:00:00, memory = 1733.07 (MB).
    Completing 20% with 33 violations.
    elapsed time = 00:00:00, memory = 1733.07 (MB).
    Completing 40% with 33 violations.
    elapsed time = 00:00:01, memory = 1733.07 (MB).
    Completing 50% with 0 violations.
    elapsed time = 00:00:01, memory = 1733.07 (MB).
    Completing 70% with 0 violations.
    elapsed time = 00:00:01, memory = 1733.07 (MB).
    Completing 80% with 0 violations.
    elapsed time = 00:00:01, memory = 1733.07 (MB).
    Completing 100% with 0 violations.
    elapsed time = 00:00:01, memory = 1733.07 (MB).
[INFO DRT-0199]   Number of violations = 0.
[INFO DRT-0267] cpu time = 00:00:05, elapsed time = 00:00:01, memory = 1733.07 (MB), peak = 1760.11 (MB)
Total wire length = 811465 um.
Total wire length on LAYER li1 = 0 um.
Total wire length on LAYER met1 = 348862 um.
Total wire length on LAYER met2 = 327282 um.
Total wire length on LAYER met3 = 100959 um.
Total wire length on LAYER met4 = 29194 um.
Total wire length on LAYER met5 = 5167 um.
Total number of vias = 130870.
Up-via summary (total 130870):

-------------------------
 FR_MASTERSLICE         0
            li1     55167
           met1     69734
           met2      4948
           met3       906
           met4       115
-------------------------
               130870


[INFO DRT-0198] Complete detail routing.
Total wire length = 811465 um.
Total wire length on LAYER li1 = 0 um.
Total wire length on LAYER met1 = 348862 um.
Total wire length on LAYER met2 = 327282 um.
Total wire length on LAYER met3 = 100959 um.
Total wire length on LAYER met4 = 29194 um.
Total wire length on LAYER met5 = 5167 um.
Total number of vias = 130870.
Up-via summary (total 130870):

-------------------------
 FR_MASTERSLICE         0
            li1     55167
           met1     69734
           met2      4948
           met3       906
           met4       115
-------------------------
               130870


[INFO DRT-0267] cpu time = 00:15:22, elapsed time = 00:02:34, memory = 1733.08 (MB), peak = 1760.11 (MB)

[INFO DRT-0180] Post processing.
+ check_antennas 
[INFO ANT-0002] Found 4 net violations.
[INFO ANT-0001] Found 6 pin violations.
[INFO] Running antenna repair iteration 2…
+ repair_antennas sky130_fd_sc_hd__diode_2 -ratio_margin 10 -allow_congestion
[INFO GRT-0012] Found 5 antenna violations.
[INFO GRT-0015] Inserted 10 diodes.
+ detailed_route -droute_end_iter 64 -or_seed 42 -verbose 1 -output_drc /home/hassan/risc_v_systolic_array/runs/RUN_2026-09-13_15-59-45/43-openroad-detailedrouting/drt-run-2/soc_top.drc
[INFO DRT-0024]   Complete FR_MASTERSLICE.
[INFO DRT-0024]   Complete licon.
[INFO DRT-0024]   Complete li1.
[INFO DRT-0024]   Complete mcon.
[INFO DRT-0024]   Complete met1.
[INFO DRT-0024]   Complete via.
[INFO DRT-0024]   Complete met2.
[INFO DRT-0024]   Complete via2.
[INFO DRT-0024]   Complete met3.
[INFO DRT-0024]   Complete via3.
[INFO DRT-0024]   Complete met4.
[INFO DRT-0024]   Complete via4.
[INFO DRT-0024]   Complete met5.
[INFO DRT-0165] Start pin access.
[INFO DRT-0076]   Complete 1000 pins.
[INFO DRT-0078]   Complete 1731 pins.
[INFO DRT-0079]   Complete 100 unique inst patterns.
[INFO DRT-0079]   Complete 200 unique inst patterns.
[INFO DRT-0081]   Complete 216 unique inst patterns.
[INFO DRT-0082]   Complete 10000 groups.
[INFO DRT-0084]   Complete 15207 groups.
#scanned instances     = 21848
#unique  instances     = 216
#stdCellGenAp          = 5958
#stdCellValidPlanarAp  = 27
#stdCellValidViaAp     = 4610
#stdCellPinNoAp        = 0
#stdCellPinCnt         = 56073
#instTermValidViaApCnt = 0
#macroGenAp            = 0
#macroValidPlanarAp    = 0
#macroValidViaAp       = 0
#macroNoAp             = 0
[INFO DRT-0166] Complete pin access.
[INFO DRT-0267] cpu time = 00:03:22, elapsed time = 00:00:28, memory = 1733.08 (MB), peak = 1760.11 (MB)
[INFO DRT-0156] guideIn read 100000 guides.

[INFO DRT-0157] Number of guides:     139576

[INFO DRT-0169] Post process guides.
[INFO DRT-0176] GCELLGRID X 0 DO 95 STEP 6900 ;
[INFO DRT-0177] GCELLGRID Y 0 DO 96 STEP 6900 ;
[INFO DRT-0026]   Complete 100000 origin guides.
[INFO DRT-0028]   Complete FR_MASTERSLICE.
[INFO DRT-0028]   Complete licon.
[INFO DRT-0028]   Complete li1.
[INFO DRT-0028]   Complete mcon.
[INFO DRT-0028]   Complete met1.
[INFO DRT-0028]   Complete via.
[INFO DRT-0028]   Complete met2.
[INFO DRT-0028]   Complete via2.
[INFO DRT-0028]   Complete met3.
[INFO DRT-0028]   Complete via3.
[INFO DRT-0028]   Complete met4.
[INFO DRT-0028]   Complete via4.
[INFO DRT-0028]   Complete met5.
[INFO DRT-0178] Init guide query.
[INFO DRT-0035]   Complete FR_MASTERSLICE (guide).
[INFO DRT-0035]   Complete licon (guide).
[INFO DRT-0035]   Complete li1 (guide).
[INFO DRT-0035]   Complete mcon (guide).
[INFO DRT-0035]   Complete met1 (guide).
[INFO DRT-0035]   Complete via (guide).
[INFO DRT-0035]   Complete met2 (guide).
[INFO DRT-0035]   Complete via2 (guide).
[INFO DRT-0035]   Complete met3 (guide).
[INFO DRT-0035]   Complete via3 (guide).
[INFO DRT-0035]   Complete met4 (guide).
[INFO DRT-0035]   Complete via4 (guide).
[INFO DRT-0035]   Complete met5 (guide).
[INFO DRT-0036] FR_MASTERSLICE guide region query size = 0.
[INFO DRT-0036] licon guide region query size = 0.
[INFO DRT-0036] li1 guide region query size = 45736.
[INFO DRT-0036] mcon guide region query size = 0.
[INFO DRT-0036] met1 guide region query size = 43726.
[INFO DRT-0036] via guide region query size = 0.
[INFO DRT-0036] met2 guide region query size = 22945.
[INFO DRT-0036] via2 guide region query size = 0.
[INFO DRT-0036] met3 guide region query size = 1664.
[INFO DRT-0036] via3 guide region query size = 0.
[INFO DRT-0036] met4 guide region query size = 478.
[INFO DRT-0036] via4 guide region query size = 0.
[INFO DRT-0036] met5 guide region query size = 65.
[INFO DRT-0179] Init gr pin query.
[INFO DRT-0267] cpu time = 00:00:02, elapsed time = 00:00:00, memory = 1733.08 (MB), peak = 1760.11 (MB)
[INFO DRT-0245] skipped writing guide updates to database.
[INFO DRT-0185] Post process initialize RPin region query.
[INFO DRT-0181] Start track assignment.
[INFO DRT-0184] Done with 69159 vertical wires in 2 frboxes and 45455 horizontal wires in 2 frboxes.
[INFO DRT-0186] Done with 9147 vertical wires in 2 frboxes and 14544 horizontal wires in 2 frboxes.
[INFO DRT-0182] Complete track assignment.
[INFO DRT-0267] cpu time = 00:00:23, elapsed time = 00:00:09, memory = 1733.08 (MB), peak = 1760.11 (MB)
[INFO DRT-0187] Start routing data preparation.
[INFO DRT-0267] cpu time = 00:00:00, elapsed time = 00:00:00, memory = 1733.08 (MB), peak = 1760.11 (MB)
[INFO DRT-0194] Start detail routing.
[INFO DRT-0195] Start 0th optimization iteration.
    Completing 10% with 0 violations.
    elapsed time = 00:00:04, memory = 1733.08 (MB).
    Completing 20% with 0 violations.
    elapsed time = 00:00:07, memory = 1733.08 (MB).
    Completing 30% with 63 violations.
    elapsed time = 00:00:11, memory = 1733.08 (MB).
    Completing 40% with 63 violations.
    elapsed time = 00:00:14, memory = 1733.08 (MB).
    Completing 50% with 63 violations.
    elapsed time = 00:00:18, memory = 1733.08 (MB).
    Completing 60% with 85 violations.
    elapsed time = 00:00:22, memory = 1733.08 (MB).
    Completing 70% with 85 violations.
    elapsed time = 00:00:25, memory = 1733.08 (MB).
    Completing 80% with 119 violations.
    elapsed time = 00:00:28, memory = 1733.08 (MB).
    Completing 90% with 119 violations.
    elapsed time = 00:00:31, memory = 1733.08 (MB).
    Completing 100% with 124 violations.
    elapsed time = 00:00:35, memory = 1733.08 (MB).
[INFO DRT-0199]   Number of violations = 146.
Viol/Layer        met1   met2   met3   met4
Metal Spacing        6     11      0      0
Recheck              8     11      1      2
Short               57     47      1      2
[INFO DRT-0267] cpu time = 00:04:06, elapsed time = 00:00:35, memory = 1733.08 (MB), peak = 1760.11 (MB)
Total wire length = 811543 um.
Total wire length on LAYER li1 = 0 um.
Total wire length on LAYER met1 = 348543 um.
Total wire length on LAYER met2 = 327132 um.
Total wire length on LAYER met3 = 101305 um.
Total wire length on LAYER met4 = 29395 um.
Total wire length on LAYER met5 = 5167 um.
Total number of vias = 130851.
Up-via summary (total 130851):

-------------------------
 FR_MASTERSLICE         0
            li1     55177
           met1     69722
           met2      4935
           met3       902
           met4       115
-------------------------
               130851


[INFO DRT-0195] Start 1st optimization iteration.
    Completing 10% with 146 violations.
    elapsed time = 00:00:03, memory = 1733.08 (MB).
    Completing 20% with 146 violations.
    elapsed time = 00:00:07, memory = 1733.08 (MB).
    Completing 30% with 105 violations.
    elapsed time = 00:00:11, memory = 1733.08 (MB).
    Completing 40% with 105 violations.
    elapsed time = 00:00:14, memory = 1733.08 (MB).
    Completing 50% with 105 violations.
    elapsed time = 00:00:18, memory = 1733.08 (MB).
    Completing 60% with 68 violations.
    elapsed time = 00:00:22, memory = 1733.08 (MB).
    Completing 70% with 68 violations.
    elapsed time = 00:00:26, memory = 1733.08 (MB).
    Completing 80% with 42 violations.
    elapsed time = 00:00:29, memory = 1733.08 (MB).
    Completing 90% with 42 violations.
    elapsed time = 00:00:33, memory = 1733.15 (MB).
    Completing 100% with 28 violations.
    elapsed time = 00:00:36, memory = 1733.15 (MB).
[INFO DRT-0199]   Number of violations = 28.
Viol/Layer        met1   met2
Metal Spacing        1      1
Short               19      7
[INFO DRT-0267] cpu time = 00:04:05, elapsed time = 00:00:36, memory = 1733.15 (MB), peak = 1760.11 (MB)
Total wire length = 811531 um.
Total wire length on LAYER li1 = 0 um.
Total wire length on LAYER met1 = 348534 um.
Total wire length on LAYER met2 = 327127 um.
Total wire length on LAYER met3 = 101307 um.
Total wire length on LAYER met4 = 29395 um.
Total wire length on LAYER met5 = 5167 um.
Total number of vias = 130850.
Up-via summary (total 130850):

-------------------------
 FR_MASTERSLICE         0
            li1     55179
           met1     69719
           met2      4935
           met3       902
           met4       115
-------------------------
               130850


[INFO DRT-0195] Start 2nd optimization iteration.
    Completing 10% with 28 violations.
    elapsed time = 00:00:00, memory = 1733.15 (MB).
    Completing 20% with 28 violations.
    elapsed time = 00:00:00, memory = 1733.15 (MB).
    Completing 30% with 27 violations.
    elapsed time = 00:00:01, memory = 1733.15 (MB).
    Completing 40% with 27 violations.
    elapsed time = 00:00:01, memory = 1733.15 (MB).
    Completing 50% with 27 violations.
    elapsed time = 00:00:01, memory = 1733.15 (MB).
    Completing 60% with 29 violations.
    elapsed time = 00:00:03, memory = 1733.15 (MB).
    Completing 70% with 29 violations.
    elapsed time = 00:00:03, memory = 1733.15 (MB).
    Completing 80% with 24 violations.
    elapsed time = 00:00:03, memory = 1733.15 (MB).
    Completing 90% with 24 violations.
    elapsed time = 00:00:03, memory = 1733.15 (MB).
    Completing 100% with 19 violations.
    elapsed time = 00:00:04, memory = 1733.15 (MB).
[INFO DRT-0199]   Number of violations = 19.
Viol/Layer        met1   met2
Metal Spacing        0      2
Short               14      3
[INFO DRT-0267] cpu time = 00:00:18, elapsed time = 00:00:05, memory = 1733.15 (MB), peak = 1760.11 (MB)
Total wire length = 811524 um.
Total wire length on LAYER li1 = 0 um.
Total wire length on LAYER met1 = 348534 um.
Total wire length on LAYER met2 = 327124 um.
Total wire length on LAYER met3 = 101303 um.
Total wire length on LAYER met4 = 29395 um.
Total wire length on LAYER met5 = 5167 um.
Total number of vias = 130850.
Up-via summary (total 130850):

-------------------------
 FR_MASTERSLICE         0
            li1     55180
           met1     69718
           met2      4935
           met3       902
           met4       115
-------------------------
               130850


[INFO DRT-0195] Start 3rd guides tiles iteration.
    Completing 10% with 19 violations.
    elapsed time = 00:00:00, memory = 1733.15 (MB).
    Completing 20% with 19 violations.
    elapsed time = 00:00:00, memory = 1733.15 (MB).
    Completing 30% with 19 violations.
    elapsed time = 00:00:00, memory = 1733.15 (MB).
    Completing 40% with 19 violations.
    elapsed time = 00:00:01, memory = 1733.15 (MB).
    Completing 50% with 19 violations.
    elapsed time = 00:00:01, memory = 1733.15 (MB).
    Completing 60% with 5 violations.
    elapsed time = 00:00:01, memory = 1733.15 (MB).
    Completing 70% with 5 violations.
    elapsed time = 00:00:01, memory = 1826.14 (MB).
    Completing 80% with 5 violations.
    elapsed time = 00:00:01, memory = 1826.14 (MB).
    Completing 100% with 0 violations.
    elapsed time = 00:00:04, memory = 1733.15 (MB).
[INFO DRT-0199]   Number of violations = 0.
[INFO DRT-0267] cpu time = 00:00:11, elapsed time = 00:00:05, memory = 1733.15 (MB), peak = 1825.61 (MB)
Total wire length = 811468 um.
Total wire length on LAYER li1 = 0 um.
Total wire length on LAYER met1 = 347986 um.
Total wire length on LAYER met2 = 326679 um.
Total wire length on LAYER met3 = 101823 um.
Total wire length on LAYER met4 = 29811 um.
Total wire length on LAYER met5 = 5167 um.
Total number of vias = 130878.
Up-via summary (total 130878):

-------------------------
 FR_MASTERSLICE         0
            li1     55179
           met1     69714
           met2      4962
           met3       908
           met4       115
-------------------------
               130878


[INFO DRT-0198] Complete detail routing.
Total wire length = 811468 um.
Total wire length on LAYER li1 = 0 um.
Total wire length on LAYER met1 = 347986 um.
Total wire length on LAYER met2 = 326679 um.
Total wire length on LAYER met3 = 101823 um.
Total wire length on LAYER met4 = 29811 um.
Total wire length on LAYER met5 = 5167 um.
Total number of vias = 130878.
Up-via summary (total 130878):

-------------------------
 FR_MASTERSLICE         0
            li1     55179
           met1     69714
           met2      4962
           met3       908
           met4       115
-------------------------
               130878


[INFO DRT-0267] cpu time = 00:08:43, elapsed time = 00:01:23, memory = 1733.15 (MB), peak = 1825.61 (MB)

[INFO DRT-0180] Post processing.
+ check_antennas 
[INFO ANT-0002] Found 0 net violations.
[INFO ANT-0001] Found 0 pin violations.
Setting global connections for newly added cells…
[INFO] Setting global connections...
[INFO ODB-0403] 300 connections made, 0 conflicts skipped.
Updating metrics…
Cell type report:                       Count       Area
  Fill cell                               476    1786.71
  Tap cell                               6000    7507.20
  Antenna cell                            191     477.96
  Clock buffer                            366    4718.28
  Timing Repair Buffer                   1225    6890.36
  Inverter                                234     878.34
  Clock inverter                           56     758.23
  Sequential cell                        1780   46129.24
  Multi-Input combinational cell        11520  113491.35
  Total                                 21848  182637.66
Writing OpenROAD database to '/home/hassan/risc_v_systolic_array/runs/RUN_2026-09-13_15-59-45/43-openroad-detailedrouting/soc_top.odb'…
Writing netlist to '/home/hassan/risc_v_systolic_array/runs/RUN_2026-09-13_15-59-45/43-openroad-detailedrouting/soc_top.nl.v'…
Writing powered netlist to '/home/hassan/risc_v_systolic_array/runs/RUN_2026-09-13_15-59-45/43-openroad-detailedrouting/soc_top.pnl.v'…
Writing layout to '/home/hassan/risc_v_systolic_array/runs/RUN_2026-09-13_15-59-45/43-openroad-detailedrouting/soc_top.def'…
Writing timing constraints to '/home/hassan/risc_v_systolic_array/runs/RUN_2026-09-13_15-59-45/43-openroad-detailedrouting/soc_top.sdc'…
