
===========================================================================
report_checks -unconstrained
===========================================================================
======================= nom_ss_100C_1v60 Corner ===================================

Startpoint: rst (input port clocked by clk)
Endpoint: _31_ (recovery check against rising-edge clock clk)
Path Group: asynchronous
Path Type: max

Fanout         Cap        Slew       Delay        Time   Description
---------------------------------------------------------------------------------------------
                                  0.000000    0.000000   clock clk (rise edge)
                                  0.000000    0.000000   clock network delay (propagated)
                                  4.000000    4.000000 ^ input external delay
     1    0.003845    0.039265    0.022379    4.022379 ^ rst (in)
                                                         rst (net)
                      0.039265    0.000000    4.022379 ^ input3/A (sky130_fd_sc_hd__clkdlybuf4s25_1)
     6    0.027949    0.455524    0.764530    4.786909 ^ input3/X (sky130_fd_sc_hd__clkdlybuf4s25_1)
                                                         net3 (net)
                      0.455524    0.001270    4.788179 ^ _31_/RESET_B (sky130_fd_sc_hd__dfrtp_2)
                                              4.788179   data arrival time

                                 20.000000   20.000000   clock clk (rise edge)
                                  0.000000   20.000000   clock source latency
     1    0.008573    0.071399    0.043167   20.043167 ^ clk (in)
                                                         clk (net)
                      0.071401    0.000000   20.043167 ^ clkbuf_0_clk/A (sky130_fd_sc_hd__clkbuf_8)
     2    0.010833    0.063183    0.204528   20.247696 ^ clkbuf_0_clk/X (sky130_fd_sc_hd__clkbuf_8)
                                                         clknet_0_clk (net)
                      0.063183    0.000224   20.247919 ^ clkbuf_1_1__f_clk/A (sky130_fd_sc_hd__clkbuf_8)
     3    0.007667    0.056225    0.193920   20.441839 ^ clkbuf_1_1__f_clk/X (sky130_fd_sc_hd__clkbuf_8)
                                                         clknet_1_1__leaf_clk (net)
                      0.056225    0.000139   20.441978 ^ _31_/CLK (sky130_fd_sc_hd__dfrtp_2)
                                 -0.100000   20.341978   clock uncertainty
                                  0.000000   20.341978   clock reconvergence pessimism
                                  0.275003   20.616982   library recovery time
                                             20.616982   data required time
---------------------------------------------------------------------------------------------
                                             20.616982   data required time
                                             -4.788179   data arrival time
---------------------------------------------------------------------------------------------
                                             15.828802   slack (MET)


Startpoint: instruct_en0 (input port clocked by clk)
Endpoint: result0[0] (output port clocked by clk)
Path Group: clk
Path Type: max

Fanout         Cap        Slew       Delay        Time   Description
---------------------------------------------------------------------------------------------
                                  0.000000    0.000000   clock clk (rise edge)
                                  0.000000    0.000000   clock network delay (propagated)
                                  4.000000    4.000000 v input external delay
     1    0.002991    0.019192    0.010333    4.010333 v instruct_en0 (in)
                                                         instruct_en0 (net)
                      0.019192    0.000000    4.010333 v input1/A (sky130_fd_sc_hd__clkdlybuf4s25_1)
     3    0.011359    0.177630    0.551890    4.562223 v input1/X (sky130_fd_sc_hd__clkdlybuf4s25_1)
                                                         net1 (net)
                      0.177630    0.000331    4.562554 v _15_/C_N (sky130_fd_sc_hd__nor3b_2)
     2    0.006699    0.082932    0.402796    4.965350 v _15_/Y (sky130_fd_sc_hd__nor3b_2)
                                                         net5 (net)
                      0.082932    0.000147    4.965497 v _17_/B1 (sky130_fd_sc_hd__a31o_2)
     1    0.003599    0.065906    0.415901    5.381397 v _17_/X (sky130_fd_sc_hd__a31o_2)
                                                         net4 (net)
                      0.065906    0.000125    5.381522 v output4/A (sky130_fd_sc_hd__clkdlybuf4s25_1)
     1    0.035237    0.476468    0.813355    6.194877 v output4/X (sky130_fd_sc_hd__clkdlybuf4s25_1)
                                                         result0[0] (net)
                      0.476468    0.001117    6.195994 v result0[0] (out)
                                              6.195994   data arrival time

                                 20.000000   20.000000   clock clk (rise edge)
                                  0.000000   20.000000   clock network delay (propagated)
                                 -0.100000   19.900000   clock uncertainty
                                  0.000000   19.900000   clock reconvergence pessimism
                                 -4.000000   15.900000   output external delay
                                             15.900000   data required time
---------------------------------------------------------------------------------------------
                                             15.900000   data required time
                                             -6.195994   data arrival time
---------------------------------------------------------------------------------------------
                                              9.704007   slack (MET)




===========================================================================
report_checks --slack_max -0.01
============================================================================
======================= nom_ss_100C_1v60 Corner ===================================

No paths found.


===========================================================================
 report_check_types -max_slew -max_cap -max_fanout -violators
============================================================================
======================= nom_ss_100C_1v60 Corner ===================================



===========================================================================
report_parasitic_annotation -report_unannotated
============================================================================
Found 60 unannotated drivers.
 soc_top/HI
 soc_top_10/HI
 soc_top_11/HI
 soc_top_12/HI
 soc_top_13/HI
 soc_top_14/HI
 soc_top_15/HI
 soc_top_16/HI
 soc_top_17/HI
 soc_top_18/HI
 soc_top_19/HI
 soc_top_20/HI
 soc_top_21/HI
 soc_top_22/HI
 soc_top_23/HI
 soc_top_24/HI
 soc_top_25/HI
 soc_top_26/HI
 soc_top_27/HI
 soc_top_28/HI
 soc_top_29/HI
 soc_top_30/HI
 soc_top_31/HI
 soc_top_32/HI
 soc_top_33/HI
 soc_top_34/HI
 soc_top_35/HI
 soc_top_36/HI
 soc_top_37/HI
 soc_top_38/HI
 soc_top_39/HI
 soc_top_40/HI
 soc_top_41/HI
 soc_top_42/HI
 soc_top_43/HI
 soc_top_44/HI
 soc_top_45/HI
 soc_top_46/HI
 soc_top_47/HI
 soc_top_48/HI
 soc_top_49/HI
 soc_top_50/HI
 soc_top_51/HI
 soc_top_52/HI
 soc_top_53/HI
 soc_top_54/HI
 soc_top_55/HI
 soc_top_56/HI
 soc_top_57/HI
 soc_top_58/HI
 soc_top_59/HI
 soc_top_60/HI
 soc_top_61/HI
 soc_top_62/HI
 soc_top_63/HI
 soc_top_64/HI
 soc_top_65/HI
 soc_top_66/HI
 soc_top_8/HI
 soc_top_9/HI
Found 0 partially unannotated drivers.

===========================================================================
max slew violation count 0
max fanout violation count 0
max cap violation count 0
============================================================================

===========================================================================
check_setup -verbose -unconstrained_endpoints -multiple_clock -no_clock -no_input_delay -loops -generated_clocks
===========================================================================
