Clock: clk
Sources: clk 
Generated: no
Virtual: yes
Propagated: no
Period: 20.000000

===========================================================================
report_clock_properties
============================================================================
Clock                   Period          Waveform
----------------------------------------------------
clk                  20.000000    0.000000 10.000000

===========================================================================
report_clock_latency
============================================================================
Clock clk
rise -> rise
    min     max
0.000000 0.000000 source latency
0.441977         network latency _31_/CLK
        0.493792 network latency _26_/CLK
---------------
0.441977 0.493792 latency
        0.051815 skew

fall -> fall
    min     max
0.000000 0.000000 source latency
0.450592         network latency _31_/CLK
        0.502880 network latency _26_/CLK
---------------
0.450592 0.502880 latency
        0.052287 skew



===========================================================================
report_clock_min_period
============================================================================
clk period_min = 4.40 fmax = 227.09
