Clock: clk
Sources: clk 
Generated: no
Virtual: no
Propagated: no
Period: 10.000000

===========================================================================
report_clock_properties
============================================================================
Clock                   Period          Waveform
----------------------------------------------------
clk                  10.000000    0.000000  5.000000

===========================================================================
report_clock_latency
============================================================================
Clock clk
rise -> rise
    min     max
0.000000 0.000000 source latency
0.187373         network latency _186_/CLK
        0.187373 network latency _186_/CLK
---------------
0.187373 0.187373 latency
        0.000000 skew

fall -> fall
    min     max
0.000000 0.000000 source latency
0.081422         network latency _186_/CLK
        0.081422 network latency _186_/CLK
---------------
0.081422 0.081422 latency
        0.000000 skew



===========================================================================
report_clock_min_period
============================================================================
clk period_min = 1.41 fmax = 711.52
