
===========================================================================
report_checks -unconstrained
===========================================================================
======================= nom_tt_025C_1v80 Corner ===================================

Startpoint: _1056_ (rising edge-triggered flip-flop clocked by clk)
Endpoint: _1155_ (recovery check against rising-edge clock clk)
Path Group: asynchronous
Path Type: max

Fanout         Cap        Slew       Delay        Time   Description
---------------------------------------------------------------------------------------------
                                  0.000000    0.000000   clock clk (rise edge)
                                  0.000000    0.000000   clock source latency
   196    0.487655    0.000000    0.000000    0.000000 ^ clk (in)
                                                         clk (net)
                      0.015566    0.007783    0.007783 ^ _1056_/CLK (sky130_fd_sc_hd__dfrtp_2)
   194    0.819377    3.783620    2.941055    2.948838 ^ _1056_/Q (sky130_fd_sc_hd__dfrtp_2)
                                                         per_core[0].u_core.rst_n (net)
                      3.783680    0.012883    2.961721 ^ _1155_/RESET_B (sky130_fd_sc_hd__dfrtp_2)
                                              2.961721   data arrival time

                                 50.000000   50.000000   clock clk (rise edge)
                                  0.000000   50.000000   clock source latency
   196    0.487655    0.000000    0.000000   50.000000 ^ clk (in)
                                                         clk (net)
                      0.006186    0.003094   50.003094 ^ _1155_/CLK (sky130_fd_sc_hd__dfrtp_2)
                                 -2.500000   47.503094   clock uncertainty
                                  0.000000   47.503094   clock reconvergence pessimism
                                 -1.086152   46.416943   library recovery time
                                             46.416943   data required time
---------------------------------------------------------------------------------------------
                                             46.416943   data required time
                                             -2.961721   data arrival time
---------------------------------------------------------------------------------------------
                                             43.455223   slack (MET)


Startpoint: _1153_ (rising edge-triggered flip-flop clocked by clk)
Endpoint: led[0] (output port clocked by clk)
Path Group: clk
Path Type: max

Fanout         Cap        Slew       Delay        Time   Description
---------------------------------------------------------------------------------------------
                                  0.000000    0.000000   clock clk (rise edge)
                                  0.000000    0.000000   clock source latency
   196    0.487655    0.000000    0.000000    0.000000 ^ clk (in)
                                                         clk (net)
                      0.011110    0.005555    0.005555 ^ _1153_/CLK (sky130_fd_sc_hd__dfrtp_2)
     5    0.017798    0.074639    0.417414    0.422969 v _1153_/Q (sky130_fd_sc_hd__dfrtp_2)
                                                         u_gpio.led0_cnt_q[0] (net)
                      0.074639    0.000119    0.423088 v _0632_/A (sky130_fd_sc_hd__or4_2)
     5    0.014160    0.143299    0.735485    1.158573 v _0632_/X (sky130_fd_sc_hd__or4_2)
                                                         _0230_ (net)
                      0.143299    0.000068    1.158641 v _0634_/D (sky130_fd_sc_hd__or4_2)
     5    0.013906    0.142710    0.633765    1.792406 v _0634_/X (sky130_fd_sc_hd__or4_2)
                                                         _0232_ (net)
                      0.142710    0.000118    1.792524 v _0636_/D (sky130_fd_sc_hd__or4_2)
     5    0.014146    0.143275    0.634559    2.427083 v _0636_/X (sky130_fd_sc_hd__or4_2)
                                                         _0234_ (net)
                      0.143275    0.000129    2.427212 v _0638_/D (sky130_fd_sc_hd__or4_2)
     5    0.014356    0.143770    0.635638    3.062849 v _0638_/X (sky130_fd_sc_hd__or4_2)
                                                         _0236_ (net)
                      0.143770    0.000133    3.062983 v _0640_/D (sky130_fd_sc_hd__or4_2)
     7    0.023483    0.168103    0.674003    3.736985 v _0640_/X (sky130_fd_sc_hd__or4_2)
                                                         _0238_ (net)
                      0.168103    0.000270    3.737256 v _0643_/C (sky130_fd_sc_hd__or4_2)
     3    0.011483    0.138384    0.698910    4.436166 v _0643_/X (sky130_fd_sc_hd__or4_2)
                                                         _0241_ (net)
                      0.138384    0.000047    4.436213 v _0644_/B (sky130_fd_sc_hd__nor2_2)
    21    0.118585    1.235526    0.963400    5.399613 ^ _0644_/Y (sky130_fd_sc_hd__nor2_2)
                                                         _0242_ (net)
                      1.235526    0.000474    5.400087 ^ _0645_/A (sky130_fd_sc_hd__inv_2)
     1    0.001903    0.118445    0.012115    5.412201 v _0645_/Y (sky130_fd_sc_hd__inv_2)
                                                         u_gpio.led0_active (net)
                      0.118445    0.000002    5.412204 v _1201_/A (sky130_fd_sc_hd__buf_2)
     1    0.051437    0.123332    0.242196    5.654399 v _1201_/X (sky130_fd_sc_hd__buf_2)
                                                         led[0] (net)
                      0.123332    0.000481    5.654880 v led[0] (out)
                                              5.654880   data arrival time

                                 50.000000   50.000000   clock clk (rise edge)
                                  0.000000   50.000000   clock network delay (propagated)
                                 -2.500000   47.500000   clock uncertainty
                                  0.000000   47.500000   clock reconvergence pessimism
                                -10.000000   37.500000   output external delay
                                             37.500000   data required time
---------------------------------------------------------------------------------------------
                                             37.500000   data required time
                                             -5.654880   data arrival time
---------------------------------------------------------------------------------------------
                                             31.845119   slack (MET)




===========================================================================
report_checks --slack_max -0.01
============================================================================
======================= nom_tt_025C_1v80 Corner ===================================

No paths found.


===========================================================================
 report_check_types -max_slew -max_cap -max_fanout -violators
============================================================================
======================= nom_tt_025C_1v80 Corner ===================================

max slew

Pin                                        Limit        Slew       Slack
------------------------------------------------------------------------
_1153_/RESET_B                          1.500000    3.783678   -2.283678 (VIOLATED)
_1154_/RESET_B                          1.500000    3.783679   -2.283679 (VIOLATED)
_1155_/RESET_B                          1.500000    3.783680   -2.283680 (VIOLATED)
_1156_/RESET_B                          1.500000    3.783680   -2.283680 (VIOLATED)
_1157_/RESET_B                          1.500000    3.783681   -2.283681 (VIOLATED)
_1158_/RESET_B                          1.500000    3.783681   -2.283681 (VIOLATED)
_1159_/RESET_B                          1.500000    3.783681   -2.283681 (VIOLATED)
_1173_/RESET_B                          1.500000    3.783677   -2.283677 (VIOLATED)
_1174_/RESET_B                          1.500000    3.783678   -2.283678 (VIOLATED)
_1160_/RESET_B                          1.500000    3.783673   -2.283673 (VIOLATED)
_1161_/RESET_B                          1.500000    3.783673   -2.283673 (VIOLATED)
_1162_/RESET_B                          1.500000    3.783673   -2.283673 (VIOLATED)
_1163_/RESET_B                          1.500000    3.783672   -2.283672 (VIOLATED)
_1164_/RESET_B                          1.500000    3.783672   -2.283672 (VIOLATED)
_1165_/RESET_B                          1.500000    3.783671   -2.283671 (VIOLATED)
_1170_/RESET_B                          1.500000    3.783673   -2.283673 (VIOLATED)
_1171_/RESET_B                          1.500000    3.783674   -2.283674 (VIOLATED)
_1172_/RESET_B                          1.500000    3.783675   -2.283675 (VIOLATED)
_1077_/RESET_B                          1.500000    3.783669   -2.283669 (VIOLATED)
_1079_/RESET_B                          1.500000    3.783669   -2.283669 (VIOLATED)
_1141_/RESET_B                          1.500000    3.783668   -2.283668 (VIOLATED)
_1142_/RESET_B                          1.500000    3.783668   -2.283668 (VIOLATED)
_1143_/RESET_B                          1.500000    3.783668   -2.283668 (VIOLATED)
_1144_/RESET_B                          1.500000    3.783669   -2.283669 (VIOLATED)
_1145_/RESET_B                          1.500000    3.783669   -2.283669 (VIOLATED)
_1146_/RESET_B                          1.500000    3.783669   -2.283669 (VIOLATED)
_1166_/RESET_B                          1.500000    3.783669   -2.283669 (VIOLATED)
_1167_/RESET_B                          1.500000    3.783669   -2.283669 (VIOLATED)
_1168_/RESET_B                          1.500000    3.783669   -2.283669 (VIOLATED)
_1169_/RESET_B                          1.500000    3.783670   -2.283670 (VIOLATED)
_1029_/RESET_B                          1.500000    3.783665   -2.283665 (VIOLATED)
_1030_/RESET_B                          1.500000    3.783665   -2.283665 (VIOLATED)
_1076_/RESET_B                          1.500000    3.783666   -2.283666 (VIOLATED)
_1078_/SET_B                            1.500000    3.783666   -2.283666 (VIOLATED)
_1080_/RESET_B                          1.500000    3.783667   -2.283667 (VIOLATED)
_1131_/RESET_B                          1.500000    3.783664   -2.283664 (VIOLATED)
_1132_/RESET_B                          1.500000    3.783665   -2.283665 (VIOLATED)
_1133_/RESET_B                          1.500000    3.783666   -2.283666 (VIOLATED)
_1134_/RESET_B                          1.500000    3.783666   -2.283666 (VIOLATED)
_1147_/RESET_B                          1.500000    3.783665   -2.283666 (VIOLATED)
_1148_/RESET_B                          1.500000    3.783665   -2.283666 (VIOLATED)
_1149_/RESET_B                          1.500000    3.783666   -2.283666 (VIOLATED)
_1150_/RESET_B                          1.500000    3.783665   -2.283665 (VIOLATED)
_1151_/RESET_B                          1.500000    3.783665   -2.283665 (VIOLATED)
_1001_/RESET_B                          1.500000    3.783661   -2.283661 (VIOLATED)
_1002_/RESET_B                          1.500000    3.783662   -2.283662 (VIOLATED)
_1005_/RESET_B                          1.500000    3.783662   -2.283662 (VIOLATED)
_1152_/RESET_B                          1.500000    3.783664   -2.283664 (VIOLATED)
_1052_/SET_B                            1.500000    3.783660   -2.283660 (VIOLATED)
_1053_/RESET_B                          1.500000    3.783660   -2.283660 (VIOLATED)
_1054_/RESET_B                          1.500000    3.783660   -2.283660 (VIOLATED)
_1003_/RESET_B                          1.500000    3.783656   -2.283656 (VIOLATED)
_1007_/RESET_B                          1.500000    3.783658   -2.283658 (VIOLATED)
_1010_/RESET_B                          1.500000    3.783658   -2.283658 (VIOLATED)
_1015_/RESET_B                          1.500000    3.783658   -2.283659 (VIOLATED)
_1025_/RESET_B                          1.500000    3.783660   -2.283660 (VIOLATED)
_1026_/RESET_B                          1.500000    3.783658   -2.283658 (VIOLATED)
_1071_/RESET_B                          1.500000    3.783658   -2.283658 (VIOLATED)
_1109_/RESET_B                          1.500000    3.783659   -2.283659 (VIOLATED)
_1110_/RESET_B                          1.500000    3.783659   -2.283659 (VIOLATED)
_1111_/RESET_B                          1.500000    3.783659   -2.283659 (VIOLATED)
_1112_/RESET_B                          1.500000    3.783659   -2.283659 (VIOLATED)
_1125_/RESET_B                          1.500000    3.783658   -2.283658 (VIOLATED)
_1126_/RESET_B                          1.500000    3.783658   -2.283658 (VIOLATED)
_1127_/RESET_B                          1.500000    3.783658   -2.283658 (VIOLATED)
_1135_/RESET_B                          1.500000    3.783659   -2.283659 (VIOLATED)
_1136_/RESET_B                          1.500000    3.783659   -2.283659 (VIOLATED)
_1137_/RESET_B                          1.500000    3.783660   -2.283660 (VIOLATED)
_1138_/RESET_B                          1.500000    3.783660   -2.283660 (VIOLATED)
_1139_/RESET_B                          1.500000    3.783660   -2.283660 (VIOLATED)
_1140_/RESET_B                          1.500000    3.783660   -2.283660 (VIOLATED)
_1128_/RESET_B                          1.500000    3.783656   -2.283656 (VIOLATED)
_1129_/RESET_B                          1.500000    3.783655   -2.283655 (VIOLATED)
_1008_/RESET_B                          1.500000    3.783652   -2.283652 (VIOLATED)
_1011_/RESET_B                          1.500000    3.783653   -2.283653 (VIOLATED)
_1016_/RESET_B                          1.500000    3.783653   -2.283653 (VIOLATED)
_1130_/RESET_B                          1.500000    3.783653   -2.283653 (VIOLATED)
_1004_/RESET_B                          1.500000    3.783649   -2.283649 (VIOLATED)
_1017_/RESET_B                          1.500000    3.783647   -2.283647 (VIOLATED)
_1019_/RESET_B                          1.500000    3.783649   -2.283649 (VIOLATED)
_1020_/RESET_B                          1.500000    3.783647   -2.283647 (VIOLATED)
_1021_/RESET_B                          1.500000    3.783647   -2.283647 (VIOLATED)
_1023_/RESET_B                          1.500000    3.783649   -2.283649 (VIOLATED)
_1024_/RESET_B                          1.500000    3.783647   -2.283647 (VIOLATED)
_1049_/SET_B                            1.500000    3.783648   -2.283648 (VIOLATED)
_1050_/RESET_B                          1.500000    3.783648   -2.283648 (VIOLATED)
_1051_/RESET_B                          1.500000    3.783648   -2.283648 (VIOLATED)
_1074_/RESET_B                          1.500000    3.783649   -2.283649 (VIOLATED)
_1075_/RESET_B                          1.500000    3.783650   -2.283650 (VIOLATED)
_1081_/SET_B                            1.500000    3.783646   -2.283646 (VIOLATED)
_1082_/SET_B                            1.500000    3.783646   -2.283646 (VIOLATED)
_1083_/RESET_B                          1.500000    3.783646   -2.283646 (VIOLATED)
_1087_/RESET_B                          1.500000    3.783648   -2.283648 (VIOLATED)
_1113_/RESET_B                          1.500000    3.783650   -2.283650 (VIOLATED)
_1114_/RESET_B                          1.500000    3.783650   -2.283650 (VIOLATED)
_1115_/RESET_B                          1.500000    3.783650   -2.283650 (VIOLATED)
_1088_/RESET_B                          1.500000    3.783647   -2.283647 (VIOLATED)
_1116_/RESET_B                          1.500000    3.783649   -2.283649 (VIOLATED)
_1089_/RESET_B                          1.500000    3.783647   -2.283647 (VIOLATED)
_1090_/RESET_B                          1.500000    3.783646   -2.283646 (VIOLATED)
_1117_/RESET_B                          1.500000    3.783649   -2.283649 (VIOLATED)
_1118_/RESET_B                          1.500000    3.783649   -2.283649 (VIOLATED)
_1119_/RESET_B                          1.500000    3.783648   -2.283648 (VIOLATED)
_1120_/RESET_B                          1.500000    3.783648   -2.283648 (VIOLATED)
_1121_/RESET_B                          1.500000    3.783648   -2.283648 (VIOLATED)
_1006_/RESET_B                          1.500000    3.783643   -2.283643 (VIOLATED)
_1009_/RESET_B                          1.500000    3.783644   -2.283644 (VIOLATED)
_1013_/RESET_B                          1.500000    3.783645   -2.283645 (VIOLATED)
_1047_/RESET_B                          1.500000    3.783645   -2.283646 (VIOLATED)
_1048_/RESET_B                          1.500000    3.783645   -2.283646 (VIOLATED)
_1122_/RESET_B                          1.500000    3.783647   -2.283647 (VIOLATED)
_1123_/RESET_B                          1.500000    3.783647   -2.283647 (VIOLATED)
_1124_/RESET_B                          1.500000    3.783647   -2.283647 (VIOLATED)
_1012_/RESET_B                          1.500000    3.783642   -2.283642 (VIOLATED)
_1014_/RESET_B                          1.500000    3.783644   -2.283644 (VIOLATED)
_1027_/RESET_B                          1.500000    3.783642   -2.283642 (VIOLATED)
_1028_/RESET_B                          1.500000    3.783643   -2.283643 (VIOLATED)
_1069_/RESET_B                          1.500000    3.783643   -2.283643 (VIOLATED)
_1070_/RESET_B                          1.500000    3.783643   -2.283643 (VIOLATED)
_1091_/RESET_B                          1.500000    3.783644   -2.283644 (VIOLATED)
_1092_/RESET_B                          1.500000    3.783643   -2.283643 (VIOLATED)
_1093_/RESET_B                          1.500000    3.783645   -2.283645 (VIOLATED)
_1094_/RESET_B                          1.500000    3.783644   -2.283644 (VIOLATED)
_1018_/RESET_B                          1.500000    3.783639   -2.283639 (VIOLATED)
_1022_/RESET_B                          1.500000    3.783639   -2.283639 (VIOLATED)
_1031_/RESET_B                          1.500000    3.783636   -2.283636 (VIOLATED)
_1032_/RESET_B                          1.500000    3.783636   -2.283636 (VIOLATED)
_1033_/RESET_B                          1.500000    3.783636   -2.283636 (VIOLATED)
_1034_/RESET_B                          1.500000    3.783635   -2.283635 (VIOLATED)
_1035_/RESET_B                          1.500000    3.783635   -2.283635 (VIOLATED)
_1036_/RESET_B                          1.500000    3.783635   -2.283635 (VIOLATED)
_1037_/RESET_B                          1.500000    3.783635   -2.283635 (VIOLATED)
_1038_/RESET_B                          1.500000    3.783635   -2.283635 (VIOLATED)
_1039_/RESET_B                          1.500000    3.783635   -2.283635 (VIOLATED)
_1061_/RESET_B                          1.500000    3.783637   -2.283637 (VIOLATED)
_1062_/RESET_B                          1.500000    3.783637   -2.283637 (VIOLATED)
_1072_/RESET_B                          1.500000    3.783636   -2.283636 (VIOLATED)
_1073_/RESET_B                          1.500000    3.783636   -2.283636 (VIOLATED)
_1095_/RESET_B                          1.500000    3.783637   -2.283637 (VIOLATED)
_1096_/RESET_B                          1.500000    3.783637   -2.283637 (VIOLATED)
_1040_/RESET_B                          1.500000    3.783632   -2.283632 (VIOLATED)
_1041_/RESET_B                          1.500000    3.783631   -2.283631 (VIOLATED)
_1042_/RESET_B                          1.500000    3.783631   -2.283631 (VIOLATED)
_1043_/RESET_B                          1.500000    3.783631   -2.283631 (VIOLATED)
_1044_/RESET_B                          1.500000    3.783632   -2.283632 (VIOLATED)
_1045_/SET_B                            1.500000    3.783633   -2.283633 (VIOLATED)
_1046_/RESET_B                          1.500000    3.783632   -2.283632 (VIOLATED)
_1059_/RESET_B                          1.500000    3.783633   -2.283633 (VIOLATED)
_1060_/RESET_B                          1.500000    3.783633   -2.283633 (VIOLATED)
_1084_/SET_B                            1.500000    3.783633   -2.283633 (VIOLATED)
_1085_/SET_B                            1.500000    3.783633   -2.283633 (VIOLATED)
_1086_/RESET_B                          1.500000    3.783633   -2.283633 (VIOLATED)
_1194_/RESET_B                          1.500000    3.783633   -2.283633 (VIOLATED)
_1185_/RESET_B                          1.500000    3.783631   -2.283631 (VIOLATED)
_1186_/RESET_B                          1.500000    3.783631   -2.283631 (VIOLATED)
_1191_/RESET_B                          1.500000    3.783630   -2.283630 (VIOLATED)
_1192_/RESET_B                          1.500000    3.783632   -2.283632 (VIOLATED)
_1193_/RESET_B                          1.500000    3.783632   -2.283632 (VIOLATED)
_1195_/RESET_B                          1.500000    3.783633   -2.283633 (VIOLATED)
_1196_/RESET_B                          1.500000    3.783634   -2.283634 (VIOLATED)
_1057_/RESET_B                          1.500000    3.783629   -2.283629 (VIOLATED)
_1058_/RESET_B                          1.500000    3.783629   -2.283629 (VIOLATED)
_1097_/RESET_B                          1.500000    3.783630   -2.283630 (VIOLATED)
_1098_/RESET_B                          1.500000    3.783629   -2.283630 (VIOLATED)
_1175_/RESET_B                          1.500000    3.783626   -2.283626 (VIOLATED)
_1176_/RESET_B                          1.500000    3.783628   -2.283628 (VIOLATED)
_1177_/RESET_B                          1.500000    3.783628   -2.283628 (VIOLATED)
_1178_/RESET_B                          1.500000    3.783628   -2.283628 (VIOLATED)
_1179_/RESET_B                          1.500000    3.783629   -2.283630 (VIOLATED)
_1180_/RESET_B                          1.500000    3.783629   -2.283630 (VIOLATED)
_1181_/RESET_B                          1.500000    3.783629   -2.283630 (VIOLATED)
_1182_/RESET_B                          1.500000    3.783627   -2.283627 (VIOLATED)
_1183_/RESET_B                          1.500000    3.783627   -2.283627 (VIOLATED)
_1184_/RESET_B                          1.500000    3.783628   -2.283628 (VIOLATED)
_1187_/RESET_B                          1.500000    3.783629   -2.283629 (VIOLATED)
_1188_/RESET_B                          1.500000    3.783629   -2.283629 (VIOLATED)
_1189_/RESET_B                          1.500000    3.783630   -2.283630 (VIOLATED)
_1190_/RESET_B                          1.500000    3.783630   -2.283630 (VIOLATED)
_1063_/RESET_B                          1.500000    3.783625   -2.283625 (VIOLATED)
_1064_/RESET_B                          1.500000    3.783625   -2.283625 (VIOLATED)
_1065_/RESET_B                          1.500000    3.783626   -2.283627 (VIOLATED)
_1066_/RESET_B                          1.500000    3.783626   -2.283627 (VIOLATED)
_1067_/RESET_B                          1.500000    3.783620   -2.283620 (VIOLATED)
_1068_/RESET_B                          1.500000    3.783620   -2.283620 (VIOLATED)
_1099_/RESET_B                          1.500000    3.783620   -2.283620 (VIOLATED)
_1100_/RESET_B                          1.500000    3.783620   -2.283620 (VIOLATED)
_1101_/RESET_B                          1.500000    3.783620   -2.283620 (VIOLATED)
_1102_/RESET_B                          1.500000    3.783620   -2.283620 (VIOLATED)
_1103_/RESET_B                          1.500000    3.783620   -2.283620 (VIOLATED)
_1104_/RESET_B                          1.500000    3.783620   -2.283620 (VIOLATED)
_1105_/RESET_B                          1.500000    3.783620   -2.283620 (VIOLATED)
_1106_/RESET_B                          1.500000    3.783620   -2.283620 (VIOLATED)
_1107_/RESET_B                          1.500000    3.783620   -2.283620 (VIOLATED)
_1108_/RESET_B                          1.500000    3.783620   -2.283620 (VIOLATED)
_1056_/Q                                1.504316    3.783620   -2.279304 (VIOLATED)

max fanout

Pin                                   Limit Fanout  Slack
---------------------------------------------------------
clk                                       8    196   -188 (VIOLATED)
_1056_/Q                                  8    194   -186 (VIOLATED)
_0695_/Y                                  8     22    -14 (VIOLATED)
_0752_/Y                                  8     22    -14 (VIOLATED)
_0808_/Y                                  8     22    -14 (VIOLATED)
_0598_/Y                                  8     21    -13 (VIOLATED)
_0613_/Y                                  8     21    -13 (VIOLATED)
_0629_/Y                                  8     21    -13 (VIOLATED)
_0644_/Y                                  8     21    -13 (VIOLATED)
_1071_/Q                                  8     19    -11 (VIOLATED)
_0575_/Y                                  8     18    -10 (VIOLATED)
_1046_/Q                                  8     16     -8 (VIOLATED)
_1069_/Q                                  8     13     -5 (VIOLATED)
_0465_/X                                  8     12     -4 (VIOLATED)
_1070_/Q                                  8     12     -4 (VIOLATED)
_0971_/X                                  8     10     -2 (VIOLATED)
_0970_/Y                                  8      9        (VIOLATED)

max capacitance

Pin                                        Limit         Cap       Slack
------------------------------------------------------------------------
_1056_/Q                                0.322276    0.819377   -0.497101 (VIOLATED)



===========================================================================
report_parasitic_annotation -report_unannotated
============================================================================
Found 5 unannotated drivers.
 uart_rx
 _1197_/LO
 _1198_/HI
 _1199_/HI
 _1200_/HI
Found 0 partially unannotated drivers.

===========================================================================
max slew violation count 195
Writing metric design__max_slew_violation__count__corner:nom_tt_025C_1v80: 195
max fanout violation count 17
Writing metric design__max_fanout_violation__count__corner:nom_tt_025C_1v80: 17
max cap violation count 1
Writing metric design__max_cap_violation__count__corner:nom_tt_025C_1v80: 1
============================================================================

===========================================================================
check_setup -verbose -unconstrained_endpoints -multiple_clock -no_clock -no_input_delay -loops -generated_clocks
===========================================================================
Warning: There is 1 input port missing set_input_delay.
  rst_n
