Clock: clk
Sources: clk 
Generated: no
Virtual: yes
Propagated: no
Period: 50.000000

===========================================================================
report_clock_properties
============================================================================
Clock                   Period          Waveform
----------------------------------------------------
clk                  50.000000    0.000000 25.000000

===========================================================================
report_clock_latency
============================================================================
Clock clk
rise -> rise
    min     max
0.000000 0.000000 source latency
0.001366         network latency _1117_/CLK
        0.010293 network latency _1034_/CLK
---------------
0.001366 0.010293 latency
        0.008927 skew

fall -> fall
    min     max
0.000000 0.000000 source latency
0.001284         network latency _1117_/CLK
        0.009669 network latency _1034_/CLK
---------------
0.001284 0.009669 latency
        0.008384 skew



===========================================================================
report_clock_min_period
============================================================================
clk period_min = 8.17 fmax = 122.46
