Clock: clk
Sources: clk 
Generated: no
Virtual: yes
Propagated: no
Period: 20.000000

===========================================================================
report_clock_properties
============================================================================
Clock                   Period          Waveform
----------------------------------------------------
clk                  20.000000    0.000000 10.000000

===========================================================================
report_clock_latency
============================================================================
Clock clk
rise -> rise
    min     max
0.000000 0.000000 source latency
1.394942         network latency _17704_/CLK
        2.084295 network latency _17071_/CLK
---------------
1.394942 2.084295 latency
        0.689353 skew

fall -> fall
    min     max
0.000000 0.000000 source latency
1.238679         network latency _17704_/CLK
        1.838810 network latency _17071_/CLK
---------------
1.238679 1.838810 latency
        0.600131 skew



===========================================================================
report_clock_min_period
============================================================================
clk period_min = 17.68 fmax = 56.56
