Reading timing models for corner nom_tt_025C_1v80…
Reading timing library for the 'nom_tt_025C_1v80' corner at '/home/cl4/.ciel/ciel/sky130/versions/8afc8346a57fe1ab7934ba5a6056ea8b43078e71/sky130A/libs.ref/sky130_fd_sc_hd/lib/sky130_fd_sc_hd__tt_025C_1v80.lib'…
Reading OpenROAD database at '/home/cl4/Desktop/training/asic/runs/RUN_2026-09-13_16-01-18/39-openroad-globalrouting/dual_core_soc.odb'…
Reading design constraints file at '/home/cl4/Desktop/training/asic/src/impl.sdc'…
[INFO] No information on clock propagation in input SDC file-- propagating all clocks.
+ repair_antennas sky130_fd_sc_hd__diode_2 -iterations 3 -ratio_margin 10
[INFO GRT-0012] Found 57 antenna violations.
[INFO GRT-0302] Inserted 67 jumpers for 55 nets.
[INFO GRT-0012] Found 4 antenna violations.
[INFO GRT-0015] Inserted 10 diodes.
[INFO GRT-0012] Found 10 antenna violations.
[INFO GRT-0302] Inserted 13 jumpers for 10 nets.
[INFO GRT-0012] Found 0 antenna violations.
Setting global connections for newly added cells…
[INFO] Setting global connections...
[INFO ODB-0403] 40 connections made, 0 conflicts skipped.
Updating metrics…
Cell type report:                       Count       Area
  Fill cell                               688    2582.48
  Tap cell                              12456   15584.95
  Antenna cell                             10      25.02
  Clock buffer                            445    5855.62
  Timing Repair Buffer                   3266   30691.94
  Inverter                                134     502.98
  Clock inverter                          246    3183.05
  Sequential cell                        2839   60391.67
  Multi-Input combinational cell         7424   77337.92
  Total                                 27508  196155.63
Writing OpenROAD database to '/home/cl4/Desktop/training/asic/runs/RUN_2026-09-13_16-01-18/42-openroad-repairantennas/1-openroad-diodeinsertion/dual_core_soc.odb'…
Writing layout to '/home/cl4/Desktop/training/asic/runs/RUN_2026-09-13_16-01-18/42-openroad-repairantennas/1-openroad-diodeinsertion/dual_core_soc.def'…
