Clock: clk
Sources: clk 
Generated: no
Virtual: yes
Propagated: no
Period: 20.000000

===========================================================================
report_clock_properties
============================================================================
Clock                   Period          Waveform
----------------------------------------------------
clk                  20.000000    0.000000 10.000000

===========================================================================
report_clock_latency
============================================================================
Clock clk
rise -> rise
    min     max
0.000000 0.000000 source latency
0.249866         network latency _31_/CLK
        0.279780 network latency _26_/CLK
---------------
0.249866 0.279780 latency
        0.029914 skew

fall -> fall
    min     max
0.000000 0.000000 source latency
0.249016         network latency _31_/CLK
        0.278265 network latency _26_/CLK
---------------
0.249016 0.278265 latency
        0.029249 skew



===========================================================================
report_clock_min_period
============================================================================
clk period_min = 2.19 fmax = 456.74
