Reading timing models for corner max_tt_025C_1v80…
Reading timing library for the 'max_tt_025C_1v80' corner at '/home/cl4/.ciel/ciel/sky130/versions/8afc8346a57fe1ab7934ba5a6056ea8b43078e71/sky130A/libs.ref/sky130_fd_sc_hd/lib/sky130_fd_sc_hd__tt_025C_1v80.lib'…
Reading timing models for corner min_ss_100C_1v60…
Reading timing library for the 'min_ss_100C_1v60' corner at '/home/cl4/.ciel/ciel/sky130/versions/8afc8346a57fe1ab7934ba5a6056ea8b43078e71/sky130A/libs.ref/sky130_fd_sc_hd/lib/sky130_fd_sc_hd__ss_100C_1v60.lib'…
Reading timing models for corner nom_tt_025C_1v80…
Reading timing library for the 'nom_tt_025C_1v80' corner at '/home/cl4/.ciel/ciel/sky130/versions/8afc8346a57fe1ab7934ba5a6056ea8b43078e71/sky130A/libs.ref/sky130_fd_sc_hd/lib/sky130_fd_sc_hd__tt_025C_1v80.lib'…
[WARNING STA-1140] /home/cl4/.ciel/ciel/sky130/versions/8afc8346a57fe1ab7934ba5a6056ea8b43078e71/sky130A/libs.ref/sky130_fd_sc_hd/lib/sky130_fd_sc_hd__tt_025C_1v80.lib line 1, library sky130_fd_sc_hd__tt_025C_1v80 already exists.
Reading timing models for corner max_ff_n40C_1v95…
Reading timing library for the 'max_ff_n40C_1v95' corner at '/home/cl4/.ciel/ciel/sky130/versions/8afc8346a57fe1ab7934ba5a6056ea8b43078e71/sky130A/libs.ref/sky130_fd_sc_hd/lib/sky130_fd_sc_hd__ff_n40C_1v95.lib'…
Reading timing models for corner nom_ff_n40C_1v95…
Reading timing library for the 'nom_ff_n40C_1v95' corner at '/home/cl4/.ciel/ciel/sky130/versions/8afc8346a57fe1ab7934ba5a6056ea8b43078e71/sky130A/libs.ref/sky130_fd_sc_hd/lib/sky130_fd_sc_hd__ff_n40C_1v95.lib'…
[WARNING STA-1140] /home/cl4/.ciel/ciel/sky130/versions/8afc8346a57fe1ab7934ba5a6056ea8b43078e71/sky130A/libs.ref/sky130_fd_sc_hd/lib/sky130_fd_sc_hd__ff_n40C_1v95.lib line 1, library sky130_fd_sc_hd__ff_n40C_1v95 already exists.
Reading timing models for corner max_ss_100C_1v60…
Reading timing library for the 'max_ss_100C_1v60' corner at '/home/cl4/.ciel/ciel/sky130/versions/8afc8346a57fe1ab7934ba5a6056ea8b43078e71/sky130A/libs.ref/sky130_fd_sc_hd/lib/sky130_fd_sc_hd__ss_100C_1v60.lib'…
[WARNING STA-1140] /home/cl4/.ciel/ciel/sky130/versions/8afc8346a57fe1ab7934ba5a6056ea8b43078e71/sky130A/libs.ref/sky130_fd_sc_hd/lib/sky130_fd_sc_hd__ss_100C_1v60.lib line 1, library sky130_fd_sc_hd__ss_100C_1v60 already exists.
Reading timing models for corner min_tt_025C_1v80…
Reading timing library for the 'min_tt_025C_1v80' corner at '/home/cl4/.ciel/ciel/sky130/versions/8afc8346a57fe1ab7934ba5a6056ea8b43078e71/sky130A/libs.ref/sky130_fd_sc_hd/lib/sky130_fd_sc_hd__tt_025C_1v80.lib'…
[WARNING STA-1140] /home/cl4/.ciel/ciel/sky130/versions/8afc8346a57fe1ab7934ba5a6056ea8b43078e71/sky130A/libs.ref/sky130_fd_sc_hd/lib/sky130_fd_sc_hd__tt_025C_1v80.lib line 1, library sky130_fd_sc_hd__tt_025C_1v80 already exists.
Reading timing models for corner nom_ss_100C_1v60…
Reading timing library for the 'nom_ss_100C_1v60' corner at '/home/cl4/.ciel/ciel/sky130/versions/8afc8346a57fe1ab7934ba5a6056ea8b43078e71/sky130A/libs.ref/sky130_fd_sc_hd/lib/sky130_fd_sc_hd__ss_100C_1v60.lib'…
[WARNING STA-1140] /home/cl4/.ciel/ciel/sky130/versions/8afc8346a57fe1ab7934ba5a6056ea8b43078e71/sky130A/libs.ref/sky130_fd_sc_hd/lib/sky130_fd_sc_hd__ss_100C_1v60.lib line 1, library sky130_fd_sc_hd__ss_100C_1v60 already exists.
Reading timing models for corner min_ff_n40C_1v95…
Reading timing library for the 'min_ff_n40C_1v95' corner at '/home/cl4/.ciel/ciel/sky130/versions/8afc8346a57fe1ab7934ba5a6056ea8b43078e71/sky130A/libs.ref/sky130_fd_sc_hd/lib/sky130_fd_sc_hd__ff_n40C_1v95.lib'…
[WARNING STA-1140] /home/cl4/.ciel/ciel/sky130/versions/8afc8346a57fe1ab7934ba5a6056ea8b43078e71/sky130A/libs.ref/sky130_fd_sc_hd/lib/sky130_fd_sc_hd__ff_n40C_1v95.lib line 1, library sky130_fd_sc_hd__ff_n40C_1v95 already exists.
Reading OpenROAD database at '/home/cl4/Desktop/training/asic/runs/RUN_2026-09-13_16-01-18/35-openroad-cts/dual_core_soc.odb'…
Reading design constraints file at '/home/cl4/Desktop/training/asic/src/impl.sdc'…
[INFO] No information on clock propagation in input SDC file-- propagating all clocks.
+ repair_timing -verbose -setup -setup_margin 0.05000000000000000277555756156289135105907917022705078125 -max_buffer_percent 10.0 -repair_tns 25.0
[INFO RSZ-0100] Repair move sequence: UnbufferMove SizeUpMove SwapPinsMove BufferMove CloneMove SplitLoadMove 
[INFO RSZ-0098] No setup violations found
+ repair_timing -verbose -hold -setup_margin 0.05000000000000000277555756156289135105907917022705078125 -hold_margin 0.1000000000000000055511151231257827021181583404541015625 -max_buffer_percent 50.0 -allow_setup_violations
[INFO RSZ-0046] Found 2663 endpoints with hold violations.
Iteration | Resized | Buffers | Cloned Gates |   Area   |   WNS   |   TNS   | Endpoint
--------------------------------------------------------------------------------------
        0 |       0 |       0 |            0 |    +0.0% |  -0.051 |  -1.508 | _15244_/D
       10 |       0 |       9 |            0 |    +0.1% |  -0.047 |  -1.068 | _15246_/D
       20 |       0 |      19 |            0 |    +0.1% |  -0.045 |  -0.605 | _15256_/D
       30 |       0 |      29 |            0 |    +0.2% |  -0.037 |  -0.190 | _15241_/D
       40 |       0 |      42 |            0 |    +0.3% |   0.010 |   0.000 | _15303_/D
       50 |       0 |      53 |            0 |    +0.4% |   0.012 |   0.000 | _15443_/D
       60 |       0 |      63 |            0 |    +0.4% |   0.012 |   0.000 | _15495_/D
       70 |       0 |      73 |            0 |    +0.5% |   0.013 |   0.000 | _15548_/D
       80 |       0 |      83 |            0 |    +0.6% |   0.014 |   0.000 | _15559_/D
       90 |       0 |      93 |            0 |    +0.6% |   0.014 |   0.000 | _15404_/D
      100 |       0 |     103 |            0 |    +0.7% |   0.015 |   0.000 | _15412_/D
      110 |       0 |     114 |            0 |    +0.8% |   0.016 |   0.000 | _15576_/D
      120 |       0 |     125 |            0 |    +0.8% |   0.016 |   0.000 | _15442_/D
      130 |       0 |     135 |            0 |    +0.9% |   0.017 |   0.000 | _16281_/D
      140 |       0 |     145 |            0 |    +1.0% |   0.017 |   0.000 | _15410_/D
      150 |       0 |     155 |            0 |    +1.0% |   0.018 |   0.000 | _15562_/D
      160 |       0 |     165 |            0 |    +1.1% |   0.018 |   0.000 | _17246_/D
      170 |       0 |     176 |            0 |    +1.2% |   0.018 |   0.000 | _15574_/D
      180 |       0 |     186 |            0 |    +1.2% |   0.018 |   0.000 | _17485_/D
      190 |       0 |     197 |            0 |    +1.3% |   0.019 |   0.000 | _17341_/D
      200 |       0 |     207 |            0 |    +1.4% |   0.019 |   0.000 | _17274_/D
      210 |       0 |     217 |            0 |    +1.4% |   0.019 |   0.000 | _17450_/D
      220 |       0 |     228 |            0 |    +1.5% |   0.019 |   0.000 | _17623_/D
      230 |       0 |     238 |            0 |    +1.6% |   0.019 |   0.000 | _16537_/D
      240 |       0 |     248 |            0 |    +1.6% |   0.019 |   0.000 | _17179_/D
      250 |       0 |     258 |            0 |    +1.7% |   0.019 |   0.000 | _17235_/D
      260 |       0 |     269 |            0 |    +1.8% |   0.019 |   0.000 | _17183_/D
      270 |       0 |     281 |            0 |    +1.9% |   0.019 |   0.000 | _15824_/D
      280 |       0 |     291 |            0 |    +1.9% |   0.019 |   0.000 | _15494_/D
      290 |       0 |     301 |            0 |    +2.0% |   0.019 |   0.000 | _17279_/D
      300 |       0 |     311 |            0 |    +2.1% |   0.019 |   0.000 | _17470_/D
      310 |       0 |     321 |            0 |    +2.1% |   0.019 |   0.000 | _15492_/D
      320 |       0 |     331 |            0 |    +2.2% |   0.019 |   0.000 | _15627_/D
      330 |       0 |     341 |            0 |    +2.3% |   0.020 |   0.000 | _17115_/D
      340 |       0 |     352 |            0 |    +2.3% |   0.020 |   0.000 | _17134_/D
      350 |       0 |     362 |            0 |    +2.4% |   0.020 |   0.000 | _16642_/D
      360 |       0 |     372 |            0 |    +2.5% |   0.020 |   0.000 | _16300_/D
      370 |       0 |     382 |            0 |    +2.5% |   0.020 |   0.000 | _15606_/D
      380 |       0 |     392 |            0 |    +2.6% |   0.020 |   0.000 | _17941_/D
      390 |       0 |     403 |            0 |    +2.7% |   0.020 |   0.000 | _15708_/D
      400 |       0 |     413 |            0 |    +2.7% |   0.020 |   0.000 | _15893_/D
      410 |       0 |     424 |            0 |    +2.8% |   0.020 |   0.000 | _16639_/D
      420 |       0 |     434 |            0 |    +2.9% |   0.020 |   0.000 | _15953_/D
      430 |       0 |     444 |            0 |    +3.0% |   0.020 |   0.000 | _17416_/D
      440 |       0 |     455 |            0 |    +3.0% |   0.020 |   0.000 | _17553_/D
      450 |       0 |     466 |            0 |    +3.1% |   0.020 |   0.000 | _16052_/D
      460 |       0 |     476 |            0 |    +3.2% |   0.020 |   0.000 | _17429_/D
      470 |       0 |     486 |            0 |    +3.2% |   0.020 |   0.000 | _16417_/D
      480 |       0 |     496 |            0 |    +3.3% |   0.020 |   0.000 | _17055_/D
      490 |       0 |     507 |            0 |    +3.4% |   0.020 |   0.000 | _15454_/D
      500 |       0 |     517 |            0 |    +3.4% |   0.020 |   0.000 | _17093_/D
      510 |       0 |     527 |            0 |    +3.5% |   0.020 |   0.000 | _17593_/D
      520 |       0 |     537 |            0 |    +3.6% |   0.020 |   0.000 | _17310_/D
      530 |       0 |     547 |            0 |    +3.6% |   0.020 |   0.000 | _17463_/D
      540 |       0 |     557 |            0 |    +3.7% |   0.020 |   0.000 | _17180_/D
      550 |       0 |     568 |            0 |    +3.8% |   0.020 |   0.000 | _16470_/D
      560 |       0 |     578 |            0 |    +3.8% |   0.020 |   0.000 | _16540_/D
      570 |       0 |     588 |            0 |    +3.9% |   0.020 |   0.000 | _15545_/D
      580 |       0 |     599 |            0 |    +4.0% |   0.020 |   0.000 | _16125_/D
      590 |       0 |     609 |            0 |    +4.1% |   0.020 |   0.000 | _15902_/D
      600 |       0 |     620 |            0 |    +4.1% |   0.020 |   0.000 | _16124_/D
      610 |       0 |     630 |            0 |    +4.2% |   0.020 |   0.000 | _17099_/D
      620 |       0 |     640 |            0 |    +4.3% |   0.020 |   0.000 | _17292_/D
      630 |       0 |     652 |            0 |    +4.3% |   0.021 |   0.000 | _15864_/D
      640 |       0 |     663 |            0 |    +4.4% |   0.021 |   0.000 | _16629_/D
      650 |       0 |     673 |            0 |    +4.5% |   0.021 |   0.000 | _17625_/D
      660 |       0 |     683 |            0 |    +4.5% |   0.021 |   0.000 | _16452_/D
      670 |       0 |     693 |            0 |    +4.6% |   0.021 |   0.000 | _17018_/D
      680 |       0 |     704 |            0 |    +4.7% |   0.021 |   0.000 | _17272_/D
      690 |       0 |     715 |            0 |    +4.8% |   0.021 |   0.000 | _15610_/D
      700 |       0 |     725 |            0 |    +4.8% |   0.021 |   0.000 | _17181_/D
      710 |       0 |     736 |            0 |    +4.9% |   0.021 |   0.000 | _16154_/D
      720 |       0 |     746 |            0 |    +5.0% |   0.021 |   0.000 | _17422_/D
      730 |       0 |     756 |            0 |    +5.0% |   0.021 |   0.000 | _17337_/D
      740 |       0 |     766 |            0 |    +5.1% |   0.021 |   0.000 | _16391_/D
      750 |       0 |     776 |            0 |    +5.2% |   0.021 |   0.000 | _17133_/D
      760 |       0 |     786 |            0 |    +5.2% |   0.021 |   0.000 | _16293_/D
      770 |       0 |     796 |            0 |    +5.3% |   0.021 |   0.000 | _17313_/D
      780 |       0 |     807 |            0 |    +5.4% |   0.021 |   0.000 | _17524_/D
      790 |       0 |     817 |            0 |    +5.4% |   0.021 |   0.000 | _16641_/D
      800 |       0 |     828 |            0 |    +5.5% |   0.021 |   0.000 | _15975_/D
      810 |       0 |     838 |            0 |    +5.6% |   0.021 |   0.000 | _16999_/D
      820 |       0 |     848 |            0 |    +5.6% |   0.021 |   0.000 | _15597_/D
      830 |       0 |     858 |            0 |    +5.7% |   0.021 |   0.000 | _15626_/D
      840 |       0 |     868 |            0 |    +5.8% |   0.021 |   0.000 | _16400_/D
      850 |       0 |     878 |            0 |    +5.8% |   0.021 |   0.000 | _15912_/D
      860 |       0 |     889 |            0 |    +5.9% |   0.021 |   0.000 | _17226_/D
      870 |       0 |     899 |            0 |    +6.0% |   0.021 |   0.000 | _15633_/D
      880 |       0 |     909 |            0 |    +6.0% |   0.021 |   0.000 | _17555_/D
      890 |       0 |     919 |            0 |    +6.1% |   0.021 |   0.000 | _17286_/D
      900 |       0 |     929 |            0 |    +6.2% |   0.021 |   0.000 | _15613_/D
      910 |       0 |     939 |            0 |    +6.2% |   0.021 |   0.000 | _15376_/D
      920 |       0 |     949 |            0 |    +6.3% |   0.021 |   0.000 | _17987_/D
      930 |       0 |     960 |            0 |    +6.4% |   0.021 |   0.000 | _16729_/D
      940 |       0 |     970 |            0 |    +6.5% |   0.021 |   0.000 | _16578_/D
      950 |       0 |     981 |            0 |    +6.5% |   0.021 |   0.000 | _17080_/D
      960 |       0 |     992 |            0 |    +6.6% |   0.021 |   0.000 | _17063_/D
      970 |       0 |    1002 |            0 |    +6.7% |   0.021 |   0.000 | _17036_/D
      980 |       0 |    1012 |            0 |    +6.7% |   0.021 |   0.000 | _15853_/D
      990 |       0 |    1022 |            0 |    +6.8% |   0.022 |   0.000 | _17243_/D
     1000 |       0 |    1032 |            0 |    +6.9% |   0.022 |   0.000 | _17567_/D
     1010 |       0 |    1043 |            0 |    +6.9% |   0.022 |   0.000 | _15935_/D
     1020 |       0 |    1053 |            0 |    +7.0% |   0.022 |   0.000 | _15599_/D
     1030 |       0 |    1063 |            0 |    +7.1% |   0.022 |   0.000 | _15694_/D
     1040 |       0 |    1073 |            0 |    +7.1% |   0.022 |   0.000 | _16956_/D
     1050 |       0 |    1084 |            0 |    +7.2% |   0.022 |   0.000 | _16467_/D
     1060 |       0 |    1094 |            0 |    +7.3% |   0.022 |   0.000 | _16416_/D
     1070 |       0 |    1104 |            0 |    +7.3% |   0.022 |   0.000 | _17171_/D
     1080 |       0 |    1114 |            0 |    +7.4% |   0.022 |   0.000 | _17575_/D
     1090 |       0 |    1125 |            0 |    +7.5% |   0.022 |   0.000 | _15685_/D
     1100 |       0 |    1135 |            0 |    +7.5% |   0.022 |   0.000 | _16290_/D
     1110 |       0 |    1147 |            0 |    +7.6% |   0.022 |   0.000 | _16033_/D
     1120 |       0 |    1157 |            0 |    +7.7% |   0.022 |   0.000 | _16396_/D
     1130 |       0 |    1167 |            0 |    +7.8% |   0.022 |   0.000 | _17856_/D
     1140 |       0 |    1177 |            0 |    +7.8% |   0.022 |   0.000 | _16065_/D
     1150 |       0 |    1187 |            0 |    +7.9% |   0.022 |   0.000 | _16522_/D
     1160 |       0 |    1197 |            0 |    +8.0% |   0.022 |   0.000 | _16058_/D
     1170 |       0 |    1207 |            0 |    +8.0% |   0.022 |   0.000 | _16725_/D
     1180 |       0 |    1217 |            0 |    +8.1% |   0.022 |   0.000 | _16860_/D
     1190 |       0 |    1227 |            0 |    +8.2% |   0.022 |   0.000 | _17480_/D
     1200 |       0 |    1238 |            0 |    +8.2% |   0.022 |   0.000 | _15703_/D
     1210 |       0 |    1248 |            0 |    +8.3% |   0.022 |   0.000 | _16287_/D
     1220 |       0 |    1258 |            0 |    +8.4% |   0.022 |   0.000 | _17444_/D
     1230 |       0 |    1269 |            0 |    +8.4% |   0.022 |   0.000 | _16681_/D
     1240 |       0 |    1280 |            0 |    +8.5% |   0.022 |   0.000 | _16902_/D
     1250 |       0 |    1290 |            0 |    +8.6% |   0.022 |   0.000 | _17515_/D
     1260 |       0 |    1300 |            0 |    +8.6% |   0.022 |   0.000 | _16571_/D
     1270 |       0 |    1310 |            0 |    +8.7% |   0.022 |   0.000 | _17192_/D
     1280 |       0 |    1320 |            0 |    +8.8% |   0.022 |   0.000 | _15882_/D
     1290 |       0 |    1330 |            0 |    +8.8% |   0.022 |   0.000 | _16707_/D
     1300 |       0 |    1341 |            0 |    +8.9% |   0.022 |   0.000 | _16823_/D
     1310 |       0 |    1351 |            0 |    +9.0% |   0.022 |   0.000 | _17985_/D
     1320 |       0 |    1362 |            0 |    +9.1% |   0.022 |   0.000 | _15493_/D
     1330 |       0 |    1372 |            0 |    +9.1% |   0.022 |   0.000 | _17584_/D
     1340 |       0 |    1382 |            0 |    +9.2% |   0.022 |   0.000 | _17056_/D
     1350 |       0 |    1392 |            0 |    +9.3% |   0.022 |   0.000 | _16975_/D
     1360 |       0 |    1402 |            0 |    +9.3% |   0.022 |   0.000 | _17111_/D
     1370 |       0 |    1412 |            0 |    +9.4% |   0.022 |   0.000 | _16474_/D
     1380 |       0 |    1422 |            0 |    +9.5% |   0.022 |   0.000 | _15662_/D
     1390 |       0 |    1432 |            0 |    +9.5% |   0.022 |   0.000 | _15399_/D
     1400 |       0 |    1442 |            0 |    +9.6% |   0.022 |   0.000 | _15817_/D
     1410 |       0 |    1454 |            0 |    +9.7% |   0.023 |   0.000 | _16465_/D
     1420 |       0 |    1464 |            0 |    +9.7% |   0.023 |   0.000 | _17568_/D
     1430 |       0 |    1474 |            0 |    +9.8% |   0.023 |   0.000 | _16809_/D
     1440 |       0 |    1484 |            0 |    +9.9% |   0.023 |   0.000 | _15620_/D
     1450 |       0 |    1494 |            0 |    +9.9% |   0.023 |   0.000 | _16804_/D
     1460 |       0 |    1504 |            0 |   +10.0% |   0.023 |   0.000 | _16271_/D
     1470 |       0 |    1514 |            0 |   +10.1% |   0.023 |   0.000 | _17991_/D
     1480 |       0 |    1525 |            0 |   +10.1% |   0.023 |   0.000 | _16211_/D
     1490 |       0 |    1535 |            0 |   +10.2% |   0.023 |   0.000 | _16688_/D
     1500 |       0 |    1545 |            0 |   +10.3% |   0.023 |   0.000 | _16684_/D
     1510 |       0 |    1555 |            0 |   +10.3% |   0.023 |   0.000 | _15961_/D
     1520 |       0 |    1565 |            0 |   +10.4% |   0.023 |   0.000 | _16937_/D
     1530 |       0 |    1576 |            0 |   +10.5% |   0.023 |   0.000 | _16568_/D
     1540 |       0 |    1587 |            0 |   +10.6% |   0.023 |   0.000 | _16199_/D
     1550 |       0 |    1597 |            0 |   +10.6% |   0.023 |   0.000 | _17484_/D
     1560 |       0 |    1609 |            0 |   +10.7% |   0.023 |   0.000 | _15849_/D
     1570 |       0 |    1620 |            0 |   +10.8% |   0.023 |   0.000 | _16334_/D
     1580 |       0 |    1631 |            0 |   +10.8% |   0.023 |   0.000 | _16001_/D
     1590 |       0 |    1641 |            0 |   +10.9% |   0.023 |   0.000 | _15814_/D
     1600 |       0 |    1651 |            0 |   +11.0% |   0.023 |   0.000 | _15733_/D
     1610 |       0 |    1661 |            0 |   +11.0% |   0.023 |   0.000 | _15687_/D
     1620 |       0 |    1671 |            0 |   +11.1% |   0.023 |   0.000 | _16217_/D
     1630 |       0 |    1684 |            0 |   +11.2% |   0.023 |   0.000 | _17840_/D
     1640 |       0 |    1695 |            0 |   +11.3% |   0.023 |   0.000 | _17158_/D
     1650 |       0 |    1705 |            0 |   +11.3% |   0.023 |   0.000 | _17159_/D
     1660 |       0 |    1715 |            0 |   +11.4% |   0.023 |   0.000 | _17278_/D
     1670 |       0 |    1725 |            0 |   +11.5% |   0.023 |   0.000 | _16227_/D
     1680 |       0 |    1736 |            0 |   +11.5% |   0.023 |   0.000 | _16815_/D
     1690 |       0 |    1746 |            0 |   +11.6% |   0.023 |   0.000 | _16454_/D
     1700 |       0 |    1756 |            0 |   +11.7% |   0.023 |   0.000 | _16509_/D
     1710 |       0 |    1766 |            0 |   +11.7% |   0.023 |   0.000 | _17430_/D
     1720 |       0 |    1776 |            0 |   +11.8% |   0.023 |   0.000 | _16554_/D
     1730 |       0 |    1786 |            0 |   +11.9% |   0.023 |   0.000 | _16845_/D
     1740 |       0 |    1796 |            0 |   +11.9% |   0.023 |   0.000 | _16740_/D
     1750 |       0 |    1806 |            0 |   +12.0% |   0.024 |   0.000 | _16751_/D
     1760 |       0 |    1816 |            0 |   +12.1% |   0.024 |   0.000 | _16141_/D
     1770 |       0 |    1826 |            0 |   +12.1% |   0.024 |   0.000 | _16365_/D
     1780 |       0 |    1836 |            0 |   +12.2% |   0.024 |   0.000 | _16910_/D
     1790 |       0 |    1846 |            0 |   +12.3% |   0.024 |   0.000 | _16886_/D
     1800 |       0 |    1857 |            0 |   +12.4% |   0.024 |   0.000 | _15619_/D
     1810 |       0 |    1867 |            0 |   +12.4% |   0.024 |   0.000 | _16689_/D
     1820 |       0 |    1878 |            0 |   +12.5% |   0.024 |   0.000 | _15666_/D
     1830 |       0 |    1889 |            0 |   +12.6% |   0.024 |   0.000 | _16794_/D
     1840 |       0 |    1899 |            0 |   +12.6% |   0.024 |   0.000 | _16565_/D
     1850 |       0 |    1909 |            0 |   +12.7% |   0.024 |   0.000 | _15539_/D
     1860 |       0 |    1919 |            0 |   +12.8% |   0.024 |   0.000 | _16412_/D
     1870 |       0 |    1930 |            0 |   +12.8% |   0.024 |   0.000 | _16841_/D
     1880 |       0 |    1940 |            0 |   +12.9% |   0.024 |   0.000 | _17398_/D
     1890 |       0 |    1952 |            0 |   +13.0% |   0.024 |   0.000 | _15939_/D
     1900 |       0 |    1962 |            0 |   +13.0% |   0.024 |   0.000 | _16817_/D
     1910 |       0 |    1972 |            0 |   +13.1% |   0.024 |   0.000 | _16832_/D
     1920 |       0 |    1984 |            0 |   +13.2% |   0.024 |   0.000 | _16703_/D
     1930 |       0 |    1994 |            0 |   +13.3% |   0.024 |   0.000 | _15302_/D
     1940 |       0 |    2004 |            0 |   +13.3% |   0.024 |   0.000 | _16363_/D
     1950 |       0 |    2014 |            0 |   +13.4% |   0.024 |   0.000 | _16356_/D
     1960 |       0 |    2026 |            0 |   +13.5% |   0.024 |   0.000 | _16900_/D
     1970 |       0 |    2036 |            0 |   +13.5% |   0.024 |   0.000 | _16575_/D
     1980 |       0 |    2046 |            0 |   +13.6% |   0.024 |   0.000 | _16772_/D
     1990 |       0 |    2056 |            0 |   +13.7% |   0.024 |   0.000 | _16683_/D
     2000 |       0 |    2066 |            0 |   +13.7% |   0.024 |   0.000 | _16843_/D
     2010 |       0 |    2077 |            0 |   +13.8% |   0.024 |   0.000 | _16276_/D
     2020 |       0 |    2088 |            0 |   +13.9% |   0.024 |   0.000 | _15724_/D
     2030 |       0 |    2098 |            0 |   +14.0% |   0.025 |   0.000 | _16114_/D
     2040 |       0 |    2108 |            0 |   +14.0% |   0.025 |   0.000 | _16248_/D
     2050 |       0 |    2119 |            0 |   +14.1% |   0.025 |   0.000 | _16327_/D
     2060 |       0 |    2129 |            0 |   +14.2% |   0.025 |   0.000 | _16655_/D
     2070 |       0 |    2140 |            0 |   +14.2% |   0.025 |   0.000 | _15730_/D
     2080 |       0 |    2150 |            0 |   +14.3% |   0.025 |   0.000 | _15968_/D
     2090 |       0 |    2161 |            0 |   +14.4% |   0.025 |   0.000 | _16175_/D
     2100 |       0 |    2173 |            0 |   +14.5% |   0.025 |   0.000 | _16536_/D
     2110 |       0 |    2183 |            0 |   +14.5% |   0.025 |   0.000 | _16561_/D
     2120 |       0 |    2194 |            0 |   +14.6% |   0.025 |   0.000 | _16760_/D
     2130 |       0 |    2204 |            0 |   +14.7% |   0.025 |   0.000 | _16134_/D
     2140 |       0 |    2214 |            0 |   +14.7% |   0.025 |   0.000 | _17006_/D
     2150 |       0 |    2225 |            0 |   +14.8% |   0.025 |   0.000 | _16197_/D
     2160 |       0 |    2235 |            0 |   +14.9% |   0.025 |   0.000 | _16489_/D
     2170 |       0 |    2245 |            0 |   +14.9% |   0.025 |   0.000 | _16838_/D
     2180 |       0 |    2255 |            0 |   +15.0% |   0.025 |   0.000 | _16787_/D
     2190 |       0 |    2265 |            0 |   +15.1% |   0.025 |   0.000 | _17195_/D
     2200 |       0 |    2275 |            0 |   +15.1% |   0.026 |   0.000 | _15352_/D
     2210 |       0 |    2286 |            0 |   +15.2% |   0.026 |   0.000 | _16548_/D
     2220 |       0 |    2296 |            0 |   +15.3% |   0.026 |   0.000 | _16242_/D
     2230 |       0 |    2306 |            0 |   +15.3% |   0.026 |   0.000 | _16824_/D
     2240 |       0 |    2316 |            0 |   +15.4% |   0.026 |   0.000 | _16884_/D
     2250 |       0 |    2326 |            0 |   +15.5% |   0.026 |   0.000 | _16207_/D
     2260 |       0 |    2337 |            0 |   +15.5% |   0.026 |   0.000 | _15323_/D
     2270 |       0 |    2348 |            0 |   +15.6% |   0.027 |   0.000 | _16132_/D
     2280 |       0 |    2358 |            0 |   +15.7% |   0.027 |   0.000 | _16875_/D
     2290 |       0 |    2368 |            0 |   +15.7% |   0.027 |   0.000 | _16225_/D
     2300 |       0 |    2378 |            0 |   +15.8% |   0.027 |   0.000 | _15564_/D
     2310 |       0 |    2389 |            0 |   +15.9% |   0.028 |   0.000 | _16632_/D
     2320 |       0 |    2399 |            0 |   +16.0% |   0.029 |   0.000 | _15339_/D
     2330 |       0 |    2410 |            0 |   +16.0% |   0.029 |   0.000 | _16136_/D
     2340 |       0 |    2422 |            0 |   +16.1% |   0.029 |   0.000 | _15521_/D
     2350 |       0 |    2432 |            0 |   +16.2% |   0.030 |   0.000 | _15349_/D
     2360 |       0 |    2443 |            0 |   +16.2% |   0.031 |   0.000 | _17798_/D
     2370 |       0 |    2457 |            0 |   +16.3% |   0.032 |   0.000 | _15529_/D
     2380 |       0 |    2467 |            0 |   +16.4% |   0.033 |   0.000 | _15354_/D
     2390 |       0 |    2478 |            0 |   +16.5% |   0.037 |   0.000 | _17870_/D
     2400 |       0 |    2492 |            0 |   +16.6% |   0.037 |   0.000 | _17884_/D
     2410 |       0 |    2505 |            0 |   +16.7% |   0.038 |   0.000 | _17900_/D
     2420 |       0 |    2515 |            0 |   +16.7% |   0.039 |   0.000 | _17858_/D
     2430 |       0 |    2525 |            0 |   +16.8% |   0.040 |   0.000 | _17854_/D
     2440 |       0 |    2534 |            0 |   +16.9% |   0.040 |   0.000 | _17864_/D
     2450 |       0 |    2543 |            0 |   +16.9% |   0.041 |   0.000 | _17905_/D
     2460 |       0 |    2552 |            0 |   +17.0% |   0.041 |   0.000 | _17928_/D
     2470 |       0 |    2562 |            0 |   +17.0% |   0.043 |   0.000 | _15469_/D
     2480 |       0 |    2563 |            0 |   +17.0% |   0.044 |   0.000 | _17894_/D
     2490 |       0 |    2572 |            0 |   +17.1% |   0.046 |   0.000 | _15230_/D
     2500 |       0 |    2584 |            0 |   +17.2% |   0.050 |   0.000 | _18010_/D
     2510 |       0 |    2592 |            0 |   +17.2% |   0.053 |   0.000 | _15264_/D
     2520 |       0 |    2601 |            0 |   +17.3% |   0.056 |   0.000 | _17952_/D
     2530 |       0 |    2609 |            0 |   +17.4% |   0.059 |   0.000 | _15283_/D
     2540 |       0 |    2616 |            0 |   +17.4% |   0.062 |   0.000 | _17846_/D
     2550 |       0 |    2627 |            0 |   +17.5% |   0.067 |   0.000 | _17678_/D
     2560 |       0 |    2639 |            0 |   +17.6% |   0.071 |   0.000 | _15487_/D
     2570 |       0 |    2649 |            0 |   +17.6% |   0.074 |   0.000 | _18017_/D
     2580 |       0 |    2659 |            0 |   +17.7% |   0.078 |   0.000 | _15479_/D
     2590 |       0 |    2668 |            0 |   +17.7% |   0.082 |   0.000 | _17710_/D
     2600 |       0 |    2677 |            0 |   +17.8% |   0.085 |   0.000 | _17734_/D
     2610 |       0 |    2686 |            0 |   +17.9% |   0.087 |   0.000 | _17732_/D
     2620 |       0 |    2696 |            0 |   +17.9% |   0.089 |   0.000 | _15483_/D
     2630 |       0 |    2706 |            0 |   +18.0% |   0.092 |   0.000 | _15472_/D
     2640 |       0 |    2716 |            0 |   +18.1% |   0.094 |   0.000 | _17842_/D
     2650 |       0 |    2726 |            0 |   +18.1% |   0.094 |   0.000 | _17842_/D
     2660 |       0 |    2735 |            0 |   +18.2% |   0.094 |   0.000 | _17842_/D
    final |       0 |    2744 |            0 |   +18.3% |   0.100 |   0.000 | _17639_/D
--------------------------------------------------------------------------------------
[INFO RSZ-0032] Inserted 2744 hold buffers.
+ detailed_placement -max_displacement  500 100 
Placement Analysis
---------------------------------
total displacement      12471.7 u
average displacement        0.5 u
max displacement           10.9 u
original HPWL          437478.5 u
legalized HPWL         455992.3 u
delta HPWL                    4 %

[INFO DPL-0020] Mirrored 5209 instances
[INFO DPL-0021] HPWL before          455992.3 u
[INFO DPL-0022] HPWL after           445064.3 u
[INFO DPL-0023] HPWL delta               -2.4 %
Setting global connections for newly added cells…
[INFO] Setting global connections...
[INFO ODB-0403] 10976 connections made, 0 conflicts skipped.
Updating metrics…
Cell type report:                       Count       Area
  Fill cell                               688    2582.48
  Tap cell                              12456   15584.95
  Clock buffer                            445    5855.62
  Timing Repair Buffer                   3266   30691.94
  Inverter                                134     502.98
  Clock inverter                          246    3183.05
  Sequential cell                        2839   60391.67
  Multi-Input combinational cell         7424   77337.92
  Total                                 27498  196130.60
Writing OpenROAD database to '/home/cl4/Desktop/training/asic/runs/RUN_2026-09-13_16-01-18/37-openroad-resizertimingpostcts/dual_core_soc.odb'…
Writing netlist to '/home/cl4/Desktop/training/asic/runs/RUN_2026-09-13_16-01-18/37-openroad-resizertimingpostcts/dual_core_soc.nl.v'…
Writing powered netlist to '/home/cl4/Desktop/training/asic/runs/RUN_2026-09-13_16-01-18/37-openroad-resizertimingpostcts/dual_core_soc.pnl.v'…
Writing layout to '/home/cl4/Desktop/training/asic/runs/RUN_2026-09-13_16-01-18/37-openroad-resizertimingpostcts/dual_core_soc.def'…
Writing timing constraints to '/home/cl4/Desktop/training/asic/runs/RUN_2026-09-13_16-01-18/37-openroad-resizertimingpostcts/dual_core_soc.sdc'…
