Clock: clk
Sources: clk 
Generated: no
Virtual: yes
Propagated: no
Period: 20.000000

===========================================================================
report_clock_properties
============================================================================
Clock                   Period          Waveform
----------------------------------------------------
clk                  20.000000    0.000000 10.000000

===========================================================================
report_clock_latency
============================================================================
Clock clk
rise -> rise
    min     max
0.000000 0.000000 source latency
2.329857         network latency _28299_/CLK
        2.763867 network latency _28016_/CLK
---------------
2.329857 2.763867 latency
        0.434009 skew

fall -> fall
    min     max
0.000000 0.000000 source latency
1.915865         network latency _28299_/CLK
        2.258545 network latency _28016_/CLK
---------------
1.915865 2.258545 latency
        0.342681 skew



===========================================================================
report_clock_min_period
============================================================================
clk period_min = 21.66 fmax = 46.17
