
===========================================================================
Violator List
============================================================================
[setup in-reg] imem_data[15] -> _28250_/D : -4.665230
[setup in-reg] imem_data[15] -> _28152_/D : -4.661520
[setup in-reg] imem_data[15] -> _28248_/D : -4.644447
[setup in-reg] imem_data[15] -> _28154_/D : -4.639858
[setup in-reg] imem_data[15] -> _28249_/D : -4.638807
[setup in-reg] imem_data[15] -> _28156_/D : -4.637228
[setup in-reg] imem_data[15] -> _28157_/D : -4.635299
[setup in-reg] imem_data[15] -> _28167_/D : -4.630762
[setup in-reg] imem_data[15] -> _28253_/D : -4.630282
[setup in-reg] imem_data[15] -> _28153_/D : -4.625743
[setup in-reg] imem_data[15] -> _28155_/D : -4.617734
[setup in-reg] imem_data[15] -> _28247_/D : -4.617313
[setup in-reg] imem_data[15] -> _28158_/D : -4.611660
[setup in-reg] imem_data[15] -> _28150_/D : -4.609490
[setup in-reg] imem_data[15] -> _28254_/D : -4.599816
[setup in-reg] imem_data[15] -> _28246_/D : -4.598748
[setup in-reg] imem_data[15] -> _27992_/D : -4.303482
[setup in-reg] imem_data[15] -> _27989_/D : -4.300406
[setup in-reg] imem_data[15] -> _28277_/D : -4.299619
[setup in-reg] imem_data[15] -> _27999_/D : -4.289264
[setup in-reg] imem_data[15] -> _27995_/D : -4.284443
[setup in-reg] imem_data[15] -> _27994_/D : -4.283987
[setup in-reg] imem_data[15] -> _27988_/D : -4.279166
[setup in-reg] imem_data[15] -> _28279_/D : -4.271375
[setup in-reg] imem_data[15] -> _27991_/D : -4.270795
[setup in-reg] imem_data[15] -> _27997_/D : -4.270431
[setup in-reg] imem_data[15] -> _28276_/D : -4.260406
[setup in-reg] imem_data[15] -> _28291_/D : -4.260361
[setup in-reg] imem_data[15] -> _28287_/D : -4.258986
[setup in-reg] imem_data[15] -> _28292_/D : -4.257235
[setup in-reg] imem_data[15] -> _28294_/D : -4.250834
[setup in-reg] imem_data[15] -> _28282_/D : -4.249543
[setup in-reg] imem_data[15] -> _27990_/D : -4.243212
[setup in-reg] imem_data[15] -> _28283_/D : -4.242654
[setup in-reg] imem_data[15] -> _28278_/D : -4.240136
[setup in-reg] imem_data[15] -> _28006_/D : -4.230183
[setup in-reg] imem_data[15] -> _28120_/D : -4.049278
[setup in-reg] imem_data[15] -> _28122_/D : -4.046662
[setup in-reg] imem_data[15] -> _28126_/D : -4.044950
[setup in-reg] imem_data[15] -> _28118_/D : -4.040910
[setup in-reg] imem_data[15] -> _28121_/D : -4.032568
[setup in-reg] imem_data[15] -> _28117_/D : -4.026052
[setup in-reg] imem_data[15] -> _28124_/D : -4.002251
[setup in-reg] imem_data[15] -> _28119_/D : -3.988996
[setup in-reg] imem_data[15] -> _28344_/D : -3.959107
[setup in-reg] imem_data[15] -> _28345_/D : -3.940182
[setup in-reg] imem_data[15] -> _27892_/D : -3.939148
[setup in-reg] imem_data[15] -> _28342_/D : -3.938940
[setup in-reg] imem_data[15] -> _28350_/D : -3.937961
[setup in-reg] imem_data[15] -> _28343_/D : -3.931344
[setup in-reg] imem_data[15] -> _28340_/D : -3.930087
[setup in-reg] imem_data[15] -> _28351_/D : -3.923764
[setup in-reg] imem_data[15] -> _28347_/D : -3.919853
[setup in-reg] imem_data[15] -> _28346_/D : -3.917340
[setup in-reg] imem_data[15] -> _28349_/D : -3.910557
[setup in-reg] imem_data[15] -> _28341_/D : -3.906887
[setup in-reg] imem_data[15] -> _28218_/D : -3.903208
[setup in-reg] imem_data[15] -> _28252_/D : -3.902345
[setup in-reg] imem_data[15] -> _28220_/D : -3.892465
[setup in-reg] imem_data[15] -> _28216_/D : -3.892183
[setup in-reg] imem_data[15] -> _28263_/D : -3.883923
[setup in-reg] imem_data[15] -> _28358_/D : -3.882528
[setup in-reg] imem_data[15] -> _28245_/D : -3.878183
[setup in-reg] imem_data[15] -> _28222_/D : -3.874233
[setup in-reg] imem_data[15] -> _28251_/D : -3.873046
[setup in-reg] imem_data[15] -> _28231_/D : -3.872854
[setup in-reg] imem_data[15] -> _28255_/D : -3.872614
[setup in-reg] imem_data[15] -> _28244_/D : -3.864070
[setup in-reg] imem_data[15] -> _28214_/D : -3.861313
[setup in-reg] imem_data[15] -> _28217_/D : -3.860643
[setup in-reg] imem_data[15] -> _28221_/D : -3.856272
[setup in-reg] imem_data[15] -> _28262_/D : -3.856121
[setup in-reg] imem_data[15] -> _27901_/D : -3.854993
[setup in-reg] imem_data[15] -> _28312_/D : -3.850214
[setup in-reg] imem_data[15] -> _27896_/D : -3.842507
[setup in-reg] imem_data[15] -> _27894_/D : -3.841542
[setup in-reg] imem_data[15] -> _28309_/D : -3.837943
[setup in-reg] imem_data[15] -> _28315_/D : -3.834110
[setup in-reg] imem_data[15] -> _27895_/D : -3.832836
[setup in-reg] imem_data[15] -> _28311_/D : -3.832172
[setup in-reg] imem_data[15] -> _28149_/D : -3.827797
[setup in-reg] imem_data[15] -> _28319_/D : -3.827614
[setup in-reg] imem_data[15] -> _27903_/D : -3.827379
[setup in-reg] imem_data[15] -> _28224_/D : -3.825445
[setup in-reg] imem_data[15] -> _27893_/D : -3.825241
[setup in-reg] imem_data[15] -> _27898_/D : -3.820151
[setup in-reg] imem_data[15] -> _28308_/D : -3.814021
[setup in-reg] imem_data[15] -> _27899_/D : -3.808312
[setup in-reg] imem_data[15] -> _28230_/D : -3.806827
[setup in-reg] imem_data[15] -> _28151_/D : -3.806189
[setup in-reg] imem_data[15] -> _28310_/D : -3.804091
[setup in-reg] imem_data[15] -> _28314_/D : -3.803976
[setup in-reg] imem_data[15] -> _28159_/D : -3.800667
[setup in-reg] imem_data[15] -> _28326_/D : -3.798869
[setup in-reg] imem_data[15] -> _28317_/D : -3.797400
[setup in-reg] imem_data[15] -> _28164_/D : -3.792831
[setup in-reg] imem_data[15] -> _28186_/D : -3.791016
[setup in-reg] imem_data[15] -> _28160_/D : -3.775201
[setup in-reg] imem_data[15] -> _28181_/D : -3.771564
[setup in-reg] imem_data[15] -> _28166_/D : -3.771133
[setup in-reg] imem_data[15] -> _28148_/D : -3.765566
[setup in-reg] imem_data[15] -> _28184_/D : -3.764488
[setup in-reg] imem_data[15] -> _28187_/D : -3.749863
[setup in-reg] imem_data[15] -> _28020_/D : -3.737991
[setup in-reg] imem_data[15] -> _28182_/D : -3.732989
[setup in-reg] imem_data[15] -> _27956_/D : -3.715806
[setup in-reg] imem_data[15] -> _28183_/D : -3.715561
[setup in-reg] imem_data[15] -> _28180_/D : -3.697439
[setup in-reg] imem_data[15] -> _27969_/D : -3.682349
[setup in-reg] imem_data[15] -> _27976_/D : -3.675286
[setup in-reg] imem_data[15] -> _27971_/D : -3.671362
[setup in-reg] imem_data[15] -> _27978_/D : -3.671243
[setup in-reg] imem_data[15] -> _27977_/D : -3.665864
[setup in-reg] imem_data[15] -> _27942_/D : -3.664061
[setup in-reg] imem_data[15] -> _28102_/D : -3.659386
[setup in-reg] imem_data[15] -> _27970_/D : -3.658498
[setup in-reg] imem_data[15] -> _27974_/D : -3.655684
[setup in-reg] imem_data[15] -> _28189_/D : -3.653286
[setup in-reg] imem_data[15] -> _27933_/D : -3.652346
[setup in-reg] imem_data[15] -> _28285_/D : -3.651025
[setup in-reg] imem_data[15] -> _27965_/D : -3.650456
[setup in-reg] imem_data[15] -> _28093_/D : -3.648815
[setup in-reg] imem_data[15] -> _28061_/D : -3.644935
[setup in-reg] imem_data[15] -> _28026_/D : -3.638986
[setup in-reg] imem_data[15] -> _27967_/D : -3.636995
[setup in-reg] imem_data[15] -> _28029_/D : -3.636391
[setup in-reg] imem_data[15] -> _28125_/D : -3.636320
[setup in-reg] imem_data[15] -> _28040_/D : -3.634044
[setup in-reg] imem_data[15] -> _28043_/D : -3.632490
[setup in-reg] imem_data[15] -> _27935_/D : -3.631071
[setup in-reg] imem_data[15] -> _28021_/D : -3.630328
[setup in-reg] imem_data[15] -> _28042_/D : -3.630115
[setup in-reg] imem_data[15] -> _27910_/D : -3.629797
[setup in-reg] imem_data[15] -> _28024_/D : -3.628808
[setup in-reg] imem_data[15] -> _28034_/D : -3.627113
[setup in-reg] imem_data[15] -> _28198_/D : -3.625120
[setup in-reg] imem_data[15] -> _28092_/D : -3.619372
[setup in-reg] imem_data[15] -> _28022_/D : -3.619149
[setup in-reg] imem_data[15] -> _28023_/D : -3.617188
[setup in-reg] imem_data[15] -> _28063_/D : -3.616844
[setup in-reg] imem_data[15] -> _28095_/D : -3.616448
[setup in-reg] imem_data[15] -> _28031_/D : -3.615608
[setup in-reg] imem_data[15] -> _28070_/D : -3.615391
[setup in-reg] imem_data[15] -> _28103_/D : -3.614659
[setup in-reg] imem_data[15] -> _28038_/D : -3.612401
[setup in-reg] imem_data[15] -> _28098_/D : -3.610190
[setup in-reg] imem_data[15] -> _27960_/D : -3.608415
[setup in-reg] imem_data[15] -> _28101_/D : -3.605848
[setup in-reg] imem_data[15] -> _28106_/D : -3.603990
[setup in-reg] imem_data[15] -> _28089_/D : -3.602708
[setup in-reg] imem_data[15] -> _28127_/D : -3.599912
[setup in-reg] imem_data[15] -> _28094_/D : -3.599366
[setup in-reg] imem_data[15] -> _27957_/D : -3.596826
[setup in-reg] imem_data[15] -> _28037_/D : -3.590968
[setup in-reg] imem_data[15] -> _28027_/D : -3.589060
[setup in-reg] imem_data[15] -> _28191_/D : -3.585217
[setup in-reg] imem_data[15] -> _28223_/D : -3.579526
[setup in-reg] imem_data[15] -> _27958_/D : -3.579489
[setup in-reg] imem_data[15] -> _28084_/D : -3.578423
[setup in-reg] imem_data[15] -> _27959_/D : -3.576430
[setup in-reg] imem_data[15] -> _28096_/D : -3.572957
[setup in-reg] imem_data[15] -> _28134_/D : -3.563733
[setup in-reg] imem_data[15] -> _27962_/D : -3.552850
[setup in-reg] imem_data[15] -> _27909_/D : -3.552625
[setup in-reg] imem_data[15] -> _27963_/D : -3.549776
[setup in-reg] imem_data[15] -> _28069_/D : -3.543963
[setup in-reg] imem_data[15] -> _27941_/D : -3.541283
[setup in-reg] imem_data[15] -> _27973_/D : -3.539862
[setup in-reg] imem_data[15] -> _28197_/D : -3.530985
[setup in-reg] imem_data[15] -> _27968_/D : -3.508539
[setup in-reg] imem_data[15] -> _27904_/D : -3.507928
[setup in-reg] imem_data[15] -> _28032_/D : -3.507660
[setup in-reg] imem_data[15] -> _28064_/D : -3.506813
[setup in-reg] imem_data[15] -> _28133_/D : -3.503690
[setup in-reg] imem_data[15] -> _27936_/D : -3.501189
[setup in-reg] imem_data[15] -> _28005_/D : -3.499263
[setup in-reg] imem_data[15] -> _27938_/D : -3.491305
[setup in-reg] imem_data[15] -> _28258_/D : -3.487683
[setup in-reg] imem_data[15] -> _27998_/D : -3.487102
[setup in-reg] imem_data[15] -> _27906_/D : -3.480835
[setup in-reg] imem_data[15] -> _28190_/D : -3.468715
[setup in-reg] imem_data[15] -> _28000_/D : -3.468570
[setup in-reg] imem_data[15] -> _28192_/D : -3.462242
[setup in-reg] imem_data[15] -> _28128_/D : -3.457267
[setup in-reg] imem_data[15] -> _28090_/D : -3.453472
[setup in-reg] imem_data[15] -> _28088_/D : -3.445690
[setup in-reg] imem_data[15] -> _28194_/D : -3.443919
[setup in-reg] imem_data[15] -> _28162_/D : -3.442590
[setup in-reg] imem_data[15] -> _28226_/D : -3.438482
[setup in-reg] imem_data[15] -> _28087_/D : -3.423393
[setup in-reg] imem_data[15] -> _28085_/D : -3.416936
[setup in-reg] imem_data[15] -> _28086_/D : -3.397934
[setup in-reg] imem_data[15] -> _28091_/D : -3.396725
[setup in-reg] imem_data[15] -> _26837_/D : -3.390675
[setup in-reg] imem_data[15] -> _28280_/D : -3.378045
[setup in-reg] imem_data[15] -> _26834_/D : -3.364208
[setup in-reg] imem_data[15] -> _28323_/D : -3.363805
[setup in-reg] imem_data[15] -> _28259_/D : -3.362617
[setup in-reg] imem_data[15] -> _28099_/D : -3.358444
[setup in-reg] imem_data[15] -> _28067_/D : -3.356819
[setup in-reg] imem_data[15] -> _28286_/D : -3.347701
[setup in-reg] imem_data[15] -> _27934_/D : -3.346809
[setup in-reg] imem_data[15] -> _28284_/D : -3.340155
[setup in-reg] imem_data[15] -> _28030_/D : -3.340086
[setup in-reg] imem_data[15] -> _28295_/D : -3.336425
[setup in-reg] imem_data[15] -> _28131_/D : -3.332915
[setup in-reg] imem_data[15] -> _28062_/D : -3.331721
[setup in-reg] imem_data[15] -> _27902_/D : -3.330460
[setup in-reg] imem_data[15] -> _28293_/D : -3.330456
[setup in-reg] imem_data[15] -> _28298_/D : -3.329715
[setup in-reg] imem_data[15] -> _28297_/D : -3.326758
[setup in-reg] imem_data[15] -> _28290_/D : -3.324333
[setup in-reg] imem_data[15] -> _28281_/D : -3.319242
[setup in-reg] imem_data[15] -> _28195_/D : -3.315090
[setup in-reg] imem_data[15] -> _28003_/D : -3.314080
[setup in-reg] imem_data[15] -> _28288_/D : -3.311156
[setup in-reg] imem_data[15] -> _28227_/D : -3.307061
[setup in-reg] imem_data[15] -> _28071_/D : -3.304555
[setup in-reg] imem_data[15] -> _27943_/D : -3.304477
[setup in-reg] imem_data[15] -> _26833_/D : -3.304395
[setup in-reg] imem_data[15] -> _28039_/D : -3.301581
[setup in-reg] imem_data[15] -> _27996_/D : -3.292385
[setup in-reg] imem_data[15] -> _27911_/D : -3.291575
[setup in-reg] imem_data[15] -> _26832_/D : -3.291165
[setup in-reg] imem_data[15] -> _28215_/D : -3.283001
[setup in-reg] imem_data[15] -> _26839_/D : -3.275181
[setup in-reg] imem_data[15] -> _27993_/D : -3.273668
[setup in-reg] imem_data[15] -> _27975_/D : -3.262242
[setup in-reg] imem_data[15] -> _28002_/D : -3.255050
[setup in-reg] imem_data[15] -> _28004_/D : -3.239860
[setup in-reg] imem_data[15] -> _28135_/D : -3.236448
[setup in-reg] imem_data[15] -> _28055_/D : -3.236002
[setup in-reg] imem_data[15] -> _28028_/D : -3.235755
[setup in-reg] imem_data[15] -> _27927_/D : -3.233780
[setup in-reg] imem_data[15] -> _28025_/D : -3.231680
[setup in-reg] imem_data[15] -> _28009_/D : -3.231250
[setup in-reg] imem_data[15] -> _28007_/D : -3.225315
[setup in-reg] imem_data[15] -> _28199_/D : -3.219100
[setup in-reg] imem_data[15] -> _26835_/D : -3.197357
[setup in-reg] imem_data[15] -> _28267_/D : -3.129577
[setup in-reg] imem_data[15] -> _27972_/D : -3.128937
[setup in-reg] imem_data[15] -> _27979_/D : -3.128248
[setup in-reg] imem_data[15] -> _26836_/D : -3.128046
[setup in-reg] imem_data[15] -> _27947_/D : -3.124502
[setup in-reg] imem_data[15] -> _28363_/D : -3.123411
[setup in-reg] imem_data[15] -> _28075_/D : -3.122210
[setup in-reg] imem_data[15] -> _28357_/D : -3.108646
[setup in-reg] imem_data[15] -> _28123_/D : -3.106138
[setup in-reg] imem_data[15] -> _28325_/D : -3.104764
[setup in-reg] imem_data[15] -> _28261_/D : -3.083695
[setup in-reg] imem_data[15] -> _28116_/D : -3.080121
[setup in-reg] imem_data[15] -> _28235_/D : -3.078775
[setup in-reg] imem_data[15] -> _28316_/D : -3.077657
[setup in-reg] imem_data[15] -> _28050_/D : -3.077483
[setup in-reg] imem_data[15] -> _27900_/D : -3.075204
[setup in-reg] imem_data[15] -> _27932_/D : -3.075124
[setup in-reg] imem_data[15] -> _28171_/D : -3.075126
[setup in-reg] imem_data[15] -> _28011_/D : -3.074654
[setup in-reg] imem_data[15] -> _28348_/D : -3.073678
[setup in-reg] imem_data[15] -> _28060_/D : -3.071282
[setup in-reg] imem_data[15] -> _28242_/D : -3.070136
[setup in-reg] imem_data[15] -> _28306_/D : -3.069792
[setup in-reg] imem_data[15] -> _27986_/D : -3.069305
[setup in-reg] imem_data[15] -> _27964_/D : -3.068765
[setup in-reg] imem_data[15] -> _28114_/D : -3.067207
[setup in-reg] imem_data[15] -> _27954_/D : -3.066102
[setup in-reg] imem_data[15] -> _28018_/D : -3.065518
[setup in-reg] imem_data[15] -> _28178_/D : -3.064580
[setup in-reg] imem_data[15] -> _28274_/D : -3.062807
[setup in-reg] imem_data[15] -> _28229_/D : -3.058309
[setup in-reg] imem_data[15] -> _28052_/D : -3.051550
[setup in-reg] imem_data[15] -> _28213_/D : -3.050525
[setup in-reg] imem_data[15] -> _28354_/D : -3.048276
[setup in-reg] imem_data[15] -> _27924_/D : -3.044828
[setup in-reg] imem_data[15] -> _28066_/D : -3.043555
[setup in-reg] imem_data[15] -> _28318_/D : -3.043077
[setup in-reg] imem_data[15] -> _28322_/D : -3.039984
[setup in-reg] imem_data[15] -> _28352_/D : -3.034320
[setup in-reg] imem_data[15] -> _28165_/D : -3.028589
[setup in-reg] imem_data[15] -> _26838_/D : -3.019261
[setup in-reg] imem_data[15] -> _28320_/D : -3.017396
[setup in-reg] imem_data[15] -> _28264_/D : -3.016334
[setup in-reg] imem_data[15] -> _28256_/D : -3.016218
[setup in-reg] imem_data[15] -> _28140_/D : -3.014863
[setup in-reg] imem_data[15] -> _28257_/D : -3.014675
[setup in-reg] imem_data[15] -> _28265_/D : -3.012037
[setup in-reg] imem_data[15] -> _28266_/D : -3.010653
[setup in-reg] imem_data[15] -> _27897_/D : -3.010081
[setup in-reg] imem_data[15] -> _28327_/D : -3.008985
[setup in-reg] imem_data[15] -> _28260_/D : -3.006351
[setup in-reg] imem_data[15] -> _28313_/D : -3.006243
[setup in-reg] imem_data[15] -> _27961_/D : -3.004985
[setup in-reg] imem_data[15] -> _28057_/D : -3.004203
[setup in-reg] imem_data[15] -> _28329_/D : -2.999506
[setup in-reg] imem_data[15] -> _28330_/D : -2.995257
[setup in-reg] imem_data[15] -> _28324_/D : -2.991650
[setup in-reg] imem_data[15] -> _28145_/D : -2.989568
[setup in-reg] imem_data[15] -> _28129_/D : -2.986207
[setup in-reg] imem_data[15] -> _28139_/D : -2.983182
[setup in-reg] imem_data[15] -> _28136_/D : -2.982718
[setup in-reg] imem_data[15] -> _28359_/D : -2.981020
[setup in-reg] imem_data[15] -> _28228_/D : -2.979663
[setup in-reg] imem_data[15] -> _26755_/D : -2.972301
[setup in-reg] imem_data[15] -> _28361_/D : -2.972136
[setup in-reg] imem_data[15] -> _28362_/D : -2.971602
[setup in-reg] imem_data[15] -> _28142_/D : -2.971579
[setup in-reg] imem_data[15] -> _28355_/D : -2.968868
[setup in-reg] imem_data[15] -> _26757_/D : -2.968426
[setup in-reg] imem_data[15] -> _28137_/D : -2.968200
[setup in-reg] imem_data[15] -> _26760_/D : -2.967749
[setup in-reg] imem_data[15] -> _28234_/D : -2.967369
[setup in-reg] imem_data[15] -> _28356_/D : -2.967356
[setup in-reg] imem_data[15] -> _28353_/D : -2.966386
[setup in-reg] imem_data[15] -> _26761_/D : -2.966097
[setup in-reg] imem_data[15] -> _26756_/D : -2.965935
[setup in-reg] imem_data[15] -> _27861_/D : -2.963135
[setup in-reg] imem_data[15] -> _28130_/D : -2.962416
[setup in-reg] imem_data[15] -> _27862_/D : -2.961924
[setup in-reg] imem_data[15] -> _26765_/D : -2.961722
[setup in-reg] imem_data[15] -> _27871_/D : -2.960313
[setup in-reg] imem_data[15] -> _26759_/D : -2.960036
[setup in-reg] imem_data[15] -> _26762_/D : -2.956888
[setup in-reg] imem_data[15] -> _26822_/D : -2.955316
[setup in-reg] imem_data[15] -> _27870_/D : -2.954803
[setup in-reg] imem_data[15] -> _26754_/D : -2.950500
[setup in-reg] imem_data[15] -> _26758_/D : -2.949170
[setup in-reg] imem_data[15] -> _27866_/D : -2.948283
[setup in-reg] imem_data[15] -> _27865_/D : -2.946891
[setup in-reg] imem_data[15] -> _28054_/D : -2.944491
[setup in-reg] imem_data[15] -> _28058_/D : -2.944217
[setup in-reg] imem_data[15] -> _28219_/D : -2.943587
[setup in-reg] imem_data[15] -> _27878_/D : -2.942041
[setup in-reg] imem_data[15] -> _28188_/D : -2.940887
[setup in-reg] imem_data[15] -> _27867_/D : -2.940565
[setup in-reg] imem_data[15] -> _28056_/D : -2.935975
[setup in-reg] imem_data[15] -> _27863_/D : -2.935313
[setup in-reg] imem_data[15] -> _27864_/D : -2.933634
[setup in-reg] imem_data[15] -> _27879_/D : -2.933161
[setup in-reg] imem_data[15] -> _28073_/D : -2.931692
[setup in-reg] imem_data[15] -> _27928_/D : -2.931360
[setup in-reg] imem_data[15] -> _28053_/D : -2.931067
[setup in-reg] imem_data[15] -> _27868_/D : -2.929591
[setup in-reg] imem_data[15] -> _27881_/D : -2.929438
[setup in-reg] imem_data[15] -> _27869_/D : -2.928234
[setup in-reg] imem_data[15] -> _27872_/D : -2.928092
[setup in-reg] imem_data[15] -> _28201_/D : -2.927475
[setup in-reg] imem_data[15] -> _28074_/D : -2.925184
[setup in-reg] imem_data[15] -> _28068_/D : -2.923246
[setup in-reg] imem_data[15] -> _27882_/D : -2.922553
[setup in-reg] imem_data[15] -> _28193_/D : -2.918464
[setup in-reg] imem_data[15] -> _28185_/D : -2.918284
[setup in-reg] imem_data[15] -> _27873_/D : -2.917128
[setup in-reg] imem_data[15] -> _27876_/D : -2.915195
[setup in-reg] imem_data[15] -> _28212_/D : -2.915108
[setup in-reg] imem_data[15] -> _28072_/D : -2.915016
[setup in-reg] imem_data[15] -> _27883_/D : -2.913358
[setup in-reg] imem_data[15] -> _27914_/D : -2.912243
[setup in-reg] imem_data[15] -> _28059_/D : -2.911442
[setup in-reg] imem_data[15] -> _27880_/D : -2.909221
[setup in-reg] imem_data[15] -> _27884_/D : -2.908701
[setup in-reg] imem_data[15] -> _28196_/D : -2.908637
[setup in-reg] imem_data[15] -> _28036_/D : -2.908458
[setup in-reg] imem_data[15] -> _27874_/D : -2.904727
[setup in-reg] imem_data[15] -> _28100_/D : -2.902894
[setup in-reg] imem_data[15] -> _27907_/D : -2.901940
[setup in-reg] imem_data[15] -> _27931_/D : -2.901576
[setup in-reg] imem_data[15] -> _26820_/D : -2.901246
[setup in-reg] imem_data[15] -> _27940_/D : -2.895392
[setup in-reg] imem_data[15] -> _27925_/D : -2.895341
[setup in-reg] imem_data[15] -> _26821_/D : -2.894437
[setup in-reg] imem_data[15] -> _27875_/D : -2.892161
[setup in-reg] imem_data[15] -> _27926_/D : -2.889191
[setup in-reg] imem_data[15] -> _27930_/D : -2.888928
[setup in-reg] imem_data[15] -> _27966_/D : -2.888330
[setup in-reg] imem_data[15] -> _27913_/D : -2.888133
[setup in-reg] imem_data[15] -> _27908_/D : -2.885841
[setup in-reg] imem_data[15] -> _27929_/D : -2.860588
[setup in-reg] imem_data[15] -> _27945_/D : -2.859526
[setup in-reg] imem_data[15] -> _28132_/D : -2.858721
[setup in-reg] imem_data[15] -> _26819_/D : -2.858533
[setup in-reg] imem_data[15] -> _27939_/D : -2.824606
[setup in-reg] imem_data[15] -> _28035_/D : -2.821560
[setup in-reg] imem_data[15] -> _28138_/D : -2.818483
[setup in-reg] imem_data[15] -> _28010_/D : -2.810342
[setup in-reg] imem_data[15] -> _26823_/D : -2.808006
[setup in-reg] imem_data[15] -> _28170_/D : -2.805473
[setup in-reg] imem_data[15] -> _28202_/D : -2.804807
[setup in-reg] imem_data[15] -> _28172_/D : -2.803505
[setup in-reg] imem_data[15] -> _28161_/D : -2.801814
[setup in-reg] imem_data[15] -> _27953_/D : -2.801764
[setup in-reg] imem_data[15] -> _28163_/D : -2.800890
[setup in-reg] imem_data[15] -> _26846_/D : -2.798355
[setup in-reg] imem_data[15] -> _28169_/D : -2.796977
[setup in-reg] imem_data[15] -> _27948_/D : -2.789378
[setup in-reg] imem_data[15] -> _28168_/D : -2.784370
[setup in-reg] imem_data[15] -> _26841_/D : -2.732916
[setup in-reg] imem_data[15] -> _27915_/D : -2.718277
[setup in-reg] imem_data[15] -> _26840_/D : -2.718187
[setup in-reg] imem_data[15] -> _28299_/D : -2.717368
[setup in-reg] imem_data[15] -> _26842_/D : -2.716792
[setup in-reg] imem_data[15] -> _28107_/D : -2.713506
[setup in-reg] imem_data[15] -> _26847_/D : -2.708962
[setup in-reg] imem_data[15] -> _26843_/D : -2.708388
[setup in-reg] imem_data[15] -> _26845_/D : -2.696480
[setup in-reg] imem_data[15] -> _26844_/D : -2.693419
[setup in-reg] imem_data[15] -> _28204_/D : -2.667259
[setup in-reg] imem_data[15] -> _28331_/D : -2.651703
[setup in-reg] imem_data[15] -> _28200_/D : -2.651413
[setup in-reg] imem_data[15] -> _28082_/D : -2.650079
[setup in-reg] imem_data[15] -> _28210_/D : -2.645676
[setup in-reg] imem_data[15] -> _28225_/D : -2.645180
[setup in-reg] imem_data[15] -> _27946_/D : -2.640377
[setup in-reg] imem_data[15] -> _28370_/D : -2.636089
[setup in-reg] imem_data[15] -> _28146_/D : -2.634739
[setup in-reg] imem_data[15] -> _28338_/D : -2.633838
[setup in-reg] imem_data[15] -> _27922_/D : -2.624860
[setup in-reg] imem_data[15] -> _27937_/D : -2.624297
[setup in-reg] imem_data[15] -> _28209_/D : -2.616401
[setup in-reg] imem_data[15] -> _27944_/D : -2.615469
[setup in-reg] imem_data[15] -> _28206_/D : -2.611008
[setup in-reg] imem_data[15] -> _28203_/D : -2.596705
[setup in-reg] imem_data[15] -> _28105_/D : -2.568452
[setup in-reg] imem_data[15] -> _28097_/D : -2.550641
[setup in-reg] imem_data[15] -> _28339_/D : -2.538833
[setup in-reg] imem_data[15] -> _28275_/D : -2.538654
[setup in-reg] imem_data[15] -> _28307_/D : -2.537066
[setup in-reg] imem_data[15] -> _28211_/D : -2.536620
[setup in-reg] imem_data[15] -> _28147_/D : -2.531959
[setup in-reg] imem_data[15] -> _27923_/D : -2.531085
[setup in-reg] imem_data[15] -> _28051_/D : -2.530712
[setup in-reg] imem_data[15] -> _28371_/D : -2.529999
[setup in-reg] imem_data[15] -> _28033_/D : -2.525377
[setup in-reg] imem_data[15] -> _28041_/D : -2.513049
[setup in-reg] imem_data[15] -> _28012_/D : -2.469044
[setup in-reg] imem_data[15] -> _27905_/D : -2.465899
[setup in-reg] imem_data[15] -> _28001_/D : -2.465145
[setup in-reg] imem_data[15] -> _27859_/D : -2.437721
[setup in-reg] imem_data[15] -> _26818_/D : -2.430211
[setup in-reg] imem_data[15] -> _28008_/D : -2.427887
[setup in-reg] imem_data[15] -> _28065_/D : -2.419091
[setup in-reg] imem_data[15] -> _28014_/D : -2.417810
[setup in-reg] imem_data[15] -> _28233_/D : -2.410916
[setup in-reg] imem_data[15] -> _26824_/D : -2.401368
[setup in-reg] imem_data[15] -> _28017_/D : -2.390342
[setup in-reg] imem_data[15] -> _28236_/D : -2.389731
[setup in-reg] imem_data[15] -> _27860_/D : -2.384249
[setup in-reg] imem_data[15] -> _28076_/D : -2.381173
[setup in-reg] imem_data[15] -> _28044_/D : -2.380111
[setup in-reg] imem_data[15] -> _27877_/D : -2.375538
[setup in-reg] imem_data[15] -> _27916_/D : -2.374685
[setup in-reg] imem_data[15] -> _28300_/D : -2.368706
[setup in-reg] imem_data[15] -> _28268_/D : -2.366438
[setup in-reg] imem_data[15] -> _28108_/D : -2.363260
[setup in-reg] imem_data[15] -> _26773_/D : -2.354639
[setup in-reg] imem_data[15] -> _26768_/D : -2.347223
[setup in-reg] imem_data[15] -> _26763_/D : -2.345949
[setup in-reg] imem_data[15] -> _26770_/D : -2.340379
[setup in-reg] imem_data[15] -> _26772_/D : -2.340064
[setup in-reg] imem_data[15] -> _26766_/D : -2.339741
[setup in-reg] imem_data[15] -> _28232_/D : -2.330900
[setup in-reg] imem_data[15] -> _26764_/D : -2.324883
[setup in-reg] imem_data[15] -> _26815_/D : -2.322205
[setup in-reg] imem_data[15] -> _26810_/D : -2.320494
[setup in-reg] imem_data[15] -> _26811_/D : -2.319602
[setup in-reg] imem_data[15] -> _26808_/D : -2.306925
[setup in-reg] imem_data[15] -> _26826_/D : -2.295749
[setup in-reg] imem_data[15] -> _26803_/D : -2.286784
[setup in-reg] imem_data[15] -> _26809_/D : -2.283404
[setup in-reg] imem_data[15] -> _26825_/D : -2.281373
[setup in-reg] imem_data[15] -> _26827_/D : -2.279538
[setup in-reg] imem_data[15] -> _26805_/D : -2.269715
[setup in-reg] imem_data[15] -> _26798_/D : -2.263123
[setup in-reg] imem_data[15] -> _27885_/D : -2.248971
[setup in-reg] imem_data[15] -> _26828_/D : -2.239258
[setup in-reg] imem_data[15] -> _27889_/D : -2.230843
[setup in-reg] imem_data[15] -> _27887_/D : -2.228427
[setup in-reg] imem_data[15] -> _27890_/D : -2.222239
[setup in-reg] imem_data[15] -> _27886_/D : -2.216464
[setup in-reg] imem_data[15] -> _27888_/D : -2.215407
[setup in-reg] imem_data[15] -> _26715_/D : -2.213629
[setup in-reg] imem_data[15] -> _26716_/D : -2.211143
[setup in-reg] imem_data[15] -> _28296_/D : -2.203644
[setup in-reg] imem_data[15] -> _26717_/D : -2.201167
[setup in-reg] imem_data[15] -> _26714_/D : -2.200037
[setup in-reg] imem_data[15] -> _28302_/D : -2.199131
[setup in-reg] imem_data[15] -> _28305_/D : -2.198094
[setup in-reg] imem_data[15] -> _26829_/D : -2.196112
[setup in-reg] imem_data[15] -> _28176_/D : -2.195122
[setup in-reg] imem_data[15] -> _26719_/D : -2.194680
[setup in-reg] imem_data[15] -> _27980_/D : -2.192900
[setup in-reg] imem_data[15] -> _28332_/D : -2.191223
[setup in-reg] imem_data[15] -> _26712_/D : -2.186926
[setup in-reg] imem_data[15] -> _28289_/D : -2.185017
[setup in-reg] imem_data[15] -> _28337_/D : -2.183603
[setup in-reg] imem_data[15] -> _26713_/D : -2.183450
[setup in-reg] imem_data[15] -> _26710_/D : -2.183201
[setup in-reg] imem_data[15] -> _26718_/D : -2.180039
[setup in-reg] imem_data[15] -> _26721_/D : -2.178508
[setup in-reg] imem_data[15] -> _26711_/D : -2.177327
[setup in-reg] imem_data[15] -> _27984_/D : -2.176128
[setup in-reg] imem_data[15] -> _27952_/D : -2.170783
[setup in-reg] imem_data[15] -> _28143_/D : -2.170740
[setup in-reg] imem_data[15] -> _26720_/D : -2.168552
[setup in-reg] imem_data[15] -> _28364_/D : -2.164903
[setup in-reg] imem_data[15] -> _27983_/D : -2.160531
[setup in-reg] imem_data[15] -> _28240_/D : -2.160085
[setup in-reg] imem_data[15] -> _28112_/D : -2.158989
[setup in-reg] imem_data[15] -> _27919_/D : -2.158979
[setup in-reg] imem_data[15] -> _28080_/D : -2.155904
[setup in-reg] imem_data[15] -> _28016_/D : -2.154866
[setup in-reg] imem_data[15] -> _27912_/D : -2.154739
[setup in-reg] imem_data[15] -> _28179_/D : -2.154238
[setup in-reg] imem_data[15] -> _28334_/D : -2.151991
[setup in-reg] imem_data[15] -> _27987_/D : -2.145159
[setup in-reg] imem_data[15] -> _28115_/D : -2.144104
[setup in-reg] imem_data[15] -> _28328_/D : -2.142198
[setup in-reg] imem_data[15] -> _28321_/D : -2.141780
[setup in-reg] imem_data[15] -> _26743_/D : -2.140318
[setup in-reg] imem_data[15] -> _26752_/D : -2.139508
[setup in-reg] imem_data[15] -> _26749_/D : -2.138917
[setup in-reg] imem_data[15] -> _26831_/D : -2.137577
[setup in-reg] imem_data[15] -> _28019_/D : -2.135769
[setup in-reg] imem_data[15] -> _27985_/D : -2.135547
[setup in-reg] imem_data[15] -> _28083_/D : -2.135129
[setup in-reg] imem_data[15] -> _26747_/D : -2.133307
[setup in-reg] imem_data[15] -> _26746_/D : -2.132474
[setup in-reg] imem_data[15] -> _28369_/D : -2.131433
[setup in-reg] imem_data[15] -> _28243_/D : -2.128820
[setup in-reg] imem_data[15] -> _27955_/D : -2.128237
[setup in-reg] imem_data[15] -> _26748_/D : -2.127322
[setup in-reg] imem_data[15] -> _26724_/D : -2.122663
[setup in-reg] imem_data[15] -> _28366_/D : -2.120498
[setup in-reg] imem_data[15] -> _28360_/D : -2.120006
[setup in-reg] imem_data[15] -> _26744_/D : -2.119201
[setup in-reg] imem_data[15] -> _26751_/D : -2.117659
[setup in-reg] imem_data[15] -> _26750_/D : -2.116886
[setup in-reg] imem_data[15] -> _26742_/D : -2.113230
[setup in-reg] imem_data[15] -> _26753_/D : -2.110925
[setup in-reg] imem_data[15] -> _26745_/D : -2.110115
[setup in-reg] imem_data[15] -> _27982_/D : -2.105328
[setup in-reg] imem_data[15] -> _26729_/D : -2.096037
[setup in-reg] imem_data[15] -> _26727_/D : -2.095360
[setup in-reg] imem_data[15] -> _28078_/D : -2.093911
[setup in-reg] imem_data[15] -> _26731_/D : -2.090774
[setup in-reg] imem_data[15] -> _26723_/D : -2.089010
[setup in-reg] imem_data[15] -> _26728_/D : -2.088949
[setup in-reg] imem_data[15] -> _26725_/D : -2.087170
[setup in-reg] imem_data[15] -> _26730_/D : -2.085802
[setup in-reg] imem_data[15] -> _28081_/D : -2.084899
[setup in-reg] imem_data[15] -> _27921_/D : -2.084402
[setup in-reg] imem_data[15] -> _26733_/D : -2.079515
[setup in-reg] imem_data[15] -> _27918_/D : -2.077931
[setup in-reg] imem_data[15] -> _26722_/D : -2.075833
[setup in-reg] imem_data[15] -> _26726_/D : -2.072291
[setup in-reg] imem_data[15] -> _26732_/D : -2.070530
[setup in-reg] imem_data[15] -> _28333_/D : -2.059457
[setup in-reg] imem_data[15] -> _28241_/D : -2.056751
[setup in-reg] imem_data[15] -> _28238_/D : -2.052524
[setup in-reg] imem_data[15] -> _28273_/D : -2.051214
[setup in-reg] imem_data[15] -> _28046_/D : -2.048308
[setup in-reg] imem_data[15] -> _27951_/D : -2.043446
[setup in-reg] imem_data[15] -> _26697_/D : -2.043205
[setup in-reg] imem_data[15] -> _28270_/D : -2.042890
[setup in-reg] imem_data[15] -> _26695_/D : -2.042665
[setup in-reg] imem_data[15] -> _26694_/D : -2.042343
[setup in-reg] imem_data[15] -> _26696_/D : -2.042224
[setup in-reg] imem_data[15] -> _28110_/D : -2.041306
[setup in-reg] imem_data[15] -> _26700_/D : -2.038615
[setup in-reg] imem_data[15] -> _26693_/D : -2.038050
[setup in-reg] imem_data[15] -> _28207_/D : -2.037423
[setup in-reg] imem_data[15] -> _28175_/D : -2.036964
[setup in-reg] imem_data[15] -> _28144_/D : -2.036685
[setup in-reg] imem_data[15] -> _28336_/D : -2.033183
[setup in-reg] imem_data[15] -> _28049_/D : -2.032216
[setup in-reg] imem_data[15] -> _28239_/D : -2.031788
[setup in-reg] imem_data[15] -> _26691_/D : -2.031550
[setup in-reg] imem_data[15] -> _28177_/D : -2.030138
[setup in-reg] imem_data[15] -> _28335_/D : -2.029463
[setup in-reg] imem_data[15] -> _28141_/D : -2.028564
[setup in-reg] imem_data[15] -> _28113_/D : -2.027845
[setup in-reg] imem_data[15] -> _28271_/D : -2.027761
[setup in-reg] imem_data[15] -> _28365_/D : -2.027260
[setup in-reg] imem_data[15] -> _26692_/D : -2.026226
[setup in-reg] imem_data[15] -> _26690_/D : -2.025759
[setup in-reg] imem_data[15] -> _27950_/D : -2.025701
[setup in-reg] imem_data[15] -> _26701_/D : -2.023878
[setup in-reg] imem_data[15] -> _26698_/D : -2.021368
[setup in-reg] imem_data[15] -> _28368_/D : -2.010267
[setup in-reg] imem_data[15] -> _28367_/D : -2.009743
[setup in-reg] imem_data[15] -> _27981_/D : -1.991165
[setup in-reg] imem_data[15] -> _27920_/D : -1.983063
[setup in-reg] imem_data[15] -> _28077_/D : -1.974328
[setup in-reg] imem_data[15] -> _28079_/D : -1.969813
[setup in-reg] imem_data[15] -> _28045_/D : -1.967038
[setup in-reg] imem_data[15] -> _28013_/D : -1.961025
[setup in-reg] imem_data[15] -> _27949_/D : -1.958908
[setup in-reg] imem_data[15] -> _28109_/D : -1.955877
[setup in-reg] imem_data[15] -> _27917_/D : -1.951705
[setup in-reg] imem_data[15] -> _28205_/D : -1.944109
[setup in-reg] imem_data[15] -> _28173_/D : -1.942013
[setup in-reg] imem_data[15] -> _28269_/D : -1.939712
[setup in-reg] imem_data[15] -> _28237_/D : -1.931051
[setup in-reg] imem_data[15] -> _28111_/D : -1.916003
[setup in-reg] imem_data[15] -> _26791_/D : -1.863663
[setup in-reg] imem_data[15] -> _26787_/D : -1.863281
[setup in-reg] imem_data[15] -> _26789_/D : -1.860819
[setup in-reg] imem_data[15] -> _26788_/D : -1.859460
[setup in-reg] imem_data[15] -> _26793_/D : -1.857592
[setup in-reg] imem_data[15] -> _26795_/D : -1.857462
[setup in-reg] imem_data[15] -> _26792_/D : -1.855058
[setup in-reg] imem_data[15] -> _26797_/D : -1.852786
[setup in-reg] imem_data[15] -> _26767_/D : -1.847980
[setup in-reg] imem_data[15] -> _26786_/D : -1.844438
[setup in-reg] imem_data[15] -> _26790_/D : -1.842564
[setup in-reg] imem_data[15] -> _26794_/D : -1.840512
[setup in-reg] imem_data[15] -> _26796_/D : -1.838549
[setup in-reg] imem_data[15] -> _26776_/D : -1.838529
[setup in-reg] imem_data[15] -> _26769_/D : -1.837295
[setup in-reg] imem_data[15] -> _27857_/D : -1.834081
[setup in-reg] imem_data[15] -> _27858_/D : -1.833623
[setup in-reg] imem_data[15] -> _26775_/D : -1.832206
[setup in-reg] imem_data[15] -> _26771_/D : -1.829504
[setup in-reg] imem_data[15] -> _27855_/D : -1.827973
[setup in-reg] imem_data[15] -> _26777_/D : -1.827466
[setup in-reg] imem_data[15] -> _27856_/D : -1.826601
[setup in-reg] imem_data[15] -> _26830_/D : -1.826356
[setup in-reg] imem_data[15] -> _26774_/D : -1.825875
[setup in-reg] imem_data[15] -> _28104_/D : -1.821016
[setup in-reg] imem_data[15] -> _27853_/D : -1.820723
[setup in-reg] imem_data[15] -> _28047_/D : -1.814973
[setup in-reg] imem_data[15] -> _27854_/D : -1.808004
[setup in-reg] imem_data[15] -> _27852_/D : -1.805971
[setup in-reg] imem_data[15] -> _28272_/D : -1.800247
[setup in-reg] imem_data[15] -> _28048_/D : -1.781279
[setup in-reg] imem_data[15] -> _28208_/D : -1.780210
[setup in-reg] imem_data[15] -> _28303_/D : -1.776616
[setup in-reg] imem_data[15] -> _28304_/D : -1.767592
[setup in-reg] imem_data[15] -> _26807_/D : -1.749427
[setup in-reg] imem_data[15] -> _28174_/D : -1.738178
[setup in-reg] imem_data[15] -> _26816_/D : -1.730538
[setup in-reg] imem_data[15] -> _26812_/D : -1.714898
[setup in-reg] imem_data[15] -> _26813_/D : -1.707734
[setup in-reg] imem_data[15] -> _26814_/D : -1.700546
[setup in-reg] imem_data[15] -> _26806_/D : -1.693039
[setup in-reg] imem_data[15] -> _26817_/D : -1.690779
[setup in-reg] imem_data[15] -> _28301_/D : -1.689694
[setup reg-reg] _26853_/Q -> _27325_/D : -1.658716
[setup in-reg] imem_data[15] -> _28015_/D : -1.645983
[setup in-reg] imem_data[15] -> _27851_/D : -1.459222
[setup reg-reg] _26853_/Q -> _27326_/D : -1.390536
[setup in-reg] imem_data[15] -> _26705_/D : -1.333126
[setup in-reg] imem_data[15] -> _26739_/D : -1.330866
[setup in-reg] imem_data[15] -> _26736_/D : -1.327811
[setup in-reg] imem_data[15] -> _26708_/D : -1.327376
[setup in-reg] imem_data[15] -> _26699_/D : -1.323329
[setup in-reg] imem_data[15] -> _26703_/D : -1.323024
[setup in-reg] imem_data[15] -> _26735_/D : -1.317774
[setup in-reg] imem_data[15] -> _26780_/D : -1.317401
[setup in-reg] imem_data[15] -> _26706_/D : -1.313291
[setup in-reg] imem_data[15] -> _26779_/D : -1.313142
[setup in-reg] imem_data[15] -> _26778_/D : -1.311113
[setup in-reg] imem_data[15] -> _26702_/D : -1.310417
[setup in-reg] imem_data[15] -> _26737_/D : -1.310008
[setup in-reg] imem_data[15] -> _26704_/D : -1.308296
[setup in-reg] imem_data[15] -> _26738_/D : -1.306400
[setup in-reg] imem_data[15] -> _26709_/D : -1.302535
[setup in-reg] imem_data[15] -> _26740_/D : -1.296105
[setup in-reg] imem_data[15] -> _26783_/D : -1.295954
[setup in-reg] imem_data[15] -> _26707_/D : -1.293847
[setup in-reg] imem_data[15] -> _26734_/D : -1.288692
[setup in-reg] imem_data[15] -> _26781_/D : -1.282510
[setup in-reg] imem_data[15] -> _26785_/D : -1.281560
[setup in-reg] imem_data[15] -> _26782_/D : -1.277313
[setup in-reg] imem_data[15] -> _26741_/D : -1.276577
[setup in-reg] imem_data[15] -> _26784_/D : -1.268980
[setup in-reg] imem_data[15] -> _26848_/D : -1.228923
[setup in-reg] imem_data[15] -> _26849_/D : -1.175581
[setup reg-reg] _26853_/Q -> _27323_/D : -1.158066
[setup in-reg] imem_data[15] -> _26804_/D : -1.126290
[setup in-reg] imem_data[15] -> _26800_/D : -1.124635
[setup in-reg] imem_data[15] -> _26801_/D : -1.123004
[setup in-reg] imem_data[15] -> _26799_/D : -1.121663
[setup in-reg] imem_data[15] -> _26802_/D : -1.120652
[setup in-reg] imem_data[15] -> _28465_/D : -1.090703
[setup reg-reg] _26853_/Q -> _27328_/D : -1.029241
[setup reg-reg] _26853_/Q -> _27330_/D : -1.000668
[setup reg-reg] _26853_/Q -> _27329_/D : -0.933593
[setup in-reg] imem_data[15] -> _28464_/D : -0.901290
[setup reg-reg] _26855_/Q -> _27289_/D : -0.895843
[setup reg-reg] _26855_/Q -> _27290_/D : -0.854374
[setup reg-reg] _26853_/Q -> _27734_/D : -0.790319
[setup reg-reg] _26853_/Q -> _27318_/D : -0.773150
[setup in-reg] imem_data[15] -> _27891_/D : -0.739632
[setup reg-reg] _26853_/Q -> _27377_/D : -0.712442
[setup reg-reg] _26853_/Q -> _27320_/D : -0.699343
[setup reg-reg] _26853_/Q -> _27324_/D : -0.654598
[setup reg-reg] _26853_/Q -> _27327_/D : -0.649063
[setup reg-reg] _26853_/Q -> _27321_/D : -0.645702
[setup reg-reg] _26853_/Q -> _27737_/D : -0.532987
[setup reg-reg] _26853_/Q -> _27378_/D : -0.503672
[setup reg-reg] _26853_/Q -> _27376_/D : -0.447363
[setup reg-reg] _26855_/Q -> _27288_/D : -0.423531
[setup reg-reg] _26853_/Q -> _27322_/D : -0.412362
[setup reg-reg] _26853_/Q -> _27736_/D : -0.333587
[setup reg-reg] _26855_/Q -> _27287_/D : -0.329591
[setup reg-reg] _26853_/Q -> _27317_/D : -0.319991
[setup reg-reg] _26853_/Q -> _27319_/D : -0.302210
[setup reg-reg] _26853_/Q -> _27738_/D : -0.295961
[setup reg-reg] _26853_/Q -> _27559_/D : -0.291184
[setup reg-reg] _26853_/Q -> _27556_/D : -0.273566
[setup reg-reg] _26853_/Q -> _27316_/D : -0.249463
[setup reg-reg] _26853_/Q -> _27375_/D : -0.191953
[setup reg-reg] _26853_/Q -> _27558_/D : -0.186084
[setup reg-reg] _26855_/Q -> _27285_/D : -0.180185
[setup reg-reg] _26855_/Q -> _27286_/D : -0.124567
[setup reg-reg] _26853_/Q -> _27315_/D : -0.089615
[setup reg-reg] _26853_/Q -> _27561_/D : -0.080357
[setup reg-reg] _26855_/Q -> _27284_/D : -0.075142
[setup reg-reg] _26852_/Q -> _27193_/D : -0.027271
