Clock: clk
Sources: clk 
Generated: no
Virtual: yes
Propagated: no
Period: 20.000000

===========================================================================
report_clock_properties
============================================================================
Clock                   Period          Waveform
----------------------------------------------------
clk                  20.000000    0.000000 10.000000

===========================================================================
report_clock_latency
============================================================================
Clock clk
rise -> rise
    min     max
0.000000 0.000000 source latency
0.243319         network latency _31_/CLK
        0.271903 network latency _26_/CLK
---------------
0.243319 0.271903 latency
        0.028584 skew

fall -> fall
    min     max
0.000000 0.000000 source latency
0.244820         network latency _31_/CLK
        0.273078 network latency _26_/CLK
---------------
0.244820 0.273078 latency
        0.028258 skew



===========================================================================
report_clock_min_period
============================================================================
clk period_min = 2.17 fmax = 460.45
