
===========================================================================
report_checks -unconstrained
===========================================================================
======================= nom_tt_025C_1v80 Corner ===================================

Startpoint: rst (input port clocked by clk)
Endpoint: _26_ (recovery check against rising-edge clock clk)
Path Group: asynchronous
Path Type: max

Fanout         Cap        Slew       Delay        Time   Description
---------------------------------------------------------------------------------------------
                                  0.000000    0.000000   clock clk (rise edge)
                                  0.000000    0.000000   clock network delay (propagated)
                                  4.000000    4.000000 ^ input external delay
     6    0.027870    0.130781    0.094725    4.094725 ^ rst (in)
                                                         rst (net)
                      0.130783    0.000000    4.094725 ^ _26_/RESET_B (sky130_fd_sc_hd__dfrtp_2)
                                              4.094725   data arrival time

                                 20.000000   20.000000   clock clk (rise edge)
                                  0.000000   20.000000   clock source latency
     6    0.017774    0.085757    0.055730   20.055731 ^ clk (in)
                                                         clk (net)
                      0.085759    0.000000   20.055731 ^ _26_/CLK (sky130_fd_sc_hd__dfrtp_2)
                                 -0.250000   19.805731   clock uncertainty
                                  0.000000   19.805731   clock reconvergence pessimism
                                  0.206275   20.012005   library recovery time
                                             20.012005   data required time
---------------------------------------------------------------------------------------------
                                             20.012005   data required time
                                             -4.094725   data arrival time
---------------------------------------------------------------------------------------------
                                             15.917280   slack (MET)


Startpoint: instruct_en0 (input port clocked by clk)
Endpoint: result0[0] (output port clocked by clk)
Path Group: clk
Path Type: max

Fanout         Cap        Slew       Delay        Time   Description
---------------------------------------------------------------------------------------------
                                  0.000000    0.000000   clock clk (rise edge)
                                  0.000000    0.000000   clock network delay (propagated)
                                  4.000000    4.000000 ^ input external delay
     3    0.011114    0.056381    0.039496    4.039496 ^ instruct_en0 (in)
                                                         instruct_en0 (net)
                      0.056381    0.000000    4.039496 ^ _15_/C_N (sky130_fd_sc_hd__nor3b_2)
     2    0.037979    0.634506    0.565702    4.605198 ^ _15_/Y (sky130_fd_sc_hd__nor3b_2)
                                                         result0[2] (net)
                      0.634506    0.000039    4.605237 ^ _17_/B1 (sky130_fd_sc_hd__a31o_2)
     1    0.035561    0.205970    0.345325    4.950562 ^ _17_/X (sky130_fd_sc_hd__a31o_2)
                                                         result0[0] (net)
                      0.205970    0.000488    4.951050 ^ result0[0] (out)
                                              4.951050   data arrival time

                                 20.000000   20.000000   clock clk (rise edge)
                                  0.000000   20.000000   clock network delay (propagated)
                                 -0.250000   19.750002   clock uncertainty
                                  0.000000   19.750002   clock reconvergence pessimism
                                 -4.000000   15.750001   output external delay
                                             15.750001   data required time
---------------------------------------------------------------------------------------------
                                             15.750001   data required time
                                             -4.951050   data arrival time
---------------------------------------------------------------------------------------------
                                             10.798950   slack (MET)




===========================================================================
report_checks --slack_max -0.01
============================================================================
======================= nom_tt_025C_1v80 Corner ===================================

No paths found.


===========================================================================
 report_check_types -max_slew -max_cap -max_fanout -violators
============================================================================
======================= nom_tt_025C_1v80 Corner ===================================



===========================================================================
report_parasitic_annotation -report_unannotated
============================================================================
Found 60 unannotated drivers.
 _32_/HI
 _33_/HI
 _34_/HI
 _35_/HI
 _36_/HI
 _37_/HI
 _38_/HI
 _39_/HI
 _40_/HI
 _41_/HI
 _42_/HI
 _43_/HI
 _44_/HI
 _45_/HI
 _46_/HI
 _47_/HI
 _48_/HI
 _49_/HI
 _50_/HI
 _51_/HI
 _52_/HI
 _53_/HI
 _54_/HI
 _55_/HI
 _56_/HI
 _57_/HI
 _58_/HI
 _59_/HI
 _60_/HI
 _61_/HI
 _62_/HI
 _63_/HI
 _64_/HI
 _65_/HI
 _66_/HI
 _67_/HI
 _68_/HI
 _69_/HI
 _70_/HI
 _71_/HI
 _72_/HI
 _73_/HI
 _74_/HI
 _75_/HI
 _76_/HI
 _77_/HI
 _78_/HI
 _79_/HI
 _80_/HI
 _81_/HI
 _82_/HI
 _83_/HI
 _84_/HI
 _85_/HI
 _86_/HI
 _87_/HI
 _88_/HI
 _89_/HI
 _90_/HI
 _91_/HI
Found 0 partially unannotated drivers.

===========================================================================
max slew violation count 0
Writing metric design__max_slew_violation__count__corner:nom_tt_025C_1v80: 0
max fanout violation count 0
Writing metric design__max_fanout_violation__count__corner:nom_tt_025C_1v80: 0
max cap violation count 0
Writing metric design__max_cap_violation__count__corner:nom_tt_025C_1v80: 0
============================================================================

===========================================================================
check_setup -verbose -unconstrained_endpoints -multiple_clock -no_clock -no_input_delay -loops -generated_clocks
===========================================================================
