
===========================================================================
report_checks -path_delay max (Setup)
============================================================================
======================= nom_tt_025C_1v80 Corner ===================================

Startpoint: instruct_en0 (input port clocked by clk)
Endpoint: result0[0] (output port clocked by clk)
Path Group: clk
Path Type: max

Fanout         Cap        Slew       Delay        Time   Description
---------------------------------------------------------------------------------------------
                                  0.000000    0.000000   clock clk (rise edge)
                                  0.000000    0.000000   clock network delay (propagated)
                                  4.000000    4.000000 ^ input external delay
     3    0.011114    0.056381    0.039496    4.039496 ^ instruct_en0 (in)
                                                         instruct_en0 (net)
                      0.056381    0.000000    4.039496 ^ _15_/C_N (sky130_fd_sc_hd__nor3b_2)
     2    0.037979    0.634506    0.565702    4.605198 ^ _15_/Y (sky130_fd_sc_hd__nor3b_2)
                                                         result0[2] (net)
                      0.634506    0.000039    4.605237 ^ _17_/B1 (sky130_fd_sc_hd__a31o_2)
     1    0.035561    0.205970    0.345325    4.950562 ^ _17_/X (sky130_fd_sc_hd__a31o_2)
                                                         result0[0] (net)
                      0.205970    0.000488    4.951050 ^ result0[0] (out)
                                              4.951050   data arrival time

                                 20.000000   20.000000   clock clk (rise edge)
                                  0.000000   20.000000   clock network delay (propagated)
                                 -0.250000   19.750002   clock uncertainty
                                  0.000000   19.750002   clock reconvergence pessimism
                                 -4.000000   15.750001   output external delay
                                             15.750001   data required time
---------------------------------------------------------------------------------------------
                                             15.750001   data required time
                                             -4.951050   data arrival time
---------------------------------------------------------------------------------------------
                                             10.798950   slack (MET)


Startpoint: instruct_en1 (input port clocked by clk)
Endpoint: result1[0] (output port clocked by clk)
Path Group: clk
Path Type: max

Fanout         Cap        Slew       Delay        Time   Description
---------------------------------------------------------------------------------------------
                                  0.000000    0.000000   clock clk (rise edge)
                                  0.000000    0.000000   clock network delay (propagated)
                                  4.000000    4.000000 ^ input external delay
     3    0.014680    0.071970    0.051388    4.051388 ^ instruct_en1 (in)
                                                         instruct_en1 (net)
                      0.071970    0.000000    4.051388 ^ _11_/B (sky130_fd_sc_hd__nand2b_2)
     1    0.004225    0.046712    0.061073    4.112461 v _11_/Y (sky130_fd_sc_hd__nand2b_2)
                                                         _06_ (net)
                      0.046712    0.000002    4.112463 v _12_/B (sky130_fd_sc_hd__nor2_2)
     2    0.037670    0.411956    0.347258    4.459721 ^ _12_/Y (sky130_fd_sc_hd__nor2_2)
                                                         result1[2] (net)
                      0.411956    0.000071    4.459793 ^ _14_/B1 (sky130_fd_sc_hd__a31o_2)
     1    0.034623    0.200924    0.310544    4.770337 ^ _14_/X (sky130_fd_sc_hd__a31o_2)
                                                         result1[0] (net)
                      0.200924    0.000286    4.770623 ^ result1[0] (out)
                                              4.770623   data arrival time

                                 20.000000   20.000000   clock clk (rise edge)
                                  0.000000   20.000000   clock network delay (propagated)
                                 -0.250000   19.750002   clock uncertainty
                                  0.000000   19.750002   clock reconvergence pessimism
                                 -4.000000   15.750001   output external delay
                                             15.750001   data required time
---------------------------------------------------------------------------------------------
                                             15.750001   data required time
                                             -4.770623   data arrival time
---------------------------------------------------------------------------------------------
                                             10.979378   slack (MET)


Startpoint: instruct_en0 (input port clocked by clk)
Endpoint: result0[2] (output port clocked by clk)
Path Group: clk
Path Type: max

Fanout         Cap        Slew       Delay        Time   Description
---------------------------------------------------------------------------------------------
                                  0.000000    0.000000   clock clk (rise edge)
                                  0.000000    0.000000   clock network delay (propagated)
                                  4.000000    4.000000 ^ input external delay
     3    0.011114    0.056381    0.039496    4.039496 ^ instruct_en0 (in)
                                                         instruct_en0 (net)
                      0.056381    0.000000    4.039496 ^ _15_/C_N (sky130_fd_sc_hd__nor3b_2)
     2    0.037979    0.634506    0.565702    4.605198 ^ _15_/Y (sky130_fd_sc_hd__nor3b_2)
                                                         result0[2] (net)
                      0.634506    0.000492    4.605691 ^ result0[2] (out)
                                              4.605691   data arrival time

                                 20.000000   20.000000   clock clk (rise edge)
                                  0.000000   20.000000   clock network delay (propagated)
                                 -0.250000   19.750002   clock uncertainty
                                  0.000000   19.750002   clock reconvergence pessimism
                                 -4.000000   15.750001   output external delay
                                             15.750001   data required time
---------------------------------------------------------------------------------------------
                                             15.750001   data required time
                                             -4.605691   data arrival time
---------------------------------------------------------------------------------------------
                                             11.144310   slack (MET)


Startpoint: instruct_en1 (input port clocked by clk)
Endpoint: result1[2] (output port clocked by clk)
Path Group: clk
Path Type: max

Fanout         Cap        Slew       Delay        Time   Description
---------------------------------------------------------------------------------------------
                                  0.000000    0.000000   clock clk (rise edge)
                                  0.000000    0.000000   clock network delay (propagated)
                                  4.000000    4.000000 ^ input external delay
     3    0.014680    0.071970    0.051388    4.051388 ^ instruct_en1 (in)
                                                         instruct_en1 (net)
                      0.071970    0.000000    4.051388 ^ _11_/B (sky130_fd_sc_hd__nand2b_2)
     1    0.004225    0.046712    0.061073    4.112461 v _11_/Y (sky130_fd_sc_hd__nand2b_2)
                                                         _06_ (net)
                      0.046712    0.000002    4.112463 v _12_/B (sky130_fd_sc_hd__nor2_2)
     2    0.037670    0.411956    0.347258    4.459721 ^ _12_/Y (sky130_fd_sc_hd__nor2_2)
                                                         result1[2] (net)
                      0.411956    0.000379    4.460100 ^ result1[2] (out)
                                              4.460100   data arrival time

                                 20.000000   20.000000   clock clk (rise edge)
                                  0.000000   20.000000   clock network delay (propagated)
                                 -0.250000   19.750002   clock uncertainty
                                  0.000000   19.750002   clock reconvergence pessimism
                                 -4.000000   15.750001   output external delay
                                             15.750001   data required time
---------------------------------------------------------------------------------------------
                                             15.750001   data required time
                                             -4.460100   data arrival time
---------------------------------------------------------------------------------------------
                                             11.289901   slack (MET)


Startpoint: instruct_en1 (input port clocked by clk)
Endpoint: _29_ (rising edge-triggered flip-flop clocked by clk)
Path Group: clk
Path Type: max

Fanout         Cap        Slew       Delay        Time   Description
---------------------------------------------------------------------------------------------
                                  0.000000    0.000000   clock clk (rise edge)
                                  0.000000    0.000000   clock network delay (propagated)
                                  4.000000    4.000000 ^ input external delay
     3    0.014680    0.071970    0.051389    4.051389 ^ instruct_en1 (in)
                                                         instruct_en1 (net)
                      0.071970    0.000000    4.051389 ^ _18_/A1 (sky130_fd_sc_hd__a31oi_2)
     1    0.002687    0.060906    0.076877    4.128266 v _18_/Y (sky130_fd_sc_hd__a31oi_2)
                                                         _03_ (net)
                      0.060906    0.000008    4.128274 v _29_/D (sky130_fd_sc_hd__dfrtp_2)
                                              4.128274   data arrival time

                                 20.000000   20.000000   clock clk (rise edge)
                                  0.000000   20.000000   clock source latency
     6    0.017774    0.085757    0.055699   20.055700 ^ clk (in)
                                                         clk (net)
                      0.085759    0.000000   20.055700 ^ _29_/CLK (sky130_fd_sc_hd__dfrtp_2)
                                 -0.250000   19.805700   clock uncertainty
                                  0.000000   19.805700   clock reconvergence pessimism
                                 -0.113029   19.692671   library setup time
                                             19.692671   data required time
---------------------------------------------------------------------------------------------
                                             19.692671   data required time
                                             -4.128274   data arrival time
---------------------------------------------------------------------------------------------
                                             15.564397   slack (MET)


Startpoint: instruct_en0 (input port clocked by clk)
Endpoint: _26_ (rising edge-triggered flip-flop clocked by clk)
Path Group: clk
Path Type: max

Fanout         Cap        Slew       Delay        Time   Description
---------------------------------------------------------------------------------------------
                                  0.000000    0.000000   clock clk (rise edge)
                                  0.000000    0.000000   clock network delay (propagated)
                                  4.000000    4.000000 ^ input external delay
     3    0.011114    0.056381    0.039477    4.039477 ^ instruct_en0 (in)
                                                         instruct_en0 (net)
                      0.056381    0.000000    4.039477 ^ _22_/A1 (sky130_fd_sc_hd__a31oi_2)
     1    0.002130    0.056415    0.068676    4.108153 v _22_/Y (sky130_fd_sc_hd__a31oi_2)
                                                         _00_ (net)
                      0.056415    0.000002    4.108155 v _26_/D (sky130_fd_sc_hd__dfrtp_2)
                                              4.108155   data arrival time

                                 20.000000   20.000000   clock clk (rise edge)
                                  0.000000   20.000000   clock source latency
     6    0.017774    0.085757    0.055730   20.055731 ^ clk (in)
                                                         clk (net)
                      0.085759    0.000000   20.055731 ^ _26_/CLK (sky130_fd_sc_hd__dfrtp_2)
                                 -0.250000   19.805731   clock uncertainty
                                  0.000000   19.805731   clock reconvergence pessimism
                                 -0.111063   19.694668   library setup time
                                             19.694668   data required time
---------------------------------------------------------------------------------------------
                                             19.694668   data required time
                                             -4.108155   data arrival time
---------------------------------------------------------------------------------------------
                                             15.586512   slack (MET)


Startpoint: rst (input port clocked by clk)
Endpoint: _26_ (recovery check against rising-edge clock clk)
Path Group: asynchronous
Path Type: max

Fanout         Cap        Slew       Delay        Time   Description
---------------------------------------------------------------------------------------------
                                  0.000000    0.000000   clock clk (rise edge)
                                  0.000000    0.000000   clock network delay (propagated)
                                  4.000000    4.000000 ^ input external delay
     6    0.027870    0.130781    0.094725    4.094725 ^ rst (in)
                                                         rst (net)
                      0.130783    0.000000    4.094725 ^ _26_/RESET_B (sky130_fd_sc_hd__dfrtp_2)
                                              4.094725   data arrival time

                                 20.000000   20.000000   clock clk (rise edge)
                                  0.000000   20.000000   clock source latency
     6    0.017774    0.085757    0.055730   20.055731 ^ clk (in)
                                                         clk (net)
                      0.085759    0.000000   20.055731 ^ _26_/CLK (sky130_fd_sc_hd__dfrtp_2)
                                 -0.250000   19.805731   clock uncertainty
                                  0.000000   19.805731   clock reconvergence pessimism
                                  0.206275   20.012005   library recovery time
                                             20.012005   data required time
---------------------------------------------------------------------------------------------
                                             20.012005   data required time
                                             -4.094725   data arrival time
---------------------------------------------------------------------------------------------
                                             15.917280   slack (MET)


Startpoint: rst (input port clocked by clk)
Endpoint: _27_ (recovery check against rising-edge clock clk)
Path Group: asynchronous
Path Type: max

Fanout         Cap        Slew       Delay        Time   Description
---------------------------------------------------------------------------------------------
                                  0.000000    0.000000   clock clk (rise edge)
                                  0.000000    0.000000   clock network delay (propagated)
                                  4.000000    4.000000 ^ input external delay
     6    0.027870    0.130781    0.094709    4.094709 ^ rst (in)
                                                         rst (net)
                      0.130783    0.000000    4.094709 ^ _27_/RESET_B (sky130_fd_sc_hd__dfrtp_2)
                                              4.094709   data arrival time

                                 20.000000   20.000000   clock clk (rise edge)
                                  0.000000   20.000000   clock source latency
     6    0.017774    0.085757    0.055723   20.055723 ^ clk (in)
                                                         clk (net)
                      0.085759    0.000000   20.055723 ^ _27_/CLK (sky130_fd_sc_hd__dfrtp_2)
                                 -0.250000   19.805723   clock uncertainty
                                  0.000000   19.805723   clock reconvergence pessimism
                                  0.206275   20.011997   library recovery time
                                             20.011997   data required time
---------------------------------------------------------------------------------------------
                                             20.011997   data required time
                                             -4.094709   data arrival time
---------------------------------------------------------------------------------------------
                                             15.917290   slack (MET)


Startpoint: rst (input port clocked by clk)
Endpoint: _28_ (recovery check against rising-edge clock clk)
Path Group: asynchronous
Path Type: max

Fanout         Cap        Slew       Delay        Time   Description
---------------------------------------------------------------------------------------------
                                  0.000000    0.000000   clock clk (rise edge)
                                  0.000000    0.000000   clock network delay (propagated)
                                  4.000000    4.000000 ^ input external delay
     6    0.027870    0.130781    0.094695    4.094695 ^ rst (in)
                                                         rst (net)
                      0.130783    0.000000    4.094695 ^ _28_/RESET_B (sky130_fd_sc_hd__dfrtp_2)
                                              4.094695   data arrival time

                                 20.000000   20.000000   clock clk (rise edge)
                                  0.000000   20.000000   clock source latency
     6    0.017774    0.085757    0.055715   20.055716 ^ clk (in)
                                                         clk (net)
                      0.085759    0.000000   20.055716 ^ _28_/CLK (sky130_fd_sc_hd__dfrtp_2)
                                 -0.250000   19.805717   clock uncertainty
                                  0.000000   19.805717   clock reconvergence pessimism
                                  0.206275   20.011992   library recovery time
                                             20.011992   data required time
---------------------------------------------------------------------------------------------
                                             20.011992   data required time
                                             -4.094695   data arrival time
---------------------------------------------------------------------------------------------
                                             15.917296   slack (MET)


Startpoint: rst (input port clocked by clk)
Endpoint: _29_ (recovery check against rising-edge clock clk)
Path Group: asynchronous
Path Type: max

Fanout         Cap        Slew       Delay        Time   Description
---------------------------------------------------------------------------------------------
                                  0.000000    0.000000   clock clk (rise edge)
                                  0.000000    0.000000   clock network delay (propagated)
                                  4.000000    4.000000 ^ input external delay
     6    0.027870    0.130781    0.094665    4.094665 ^ rst (in)
                                                         rst (net)
                      0.130782    0.000000    4.094665 ^ _29_/RESET_B (sky130_fd_sc_hd__dfrtp_2)
                                              4.094665   data arrival time

                                 20.000000   20.000000   clock clk (rise edge)
                                  0.000000   20.000000   clock source latency
     6    0.017774    0.085757    0.055699   20.055700 ^ clk (in)
                                                         clk (net)
                      0.085759    0.000000   20.055700 ^ _29_/CLK (sky130_fd_sc_hd__dfrtp_2)
                                 -0.250000   19.805700   clock uncertainty
                                  0.000000   19.805700   clock reconvergence pessimism
                                  0.206275   20.011974   library recovery time
                                             20.011974   data required time
---------------------------------------------------------------------------------------------
                                             20.011974   data required time
                                             -4.094665   data arrival time
---------------------------------------------------------------------------------------------
                                             15.917311   slack (MET)


Startpoint: rst (input port clocked by clk)
Endpoint: _30_ (recovery check against rising-edge clock clk)
Path Group: asynchronous
Path Type: max

Fanout         Cap        Slew       Delay        Time   Description
---------------------------------------------------------------------------------------------
                                  0.000000    0.000000   clock clk (rise edge)
                                  0.000000    0.000000   clock network delay (propagated)
                                  4.000000    4.000000 ^ input external delay
     6    0.027870    0.130781    0.094655    4.094655 ^ rst (in)
                                                         rst (net)
                      0.130782    0.000000    4.094655 ^ _30_/RESET_B (sky130_fd_sc_hd__dfrtp_2)
                                              4.094655   data arrival time

                                 20.000000   20.000000   clock clk (rise edge)
                                  0.000000   20.000000   clock source latency
     6    0.017774    0.085757    0.055694   20.055695 ^ clk (in)
                                                         clk (net)
                      0.085759    0.000000   20.055695 ^ _30_/CLK (sky130_fd_sc_hd__dfrtp_2)
                                 -0.250000   19.805695   clock uncertainty
                                  0.000000   19.805695   clock reconvergence pessimism
                                  0.206275   20.011969   library recovery time
                                             20.011969   data required time
---------------------------------------------------------------------------------------------
                                             20.011969   data required time
                                             -4.094655   data arrival time
---------------------------------------------------------------------------------------------
                                             15.917315   slack (MET)


Startpoint: rst (input port clocked by clk)
Endpoint: _31_ (recovery check against rising-edge clock clk)
Path Group: asynchronous
Path Type: max

Fanout         Cap        Slew       Delay        Time   Description
---------------------------------------------------------------------------------------------
                                  0.000000    0.000000   clock clk (rise edge)
                                  0.000000    0.000000   clock network delay (propagated)
                                  4.000000    4.000000 ^ input external delay
     6    0.027870    0.130781    0.094670    4.094670 ^ rst (in)
                                                         rst (net)
                      0.130782    0.000000    4.094670 ^ _31_/RESET_B (sky130_fd_sc_hd__dfrtp_2)
                                              4.094670   data arrival time

                                 20.000000   20.000000   clock clk (rise edge)
                                  0.000000   20.000000   clock source latency
     6    0.017774    0.085757    0.055701   20.055702 ^ clk (in)
                                                         clk (net)
                      0.085759    0.000000   20.055702 ^ _31_/CLK (sky130_fd_sc_hd__dfrtp_2)
                                 -0.250000   19.805702   clock uncertainty
                                  0.000000   19.805702   clock reconvergence pessimism
                                  0.206275   20.011976   library recovery time
                                             20.011976   data required time
---------------------------------------------------------------------------------------------
                                             20.011976   data required time
                                             -4.094670   data arrival time
---------------------------------------------------------------------------------------------
                                             15.917305   slack (MET)


Startpoint: _26_ (rising edge-triggered flip-flop clocked by clk)
Endpoint: _27_ (rising edge-triggered flip-flop clocked by clk)
Path Group: clk
Path Type: max

Fanout         Cap        Slew       Delay        Time   Description
---------------------------------------------------------------------------------------------
                                  0.000000    0.000000   clock clk (rise edge)
                                  0.000000    0.000000   clock source latency
     6    0.017774    0.085757    0.061597    0.061597 ^ clk (in)
                                                         clk (net)
                      0.085759    0.000000    0.061597 ^ _26_/CLK (sky130_fd_sc_hd__dfrtp_2)
     4    0.018874    0.076536    0.469903    0.531499 v _26_/Q (sky130_fd_sc_hd__dfrtp_2)
                                                         core0.pc[2] (net)
                      0.076536    0.000101    0.531600 v _16_/A (sky130_fd_sc_hd__nor2_2)
     3    0.009946    0.134991    0.166342    0.697942 ^ _16_/Y (sky130_fd_sc_hd__nor2_2)
                                                         _08_ (net)
                      0.134991    0.000011    0.697953 ^ _24_/A_N (sky130_fd_sc_hd__and2b_2)
     1    0.002122    0.034205    0.235038    0.932991 v _24_/X (sky130_fd_sc_hd__and2b_2)
                                                         _01_ (net)
                      0.034205    0.000002    0.932993 v _27_/D (sky130_fd_sc_hd__dfrtp_2)
                                              0.932993   data arrival time

                                 20.000000   20.000000   clock clk (rise edge)
                                  0.000000   20.000000   clock source latency
     6    0.017774    0.085757    0.055723   20.055723 ^ clk (in)
                                                         clk (net)
                      0.085759    0.000000   20.055723 ^ _27_/CLK (sky130_fd_sc_hd__dfrtp_2)
                                 -0.250000   19.805723   clock uncertainty
                                  0.000000   19.805723   clock reconvergence pessimism
                                 -0.101341   19.704382   library setup time
                                             19.704382   data required time
---------------------------------------------------------------------------------------------
                                             19.704382   data required time
                                             -0.932993   data arrival time
---------------------------------------------------------------------------------------------
                                             18.771391   slack (MET)


Startpoint: _29_ (rising edge-triggered flip-flop clocked by clk)
Endpoint: _31_ (rising edge-triggered flip-flop clocked by clk)
Path Group: clk
Path Type: max

Fanout         Cap        Slew       Delay        Time   Description
---------------------------------------------------------------------------------------------
                                  0.000000    0.000000   clock clk (rise edge)
                                  0.000000    0.000000   clock source latency
     6    0.017774    0.085757    0.061562    0.061562 ^ clk (in)
                                                         clk (net)
                      0.085759    0.000000    0.061562 ^ _29_/CLK (sky130_fd_sc_hd__dfrtp_2)
     4    0.014852    0.070269    0.459688    0.521250 v _29_/Q (sky130_fd_sc_hd__dfrtp_2)
                                                         core1.pc[2] (net)
                      0.070269    0.000027    0.521277 v _19_/A (sky130_fd_sc_hd__and2_2)
     2    0.013121    0.059229    0.216752    0.738028 v _19_/X (sky130_fd_sc_hd__and2_2)
                                                         _09_ (net)
                      0.059229    0.000064    0.738092 v _21_/B (sky130_fd_sc_hd__xor2_2)
     1    0.002122    0.039974    0.142587    0.880679 v _21_/X (sky130_fd_sc_hd__xor2_2)
                                                         _05_ (net)
                      0.039974    0.000002    0.880680 v _31_/D (sky130_fd_sc_hd__dfrtp_2)
                                              0.880680   data arrival time

                                 20.000000   20.000000   clock clk (rise edge)
                                  0.000000   20.000000   clock source latency
     6    0.017774    0.085757    0.055701   20.055702 ^ clk (in)
                                                         clk (net)
                      0.085759    0.000000   20.055702 ^ _31_/CLK (sky130_fd_sc_hd__dfrtp_2)
                                 -0.250000   19.805702   clock uncertainty
                                  0.000000   19.805702   clock reconvergence pessimism
                                 -0.103866   19.701838   library setup time
                                             19.701838   data required time
---------------------------------------------------------------------------------------------
                                             19.701838   data required time
                                             -0.880680   data arrival time
---------------------------------------------------------------------------------------------
                                             18.821157   slack (MET)


Startpoint: _29_ (rising edge-triggered flip-flop clocked by clk)
Endpoint: _30_ (rising edge-triggered flip-flop clocked by clk)
Path Group: clk
Path Type: max

Fanout         Cap        Slew       Delay        Time   Description
---------------------------------------------------------------------------------------------
                                  0.000000    0.000000   clock clk (rise edge)
                                  0.000000    0.000000   clock source latency
     6    0.017774    0.085757    0.061562    0.061562 ^ clk (in)
                                                         clk (net)
                      0.085759    0.000000    0.061562 ^ _29_/CLK (sky130_fd_sc_hd__dfrtp_2)
     4    0.014852    0.070269    0.459688    0.521250 v _29_/Q (sky130_fd_sc_hd__dfrtp_2)
                                                         core1.pc[2] (net)
                      0.070269    0.000026    0.521276 v _13_/A (sky130_fd_sc_hd__nor2_2)
     3    0.013444    0.170753    0.191401    0.712677 ^ _13_/Y (sky130_fd_sc_hd__nor2_2)
                                                         _07_ (net)
                      0.170753    0.000035    0.712712 ^ _20_/A (sky130_fd_sc_hd__nor2_2)
     1    0.001981    0.038135    0.056344    0.769056 v _20_/Y (sky130_fd_sc_hd__nor2_2)
                                                         _04_ (net)
                      0.038135    0.000000    0.769056 v _30_/D (sky130_fd_sc_hd__dfrtp_2)
                                              0.769056   data arrival time

                                 20.000000   20.000000   clock clk (rise edge)
                                  0.000000   20.000000   clock source latency
     6    0.017774    0.085757    0.055694   20.055695 ^ clk (in)
                                                         clk (net)
                      0.085759    0.000000   20.055695 ^ _30_/CLK (sky130_fd_sc_hd__dfrtp_2)
                                 -0.250000   19.805695   clock uncertainty
                                  0.000000   19.805695   clock reconvergence pessimism
                                 -0.103061   19.702635   library setup time
                                             19.702635   data required time
---------------------------------------------------------------------------------------------
                                             19.702635   data required time
                                             -0.769056   data arrival time
---------------------------------------------------------------------------------------------
                                             18.933578   slack (MET)


Startpoint: _26_ (rising edge-triggered flip-flop clocked by clk)
Endpoint: _28_ (rising edge-triggered flip-flop clocked by clk)
Path Group: clk
Path Type: max

Fanout         Cap        Slew       Delay        Time   Description
---------------------------------------------------------------------------------------------
                                  0.000000    0.000000   clock clk (rise edge)
                                  0.000000    0.000000   clock source latency
     6    0.017774    0.085757    0.061597    0.061597 ^ clk (in)
                                                         clk (net)
                      0.085759    0.000000    0.061597 ^ _26_/CLK (sky130_fd_sc_hd__dfrtp_2)
     4    0.020615    0.113412    0.438621    0.500217 ^ _26_/Q (sky130_fd_sc_hd__dfrtp_2)
                                                         core0.pc[2] (net)
                      0.113412    0.000112    0.500329 ^ _23_/A (sky130_fd_sc_hd__nand2_2)
     2    0.010673    0.060927    0.084792    0.585121 v _23_/Y (sky130_fd_sc_hd__nand2_2)
                                                         _10_ (net)
                      0.060927    0.000058    0.585179 v _25_/B (sky130_fd_sc_hd__xnor2_2)
     1    0.001995    0.041009    0.129492    0.714671 v _25_/Y (sky130_fd_sc_hd__xnor2_2)
                                                         _02_ (net)
                      0.041009    0.000000    0.714672 v _28_/D (sky130_fd_sc_hd__dfrtp_2)
                                              0.714672   data arrival time

                                 20.000000   20.000000   clock clk (rise edge)
                                  0.000000   20.000000   clock source latency
     6    0.017774    0.085757    0.055715   20.055716 ^ clk (in)
                                                         clk (net)
                      0.085759    0.000000   20.055716 ^ _28_/CLK (sky130_fd_sc_hd__dfrtp_2)
                                 -0.250000   19.805717   clock uncertainty
                                  0.000000   19.805717   clock reconvergence pessimism
                                 -0.104319   19.701397   library setup time
                                             19.701397   data required time
---------------------------------------------------------------------------------------------
                                             19.701397   data required time
                                             -0.714672   data arrival time
---------------------------------------------------------------------------------------------
                                             18.986725   slack (MET)



