
===========================================================================
 report_power
============================================================================
======================= nom_tt_025C_1v80 Corner ===================================

Group                    Internal    Switching      Leakage        Total
                            Power        Power        Power        Power (Watts)
------------------------------------------------------------------------
Sequential           5.878750e-03 1.614092e-04 2.430167e-08 6.040184e-03  85.8%
Combinational        5.771038e-04 4.243827e-04 3.542003e-08 1.001522e-03  14.2%
Clock                0.000000e+00 0.000000e+00 0.000000e+00 0.000000e+00   0.0%
Macro                0.000000e+00 0.000000e+00 0.000000e+00 0.000000e+00   0.0%
Pad                  0.000000e+00 0.000000e+00 0.000000e+00 0.000000e+00   0.0%
------------------------------------------------------------------------
Total                6.455819e-03 5.857923e-04 5.972289e-08 7.041671e-03 100.0%
                            91.7%         8.3%         0.0%

