Clock: clk
Sources: clk 
Generated: no
Virtual: yes
Propagated: no
Period: 20.000000

===========================================================================
report_clock_properties
============================================================================
Clock                   Period          Waveform
----------------------------------------------------
clk                  20.000000    0.000000 10.000000

===========================================================================
report_clock_latency
============================================================================
Clock clk
rise -> rise
    min     max
0.000000 0.000000 source latency
1.324066         network latency _28299_/CLK
        1.575566 network latency _28016_/CLK
---------------
1.324066 1.575566 latency
        0.251500 skew

fall -> fall
    min     max
0.000000 0.000000 source latency
1.065009         network latency _28299_/CLK
        1.258434 network latency _28016_/CLK
---------------
1.065009 1.258434 latency
        0.193425 skew



===========================================================================
report_clock_min_period
============================================================================
clk period_min = 10.86 fmax = 92.04
