[WARNING ORD-0039] .openroad ignored with -python
Unannotated report:
['report_parasitic_annotation -report_unannotated\n',
 '============================================================================\n',
 'Found 180 unannotated drivers.\n',
 ' clkload0/X\n',
 ' clkload1/X\n',
 ' clkload10/X\n',
 ' clkload100/X\n',
 ' clkload101/X\n',
 ' clkload102/Y\n',
 ' clkload103/X\n',
 ' clkload104/X\n',
 ' clkload105/X\n',
 ' clkload106/X\n',
 ' clkload107/X\n',
 ' clkload108/Y\n',
 ' clkload109/X\n',
 ' clkload11/X\n',
 ' clkload110/X\n',
 ' clkload111/Y\n',
 ' clkload112/X\n',
 ' clkload113/X\n',
 ' clkload114/X\n',
 ' clkload115/Y\n',
 ' clkload116/Y\n',
 ' clkload117/X\n',
 ' clkload118/X\n',
 ' clkload119/Y\n',
 ' clkload12/X\n',
 ' clkload120/Y\n',
 ' clkload121/Y\n',
 ' clkload122/Y\n',
 ' clkload123/X\n',
 ' clkload124/Y\n',
 ' clkload125/X\n',
 ' clkload126/X\n',
 ' clkload127/X\n',
 ' clkload128/X\n',
 ' clkload129/Y\n',
 ' clkload13/X\n',
 ' clkload130/X\n',
 ' clkload131/X\n',
 ' clkload132/Y\n',
 ' clkload133/X\n',
 ' clkload134/Y\n',
 ' clkload135/Y\n',
 ' clkload136/X\n',
 ' clkload137/X\n',
 ' clkload138/Y\n',
 ' clkload139/Y\n',
 ' clkload14/X\n',
 ' clkload140/Y\n',
 ' clkload141/X\n',
 ' clkload142/X\n',
 ' clkload143/X\n',
 ' clkload144/X\n',
 ' clkload145/X\n',
 ' clkload146/Y\n',
 ' clkload147/X\n',
 ' clkload148/X\n',
 ' clkload149/Y\n',
 ' clkload15/X\n',
 ' clkload150/X\n',
 ' clkload151/Y\n',
 ' clkload152/Y\n',
 ' clkload153/X\n',
 ' clkload154/X\n',
 ' clkload155/X\n',
 ' clkload156/X\n',
 ' clkload157/X\n',
 ' clkload158/X\n',
 ' clkload159/X\n',
 ' clkload16/X\n',
 ' clkload160/X\n',
 ' clkload161/Y\n',
 ' clkload162/X\n',
 ' clkload163/X\n',
 ' clkload164/X\n',
 ' clkload165/X\n',
 ' clkload166/X\n',
 ' clkload167/X\n',
 ' clkload168/X\n',
 ' clkload169/X\n',
 ' clkload17/X\n',
 ' clkload170/X\n',
 ' clkload171/Y\n',
 ' clkload172/Y\n',
 ' clkload173/X\n',
 ' clkload174/X\n',
 ' clkload175/X\n',
 ' clkload176/Y\n',
 ' clkload177/X\n',
 ' clkload178/X\n',
 ' clkload179/X\n',
 ' clkload18/X\n',
 ' clkload19/X\n',
 ' clkload2/X\n',
 ' clkload20/X\n',
 ' clkload21/X\n',
 ' clkload22/X\n',
 ' clkload23/Y\n',
 ' clkload24/Y\n',
 ' clkload25/X\n',
 ' clkload26/X\n',
 ' clkload27/Y\n',
 ' clkload28/Y\n',
 ' clkload29/X\n',
 ' clkload3/X\n',
 ' clkload30/Y\n',
 ' clkload31/X\n',
 ' clkload32/X\n',
 ' clkload33/X\n',
 ' clkload34/Y\n',
 ' clkload35/Y\n',
 ' clkload36/Y\n',
 ' clkload37/X\n',
 ' clkload38/X\n',
 ' clkload39/X\n',
 ' clkload4/X\n',
 ' clkload40/X\n',
 ' clkload41/X\n',
 ' clkload42/X\n',
 ' clkload43/Y\n',
 ' clkload44/Y\n',
 ' clkload45/Y\n',
 ' clkload46/X\n',
 ' clkload47/X\n',
 ' clkload48/X\n',
 ' clkload49/X\n',
 ' clkload5/X\n',
 ' clkload50/Y\n',
 ' clkload51/Y\n',
 ' clkload52/X\n',
 ' clkload53/X\n',
 ' clkload54/X\n',
 ' clkload55/X\n',
 ' clkload56/X\n',
 ' clkload57/Y\n',
 ' clkload58/Y\n',
 ' clkload59/X\n',
 ' clkload6/X\n',
 ' clkload60/Y\n',
 ' clkload61/Y\n',
 ' clkload62/Y\n',
 ' clkload63/Y\n',
 ' clkload64/X\n',
 ' clkload65/Y\n',
 ' clkload66/X\n',
 ' clkload67/X\n',
 ' clkload68/Y\n',
 ' clkload69/Y\n',
 ' clkload7/X\n',
 ' clkload70/Y\n',
 ' clkload71/Y\n',
 ' clkload72/Y\n',
 ' clkload73/Y\n',
 ' clkload74/Y\n',
 ' clkload75/X\n',
 ' clkload76/Y\n',
 ' clkload77/X\n',
 ' clkload78/X\n',
 ' clkload79/X\n',
 ' clkload8/X\n',
 ' clkload80/Y\n',
 ' clkload81/X\n',
 ' clkload82/X\n',
 ' clkload83/Y\n',
 ' clkload84/X\n',
 ' clkload85/X\n',
 ' clkload86/X\n',
 ' clkload87/X\n',
 ' clkload88/X\n',
 ' clkload89/X\n',
 ' clkload9/X\n',
 ' clkload90/X\n',
 ' clkload91/X\n',
 ' clkload92/X\n',
 ' clkload93/X\n',
 ' clkload94/X\n',
 ' clkload95/X\n',
 ' clkload96/X\n',
 ' clkload97/Y\n',
 ' clkload98/X\n',
 ' clkload99/X\n',
 'Found 0 partially unannotated drivers.\n',
 '\n']
Reported nets:
['clkload0/X',
 'clkload1/X',
 'clkload10/X',
 'clkload100/X',
 'clkload101/X',
 'clkload102/Y',
 'clkload103/X',
 'clkload104/X',
 'clkload105/X',
 'clkload106/X',
 'clkload107/X',
 'clkload108/Y',
 'clkload109/X',
 'clkload11/X',
 'clkload110/X',
 'clkload111/Y',
 'clkload112/X',
 'clkload113/X',
 'clkload114/X',
 'clkload115/Y',
 'clkload116/Y',
 'clkload117/X',
 'clkload118/X',
 'clkload119/Y',
 'clkload12/X',
 'clkload120/Y',
 'clkload121/Y',
 'clkload122/Y',
 'clkload123/X',
 'clkload124/Y',
 'clkload125/X',
 'clkload126/X',
 'clkload127/X',
 'clkload128/X',
 'clkload129/Y',
 'clkload13/X',
 'clkload130/X',
 'clkload131/X',
 'clkload132/Y',
 'clkload133/X',
 'clkload134/Y',
 'clkload135/Y',
 'clkload136/X',
 'clkload137/X',
 'clkload138/Y',
 'clkload139/Y',
 'clkload14/X',
 'clkload140/Y',
 'clkload141/X',
 'clkload142/X',
 'clkload143/X',
 'clkload144/X',
 'clkload145/X',
 'clkload146/Y',
 'clkload147/X',
 'clkload148/X',
 'clkload149/Y',
 'clkload15/X',
 'clkload150/X',
 'clkload151/Y',
 'clkload152/Y',
 'clkload153/X',
 'clkload154/X',
 'clkload155/X',
 'clkload156/X',
 'clkload157/X',
 'clkload158/X',
 'clkload159/X',
 'clkload16/X',
 'clkload160/X',
 'clkload161/Y',
 'clkload162/X',
 'clkload163/X',
 'clkload164/X',
 'clkload165/X',
 'clkload166/X',
 'clkload167/X',
 'clkload168/X',
 'clkload169/X',
 'clkload17/X',
 'clkload170/X',
 'clkload171/Y',
 'clkload172/Y',
 'clkload173/X',
 'clkload174/X',
 'clkload175/X',
 'clkload176/Y',
 'clkload177/X',
 'clkload178/X',
 'clkload179/X',
 'clkload18/X',
 'clkload19/X',
 'clkload2/X',
 'clkload20/X',
 'clkload21/X',
 'clkload22/X',
 'clkload23/Y',
 'clkload24/Y',
 'clkload25/X',
 'clkload26/X',
 'clkload27/Y',
 'clkload28/Y',
 'clkload29/X',
 'clkload3/X',
 'clkload30/Y',
 'clkload31/X',
 'clkload32/X',
 'clkload33/X',
 'clkload34/Y',
 'clkload35/Y',
 'clkload36/Y',
 'clkload37/X',
 'clkload38/X',
 'clkload39/X',
 'clkload4/X',
 'clkload40/X',
 'clkload41/X',
 'clkload42/X',
 'clkload43/Y',
 'clkload44/Y',
 'clkload45/Y',
 'clkload46/X',
 'clkload47/X',
 'clkload48/X',
 'clkload49/X',
 'clkload5/X',
 'clkload50/Y',
 'clkload51/Y',
 'clkload52/X',
 'clkload53/X',
 'clkload54/X',
 'clkload55/X',
 'clkload56/X',
 'clkload57/Y',
 'clkload58/Y',
 'clkload59/X',
 'clkload6/X',
 'clkload60/Y',
 'clkload61/Y',
 'clkload62/Y',
 'clkload63/Y',
 'clkload64/X',
 'clkload65/Y',
 'clkload66/X',
 'clkload67/X',
 'clkload68/Y',
 'clkload69/Y',
 'clkload7/X',
 'clkload70/Y',
 'clkload71/Y',
 'clkload72/Y',
 'clkload73/Y',
 'clkload74/Y',
 'clkload75/X',
 'clkload76/Y',
 'clkload77/X',
 'clkload78/X',
 'clkload79/X',
 'clkload8/X',
 'clkload80/Y',
 'clkload81/X',
 'clkload82/X',
 'clkload83/Y',
 'clkload84/X',
 'clkload85/X',
 'clkload86/X',
 'clkload87/X',
 'clkload88/X',
 'clkload89/X',
 'clkload9/X',
 'clkload90/X',
 'clkload91/X',
 'clkload92/X',
 'clkload93/X',
 'clkload94/X',
 'clkload95/X',
 'clkload96/X',
 'clkload97/Y',
 'clkload98/X',
 'clkload99/X']
Filtered nets:
[]
done
