[WARNING ORD-0039] .openroad ignored with -python
                                Cells by Master                                 
┏━━━━━━━━━━━━━━━━━━━━━━━━━━━━━━━━━━━━━━━━━━━━━━━━━━━━━━━━━━━━━━━┳━━━━━━━━━━━━━━┓
┃ Cell                                                          ┃ Count        ┃
┡━━━━━━━━━━━━━━━━━━━━━━━━━━━━━━━━━━━━━━━━━━━━━━━━━━━━━━━━━━━━━━━╇━━━━━━━━━━━━━━┩
│ sky130_fd_sc_hd__a2111o_2                                     │ 9            │
│ sky130_fd_sc_hd__a2111oi_1                                    │ 3            │
│ sky130_fd_sc_hd__a2111oi_2                                    │ 8            │
│ sky130_fd_sc_hd__a211o_2                                      │ 87           │
│ sky130_fd_sc_hd__a211oi_2                                     │ 19           │
│ sky130_fd_sc_hd__a21bo_2                                      │ 9            │
│ sky130_fd_sc_hd__a21boi_2                                     │ 9            │
│ sky130_fd_sc_hd__a21boi_4                                     │ 1            │
│ sky130_fd_sc_hd__a21o_2                                       │ 136          │
│ sky130_fd_sc_hd__a21oi_2                                      │ 197          │
│ sky130_fd_sc_hd__a21oi_4                                      │ 5            │
│ sky130_fd_sc_hd__a221o_2                                      │ 382          │
│ sky130_fd_sc_hd__a221oi_2                                     │ 5            │
│ sky130_fd_sc_hd__a22o_2                                       │ 256          │
│ sky130_fd_sc_hd__a22oi_2                                      │ 112          │
│ sky130_fd_sc_hd__a2bb2o_2                                     │ 23           │
│ sky130_fd_sc_hd__a2bb2oi_2                                    │ 122          │
│ sky130_fd_sc_hd__a311o_2                                      │ 32           │
│ sky130_fd_sc_hd__a311oi_2                                     │ 6            │
│ sky130_fd_sc_hd__a31o_2                                       │ 192          │
│ sky130_fd_sc_hd__a31oi_2                                      │ 70           │
│ sky130_fd_sc_hd__a32o_2                                       │ 544          │
│ sky130_fd_sc_hd__a32oi_2                                      │ 8            │
│ sky130_fd_sc_hd__a41o_2                                       │ 46           │
│ sky130_fd_sc_hd__a41oi_2                                      │ 4            │
│ sky130_fd_sc_hd__and2_2                                       │ 46           │
│ sky130_fd_sc_hd__and2b_2                                      │ 51           │
│ sky130_fd_sc_hd__and3_2                                       │ 410          │
│ sky130_fd_sc_hd__and3b_2                                      │ 28           │
│ sky130_fd_sc_hd__and3b_4                                      │ 1            │
│ sky130_fd_sc_hd__and4_2                                       │ 68           │
│ sky130_fd_sc_hd__and4b_2                                      │ 28           │
│ sky130_fd_sc_hd__and4bb_2                                     │ 5            │
│ sky130_fd_sc_hd__buf_1                                        │ 3            │
│ sky130_fd_sc_hd__buf_12                                       │ 1            │
│ sky130_fd_sc_hd__buf_2                                        │ 326          │
│ sky130_fd_sc_hd__buf_4                                        │ 158          │
│ sky130_fd_sc_hd__buf_6                                        │ 6            │
│ sky130_fd_sc_hd__buf_8                                        │ 8            │
│ sky130_fd_sc_hd__bufinv_16                                    │ 51           │
│ sky130_fd_sc_hd__clkbuf_1                                     │ 27           │
│ sky130_fd_sc_hd__clkbuf_16                                    │ 1            │
│ sky130_fd_sc_hd__clkbuf_2                                     │ 6            │
│ sky130_fd_sc_hd__clkbuf_4                                     │ 1            │
│ sky130_fd_sc_hd__clkbuf_8                                     │ 420          │
│ sky130_fd_sc_hd__clkdlybuf4s25_1                              │ 10           │
│ sky130_fd_sc_hd__clkinv_2                                     │ 31           │
│ sky130_fd_sc_hd__clkinv_4                                     │ 28           │
│ sky130_fd_sc_hd__clkinv_8                                     │ 6            │
│ sky130_fd_sc_hd__clkinvlp_4                                   │ 59           │
│ sky130_fd_sc_hd__decap_3                                      │ 172326       │
│ sky130_fd_sc_hd__dfxtp_2                                      │ 2837         │
│ sky130_fd_sc_hd__dfxtp_4                                      │ 2            │
│ sky130_fd_sc_hd__diode_2                                      │ 78           │
│ sky130_fd_sc_hd__dlygate4sd3_1                                │ 2744         │
│ sky130_fd_sc_hd__fill_1                                       │ 14276        │
│ sky130_fd_sc_hd__fill_2                                       │ 8174         │
│ sky130_fd_sc_hd__inv_12                                       │ 3            │
│ sky130_fd_sc_hd__inv_16                                       │ 1            │
│ sky130_fd_sc_hd__inv_2                                        │ 134          │
│ sky130_fd_sc_hd__inv_4                                        │ 1            │
│ sky130_fd_sc_hd__inv_6                                        │ 43           │
│ sky130_fd_sc_hd__inv_8                                        │ 23           │
│ sky130_fd_sc_hd__mux2_1                                       │ 2163         │
│ sky130_fd_sc_hd__mux4_2                                       │ 36           │
│ sky130_fd_sc_hd__nand2_2                                      │ 224          │
│ sky130_fd_sc_hd__nand2b_2                                     │ 39           │
│ sky130_fd_sc_hd__nand2b_4                                     │ 1            │
│ sky130_fd_sc_hd__nand3_2                                      │ 37           │
│ sky130_fd_sc_hd__nand3b_1                                     │ 1            │
│ sky130_fd_sc_hd__nand3b_2                                     │ 9            │
│ sky130_fd_sc_hd__nand4_1                                      │ 2            │
│ sky130_fd_sc_hd__nand4_2                                      │ 70           │
│ sky130_fd_sc_hd__nand4_4                                      │ 1            │
│ sky130_fd_sc_hd__nand4b_2                                     │ 5            │
│ sky130_fd_sc_hd__nor2_2                                       │ 300          │
│ sky130_fd_sc_hd__nor2_4                                       │ 9            │
│ sky130_fd_sc_hd__nor3_2                                       │ 24           │
│ sky130_fd_sc_hd__nor3_4                                       │ 5            │
│ sky130_fd_sc_hd__nor3b_2                                      │ 7            │
│ sky130_fd_sc_hd__nor4_2                                       │ 17           │
│ sky130_fd_sc_hd__nor4_4                                       │ 2            │
│ sky130_fd_sc_hd__nor4b_2                                      │ 2            │
│ sky130_fd_sc_hd__nor4b_4                                      │ 1            │
│ sky130_fd_sc_hd__o2111a_2                                     │ 27           │
│ sky130_fd_sc_hd__o2111ai_2                                    │ 70           │
│ sky130_fd_sc_hd__o2111ai_4                                    │ 3            │
│ sky130_fd_sc_hd__o211a_2                                      │ 191          │
│ sky130_fd_sc_hd__o211ai_2                                     │ 40           │
│ sky130_fd_sc_hd__o211ai_4                                     │ 1            │
│ sky130_fd_sc_hd__o21a_2                                       │ 54           │
│ sky130_fd_sc_hd__o21ai_2                                      │ 184          │
│ sky130_fd_sc_hd__o21ai_4                                      │ 1            │
│ sky130_fd_sc_hd__o21ba_2                                      │ 13           │
│ sky130_fd_sc_hd__o21bai_2                                     │ 46           │
│ sky130_fd_sc_hd__o221a_2                                      │ 53           │
│ sky130_fd_sc_hd__o221ai_2                                     │ 11           │
│ sky130_fd_sc_hd__o22a_2                                       │ 20           │
│ sky130_fd_sc_hd__o22ai_2                                      │ 45           │
│ sky130_fd_sc_hd__o2bb2a_2                                     │ 24           │
│ sky130_fd_sc_hd__o2bb2ai_2                                    │ 64           │
│ sky130_fd_sc_hd__o311a_2                                      │ 47           │
│ sky130_fd_sc_hd__o311ai_2                                     │ 3            │
│ sky130_fd_sc_hd__o31a_2                                       │ 184          │
│ sky130_fd_sc_hd__o31ai_2                                      │ 12           │
│ sky130_fd_sc_hd__o31ai_4                                      │ 1            │
│ sky130_fd_sc_hd__o32a_2                                       │ 29           │
│ sky130_fd_sc_hd__o32ai_2                                      │ 11           │
│ sky130_fd_sc_hd__o41a_2                                       │ 14           │
│ sky130_fd_sc_hd__o41ai_2                                      │ 3            │
│ sky130_fd_sc_hd__or2_2                                        │ 68           │
│ sky130_fd_sc_hd__or3_2                                        │ 102          │
│ sky130_fd_sc_hd__or3b_2                                       │ 54           │
│ sky130_fd_sc_hd__or4_2                                        │ 104          │
│ sky130_fd_sc_hd__or4b_2                                       │ 35           │
│ sky130_fd_sc_hd__or4bb_2                                      │ 4            │
│ sky130_fd_sc_hd__tapvpwrvgnd_1                                │ 12456        │
│ sky130_fd_sc_hd__xnor2_2                                      │ 15           │
│ sky130_fd_sc_hd__xor2_2                                       │ 14           │
└───────────────────────────────────────────────────────────────┴──────────────┘
                               Cells by Function                                
┏━━━━━━━━━━━━━━━━━━━━━━━━━━━━━━━━━━━━━━━━━━━━━━━━━━━━━━━━━━━━━━┳━━━━━━━━━━━━━━━┓
┃ Cell Function                                                ┃ Count         ┃
┡━━━━━━━━━━━━━━━━━━━━━━━━━━━━━━━━━━━━━━━━━━━━━━━━━━━━━━━━━━━━━━╇━━━━━━━━━━━━━━━┩
│ sky130_fd_sc_hd__a2111o                                      │ 9             │
│ sky130_fd_sc_hd__a2111oi                                     │ 11            │
│ sky130_fd_sc_hd__a211o                                       │ 87            │
│ sky130_fd_sc_hd__a211oi                                      │ 19            │
│ sky130_fd_sc_hd__a21bo                                       │ 9             │
│ sky130_fd_sc_hd__a21boi                                      │ 10            │
│ sky130_fd_sc_hd__a21o                                        │ 136           │
│ sky130_fd_sc_hd__a21oi                                       │ 202           │
│ sky130_fd_sc_hd__a221o                                       │ 382           │
│ sky130_fd_sc_hd__a221oi                                      │ 5             │
│ sky130_fd_sc_hd__a22o                                        │ 256           │
│ sky130_fd_sc_hd__a22oi                                       │ 112           │
│ sky130_fd_sc_hd__a2bb2o                                      │ 23            │
│ sky130_fd_sc_hd__a2bb2oi                                     │ 122           │
│ sky130_fd_sc_hd__a311o                                       │ 32            │
│ sky130_fd_sc_hd__a311oi                                      │ 6             │
│ sky130_fd_sc_hd__a31o                                        │ 192           │
│ sky130_fd_sc_hd__a31oi                                       │ 70            │
│ sky130_fd_sc_hd__a32o                                        │ 544           │
│ sky130_fd_sc_hd__a32oi                                       │ 8             │
│ sky130_fd_sc_hd__a41o                                        │ 46            │
│ sky130_fd_sc_hd__a41oi                                       │ 4             │
│ sky130_fd_sc_hd__and2                                        │ 46            │
│ sky130_fd_sc_hd__and2b                                       │ 51            │
│ sky130_fd_sc_hd__and3                                        │ 410           │
│ sky130_fd_sc_hd__and3b                                       │ 29            │
│ sky130_fd_sc_hd__and4                                        │ 68            │
│ sky130_fd_sc_hd__and4b                                       │ 28            │
│ sky130_fd_sc_hd__and4bb                                      │ 5             │
│ sky130_fd_sc_hd__buf                                         │ 502           │
│ sky130_fd_sc_hd__bufinv                                      │ 51            │
│ sky130_fd_sc_hd__clkbuf                                      │ 455           │
│ sky130_fd_sc_hd__clkdlybuf4s25                               │ 10            │
│ sky130_fd_sc_hd__clkinv                                      │ 65            │
│ sky130_fd_sc_hd__clkinvlp                                    │ 59            │
│ sky130_fd_sc_hd__decap                                       │ 172326        │
│ sky130_fd_sc_hd__dfxtp                                       │ 2839          │
│ sky130_fd_sc_hd__diode                                       │ 78            │
│ sky130_fd_sc_hd__dlygate4sd3                                 │ 2744          │
│ sky130_fd_sc_hd__fill                                        │ 22450         │
│ sky130_fd_sc_hd__inv                                         │ 205           │
│ sky130_fd_sc_hd__mux2                                        │ 2163          │
│ sky130_fd_sc_hd__mux4                                        │ 36            │
│ sky130_fd_sc_hd__nand2                                       │ 224           │
│ sky130_fd_sc_hd__nand2b                                      │ 40            │
│ sky130_fd_sc_hd__nand3                                       │ 37            │
│ sky130_fd_sc_hd__nand3b                                      │ 10            │
│ sky130_fd_sc_hd__nand4                                       │ 73            │
│ sky130_fd_sc_hd__nand4b                                      │ 5             │
│ sky130_fd_sc_hd__nor2                                        │ 309           │
│ sky130_fd_sc_hd__nor3                                        │ 29            │
│ sky130_fd_sc_hd__nor3b                                       │ 7             │
│ sky130_fd_sc_hd__nor4                                        │ 19            │
│ sky130_fd_sc_hd__nor4b                                       │ 3             │
│ sky130_fd_sc_hd__o2111a                                      │ 27            │
│ sky130_fd_sc_hd__o2111ai                                     │ 73            │
│ sky130_fd_sc_hd__o211a                                       │ 191           │
│ sky130_fd_sc_hd__o211ai                                      │ 41            │
│ sky130_fd_sc_hd__o21a                                        │ 54            │
│ sky130_fd_sc_hd__o21ai                                       │ 185           │
│ sky130_fd_sc_hd__o21ba                                       │ 13            │
│ sky130_fd_sc_hd__o21bai                                      │ 46            │
│ sky130_fd_sc_hd__o221a                                       │ 53            │
│ sky130_fd_sc_hd__o221ai                                      │ 11            │
│ sky130_fd_sc_hd__o22a                                        │ 20            │
│ sky130_fd_sc_hd__o22ai                                       │ 45            │
│ sky130_fd_sc_hd__o2bb2a                                      │ 24            │
│ sky130_fd_sc_hd__o2bb2ai                                     │ 64            │
│ sky130_fd_sc_hd__o311a                                       │ 47            │
│ sky130_fd_sc_hd__o311ai                                      │ 3             │
│ sky130_fd_sc_hd__o31a                                        │ 184           │
│ sky130_fd_sc_hd__o31ai                                       │ 13            │
│ sky130_fd_sc_hd__o32a                                        │ 29            │
│ sky130_fd_sc_hd__o32ai                                       │ 11            │
│ sky130_fd_sc_hd__o41a                                        │ 14            │
│ sky130_fd_sc_hd__o41ai                                       │ 3             │
│ sky130_fd_sc_hd__or2                                         │ 68            │
│ sky130_fd_sc_hd__or3                                         │ 102           │
│ sky130_fd_sc_hd__or3b                                        │ 54            │
│ sky130_fd_sc_hd__or4                                         │ 104           │
│ sky130_fd_sc_hd__or4b                                        │ 35            │
│ sky130_fd_sc_hd__or4bb                                       │ 4             │
│ sky130_fd_sc_hd__tapvpwrvgnd                                 │ 12456         │
│ sky130_fd_sc_hd__xnor2                                       │ 15            │
│ sky130_fd_sc_hd__xor2                                        │ 14            │
└──────────────────────────────────────────────────────────────┴───────────────┘
                                  Cells by SCL                                  
┏━━━━━━━━━━━━━━━━━━━━━━━━━━━━━━━━━━━━━━━━━━━━━━━━━━━━━┳━━━━━━━━━━━━━━━━━━━━━━━━┓
┃ SCL                                                 ┃ Count                  ┃
┡━━━━━━━━━━━━━━━━━━━━━━━━━━━━━━━━━━━━━━━━━━━━━━━━━━━━━╇━━━━━━━━━━━━━━━━━━━━━━━━┩
│ sky130_fd_sc_hd                                     │ 221664                 │
└─────────────────────────────────────────────────────┴────────────────────────┘
                             Buffers by Cell Master                             
┏━━━━━━━━━━━━━━━━━━━━━━━━━━━━━━━━━━━━━━━━━━━━━━━━━━━━━━━━━━━━━━━━┳━━━━━━━━━━━━━┓
┃ Buffer                                                         ┃ Count       ┃
┡━━━━━━━━━━━━━━━━━━━━━━━━━━━━━━━━━━━━━━━━━━━━━━━━━━━━━━━━━━━━━━━━╇━━━━━━━━━━━━━┩
│ sky130_fd_sc_hd__buf_1                                         │ 3           │
│ sky130_fd_sc_hd__buf_12                                        │ 1           │
│ sky130_fd_sc_hd__buf_2                                         │ 326         │
│ sky130_fd_sc_hd__buf_4                                         │ 158         │
│ sky130_fd_sc_hd__buf_6                                         │ 6           │
│ sky130_fd_sc_hd__buf_8                                         │ 8           │
│ sky130_fd_sc_hd__clkbuf_1                                      │ 27          │
│ sky130_fd_sc_hd__clkbuf_16                                     │ 1           │
│ sky130_fd_sc_hd__clkbuf_2                                      │ 6           │
│ sky130_fd_sc_hd__clkbuf_4                                      │ 1           │
│ sky130_fd_sc_hd__clkbuf_8                                      │ 420         │
│ sky130_fd_sc_hd__clkdlybuf4s25_1                               │ 10          │
│ sky130_fd_sc_hd__dlygate4sd3_1                                 │ 2744        │
└────────────────────────────────────────────────────────────────┴─────────────┘
