15 Lint warnings found.
[IFP-0028] Core area lower left (30.000, 30.000) snapped to (30.360, 32.640).
Overriding minimum distance 0.4 with 0.42 for pins on side N to avoid overlap.
[GRT-0281] Net clk has a large fanout of 2840 terminals.
[STA-1140] /home/cl4/.ciel/ciel/sky130/versions/8afc8346a57fe1ab7934ba5a6056ea8b43078e71/sky130A/libs.ref/sky130_fd_sc_hd/lib/sky130_fd_sc_hd__tt_025C_1v80.lib line 1, library sky130_fd_sc_hd__tt_025C_1v80 already exists.
[STA-1140] /home/cl4/.ciel/ciel/sky130/versions/8afc8346a57fe1ab7934ba5a6056ea8b43078e71/sky130A/libs.ref/sky130_fd_sc_hd/lib/sky130_fd_sc_hd__ff_n40C_1v95.lib line 1, library sky130_fd_sc_hd__ff_n40C_1v95 already exists.
[STA-1140] /home/cl4/.ciel/ciel/sky130/versions/8afc8346a57fe1ab7934ba5a6056ea8b43078e71/sky130A/libs.ref/sky130_fd_sc_hd/lib/sky130_fd_sc_hd__ss_100C_1v60.lib line 1, library sky130_fd_sc_hd__ss_100C_1v60 already exists.
[STA-1140] /home/cl4/.ciel/ciel/sky130/versions/8afc8346a57fe1ab7934ba5a6056ea8b43078e71/sky130A/libs.ref/sky130_fd_sc_hd/lib/sky130_fd_sc_hd__tt_025C_1v80.lib line 1, library sky130_fd_sc_hd__tt_025C_1v80 already exists.
[STA-1140] /home/cl4/.ciel/ciel/sky130/versions/8afc8346a57fe1ab7934ba5a6056ea8b43078e71/sky130A/libs.ref/sky130_fd_sc_hd/lib/sky130_fd_sc_hd__ss_100C_1v60.lib line 1, library sky130_fd_sc_hd__ss_100C_1v60 already exists.
[STA-1140] /home/cl4/.ciel/ciel/sky130/versions/8afc8346a57fe1ab7934ba5a6056ea8b43078e71/sky130A/libs.ref/sky130_fd_sc_hd/lib/sky130_fd_sc_hd__ff_n40C_1v95.lib line 1, library sky130_fd_sc_hd__ff_n40C_1v95 already exists.
[RSZ-0020] found 2 floating nets.
[STA-1140] /home/cl4/.ciel/ciel/sky130/versions/8afc8346a57fe1ab7934ba5a6056ea8b43078e71/sky130A/libs.ref/sky130_fd_sc_hd/lib/sky130_fd_sc_hd__tt_025C_1v80.lib line 1, library sky130_fd_sc_hd__tt_025C_1v80 already exists.
[STA-1140] /home/cl4/.ciel/ciel/sky130/versions/8afc8346a57fe1ab7934ba5a6056ea8b43078e71/sky130A/libs.ref/sky130_fd_sc_hd/lib/sky130_fd_sc_hd__ff_n40C_1v95.lib line 1, library sky130_fd_sc_hd__ff_n40C_1v95 already exists.
[STA-1140] /home/cl4/.ciel/ciel/sky130/versions/8afc8346a57fe1ab7934ba5a6056ea8b43078e71/sky130A/libs.ref/sky130_fd_sc_hd/lib/sky130_fd_sc_hd__ss_100C_1v60.lib line 1, library sky130_fd_sc_hd__ss_100C_1v60 already exists.
[STA-1140] /home/cl4/.ciel/ciel/sky130/versions/8afc8346a57fe1ab7934ba5a6056ea8b43078e71/sky130A/libs.ref/sky130_fd_sc_hd/lib/sky130_fd_sc_hd__tt_025C_1v80.lib line 1, library sky130_fd_sc_hd__tt_025C_1v80 already exists.
[STA-1140] /home/cl4/.ciel/ciel/sky130/versions/8afc8346a57fe1ab7934ba5a6056ea8b43078e71/sky130A/libs.ref/sky130_fd_sc_hd/lib/sky130_fd_sc_hd__ss_100C_1v60.lib line 1, library sky130_fd_sc_hd__ss_100C_1v60 already exists.
[STA-1140] /home/cl4/.ciel/ciel/sky130/versions/8afc8346a57fe1ab7934ba5a6056ea8b43078e71/sky130A/libs.ref/sky130_fd_sc_hd/lib/sky130_fd_sc_hd__ff_n40C_1v95.lib line 1, library sky130_fd_sc_hd__ff_n40C_1v95 already exists.
[STA-1140] /home/cl4/.ciel/ciel/sky130/versions/8afc8346a57fe1ab7934ba5a6056ea8b43078e71/sky130A/libs.ref/sky130_fd_sc_hd/lib/sky130_fd_sc_hd__tt_025C_1v80.lib line 1, library sky130_fd_sc_hd__tt_025C_1v80 already exists.
[STA-1140] /home/cl4/.ciel/ciel/sky130/versions/8afc8346a57fe1ab7934ba5a6056ea8b43078e71/sky130A/libs.ref/sky130_fd_sc_hd/lib/sky130_fd_sc_hd__ff_n40C_1v95.lib line 1, library sky130_fd_sc_hd__ff_n40C_1v95 already exists.
[STA-1140] /home/cl4/.ciel/ciel/sky130/versions/8afc8346a57fe1ab7934ba5a6056ea8b43078e71/sky130A/libs.ref/sky130_fd_sc_hd/lib/sky130_fd_sc_hd__ss_100C_1v60.lib line 1, library sky130_fd_sc_hd__ss_100C_1v60 already exists.
[STA-1140] /home/cl4/.ciel/ciel/sky130/versions/8afc8346a57fe1ab7934ba5a6056ea8b43078e71/sky130A/libs.ref/sky130_fd_sc_hd/lib/sky130_fd_sc_hd__tt_025C_1v80.lib line 1, library sky130_fd_sc_hd__tt_025C_1v80 already exists.
[STA-1140] /home/cl4/.ciel/ciel/sky130/versions/8afc8346a57fe1ab7934ba5a6056ea8b43078e71/sky130A/libs.ref/sky130_fd_sc_hd/lib/sky130_fd_sc_hd__ss_100C_1v60.lib line 1, library sky130_fd_sc_hd__ss_100C_1v60 already exists.
[STA-1140] /home/cl4/.ciel/ciel/sky130/versions/8afc8346a57fe1ab7934ba5a6056ea8b43078e71/sky130A/libs.ref/sky130_fd_sc_hd/lib/sky130_fd_sc_hd__ff_n40C_1v95.lib line 1, library sky130_fd_sc_hd__ff_n40C_1v95 already exists.
[STA-1140] /home/cl4/.ciel/ciel/sky130/versions/8afc8346a57fe1ab7934ba5a6056ea8b43078e71/sky130A/libs.ref/sky130_fd_sc_hd/lib/sky130_fd_sc_hd__tt_025C_1v80.lib line 1, library sky130_fd_sc_hd__tt_025C_1v80 already exists.
[STA-1140] /home/cl4/.ciel/ciel/sky130/versions/8afc8346a57fe1ab7934ba5a6056ea8b43078e71/sky130A/libs.ref/sky130_fd_sc_hd/lib/sky130_fd_sc_hd__ff_n40C_1v95.lib line 1, library sky130_fd_sc_hd__ff_n40C_1v95 already exists.
[STA-1140] /home/cl4/.ciel/ciel/sky130/versions/8afc8346a57fe1ab7934ba5a6056ea8b43078e71/sky130A/libs.ref/sky130_fd_sc_hd/lib/sky130_fd_sc_hd__ss_100C_1v60.lib line 1, library sky130_fd_sc_hd__ss_100C_1v60 already exists.
[STA-1140] /home/cl4/.ciel/ciel/sky130/versions/8afc8346a57fe1ab7934ba5a6056ea8b43078e71/sky130A/libs.ref/sky130_fd_sc_hd/lib/sky130_fd_sc_hd__tt_025C_1v80.lib line 1, library sky130_fd_sc_hd__tt_025C_1v80 already exists.
[STA-1140] /home/cl4/.ciel/ciel/sky130/versions/8afc8346a57fe1ab7934ba5a6056ea8b43078e71/sky130A/libs.ref/sky130_fd_sc_hd/lib/sky130_fd_sc_hd__ss_100C_1v60.lib line 1, library sky130_fd_sc_hd__ss_100C_1v60 already exists.
[STA-1140] /home/cl4/.ciel/ciel/sky130/versions/8afc8346a57fe1ab7934ba5a6056ea8b43078e71/sky130A/libs.ref/sky130_fd_sc_hd/lib/sky130_fd_sc_hd__ff_n40C_1v95.lib line 1, library sky130_fd_sc_hd__ff_n40C_1v95 already exists.
[EST-0026] Missing route to pin _18015_/D in net _00001_.
[EST-0026] Missing route to pin _09067_/X in net _00001_.
[EST-0026] Missing route to pin _18015_/D in net _00001_.
[EST-0026] Missing route to pin _09067_/X in net _00001_.
[EST-0026] Missing route to pin _18015_/D in net _00001_.
[EST-0026] Missing route to pin _09067_/X in net _00001_.
[EST-0026] Missing route to pin _18015_/D in net _00001_.
[EST-0026] Missing route to pin _09067_/X in net _00001_.
[EST-0026] Missing route to pin _18015_/D in net _00001_.
[EST-0026] Missing route to pin _09067_/X in net _00001_.
[EST-0026] Missing route to pin _18015_/D in net _00001_.
[EST-0026] Missing route to pin _09067_/X in net _00001_.
[EST-0026] Missing route to pin _18015_/D in net _00001_.
[EST-0026] Missing route to pin _09067_/X in net _00001_.
[EST-0026] Missing route to pin _18015_/D in net _00001_.
[EST-0026] Missing route to pin _09067_/X in net _00001_.
[EST-0026] Missing route to pin _18015_/D in net _00001_.
[EST-0026] Missing route to pin _09067_/X in net _00001_.
[EST-0026] Missing route to pin _18016_/D in net _00002_.
[EST-0026] Missing route to pin _09064_/X in net _00002_.
[EST-0026] Missing route to pin _18016_/D in net _00002_.
[EST-0026] Missing route to pin _09064_/X in net _00002_.
[EST-0026] Missing route to pin _18016_/D in net _00002_.
[EST-0026] Missing route to pin _09064_/X in net _00002_.
[EST-0026] Missing route to pin _18016_/D in net _00002_.
[EST-0026] Missing route to pin _09064_/X in net _00002_.
[EST-0026] Missing route to pin _18016_/D in net _00002_.
[EST-0026] Missing route to pin _09064_/X in net _00002_.
[EST-0026] Missing route to pin _18016_/D in net _00002_.
[EST-0026] Missing route to pin _09064_/X in net _00002_.
[EST-0026] Missing route to pin _18016_/D in net _00002_.
[EST-0026] Missing route to pin _09064_/X in net _00002_.
[EST-0026] Missing route to pin _18016_/D in net _00002_.
[EST-0026] Missing route to pin _09064_/X in net _00002_.
[EST-0026] Missing route to pin _18016_/D in net _00002_.
[EST-0026] Missing route to pin _09064_/X in net _00002_.
[EST-0026] Missing route to pin _18017_/D in net _00003_.
[EST-0026] Missing route to pin _09061_/Y in net _00003_.
[EST-0026] Missing route to pin _18017_/D in net _00003_.
[EST-0026] Missing route to pin _09061_/Y in net _00003_.
[EST-0026] Missing route to pin _18017_/D in net _00003_.
[EST-0026] Missing route to pin _09061_/Y in net _00003_.
[EST-0026] Missing route to pin _18017_/D in net _00003_.
[EST-0026] Missing route to pin _09061_/Y in net _00003_.
[EST-0026] Missing route to pin _18017_/D in net _00003_.
[EST-0026] Missing route to pin _09061_/Y in net _00003_.
[EST-0026] Missing route to pin _18017_/D in net _00003_.
[EST-0026] Missing route to pin _09061_/Y in net _00003_.
[EST-0026] Missing route to pin _18017_/D in net _00003_.
[EST-0026] Missing route to pin _09061_/Y in net _00003_.
[EST-0026] Missing route to pin _18017_/D in net _00003_.
[EST-0026] Missing route to pin _09061_/Y in net _00003_.
[EST-0026] Missing route to pin _18017_/D in net _00003_.
[EST-0026] Missing route to pin _09061_/Y in net _00003_.
[EST-0026] Missing route to pin _18018_/D in net _00004_.
[EST-0026] Missing route to pin _09049_/Y in net _00004_.
[EST-0026] Missing route to pin _18018_/D in net _00004_.
[EST-0026] Missing route to pin _09049_/Y in net _00004_.
[EST-0026] Missing route to pin _18018_/D in net _00004_.
[EST-0026] Missing route to pin _09049_/Y in net _00004_.
[EST-0026] Missing route to pin _18018_/D in net _00004_.
[EST-0026] Missing route to pin _09049_/Y in net _00004_.
[EST-0026] Missing route to pin _18018_/D in net _00004_.
[EST-0026] Missing route to pin _09049_/Y in net _00004_.
[EST-0026] Missing route to pin _18018_/D in net _00004_.
[EST-0026] Missing route to pin _09049_/Y in net _00004_.
[EST-0026] Missing route to pin _18018_/D in net _00004_.
[EST-0026] Missing route to pin _09049_/Y in net _00004_.
[EST-0026] Missing route to pin _18018_/D in net _00004_.
[EST-0026] Missing route to pin _09049_/Y in net _00004_.
[EST-0026] Missing route to pin _18018_/D in net _00004_.
[EST-0026] Missing route to pin _09049_/Y in net _00004_.
[EST-0026] Missing route to pin _18009_/D in net _00005_.
[EST-0026] Missing route to pin _07717_/X in net _00005_.
[EST-0026] Missing route to pin _18009_/D in net _00005_.
[EST-0026] Missing route to pin _07717_/X in net _00005_.
[EST-0026] Missing route to pin _18009_/D in net _00005_.
[EST-0026] Missing route to pin _07717_/X in net _00005_.
[EST-0026] Missing route to pin _18009_/D in net _00005_.
[EST-0026] Missing route to pin _07717_/X in net _00005_.
[EST-0026] Missing route to pin _18009_/D in net _00005_.
[EST-0026] Missing route to pin _07717_/X in net _00005_.
[EST-0026] Missing route to pin _18009_/D in net _00005_.
[EST-0026] Missing route to pin _07717_/X in net _00005_.
[EST-0026] Missing route to pin _18009_/D in net _00005_.
[EST-0026] Missing route to pin _07717_/X in net _00005_.
[EST-0026] Missing route to pin _18009_/D in net _00005_.
[EST-0026] Missing route to pin _07717_/X in net _00005_.
[EST-0026] Missing route to pin _18009_/D in net _00005_.
[EST-0026] Missing route to pin _07717_/X in net _00005_.
[EST-0026] Missing route to pin _18010_/D in net _00006_.
[EST-0026] Missing route to pin _07715_/X in net _00006_.
[EST-0026] Missing route to pin _18010_/D in net _00006_.
[EST-0026] Missing route to pin _07715_/X in net _00006_.
[EST-0026] Missing route to pin _18010_/D in net _00006_.
[EST-0026] Missing route to pin _07715_/X in net _00006_.
[EST-0026] Missing route to pin _18010_/D in net _00006_.
[EST-0026] Missing route to pin _07715_/X in net _00006_.
[EST-0026] Missing route to pin _18010_/D in net _00006_.
[EST-0026] Missing route to pin _07715_/X in net _00006_.
[EST-0026] Missing route to pin _18010_/D in net _00006_.
[EST-0026] Missing route to pin _07715_/X in net _00006_.
[EST-0026] Missing route to pin _18010_/D in net _00006_.
[EST-0026] Missing route to pin _07715_/X in net _00006_.
[EST-0026] Missing route to pin _18010_/D in net _00006_.
[EST-0026] Missing route to pin _07715_/X in net _00006_.
[EST-0026] Missing route to pin _18010_/D in net _00006_.
[EST-0026] Missing route to pin _07715_/X in net _00006_.
[EST-0026] Missing route to pin _18012_/D in net _00008_.
[EST-0026] Missing route to pin _07711_/Y in net _00008_.
[EST-0026] Missing route to pin _18012_/D in net _00008_.
[EST-0026] Missing route to pin _07711_/Y in net _00008_.
[EST-0026] Missing route to pin _18012_/D in net _00008_.
[EST-0026] Missing route to pin _07711_/Y in net _00008_.
[EST-0026] Missing route to pin _18012_/D in net _00008_.
[EST-0026] Missing route to pin _07711_/Y in net _00008_.
[EST-0026] Missing route to pin _18012_/D in net _00008_.
[EST-0026] Missing route to pin _07711_/Y in net _00008_.
[EST-0026] Missing route to pin _18012_/D in net _00008_.
[EST-0026] Missing route to pin _07711_/Y in net _00008_.
[EST-0026] Missing route to pin _18012_/D in net _00008_.
[EST-0026] Missing route to pin _07711_/Y in net _00008_.
[EST-0026] Missing route to pin _18012_/D in net _00008_.
[EST-0026] Missing route to pin _07711_/Y in net _00008_.
[EST-0026] Missing route to pin _18012_/D in net _00008_.
[EST-0026] Missing route to pin _07711_/Y in net _00008_.
[EST-0026] Missing route to pin _15180_/D in net _00010_.
[EST-0026] Missing route to pin _09154_/X in net _00010_.
[EST-0026] Missing route to pin _15180_/D in net _00010_.
[EST-0026] Missing route to pin _09154_/X in net _00010_.
[EST-0026] Missing route to pin _15180_/D in net _00010_.
[EST-0026] Missing route to pin _09154_/X in net _00010_.
[EST-0026] Missing route to pin _15180_/D in net _00010_.
[EST-0026] Missing route to pin _09154_/X in net _00010_.
[EST-0026] Missing route to pin _15180_/D in net _00010_.
[EST-0026] Missing route to pin _09154_/X in net _00010_.
[EST-0026] Missing route to pin _15180_/D in net _00010_.
[EST-0026] Missing route to pin _09154_/X in net _00010_.
[EST-0026] Missing route to pin _15180_/D in net _00010_.
[EST-0026] Missing route to pin _09154_/X in net _00010_.
[EST-0026] Missing route to pin _15180_/D in net _00010_.
[EST-0026] Missing route to pin _09154_/X in net _00010_.
[EST-0026] Missing route to pin _15180_/D in net _00010_.
[EST-0026] Missing route to pin _09154_/X in net _00010_.
[EST-0026] Missing route to pin _15183_/D in net _00013_.
[EST-0026] Missing route to pin _09285_/X in net _00013_.
[EST-0026] Missing route to pin _15183_/D in net _00013_.
[EST-0026] Missing route to pin _09285_/X in net _00013_.
[EST-0026] Missing route to pin _15183_/D in net _00013_.
[EST-0026] Missing route to pin _09285_/X in net _00013_.
[EST-0026] Missing route to pin _15183_/D in net _00013_.
[EST-0026] Missing route to pin _09285_/X in net _00013_.
[EST-0026] Missing route to pin _15183_/D in net _00013_.
[EST-0026] Missing route to pin _09285_/X in net _00013_.
[EST-0026] Missing route to pin _15183_/D in net _00013_.
[EST-0026] Missing route to pin _09285_/X in net _00013_.
[EST-0026] Missing route to pin _15183_/D in net _00013_.
[EST-0026] Missing route to pin _09285_/X in net _00013_.
[EST-0026] Missing route to pin _15183_/D in net _00013_.
[EST-0026] Missing route to pin _09285_/X in net _00013_.
[EST-0026] Missing route to pin _15183_/D in net _00013_.
[EST-0026] Missing route to pin _09285_/X in net _00013_.
[EST-0026] Missing route to pin _15184_/D in net _00014_.
[EST-0026] Missing route to pin _09329_/X in net _00014_.
[EST-0026] Missing route to pin _15184_/D in net _00014_.
[EST-0026] Missing route to pin _09329_/X in net _00014_.
[EST-0026] Missing route to pin _15184_/D in net _00014_.
[EST-0026] Missing route to pin _09329_/X in net _00014_.
[EST-0026] Missing route to pin _15184_/D in net _00014_.
[EST-0026] Missing route to pin _09329_/X in net _00014_.
[EST-0026] Missing route to pin _15184_/D in net _00014_.
[EST-0026] Missing route to pin _09329_/X in net _00014_.
[EST-0026] Missing route to pin _15184_/D in net _00014_.
[EST-0026] Missing route to pin _09329_/X in net _00014_.
[EST-0026] Missing route to pin _15184_/D in net _00014_.
[EST-0026] Missing route to pin _09329_/X in net _00014_.
[EST-0026] Missing route to pin _15184_/D in net _00014_.
[EST-0026] Missing route to pin _09329_/X in net _00014_.
[EST-0026] Missing route to pin _15184_/D in net _00014_.
[EST-0026] Missing route to pin _09329_/X in net _00014_.
[EST-0026] Missing route to pin _15185_/D in net _00015_.
[EST-0026] Missing route to pin _09373_/X in net _00015_.
[EST-0026] Missing route to pin _15185_/D in net _00015_.
[EST-0026] Missing route to pin _09373_/X in net _00015_.
[EST-0026] Missing route to pin _15185_/D in net _00015_.
[EST-0026] Missing route to pin _09373_/X in net _00015_.
[EST-0026] Missing route to pin _15185_/D in net _00015_.
[EST-0026] Missing route to pin _09373_/X in net _00015_.
[EST-0026] Missing route to pin _15185_/D in net _00015_.
[EST-0026] Missing route to pin _09373_/X in net _00015_.
[EST-0026] Missing route to pin _15185_/D in net _00015_.
[EST-0026] Missing route to pin _09373_/X in net _00015_.
[EST-0026] Missing route to pin _15185_/D in net _00015_.
[EST-0026] Missing route to pin _09373_/X in net _00015_.
[EST-0026] Missing route to pin _15185_/D in net _00015_.
[EST-0026] Missing route to pin _09373_/X in net _00015_.
[EST-0026] Missing route to pin _15185_/D in net _00015_.
[EST-0026] Missing route to pin _09373_/X in net _00015_.
[EST-0026] Missing route to pin _15187_/D in net _00017_.
[EST-0026] Missing route to pin _09460_/X in net _00017_.
[EST-0026] Missing route to pin _15187_/D in net _00017_.
[EST-0026] Missing route to pin _09460_/X in net _00017_.
[EST-0026] Missing route to pin _15187_/D in net _00017_.
[EST-0026] Missing route to pin _09460_/X in net _00017_.
[EST-0026] Missing route to pin _15187_/D in net _00017_.
[EST-0026] Missing route to pin _09460_/X in net _00017_.
[EST-0026] Missing route to pin _15187_/D in net _00017_.
[EST-0026] Missing route to pin _09460_/X in net _00017_.
[EST-0026] Missing route to pin _15187_/D in net _00017_.
[EST-0026] Missing route to pin _09460_/X in net _00017_.
[EST-0026] Missing route to pin _15187_/D in net _00017_.
[EST-0026] Missing route to pin _09460_/X in net _00017_.
[EST-0026] Missing route to pin _15187_/D in net _00017_.
[EST-0026] Missing route to pin _09460_/X in net _00017_.
[EST-0026] Missing route to pin _15187_/D in net _00017_.
[EST-0026] Missing route to pin _09460_/X in net _00017_.
[EST-0026] Missing route to pin _15188_/D in net _00018_.
[EST-0026] Missing route to pin _09503_/X in net _00018_.
[EST-0026] Missing route to pin _15188_/D in net _00018_.
[EST-0026] Missing route to pin _09503_/X in net _00018_.
[EST-0026] Missing route to pin _15188_/D in net _00018_.
[EST-0026] Missing route to pin _09503_/X in net _00018_.
[EST-0026] Missing route to pin _15188_/D in net _00018_.
[EST-0026] Missing route to pin _09503_/X in net _00018_.
[EST-0026] Missing route to pin _15188_/D in net _00018_.
[EST-0026] Missing route to pin _09503_/X in net _00018_.
[EST-0026] Missing route to pin _15188_/D in net _00018_.
[EST-0026] Missing route to pin _09503_/X in net _00018_.
[EST-0026] Missing route to pin _15188_/D in net _00018_.
[EST-0026] Missing route to pin _09503_/X in net _00018_.
[EST-0026] Missing route to pin _15188_/D in net _00018_.
[EST-0026] Missing route to pin _09503_/X in net _00018_.
[EST-0026] Missing route to pin _15188_/D in net _00018_.
[EST-0026] Missing route to pin _09503_/X in net _00018_.
[EST-0026] Missing route to pin _15189_/D in net _00019_.
[EST-0026] Missing route to pin _09547_/X in net _00019_.
[EST-0026] Missing route to pin _15189_/D in net _00019_.
[EST-0026] Missing route to pin _09547_/X in net _00019_.
[EST-0026] Missing route to pin _15189_/D in net _00019_.
[EST-0026] Missing route to pin _09547_/X in net _00019_.
[EST-0026] Missing route to pin _15189_/D in net _00019_.
[EST-0026] Missing route to pin _09547_/X in net _00019_.
[EST-0026] Missing route to pin _15189_/D in net _00019_.
[EST-0026] Missing route to pin _09547_/X in net _00019_.
[EST-0026] Missing route to pin _15189_/D in net _00019_.
[EST-0026] Missing route to pin _09547_/X in net _00019_.
[EST-0026] Missing route to pin _15189_/D in net _00019_.
[EST-0026] Missing route to pin _09547_/X in net _00019_.
[EST-0026] Missing route to pin _15189_/D in net _00019_.
[EST-0026] Missing route to pin _09547_/X in net _00019_.
[EST-0026] Missing route to pin _15189_/D in net _00019_.
[EST-0026] Missing route to pin _09547_/X in net _00019_.
[EST-0026] Missing route to pin _15190_/D in net _00020_.
[EST-0026] Missing route to pin _09591_/X in net _00020_.
[EST-0026] Missing route to pin _15190_/D in net _00020_.
[EST-0026] Missing route to pin _09591_/X in net _00020_.
[EST-0026] Missing route to pin _15190_/D in net _00020_.
[EST-0026] Missing route to pin _09591_/X in net _00020_.
[EST-0026] Missing route to pin _15190_/D in net _00020_.
[EST-0026] Missing route to pin _09591_/X in net _00020_.
[EST-0026] Missing route to pin _15190_/D in net _00020_.
[EST-0026] Missing route to pin _09591_/X in net _00020_.
[EST-0026] Missing route to pin _15190_/D in net _00020_.
[EST-0026] Missing route to pin _09591_/X in net _00020_.
[EST-0026] Missing route to pin _15190_/D in net _00020_.
[EST-0026] Missing route to pin _09591_/X in net _00020_.
[EST-0026] Missing route to pin _15190_/D in net _00020_.
[EST-0026] Missing route to pin _09591_/X in net _00020_.
[EST-0026] Missing route to pin _15190_/D in net _00020_.
[EST-0026] Missing route to pin _09591_/X in net _00020_.
[EST-0026] Missing route to pin _15191_/D in net _00021_.
[EST-0026] Missing route to pin _09633_/X in net _00021_.
[EST-0026] Missing route to pin _15191_/D in net _00021_.
[EST-0026] Missing route to pin _09633_/X in net _00021_.
[EST-0026] Missing route to pin _15191_/D in net _00021_.
[EST-0026] Missing route to pin _09633_/X in net _00021_.
[EST-0026] Missing route to pin _15191_/D in net _00021_.
[EST-0026] Missing route to pin _09633_/X in net _00021_.
[EST-0026] Missing route to pin _15191_/D in net _00021_.
[EST-0026] Missing route to pin _09633_/X in net _00021_.
[EST-0026] Missing route to pin _15191_/D in net _00021_.
[EST-0026] Missing route to pin _09633_/X in net _00021_.
[EST-0026] Missing route to pin _15191_/D in net _00021_.
[EST-0026] Missing route to pin _09633_/X in net _00021_.
[EST-0026] Missing route to pin _15191_/D in net _00021_.
[EST-0026] Missing route to pin _09633_/X in net _00021_.
[EST-0026] Missing route to pin _15191_/D in net _00021_.
[EST-0026] Missing route to pin _09633_/X in net _00021_.
[EST-0026] Missing route to pin _15193_/D in net _00023_.
[EST-0026] Missing route to pin _09719_/X in net _00023_.
[EST-0026] Missing route to pin _15193_/D in net _00023_.
[EST-0026] Missing route to pin _09719_/X in net _00023_.
[EST-0026] Missing route to pin _15193_/D in net _00023_.
[EST-0026] Missing route to pin _09719_/X in net _00023_.
[EST-0026] Missing route to pin _15193_/D in net _00023_.
[EST-0026] Missing route to pin _09719_/X in net _00023_.
[EST-0026] Missing route to pin _15193_/D in net _00023_.
[EST-0026] Missing route to pin _09719_/X in net _00023_.
[EST-0026] Missing route to pin _15193_/D in net _00023_.
[EST-0026] Missing route to pin _09719_/X in net _00023_.
[EST-0026] Missing route to pin _15193_/D in net _00023_.
[EST-0026] Missing route to pin _09719_/X in net _00023_.
[EST-0026] Missing route to pin _15193_/D in net _00023_.
[EST-0026] Missing route to pin _09719_/X in net _00023_.
[EST-0026] Missing route to pin _15193_/D in net _00023_.
[EST-0026] Missing route to pin _09719_/X in net _00023_.
[EST-0026] Missing route to pin _15194_/D in net _00024_.
[EST-0026] Missing route to pin _09762_/X in net _00024_.
[EST-0026] Missing route to pin _15194_/D in net _00024_.
[EST-0026] Missing route to pin _09762_/X in net _00024_.
[EST-0026] Missing route to pin _15194_/D in net _00024_.
[EST-0026] Missing route to pin _09762_/X in net _00024_.
[EST-0026] Missing route to pin _15194_/D in net _00024_.
[EST-0026] Missing route to pin _09762_/X in net _00024_.
[EST-0026] Missing route to pin _15194_/D in net _00024_.
[EST-0026] Missing route to pin _09762_/X in net _00024_.
[EST-0026] Missing route to pin _15194_/D in net _00024_.
[EST-0026] Missing route to pin _09762_/X in net _00024_.
[EST-0026] Missing route to pin _15194_/D in net _00024_.
[EST-0026] Missing route to pin _09762_/X in net _00024_.
[EST-0026] Missing route to pin _15194_/D in net _00024_.
[EST-0026] Missing route to pin _09762_/X in net _00024_.
[EST-0026] Missing route to pin _15194_/D in net _00024_.
[EST-0026] Missing route to pin _09762_/X in net _00024_.
[EST-0026] Missing route to pin _15195_/D in net _00025_.
[EST-0026] Missing route to pin _09806_/X in net _00025_.
[EST-0026] Missing route to pin _15195_/D in net _00025_.
[EST-0026] Missing route to pin _09806_/X in net _00025_.
[EST-0026] Missing route to pin _15195_/D in net _00025_.
[EST-0026] Missing route to pin _09806_/X in net _00025_.
[EST-0026] Missing route to pin _15195_/D in net _00025_.
[EST-0026] Missing route to pin _09806_/X in net _00025_.
[EST-0026] Missing route to pin _15195_/D in net _00025_.
[EST-0026] Missing route to pin _09806_/X in net _00025_.
[EST-0026] Missing route to pin _15195_/D in net _00025_.
[EST-0026] Missing route to pin _09806_/X in net _00025_.
[EST-0026] Missing route to pin _15195_/D in net _00025_.
[EST-0026] Missing route to pin _09806_/X in net _00025_.
[EST-0026] Missing route to pin _15195_/D in net _00025_.
[EST-0026] Missing route to pin _09806_/X in net _00025_.
[EST-0026] Missing route to pin _15195_/D in net _00025_.
[EST-0026] Missing route to pin _09806_/X in net _00025_.
[EST-0026] Missing route to pin _15196_/D in net _00026_.
[EST-0026] Missing route to pin _09850_/X in net _00026_.
[EST-0026] Missing route to pin _15196_/D in net _00026_.
[EST-0026] Missing route to pin _09850_/X in net _00026_.
[EST-0026] Missing route to pin _15196_/D in net _00026_.
[EST-0026] Missing route to pin _09850_/X in net _00026_.
[EST-0026] Missing route to pin _15196_/D in net _00026_.
[EST-0026] Missing route to pin _09850_/X in net _00026_.
[EST-0026] Missing route to pin _15196_/D in net _00026_.
[EST-0026] Missing route to pin _09850_/X in net _00026_.
[EST-0026] Missing route to pin _15196_/D in net _00026_.
[EST-0026] Missing route to pin _09850_/X in net _00026_.
[EST-0026] Missing route to pin _15196_/D in net _00026_.
[EST-0026] Missing route to pin _09850_/X in net _00026_.
[EST-0026] Missing route to pin _15196_/D in net _00026_.
[EST-0026] Missing route to pin _09850_/X in net _00026_.
[EST-0026] Missing route to pin _15196_/D in net _00026_.
[EST-0026] Missing route to pin _09850_/X in net _00026_.
[EST-0026] Missing route to pin _15198_/D in net _00028_.
[EST-0026] Missing route to pin _09938_/X in net _00028_.
[EST-0026] Missing route to pin _15198_/D in net _00028_.
[EST-0026] Missing route to pin _09938_/X in net _00028_.
[EST-0026] Missing route to pin _15198_/D in net _00028_.
[EST-0026] Missing route to pin _09938_/X in net _00028_.
[EST-0026] Missing route to pin _15198_/D in net _00028_.
[EST-0026] Missing route to pin _09938_/X in net _00028_.
[EST-0026] Missing route to pin _15198_/D in net _00028_.
[EST-0026] Missing route to pin _09938_/X in net _00028_.
[EST-0026] Missing route to pin _15198_/D in net _00028_.
[EST-0026] Missing route to pin _09938_/X in net _00028_.
[EST-0026] Missing route to pin _15198_/D in net _00028_.
[EST-0026] Missing route to pin _09938_/X in net _00028_.
[EST-0026] Missing route to pin _15198_/D in net _00028_.
[EST-0026] Missing route to pin _09938_/X in net _00028_.
[EST-0026] Missing route to pin _15198_/D in net _00028_.
[EST-0026] Missing route to pin _09938_/X in net _00028_.
[EST-0026] Missing route to pin _15200_/D in net _00030_.
[EST-0026] Missing route to pin _10026_/X in net _00030_.
[EST-0026] Missing route to pin _15200_/D in net _00030_.
[EST-0026] Missing route to pin _10026_/X in net _00030_.
[EST-0026] Missing route to pin _15200_/D in net _00030_.
[EST-0026] Missing route to pin _10026_/X in net _00030_.
[EST-0026] Missing route to pin _15200_/D in net _00030_.
[EST-0026] Missing route to pin _10026_/X in net _00030_.
[EST-0026] Missing route to pin _15200_/D in net _00030_.
[EST-0026] Missing route to pin _10026_/X in net _00030_.
[EST-0026] Missing route to pin _15200_/D in net _00030_.
[EST-0026] Missing route to pin _10026_/X in net _00030_.
[EST-0026] Missing route to pin _15200_/D in net _00030_.
[EST-0026] Missing route to pin _10026_/X in net _00030_.
[EST-0026] Missing route to pin _15200_/D in net _00030_.
[EST-0026] Missing route to pin _10026_/X in net _00030_.
[EST-0026] Missing route to pin _15200_/D in net _00030_.
[EST-0026] Missing route to pin _10026_/X in net _00030_.
[EST-0026] Missing route to pin _15201_/D in net _00031_.
[EST-0026] Missing route to pin _10069_/X in net _00031_.
[EST-0026] Missing route to pin _15201_/D in net _00031_.
[EST-0026] Missing route to pin _10069_/X in net _00031_.
[EST-0026] Missing route to pin _15201_/D in net _00031_.
[EST-0026] Missing route to pin _10069_/X in net _00031_.
[EST-0026] Missing route to pin _15201_/D in net _00031_.
[EST-0026] Missing route to pin _10069_/X in net _00031_.
[EST-0026] Missing route to pin _15201_/D in net _00031_.
[EST-0026] Missing route to pin _10069_/X in net _00031_.
[EST-0026] Missing route to pin _15201_/D in net _00031_.
[EST-0026] Missing route to pin _10069_/X in net _00031_.
[EST-0026] Missing route to pin _15201_/D in net _00031_.
[EST-0026] Missing route to pin _10069_/X in net _00031_.
[EST-0026] Missing route to pin _15201_/D in net _00031_.
[EST-0026] Missing route to pin _10069_/X in net _00031_.
[EST-0026] Missing route to pin _15201_/D in net _00031_.
[EST-0026] Missing route to pin _10069_/X in net _00031_.
[EST-0026] Missing route to pin _15203_/D in net _00033_.
[EST-0026] Missing route to pin _10156_/X in net _00033_.
[EST-0026] Missing route to pin _15203_/D in net _00033_.
[EST-0026] Missing route to pin _10156_/X in net _00033_.
[EST-0026] Missing route to pin _15203_/D in net _00033_.
[EST-0026] Missing route to pin _10156_/X in net _00033_.
[EST-0026] Missing route to pin _15203_/D in net _00033_.
[EST-0026] Missing route to pin _10156_/X in net _00033_.
[EST-0026] Missing route to pin _15203_/D in net _00033_.
[EST-0026] Missing route to pin _10156_/X in net _00033_.
[EST-0026] Missing route to pin _15203_/D in net _00033_.
[EST-0026] Missing route to pin _10156_/X in net _00033_.
[EST-0026] Missing route to pin _15203_/D in net _00033_.
[EST-0026] Missing route to pin _10156_/X in net _00033_.
[EST-0026] Missing route to pin _15203_/D in net _00033_.
[EST-0026] Missing route to pin _10156_/X in net _00033_.
[EST-0026] Missing route to pin _15203_/D in net _00033_.
[EST-0026] Missing route to pin _10156_/X in net _00033_.
[EST-0026] Missing route to pin _15205_/D in net _00035_.
[EST-0026] Missing route to pin _10243_/X in net _00035_.
[EST-0026] Missing route to pin _15205_/D in net _00035_.
[EST-0026] Missing route to pin _10243_/X in net _00035_.
[EST-0026] Missing route to pin _15205_/D in net _00035_.
[EST-0026] Missing route to pin _10243_/X in net _00035_.
[EST-0026] Missing route to pin _15205_/D in net _00035_.
[EST-0026] Missing route to pin _10243_/X in net _00035_.
[EST-0026] Missing route to pin _15205_/D in net _00035_.
[EST-0026] Missing route to pin _10243_/X in net _00035_.
[EST-0026] Missing route to pin _15205_/D in net _00035_.
[EST-0026] Missing route to pin _10243_/X in net _00035_.
[EST-0026] Missing route to pin _15205_/D in net _00035_.
[EST-0026] Missing route to pin _10243_/X in net _00035_.
[EST-0026] Missing route to pin _15205_/D in net _00035_.
[EST-0026] Missing route to pin _10243_/X in net _00035_.
[EST-0026] Missing route to pin _15205_/D in net _00035_.
[EST-0026] Missing route to pin _10243_/X in net _00035_.
[EST-0026] Missing route to pin _15208_/D in net _00038_.
[EST-0026] Missing route to pin _10375_/X in net _00038_.
[EST-0026] Missing route to pin _15208_/D in net _00038_.
[EST-0026] Missing route to pin _10375_/X in net _00038_.
[EST-0026] Missing route to pin _15208_/D in net _00038_.
[EST-0026] Missing route to pin _10375_/X in net _00038_.
[EST-0026] Missing route to pin _15208_/D in net _00038_.
[EST-0026] Missing route to pin _10375_/X in net _00038_.
[EST-0026] Missing route to pin _15208_/D in net _00038_.
[EST-0026] Missing route to pin _10375_/X in net _00038_.
[EST-0026] Missing route to pin _15208_/D in net _00038_.
[EST-0026] Missing route to pin _10375_/X in net _00038_.
[EST-0026] Missing route to pin _15208_/D in net _00038_.
[EST-0026] Missing route to pin _10375_/X in net _00038_.
[EST-0026] Missing route to pin _15208_/D in net _00038_.
[EST-0026] Missing route to pin _10375_/X in net _00038_.
[EST-0026] Missing route to pin _15208_/D in net _00038_.
[EST-0026] Missing route to pin _10375_/X in net _00038_.
[EST-0026] Missing route to pin _15209_/D in net _00039_.
[EST-0026] Missing route to pin _10418_/X in net _00039_.
[EST-0026] Missing route to pin _15209_/D in net _00039_.
[EST-0026] Missing route to pin _10418_/X in net _00039_.
[EST-0026] Missing route to pin _15209_/D in net _00039_.
[EST-0026] Missing route to pin _10418_/X in net _00039_.
[EST-0026] Missing route to pin _15209_/D in net _00039_.
[EST-0026] Missing route to pin _10418_/X in net _00039_.
[EST-0026] Missing route to pin _15209_/D in net _00039_.
[EST-0026] Missing route to pin _10418_/X in net _00039_.
[EST-0026] Missing route to pin _15209_/D in net _00039_.
[EST-0026] Missing route to pin _10418_/X in net _00039_.
[EST-0026] Missing route to pin _15209_/D in net _00039_.
[EST-0026] Missing route to pin _10418_/X in net _00039_.
[EST-0026] Missing route to pin _15209_/D in net _00039_.
[EST-0026] Missing route to pin _10418_/X in net _00039_.
[EST-0026] Missing route to pin _15209_/D in net _00039_.
[EST-0026] Missing route to pin _10418_/X in net _00039_.
[EST-0026] Missing route to pin _15212_/D in net _00042_.
[EST-0026] Missing route to pin _14065_/B1 in net _00042_.
[EST-0026] Missing route to pin _10508_/X in net _00042_.
[EST-0026] Missing route to pin _15212_/D in net _00042_.
[EST-0026] Missing route to pin _14065_/B1 in net _00042_.
[EST-0026] Missing route to pin _10508_/X in net _00042_.
[EST-0026] Missing route to pin _15212_/D in net _00042_.
[EST-0026] Missing route to pin _14065_/B1 in net _00042_.
[EST-0026] Missing route to pin _10508_/X in net _00042_.
[EST-0026] Missing route to pin _15212_/D in net _00042_.
[EST-0026] Missing route to pin _14065_/B1 in net _00042_.
[EST-0026] Missing route to pin _10508_/X in net _00042_.
[EST-0026] Missing route to pin _15212_/D in net _00042_.
[EST-0026] Missing route to pin _14065_/B1 in net _00042_.
[EST-0026] Missing route to pin _10508_/X in net _00042_.
[EST-0026] Missing route to pin _15212_/D in net _00042_.
[EST-0026] Missing route to pin _14065_/B1 in net _00042_.
[EST-0026] Missing route to pin _10508_/X in net _00042_.
[EST-0026] Missing route to pin _15212_/D in net _00042_.
[EST-0026] Missing route to pin _14065_/B1 in net _00042_.
[EST-0026] Missing route to pin _10508_/X in net _00042_.
[EST-0026] Missing route to pin _15212_/D in net _00042_.
[EST-0026] Missing route to pin _14065_/B1 in net _00042_.
[EST-0026] Missing route to pin _10508_/X in net _00042_.
[EST-0026] Missing route to pin _15212_/D in net _00042_.
[EST-0026] Missing route to pin _14065_/B1 in net _00042_.
[EST-0026] Missing route to pin _10508_/X in net _00042_.
[EST-0026] Missing route to pin wire1215/A in net _00044_.
[EST-0026] Missing route to pin _10514_/Y in net _00044_.
[EST-0026] Missing route to pin wire1215/A in net _00044_.
[EST-0026] Missing route to pin _10514_/Y in net _00044_.
[EST-0026] Missing route to pin wire1215/A in net _00044_.
[EST-0026] Missing route to pin _10514_/Y in net _00044_.
[EST-0026] Missing route to pin wire1215/A in net _00044_.
[EST-0026] Missing route to pin _10514_/Y in net _00044_.
[EST-0026] Missing route to pin wire1215/A in net _00044_.
[EST-0026] Missing route to pin _10514_/Y in net _00044_.
[EST-0026] Missing route to pin wire1215/A in net _00044_.
[EST-0026] Missing route to pin _10514_/Y in net _00044_.
[EST-0026] Missing route to pin wire1215/A in net _00044_.
[EST-0026] Missing route to pin _10514_/Y in net _00044_.
[EST-0026] Missing route to pin wire1215/A in net _00044_.
[EST-0026] Missing route to pin _10514_/Y in net _00044_.
[EST-0026] Missing route to pin wire1215/A in net _00044_.
[EST-0026] Missing route to pin _10514_/Y in net _00044_.
[EST-0026] Missing route to pin _15215_/D in net _00045_.
[EST-0026] Missing route to pin _10515_/X in net _00045_.
[EST-0026] Missing route to pin _15215_/D in net _00045_.
[EST-0026] Missing route to pin _10515_/X in net _00045_.
[EST-0026] Missing route to pin _15215_/D in net _00045_.
[EST-0026] Missing route to pin _10515_/X in net _00045_.
[EST-0026] Missing route to pin _15215_/D in net _00045_.
[EST-0026] Missing route to pin _10515_/X in net _00045_.
[EST-0026] Missing route to pin _15215_/D in net _00045_.
[EST-0026] Missing route to pin _10515_/X in net _00045_.
[EST-0026] Missing route to pin _15215_/D in net _00045_.
[EST-0026] Missing route to pin _10515_/X in net _00045_.
[EST-0026] Missing route to pin _15215_/D in net _00045_.
[EST-0026] Missing route to pin _10515_/X in net _00045_.
[EST-0026] Missing route to pin _15215_/D in net _00045_.
[EST-0026] Missing route to pin _10515_/X in net _00045_.
[EST-0026] Missing route to pin _15215_/D in net _00045_.
[EST-0026] Missing route to pin _10515_/X in net _00045_.
[EST-0026] Missing route to pin _15217_/D in net _00047_.
[EST-0026] Missing route to pin _10519_/X in net _00047_.
[EST-0026] Missing route to pin _15217_/D in net _00047_.
[EST-0026] Missing route to pin _10519_/X in net _00047_.
[EST-0026] Missing route to pin _15217_/D in net _00047_.
[EST-0026] Missing route to pin _10519_/X in net _00047_.
[EST-0026] Missing route to pin _15217_/D in net _00047_.
[EST-0026] Missing route to pin _10519_/X in net _00047_.
[EST-0026] Missing route to pin _15217_/D in net _00047_.
[EST-0026] Missing route to pin _10519_/X in net _00047_.
[EST-0026] Missing route to pin _15217_/D in net _00047_.
[EST-0026] Missing route to pin _10519_/X in net _00047_.
[EST-0026] Missing route to pin _15217_/D in net _00047_.
[EST-0026] Missing route to pin _10519_/X in net _00047_.
[EST-0026] Missing route to pin _15217_/D in net _00047_.
[EST-0026] Missing route to pin _10519_/X in net _00047_.
[EST-0026] Missing route to pin _15217_/D in net _00047_.
[EST-0026] Missing route to pin _10519_/X in net _00047_.
[EST-0026] Missing route to pin hold3821/A in net _00048_.
[EST-0026] Missing route to pin _10521_/X in net _00048_.
[EST-0026] Missing route to pin hold3821/A in net _00048_.
[EST-0026] Missing route to pin _10521_/X in net _00048_.
[EST-0026] Missing route to pin hold3821/A in net _00048_.
[EST-0026] Missing route to pin _10521_/X in net _00048_.
[EST-0026] Missing route to pin hold3821/A in net _00048_.
[EST-0026] Missing route to pin _10521_/X in net _00048_.
[EST-0026] Missing route to pin hold3821/A in net _00048_.
[EST-0026] Missing route to pin _10521_/X in net _00048_.
[EST-0026] Missing route to pin hold3821/A in net _00048_.
[EST-0026] Missing route to pin _10521_/X in net _00048_.
[EST-0026] Missing route to pin hold3821/A in net _00048_.
[EST-0026] Missing route to pin _10521_/X in net _00048_.
[EST-0026] Missing route to pin hold3821/A in net _00048_.
[EST-0026] Missing route to pin _10521_/X in net _00048_.
[EST-0026] Missing route to pin hold3821/A in net _00048_.
[EST-0026] Missing route to pin _10521_/X in net _00048_.
[EST-0026] Missing route to pin _15219_/D in net _00049_.
[EST-0026] Missing route to pin _10523_/X in net _00049_.
[EST-0026] Missing route to pin _15219_/D in net _00049_.
[EST-0026] Missing route to pin _10523_/X in net _00049_.
[EST-0026] Missing route to pin _15219_/D in net _00049_.
[EST-0026] Missing route to pin _10523_/X in net _00049_.
[EST-0026] Missing route to pin _15219_/D in net _00049_.
[EST-0026] Missing route to pin _10523_/X in net _00049_.
[EST-0026] Missing route to pin _15219_/D in net _00049_.
[EST-0026] Missing route to pin _10523_/X in net _00049_.
[EST-0026] Missing route to pin _15219_/D in net _00049_.
[EST-0026] Missing route to pin _10523_/X in net _00049_.
[EST-0026] Missing route to pin _15219_/D in net _00049_.
[EST-0026] Missing route to pin _10523_/X in net _00049_.
[EST-0026] Missing route to pin _15219_/D in net _00049_.
[EST-0026] Missing route to pin _10523_/X in net _00049_.
[EST-0026] Missing route to pin _15219_/D in net _00049_.
[EST-0026] Missing route to pin _10523_/X in net _00049_.
[EST-0026] Missing route to pin _15220_/D in net _00050_.
[EST-0026] Missing route to pin _10525_/X in net _00050_.
[EST-0026] Missing route to pin _15220_/D in net _00050_.
[EST-0026] Missing route to pin _10525_/X in net _00050_.
[EST-0026] Missing route to pin _15220_/D in net _00050_.
[EST-0026] Missing route to pin _10525_/X in net _00050_.
[EST-0026] Missing route to pin _15220_/D in net _00050_.
[EST-0026] Missing route to pin _10525_/X in net _00050_.
[EST-0026] Missing route to pin _15220_/D in net _00050_.
[EST-0026] Missing route to pin _10525_/X in net _00050_.
[EST-0026] Missing route to pin _15220_/D in net _00050_.
[EST-0026] Missing route to pin _10525_/X in net _00050_.
[EST-0026] Missing route to pin _15220_/D in net _00050_.
[EST-0026] Missing route to pin _10525_/X in net _00050_.
[EST-0026] Missing route to pin _15220_/D in net _00050_.
[EST-0026] Missing route to pin _10525_/X in net _00050_.
[EST-0026] Missing route to pin _15220_/D in net _00050_.
[EST-0026] Missing route to pin _10525_/X in net _00050_.
[EST-0026] Missing route to pin _15221_/D in net _00051_.
[EST-0026] Missing route to pin _10527_/X in net _00051_.
[EST-0026] Missing route to pin _15221_/D in net _00051_.
[EST-0026] Missing route to pin _10527_/X in net _00051_.
[EST-0026] Missing route to pin _15221_/D in net _00051_.
[EST-0026] Missing route to pin _10527_/X in net _00051_.
[EST-0026] Missing route to pin _15221_/D in net _00051_.
[EST-0026] Missing route to pin _10527_/X in net _00051_.
[EST-0026] Missing route to pin _15221_/D in net _00051_.
[EST-0026] Missing route to pin _10527_/X in net _00051_.
[EST-0026] Missing route to pin _15221_/D in net _00051_.
[EST-0026] Missing route to pin _10527_/X in net _00051_.
[EST-0026] Missing route to pin _15221_/D in net _00051_.
[EST-0026] Missing route to pin _10527_/X in net _00051_.
[EST-0026] Missing route to pin _15221_/D in net _00051_.
[EST-0026] Missing route to pin _10527_/X in net _00051_.
[EST-0026] Missing route to pin _15221_/D in net _00051_.
[EST-0026] Missing route to pin _10527_/X in net _00051_.
[EST-0026] Missing route to pin _15222_/D in net _00052_.
[EST-0026] Missing route to pin _10529_/X in net _00052_.
[EST-0026] Missing route to pin _15222_/D in net _00052_.
[EST-0026] Missing route to pin _10529_/X in net _00052_.
[EST-0026] Missing route to pin _15222_/D in net _00052_.
[EST-0026] Missing route to pin _10529_/X in net _00052_.
[EST-0026] Missing route to pin _15222_/D in net _00052_.
[EST-0026] Missing route to pin _10529_/X in net _00052_.
[EST-0026] Missing route to pin _15222_/D in net _00052_.
[EST-0026] Missing route to pin _10529_/X in net _00052_.
[EST-0026] Missing route to pin _15222_/D in net _00052_.
[EST-0026] Missing route to pin _10529_/X in net _00052_.
[EST-0026] Missing route to pin _15222_/D in net _00052_.
[EST-0026] Missing route to pin _10529_/X in net _00052_.
[EST-0026] Missing route to pin _15222_/D in net _00052_.
[EST-0026] Missing route to pin _10529_/X in net _00052_.
[EST-0026] Missing route to pin _15222_/D in net _00052_.
[EST-0026] Missing route to pin _10529_/X in net _00052_.
[EST-0026] Missing route to pin hold3678/A in net _00054_.
[EST-0026] Missing route to pin _10549_/Y in net _00054_.
[EST-0026] Missing route to pin hold3678/A in net _00054_.
[EST-0026] Missing route to pin _10549_/Y in net _00054_.
[EST-0026] Missing route to pin hold3678/A in net _00054_.
[EST-0026] Missing route to pin _10549_/Y in net _00054_.
[EST-0026] Missing route to pin hold3678/A in net _00054_.
[EST-0026] Missing route to pin _10549_/Y in net _00054_.
[EST-0026] Missing route to pin hold3678/A in net _00054_.
[EST-0026] Missing route to pin _10549_/Y in net _00054_.
[EST-0026] Missing route to pin hold3678/A in net _00054_.
[EST-0026] Missing route to pin _10549_/Y in net _00054_.
[EST-0026] Missing route to pin hold3678/A in net _00054_.
[EST-0026] Missing route to pin _10549_/Y in net _00054_.
[EST-0026] Missing route to pin hold3678/A in net _00054_.
[EST-0026] Missing route to pin _10549_/Y in net _00054_.
[EST-0026] Missing route to pin hold3678/A in net _00054_.
[EST-0026] Missing route to pin _10549_/Y in net _00054_.
[EST-0026] Missing route to pin _15226_/D in net _00056_.
[EST-0026] Missing route to pin _10557_/Y in net _00056_.
[EST-0026] Missing route to pin _15226_/D in net _00056_.
[EST-0026] Missing route to pin _10557_/Y in net _00056_.
[EST-0026] Missing route to pin _15226_/D in net _00056_.
[EST-0026] Missing route to pin _10557_/Y in net _00056_.
[EST-0026] Missing route to pin _15226_/D in net _00056_.
[EST-0026] Missing route to pin _10557_/Y in net _00056_.
[EST-0026] Missing route to pin _15226_/D in net _00056_.
[EST-0026] Missing route to pin _10557_/Y in net _00056_.
[EST-0026] Missing route to pin _15226_/D in net _00056_.
[EST-0026] Missing route to pin _10557_/Y in net _00056_.
[EST-0026] Missing route to pin _15226_/D in net _00056_.
[EST-0026] Missing route to pin _10557_/Y in net _00056_.
[EST-0026] Missing route to pin _15226_/D in net _00056_.
[EST-0026] Missing route to pin _10557_/Y in net _00056_.
[EST-0026] Missing route to pin _15226_/D in net _00056_.
[EST-0026] Missing route to pin _10557_/Y in net _00056_.
[EST-0026] Missing route to pin _15227_/D in net _00057_.
[EST-0026] Missing route to pin _10561_/Y in net _00057_.
[EST-0026] Missing route to pin _15227_/D in net _00057_.
[EST-0026] Missing route to pin _10561_/Y in net _00057_.
[EST-0026] Missing route to pin _15227_/D in net _00057_.
[EST-0026] Missing route to pin _10561_/Y in net _00057_.
[EST-0026] Missing route to pin _15227_/D in net _00057_.
[EST-0026] Missing route to pin _10561_/Y in net _00057_.
[EST-0026] Missing route to pin _15227_/D in net _00057_.
[EST-0026] Missing route to pin _10561_/Y in net _00057_.
[EST-0026] Missing route to pin _15227_/D in net _00057_.
[EST-0026] Missing route to pin _10561_/Y in net _00057_.
[EST-0026] Missing route to pin _15227_/D in net _00057_.
[EST-0026] Missing route to pin _10561_/Y in net _00057_.
[EST-0026] Missing route to pin _15227_/D in net _00057_.
[EST-0026] Missing route to pin _10561_/Y in net _00057_.
[EST-0026] Missing route to pin _15227_/D in net _00057_.
[EST-0026] Missing route to pin _10561_/Y in net _00057_.
[EST-0026] Missing route to pin hold3801/A in net _00058_.
[EST-0026] Missing route to pin _10563_/X in net _00058_.
[EST-0026] Missing route to pin hold3801/A in net _00058_.
[EST-0026] Missing route to pin _10563_/X in net _00058_.
[EST-0026] Missing route to pin hold3801/A in net _00058_.
[EST-0026] Missing route to pin _10563_/X in net _00058_.
[EST-0026] Missing route to pin hold3801/A in net _00058_.
[EST-0026] Missing route to pin _10563_/X in net _00058_.
[EST-0026] Missing route to pin hold3801/A in net _00058_.
[EST-0026] Missing route to pin _10563_/X in net _00058_.
[EST-0026] Missing route to pin hold3801/A in net _00058_.
[EST-0026] Missing route to pin _10563_/X in net _00058_.
[EST-0026] Missing route to pin hold3801/A in net _00058_.
[EST-0026] Missing route to pin _10563_/X in net _00058_.
[EST-0026] Missing route to pin hold3801/A in net _00058_.
[EST-0026] Missing route to pin _10563_/X in net _00058_.
[EST-0026] Missing route to pin hold3801/A in net _00058_.
[EST-0026] Missing route to pin _10563_/X in net _00058_.
[EST-0026] Missing route to pin hold3804/A in net _00059_.
[EST-0026] Missing route to pin _10565_/X in net _00059_.
[EST-0026] Missing route to pin hold3804/A in net _00059_.
[EST-0026] Missing route to pin _10565_/X in net _00059_.
[EST-0026] Missing route to pin hold3804/A in net _00059_.
[EST-0026] Missing route to pin _10565_/X in net _00059_.
[EST-0026] Missing route to pin hold3804/A in net _00059_.
[EST-0026] Missing route to pin _10565_/X in net _00059_.
[EST-0026] Missing route to pin hold3804/A in net _00059_.
[EST-0026] Missing route to pin _10565_/X in net _00059_.
[EST-0026] Missing route to pin hold3804/A in net _00059_.
[EST-0026] Missing route to pin _10565_/X in net _00059_.
[EST-0026] Missing route to pin hold3804/A in net _00059_.
[EST-0026] Missing route to pin _10565_/X in net _00059_.
[EST-0026] Missing route to pin hold3804/A in net _00059_.
[EST-0026] Missing route to pin _10565_/X in net _00059_.
[EST-0026] Missing route to pin hold3804/A in net _00059_.
[EST-0026] Missing route to pin _10565_/X in net _00059_.
[EST-0026] Missing route to pin hold3792/A in net _00061_.
[EST-0026] Missing route to pin _10569_/X in net _00061_.
[EST-0026] Missing route to pin hold3792/A in net _00061_.
[EST-0026] Missing route to pin _10569_/X in net _00061_.
[EST-0026] Missing route to pin hold3792/A in net _00061_.
[EST-0026] Missing route to pin _10569_/X in net _00061_.
[EST-0026] Missing route to pin hold3792/A in net _00061_.
[EST-0026] Missing route to pin _10569_/X in net _00061_.
[EST-0026] Missing route to pin hold3792/A in net _00061_.
[EST-0026] Missing route to pin _10569_/X in net _00061_.
[EST-0026] Missing route to pin hold3792/A in net _00061_.
[EST-0026] Missing route to pin _10569_/X in net _00061_.
[EST-0026] Missing route to pin hold3792/A in net _00061_.
[EST-0026] Missing route to pin _10569_/X in net _00061_.
[EST-0026] Missing route to pin hold3792/A in net _00061_.
[EST-0026] Missing route to pin _10569_/X in net _00061_.
[EST-0026] Missing route to pin hold3792/A in net _00061_.
[EST-0026] Missing route to pin _10569_/X in net _00061_.
[EST-0026] Missing route to pin _14086_/A1 in net net1157.
[EST-0026] Missing route to pin _08888_/A3 in net net1157.
[EST-0026] Missing route to pin _08885_/A1 in net net1157.
[EST-0026] Missing route to pin _08861_/A4 in net net1157.
[EST-0026] Missing route to pin _08767_/A1 in net net1157.
[EST-0026] Missing route to pin _08742_/A4 in net net1157.
[EST-0026] Missing route to pin _08278_/A1 in net net1157.
[EST-0026] Missing route to pin _08275_/C in net net1157.
[EST-0026] Missing route to pin _08273_/A1 in net net1157.
[EST-0026] Missing route to pin _08267_/C in net net1157.
[EST-0026] Missing route to pin _08266_/A1 in net net1157.
[EST-0026] Missing route to pin _08256_/A1 in net net1157.
[EST-0026] Missing route to pin _08255_/D in net net1157.
[EST-0026] Missing route to pin _08244_/A1 in net net1157.
[EST-0026] Missing route to pin _08243_/D in net net1157.
[EST-0026] Missing route to pin _08238_/A1 in net net1157.
[EST-0026] Missing route to pin _08237_/C in net net1157.
[EST-0026] Missing route to pin _08228_/D in net net1157.
[EST-0026] Missing route to pin _08227_/A1 in net net1157.
[EST-0026] Missing route to pin _08226_/C in net net1157.
[EST-0026] Missing route to pin _08204_/A1 in net net1157.
[EST-0026] Missing route to pin _08203_/D in net net1157.
[EST-0026] Missing route to pin _08196_/A in net net1157.
[EST-0026] Missing route to pin _08041_/D in net net1157.
[EST-0026] Missing route to pin _07922_/A1 in net net1157.
[EST-0026] Missing route to pin _07910_/A in net net1157.
[EST-0026] Missing route to pin _07760_/D in net net1157.
[EST-0026] Missing route to pin _07754_/A in net net1157.
[EST-0026] Missing route to pin _07751_/A1 in net net1157.
[EST-0026] Missing route to pin _07750_/C1 in net net1157.
[EST-0026] Missing route to pin place1157/X in net net1157.
[EST-0026] Missing route to pin _14086_/A1 in net net1157.
[EST-0026] Missing route to pin _08888_/A3 in net net1157.
[EST-0026] Missing route to pin _08885_/A1 in net net1157.
[EST-0026] Missing route to pin _08861_/A4 in net net1157.
[EST-0026] Missing route to pin _08767_/A1 in net net1157.
[EST-0026] Missing route to pin _08742_/A4 in net net1157.
[EST-0026] Missing route to pin _08278_/A1 in net net1157.
[EST-0026] Missing route to pin _08275_/C in net net1157.
[EST-0026] Missing route to pin _08273_/A1 in net net1157.
[EST-0026] Missing route to pin _08267_/C in net net1157.
[EST-0026] Missing route to pin _08266_/A1 in net net1157.
[EST-0026] Missing route to pin _08256_/A1 in net net1157.
[EST-0026] Missing route to pin _08255_/D in net net1157.
[EST-0026] Missing route to pin _08244_/A1 in net net1157.
[EST-0026] Missing route to pin _08243_/D in net net1157.
[EST-0026] Missing route to pin _08238_/A1 in net net1157.
[EST-0026] Missing route to pin _08237_/C in net net1157.
[EST-0026] Missing route to pin _08228_/D in net net1157.
[EST-0026] Missing route to pin _08227_/A1 in net net1157.
[EST-0026] Missing route to pin _08226_/C in net net1157.
[EST-0026] Missing route to pin _08204_/A1 in net net1157.
[EST-0026] Missing route to pin _08203_/D in net net1157.
[EST-0026] Missing route to pin _08196_/A in net net1157.
[EST-0026] Missing route to pin _08041_/D in net net1157.
[EST-0026] Missing route to pin _07922_/A1 in net net1157.
[EST-0026] Missing route to pin _07910_/A in net net1157.
[EST-0026] Missing route to pin _07760_/D in net net1157.
[EST-0026] Missing route to pin _07754_/A in net net1157.
[EST-0026] Missing route to pin _07751_/A1 in net net1157.
[EST-0026] Missing route to pin _07750_/C1 in net net1157.
[EST-0026] Missing route to pin place1157/X in net net1157.
[EST-0026] Missing route to pin _14086_/A1 in net net1157.
[EST-0026] Missing route to pin _08888_/A3 in net net1157.
[EST-0026] Missing route to pin _08885_/A1 in net net1157.
[EST-0026] Missing route to pin _08861_/A4 in net net1157.
[EST-0026] Missing route to pin _08767_/A1 in net net1157.
[EST-0026] Missing route to pin _08742_/A4 in net net1157.
[EST-0026] Missing route to pin _08278_/A1 in net net1157.
[EST-0026] Missing route to pin _08275_/C in net net1157.
[EST-0026] Missing route to pin _08273_/A1 in net net1157.
[EST-0026] Missing route to pin _08267_/C in net net1157.
[EST-0026] Missing route to pin _08266_/A1 in net net1157.
[EST-0026] Missing route to pin _08256_/A1 in net net1157.
[EST-0026] Missing route to pin _08255_/D in net net1157.
[EST-0026] Missing route to pin _08244_/A1 in net net1157.
[EST-0026] Missing route to pin _08243_/D in net net1157.
[EST-0026] Missing route to pin _08238_/A1 in net net1157.
[EST-0026] Missing route to pin _08237_/C in net net1157.
[EST-0026] Missing route to pin _08228_/D in net net1157.
[EST-0026] Missing route to pin _08227_/A1 in net net1157.
[EST-0026] Missing route to pin _08226_/C in net net1157.
[EST-0026] Missing route to pin _08204_/A1 in net net1157.
[EST-0026] Missing route to pin _08203_/D in net net1157.
[EST-0026] Missing route to pin _08196_/A in net net1157.
[EST-0026] Missing route to pin _08041_/D in net net1157.
[EST-0026] Missing route to pin _07922_/A1 in net net1157.
[EST-0026] Missing route to pin _07910_/A in net net1157.
[EST-0026] Missing route to pin _07760_/D in net net1157.
[EST-0026] Missing route to pin _07754_/A in net net1157.
[EST-0026] Missing route to pin _07751_/A1 in net net1157.
[EST-0026] Missing route to pin _07750_/C1 in net net1157.
[EST-0026] Missing route to pin place1157/X in net net1157.
[EST-0026] Missing route to pin _14086_/A1 in net net1157.
[EST-0026] Missing route to pin _08888_/A3 in net net1157.
[EST-0026] Missing route to pin _08885_/A1 in net net1157.
[EST-0026] Missing route to pin _08861_/A4 in net net1157.
[EST-0026] Missing route to pin _08767_/A1 in net net1157.
[EST-0026] Missing route to pin _08742_/A4 in net net1157.
[EST-0026] Missing route to pin _08278_/A1 in net net1157.
[EST-0026] Missing route to pin _08275_/C in net net1157.
[EST-0026] Missing route to pin _08273_/A1 in net net1157.
[EST-0026] Missing route to pin _08267_/C in net net1157.
[EST-0026] Missing route to pin _08266_/A1 in net net1157.
[EST-0026] Missing route to pin _08256_/A1 in net net1157.
[EST-0026] Missing route to pin _08255_/D in net net1157.
[EST-0026] Missing route to pin _08244_/A1 in net net1157.
[EST-0026] Missing route to pin _08243_/D in net net1157.
[EST-0026] Missing route to pin _08238_/A1 in net net1157.
[EST-0026] Missing route to pin _08237_/C in net net1157.
[EST-0026] Missing route to pin _08228_/D in net net1157.
[EST-0026] Missing route to pin _08227_/A1 in net net1157.
[EST-0026] Missing route to pin _08226_/C in net net1157.
[EST-0026] Missing route to pin _08204_/A1 in net net1157.
[EST-0026] Missing route to pin _08203_/D in net net1157.
[EST-0026] Missing route to pin _08196_/A in net net1157.
[EST-0026] Missing route to pin _08041_/D in net net1157.
[EST-0026] Missing route to pin _07922_/A1 in net net1157.
[EST-0026] Missing route to pin _07910_/A in net net1157.
[EST-0026] Missing route to pin _07760_/D in net net1157.
[EST-0026] Missing route to pin _07754_/A in net net1157.
[EST-0026] Missing route to pin _07751_/A1 in net net1157.
[EST-0026] Missing route to pin _07750_/C1 in net net1157.
[EST-0026] Missing route to pin place1157/X in net net1157.
[EST-0026] Missing route to pin _14086_/A1 in net net1157.
[EST-0026] Missing route to pin _08888_/A3 in net net1157.
[EST-0026] Missing route to pin _08885_/A1 in net net1157.
[EST-0026] Missing route to pin _08861_/A4 in net net1157.
[EST-0026] Missing route to pin _08767_/A1 in net net1157.
[EST-0026] Missing route to pin _08742_/A4 in net net1157.
[EST-0026] Missing route to pin _08278_/A1 in net net1157.
[EST-0026] Missing route to pin _08275_/C in net net1157.
[EST-0026] Missing route to pin _08273_/A1 in net net1157.
[EST-0026] Missing route to pin _08267_/C in net net1157.
[EST-0026] Missing route to pin _08266_/A1 in net net1157.
[EST-0026] Missing route to pin _08256_/A1 in net net1157.
[EST-0026] Missing route to pin _08255_/D in net net1157.
[EST-0026] Missing route to pin _08244_/A1 in net net1157.
[EST-0026] Missing route to pin _08243_/D in net net1157.
[EST-0026] Missing route to pin _08238_/A1 in net net1157.
[EST-0026] Missing route to pin _08237_/C in net net1157.
[EST-0026] Missing route to pin _08228_/D in net net1157.
[EST-0026] Missing route to pin _08227_/A1 in net net1157.
[EST-0026] Missing route to pin _08226_/C in net net1157.
[EST-0026] Missing route to pin _08204_/A1 in net net1157.
[EST-0026] Missing route to pin _08203_/D in net net1157.
[EST-0026] Missing route to pin _08196_/A in net net1157.
[EST-0026] Missing route to pin _08041_/D in net net1157.
[EST-0026] Missing route to pin _07922_/A1 in net net1157.
[EST-0026] Missing route to pin _07910_/A in net net1157.
[EST-0026] Missing route to pin _07760_/D in net net1157.
[EST-0026] Missing route to pin _07754_/A in net net1157.
[EST-0026] Missing route to pin _07751_/A1 in net net1157.
[EST-0026] Missing route to pin _07750_/C1 in net net1157.
[EST-0026] Missing route to pin place1157/X in net net1157.
[EST-0026] Missing route to pin _14086_/A1 in net net1157.
[EST-0026] Missing route to pin _08888_/A3 in net net1157.
[EST-0026] Missing route to pin _08885_/A1 in net net1157.
[EST-0026] Missing route to pin _08861_/A4 in net net1157.
[EST-0026] Missing route to pin _08767_/A1 in net net1157.
[EST-0026] Missing route to pin _08742_/A4 in net net1157.
[EST-0026] Missing route to pin _08278_/A1 in net net1157.
[EST-0026] Missing route to pin _08275_/C in net net1157.
[EST-0026] Missing route to pin _08273_/A1 in net net1157.
[EST-0026] Missing route to pin _08267_/C in net net1157.
[EST-0026] Missing route to pin _08266_/A1 in net net1157.
[EST-0026] Missing route to pin _08256_/A1 in net net1157.
[EST-0026] Missing route to pin _08255_/D in net net1157.
[EST-0026] Missing route to pin _08244_/A1 in net net1157.
[EST-0026] Missing route to pin _08243_/D in net net1157.
[EST-0026] Missing route to pin _08238_/A1 in net net1157.
[EST-0026] Missing route to pin _08237_/C in net net1157.
[EST-0026] Missing route to pin _08228_/D in net net1157.
[EST-0026] Missing route to pin _08227_/A1 in net net1157.
[EST-0026] Missing route to pin _08226_/C in net net1157.
[EST-0026] Missing route to pin _08204_/A1 in net net1157.
[EST-0026] Missing route to pin _08203_/D in net net1157.
[EST-0026] Missing route to pin _08196_/A in net net1157.
[EST-0026] Missing route to pin _08041_/D in net net1157.
[EST-0026] Missing route to pin _07922_/A1 in net net1157.
[EST-0026] Missing route to pin _07910_/A in net net1157.
[EST-0026] Missing route to pin _07760_/D in net net1157.
[EST-0026] Missing route to pin _07754_/A in net net1157.
[EST-0026] Missing route to pin _07751_/A1 in net net1157.
[EST-0026] Missing route to pin _07750_/C1 in net net1157.
[EST-0026] Missing route to pin place1157/X in net net1157.
[EST-0026] Missing route to pin _14086_/A1 in net net1157.
[EST-0026] Missing route to pin _08888_/A3 in net net1157.
[EST-0026] Missing route to pin _08885_/A1 in net net1157.
[EST-0026] Missing route to pin _08861_/A4 in net net1157.
[EST-0026] Missing route to pin _08767_/A1 in net net1157.
[EST-0026] Missing route to pin _08742_/A4 in net net1157.
[EST-0026] Missing route to pin _08278_/A1 in net net1157.
[EST-0026] Missing route to pin _08275_/C in net net1157.
[EST-0026] Missing route to pin _08273_/A1 in net net1157.
[EST-0026] Missing route to pin _08267_/C in net net1157.
[EST-0026] Missing route to pin _08266_/A1 in net net1157.
[EST-0026] Missing route to pin _08256_/A1 in net net1157.
[EST-0026] Missing route to pin _08255_/D in net net1157.
[EST-0026] Missing route to pin _08244_/A1 in net net1157.
[EST-0026] Missing route to pin _08243_/D in net net1157.
[EST-0026] Missing route to pin _08238_/A1 in net net1157.
[EST-0026] Missing route to pin _08237_/C in net net1157.
[EST-0026] Missing route to pin _08228_/D in net net1157.
[EST-0026] Missing route to pin _08227_/A1 in net net1157.
[EST-0026] Missing route to pin _08226_/C in net net1157.
[EST-0026] Missing route to pin _08204_/A1 in net net1157.
[EST-0026] Missing route to pin _08203_/D in net net1157.
[EST-0026] Missing route to pin _08196_/A in net net1157.
[EST-0026] Missing route to pin _08041_/D in net net1157.
[EST-0026] Missing route to pin _07922_/A1 in net net1157.
[EST-0026] Missing route to pin _07910_/A in net net1157.
[EST-0026] Missing route to pin _07760_/D in net net1157.
[EST-0026] Missing route to pin _07754_/A in net net1157.
[EST-0026] Missing route to pin _07751_/A1 in net net1157.
[EST-0026] Missing route to pin _07750_/C1 in net net1157.
[EST-0026] Missing route to pin place1157/X in net net1157.
[EST-0026] Missing route to pin _14086_/A1 in net net1157.
[EST-0026] Missing route to pin _08888_/A3 in net net1157.
[EST-0026] Missing route to pin _08885_/A1 in net net1157.
[EST-0026] Missing route to pin _08861_/A4 in net net1157.
[EST-0026] Missing route to pin _08767_/A1 in net net1157.
[EST-0026] Missing route to pin _08742_/A4 in net net1157.
[EST-0026] Missing route to pin _08278_/A1 in net net1157.
[EST-0026] Missing route to pin _08275_/C in net net1157.
[EST-0026] Missing route to pin _08273_/A1 in net net1157.
[EST-0026] Missing route to pin _08267_/C in net net1157.
[EST-0026] Missing route to pin _08266_/A1 in net net1157.
[EST-0026] Missing route to pin _08256_/A1 in net net1157.
[EST-0026] Missing route to pin _08255_/D in net net1157.
[EST-0026] Missing route to pin _08244_/A1 in net net1157.
[EST-0026] Missing route to pin _08243_/D in net net1157.
[EST-0026] Missing route to pin _08238_/A1 in net net1157.
[EST-0026] Missing route to pin _08237_/C in net net1157.
[EST-0026] Missing route to pin _08228_/D in net net1157.
[EST-0026] message limit (1000) reached. This message will no longer print.
[DRT-0349] LEF58_ENCLOSURE with no CUTCLASS is not supported. Skipping for layer mcon
[DRT-0349] LEF58_ENCLOSURE with no CUTCLASS is not supported. Skipping for layer mcon
[DRT-0349] LEF58_ENCLOSURE with no CUTCLASS is not supported. Skipping for layer via
[DRT-0349] LEF58_ENCLOSURE with no CUTCLASS is not supported. Skipping for layer via
[DRT-0349] LEF58_ENCLOSURE with no CUTCLASS is not supported. Skipping for layer via2
[DRT-0349] LEF58_ENCLOSURE with no CUTCLASS is not supported. Skipping for layer via2
[DRT-0349] LEF58_ENCLOSURE with no CUTCLASS is not supported. Skipping for layer via3
[DRT-0349] LEF58_ENCLOSURE with no CUTCLASS is not supported. Skipping for layer via3
[DRT-0349] LEF58_ENCLOSURE with no CUTCLASS is not supported. Skipping for layer via4
[DRT-0349] LEF58_ENCLOSURE with no CUTCLASS is not supported. Skipping for layer via4
Threshold for Threshold-surpassing long wires is not set. The checker will be skipped.
'VSRC_LOC_FILES' was not given a value, which may make the results of IR drop analysis inaccurate. If you are not integrating a top-level chip for manufacture, you may ignore this warning, otherwise, see the documentation for 'VSRC_LOC_FILES'.
Max Slew violations found in the following corners:
* max_ss_100C_1v60
* max_tt_025C_1v80
* min_ss_100C_1v60
* nom_ss_100C_1v60
Max Cap violations found in the following corners:
* max_ff_n40C_1v95
* max_ss_100C_1v60
* max_tt_025C_1v80
* min_ff_n40C_1v95
* min_ss_100C_1v60
* min_tt_025C_1v80
* nom_ff_n40C_1v95
* nom_ss_100C_1v60
* nom_tt_025C_1v80
