Clock: clk
Sources: clk 
Generated: no
Virtual: yes
Propagated: no
Period: 20.000000

===========================================================================
report_clock_properties
============================================================================
Clock                   Period          Waveform
----------------------------------------------------
clk                  20.000000    0.000000 10.000000

===========================================================================
report_clock_latency
============================================================================
Clock clk
rise -> rise
    min     max
0.000000 0.000000 source latency
0.243186         network latency _31_/CLK
        0.271545 network latency _28_/CLK
---------------
0.243186 0.271545 latency
        0.028359 skew

fall -> fall
    min     max
0.000000 0.000000 source latency
0.245146         network latency _31_/CLK
        0.273265 network latency _28_/CLK
---------------
0.245146 0.273265 latency
        0.028119 skew



===========================================================================
report_clock_min_period
============================================================================
clk period_min = 2.33 fmax = 429.64
