
===========================================================================
report_checks -unconstrained
===========================================================================
======================= max_ff_n40C_1v95 Corner ===================================

Startpoint: reset (input port clocked by clk)
Endpoint: _27931_ (recovery check against rising-edge clock clk)
Path Group: asynchronous
Path Type: max

Fanout         Cap        Slew       Delay        Time   Description
---------------------------------------------------------------------------------------------
                                  0.000000    0.000000   clock clk (rise edge)
                                  0.000000    0.000000   clock network delay (propagated)
                                  4.000000    4.000000 ^ input external delay
     4    0.064866    0.220430    0.160719    4.160718 ^ reset (in)
                                                         reset (net)
                      0.221136    0.000000    4.160718 ^ fanout483/A (sky130_fd_sc_hd__buf_2)
     2    0.018272    0.072844    0.136956    4.297675 ^ fanout483/X (sky130_fd_sc_hd__buf_2)
                                                         net483 (net)
                      0.072935    0.001747    4.299421 ^ wire2333/A (sky130_fd_sc_hd__buf_6)
     8    0.174989    0.260902    0.232545    4.531967 ^ wire2333/X (sky130_fd_sc_hd__buf_6)
                                                         net2333 (net)
                      0.264485    0.025823    4.557789 ^ fanout482/A (sky130_fd_sc_hd__clkdlybuf4s25_1)
     9    0.052832    0.396450    0.464958    5.022747 ^ fanout482/X (sky130_fd_sc_hd__clkdlybuf4s25_1)
                                                         net482 (net)
                      0.396579    0.006267    5.029015 ^ fanout481/A (sky130_fd_sc_hd__clkdlybuf4s25_1)
     6    0.035613    0.269694    0.377480    5.406495 ^ fanout481/X (sky130_fd_sc_hd__clkdlybuf4s25_1)
                                                         net481 (net)
                      0.269848    0.003837    5.410332 ^ fanout480/A (sky130_fd_sc_hd__clkdlybuf4s25_1)
     8    0.038004    0.287573    0.386470    5.796802 ^ fanout480/X (sky130_fd_sc_hd__clkdlybuf4s25_1)
                                                         net480 (net)
                      0.287728    0.003850    5.800652 ^ fanout479/A (sky130_fd_sc_hd__clkdlybuf4s25_1)
    10    0.047094    0.354465    0.435467    6.236119 ^ fanout479/X (sky130_fd_sc_hd__clkdlybuf4s25_1)
                                                         net479 (net)
                      0.354591    0.005855    6.241974 ^ fanout478/A (sky130_fd_sc_hd__buf_2)
    12    0.085510    0.311197    0.313027    6.555002 ^ fanout478/X (sky130_fd_sc_hd__buf_2)
                                                         net478 (net)
                      0.312090    0.014297    6.569299 ^ _27931_/RESET_B (sky130_fd_sc_hd__dfrtp_2)
                                              6.569299   data arrival time

                                 20.000000   20.000000   clock clk (rise edge)
                                  0.000000   20.000000   clock source latency
     1    0.098794    0.336173    0.237579   20.237579 ^ clk (in)
                                                         clk (net)
                      0.343865    0.000000   20.237579 ^ clkbuf_0_clk/A (sky130_fd_sc_hd__clkbuf_8)
     4    0.142266    0.190759    0.225203   20.462782 ^ clkbuf_0_clk/X (sky130_fd_sc_hd__clkbuf_8)
                                                         clknet_0_clk (net)
                      0.195103    0.021725   20.484507 ^ clkbuf_2_3_0_clk/A (sky130_fd_sc_hd__clkbuf_8)
     8    0.146040    0.194962    0.211454   20.695961 ^ clkbuf_2_3_0_clk/X (sky130_fd_sc_hd__clkbuf_8)
                                                         clknet_2_3_0_clk (net)
                      0.197731    0.017758   20.713718 ^ clkbuf_5_28__f_clk/A (sky130_fd_sc_hd__clkbuf_8)
     7    0.071418    0.100904    0.161265   20.874985 ^ clkbuf_5_28__f_clk/X (sky130_fd_sc_hd__clkbuf_8)
                                                         clknet_5_28__leaf_clk (net)
                      0.101019    0.002053   20.877037 ^ clkbuf_leaf_117_clk/A (sky130_fd_sc_hd__clkbuf_8)
    10    0.038683    0.060226    0.117669   20.994707 ^ clkbuf_leaf_117_clk/X (sky130_fd_sc_hd__clkbuf_8)
                                                         clknet_leaf_117_clk (net)
                      0.060289    0.000965   20.995672 ^ _27931_/CLK (sky130_fd_sc_hd__dfrtp_2)
                                 -0.100000   20.895672   clock uncertainty
                                  0.000000   20.895672   clock reconvergence pessimism
                                  0.066404   20.962076   library recovery time
                                             20.962076   data required time
---------------------------------------------------------------------------------------------
                                             20.962076   data required time
                                             -6.569299   data arrival time
---------------------------------------------------------------------------------------------
                                             14.392777   slack (MET)


Startpoint: imem_data[15] (input port clocked by clk)
Endpoint: _28250_ (rising edge-triggered flip-flop clocked by clk)
Path Group: clk
Path Type: max

Fanout         Cap        Slew       Delay        Time   Description
---------------------------------------------------------------------------------------------
                                  0.000000    0.000000   clock clk (rise edge)
                                  0.000000    0.000000   clock network delay (propagated)
                                  4.000000    4.000000 ^ input external delay
     1    0.019045    0.068316    0.050413    4.050414 ^ imem_data[15] (in)
                                                         imem_data[15] (net)
                      0.068459    0.000000    4.050414 ^ fanout498/A (sky130_fd_sc_hd__clkdlybuf4s25_1)
     1    0.004045    0.040132    0.182245    4.232659 ^ fanout498/X (sky130_fd_sc_hd__clkdlybuf4s25_1)
                                                         net498 (net)
                      0.040133    0.000277    4.232935 ^ place2176/A (sky130_fd_sc_hd__buf_2)
     6    0.149277    0.540164    0.434216    4.667151 ^ place2176/X (sky130_fd_sc_hd__buf_2)
                                                         net2176 (net)
                      0.541197    0.020413    4.687564 ^ place2175/A (sky130_fd_sc_hd__buf_2)
    12    0.054192    0.199012    0.240845    4.928410 ^ place2175/X (sky130_fd_sc_hd__buf_2)
                                                         net2175 (net)
                      0.199058    0.002640    4.931049 ^ _13456_/D (sky130_fd_sc_hd__and4b_2)
    11    0.108691    0.421552    0.443144    5.374193 ^ _13456_/X (sky130_fd_sc_hd__and4b_2)
                                                         _07835_ (net)
                      0.421974    0.011649    5.385843 ^ place2137/A (sky130_fd_sc_hd__buf_2)
    11    0.105924    0.384974    0.358893    5.744736 ^ place2137/X (sky130_fd_sc_hd__buf_2)
                                                         net2137 (net)
                      0.385001    0.002904    5.747640 ^ _13704_/B1 (sky130_fd_sc_hd__a22o_2)
     1    0.005228    0.037238    0.107748    5.855388 ^ _13704_/X (sky130_fd_sc_hd__a22o_2)
                                                         _08083_ (net)
                      0.037239    0.000396    5.855784 ^ _13705_/C1 (sky130_fd_sc_hd__a221o_2)
     1    0.008834    0.049758    0.077324    5.933108 ^ _13705_/X (sky130_fd_sc_hd__a221o_2)
                                                         _08084_ (net)
                      0.049769    0.000748    5.933856 ^ _13706_/A3 (sky130_fd_sc_hd__o31a_2)
     1    0.003543    0.032111    0.079230    6.013085 ^ _13706_/X (sky130_fd_sc_hd__o31a_2)
                                                         _08085_ (net)
                      0.032111    0.000251    6.013336 ^ place1578/A (sky130_fd_sc_hd__buf_2)
     8    0.144135    0.522153    0.415363    6.428699 ^ place1578/X (sky130_fd_sc_hd__buf_2)
                                                         net1578 (net)
                      0.523004    0.018326    6.447026 ^ _13707_/A (sky130_fd_sc_hd__inv_2)
     4    0.029180    0.132410    0.078999    6.526025 v _13707_/Y (sky130_fd_sc_hd__inv_2)
                                                         _08086_ (net)
                      0.132445    0.001861    6.527885 v _14482_/B1 (sky130_fd_sc_hd__a211oi_2)
     1    0.003788    0.117209    0.130138    6.658023 ^ _14482_/Y (sky130_fd_sc_hd__a211oi_2)
                                                         _08861_ (net)
                      0.117209    0.000168    6.658192 ^ _14483_/B1 (sky130_fd_sc_hd__a31o_2)
     3    0.015674    0.078474    0.109964    6.768156 ^ _14483_/X (sky130_fd_sc_hd__a31o_2)
                                                         _08862_ (net)
                      0.078477    0.000612    6.768768 ^ _14485_/A2 (sky130_fd_sc_hd__a21o_4)
     3    0.017194    0.045215    0.100191    6.868959 ^ _14485_/X (sky130_fd_sc_hd__a21o_4)
                                                         _08864_ (net)
                      0.045253    0.001236    6.870195 ^ _14486_/A2 (sky130_fd_sc_hd__a21o_2)
     2    0.009533    0.044917    0.095029    6.965224 ^ _14486_/X (sky130_fd_sc_hd__a21o_2)
                                                         _08865_ (net)
                      0.044923    0.000559    6.965783 ^ _14487_/B (sky130_fd_sc_hd__and2_4)
     3    0.019647    0.053073    0.113575    7.079358 ^ _14487_/X (sky130_fd_sc_hd__and2_4)
                                                         _08866_ (net)
                      0.053108    0.001277    7.080636 ^ _14488_/A3 (sky130_fd_sc_hd__o311a_4)
     3    0.021542    0.062076    0.129778    7.210413 ^ _14488_/X (sky130_fd_sc_hd__o311a_4)
                                                         _08867_ (net)
                      0.062272    0.002518    7.212931 ^ _14489_/A2 (sky130_fd_sc_hd__o21ai_4)
     3    0.020018    0.063715    0.050112    7.263043 v _14489_/Y (sky130_fd_sc_hd__o21ai_4)
                                                         _08868_ (net)
                      0.063785    0.001676    7.264719 v _14490_/A2 (sky130_fd_sc_hd__a21oi_4)
     4    0.022295    0.148095    0.172855    7.437574 ^ _14490_/Y (sky130_fd_sc_hd__a21oi_4)
                                                         _08869_ (net)
                      0.148171    0.001544    7.439118 ^ _14493_/A3 (sky130_fd_sc_hd__o311a_4)
     4    0.021259    0.061506    0.139978    7.579096 ^ _14493_/X (sky130_fd_sc_hd__o311a_4)
                                                         _08872_ (net)
                      0.061621    0.002393    7.581489 ^ _14494_/A3 (sky130_fd_sc_hd__o311a_4)
     3    0.018580    0.056616    0.126263    7.707752 ^ _14494_/X (sky130_fd_sc_hd__o311a_4)
                                                         _08873_ (net)
                      0.056683    0.001797    7.709549 ^ _14498_/A3 (sky130_fd_sc_hd__o311a_4)
     2    0.019243    0.057537    0.126597    7.836146 ^ _14498_/X (sky130_fd_sc_hd__o311a_4)
                                                         _08877_ (net)
                      0.057656    0.002334    7.838480 ^ _14502_/A1 (sky130_fd_sc_hd__o21bai_2)
     3    0.012810    0.052637    0.065122    7.903603 v _14502_/Y (sky130_fd_sc_hd__o21bai_2)
                                                         _08881_ (net)
                      0.052653    0.000766    7.904368 v _14508_/A1 (sky130_fd_sc_hd__a2111o_2)
     2    0.013938    0.066657    0.299687    8.204056 v _14508_/X (sky130_fd_sc_hd__a2111o_2)
                                                         _08887_ (net)
                      0.066688    0.001400    8.205455 v _14512_/A1 (sky130_fd_sc_hd__a21bo_4)
     5    0.024938    0.045108    0.174567    8.380022 v _14512_/X (sky130_fd_sc_hd__a21bo_4)
                                                         _08891_ (net)
                      0.045277    0.002355    8.382377 v _14513_/A3 (sky130_fd_sc_hd__a311o_2)
     5    0.019562    0.069112    0.293557    8.675934 v _14513_/X (sky130_fd_sc_hd__a311o_2)
                                                         _08892_ (net)
                      0.069125    0.000964    8.676898 v _14514_/A2 (sky130_fd_sc_hd__a311o_2)
     3    0.018556    0.067689    0.285350    8.962248 v _14514_/X (sky130_fd_sc_hd__a311o_2)
                                                         _08893_ (net)
                      0.067737    0.001673    8.963922 v _14515_/A3 (sky130_fd_sc_hd__a311o_2)
     3    0.023667    0.075728    0.309792    9.273714 v _14515_/X (sky130_fd_sc_hd__a311o_2)
                                                         _08894_ (net)
                      0.075838    0.002688    9.276402 v _14519_/C (sky130_fd_sc_hd__and3b_2)
     1    0.003414    0.028938    0.152219    9.428620 v _14519_/X (sky130_fd_sc_hd__and3b_2)
                                                         _08898_ (net)
                      0.028938    0.000233    9.428853 v _14520_/C (sky130_fd_sc_hd__or3_4)
     2    0.015108    0.057545    0.221540    9.650393 v _14520_/X (sky130_fd_sc_hd__or3_4)
                                                         _08899_ (net)
                      0.057557    0.000820    9.651213 v _14619_/C1 (sky130_fd_sc_hd__o311a_4)
    11    0.085215    0.114852    0.135914    9.787127 v _14619_/X (sky130_fd_sc_hd__o311a_4)
                                                         _08997_ (net)
                      0.118857    0.017107    9.804235 v _14621_/A1 (sky130_fd_sc_hd__a21oi_4)
     4    0.040935    0.234116    0.243818   10.048053 ^ _14621_/Y (sky130_fd_sc_hd__a21oi_4)
                                                         _08999_ (net)
                      0.234366    0.006357   10.054409 ^ _26239_/A1 (sky130_fd_sc_hd__a2111oi_4)
     2    0.012768    0.089014    0.079986   10.134395 v _26239_/Y (sky130_fd_sc_hd__a2111oi_4)
                                                         _07490_ (net)
                      0.089016    0.000997   10.135391 v _26240_/B (sky130_fd_sc_hd__nand2b_2)
     9    0.124358    0.496231    0.384700   10.520092 ^ _26240_/Y (sky130_fd_sc_hd__nand2b_2)
                                                         _07491_ (net)
                      0.497150    0.018502   10.538593 ^ place1350/A (sky130_fd_sc_hd__buf_2)
    11    0.128560    0.464860    0.421202   10.959795 ^ place1350/X (sky130_fd_sc_hd__buf_2)
                                                         net1350 (net)
                      0.466469    0.023490   10.983285 ^ place1349/A (sky130_fd_sc_hd__buf_2)
     8    0.084876    0.309205    0.312654   11.295938 ^ place1349/X (sky130_fd_sc_hd__buf_2)
                                                         net1349 (net)
                      0.309850    0.012196   11.308135 ^ place1348/A (sky130_fd_sc_hd__buf_2)
     7    0.072032    0.263571    0.275288   11.583424 ^ place1348/X (sky130_fd_sc_hd__buf_2)
                                                         net1348 (net)
                      0.264152    0.010725   11.594149 ^ _26255_/S (sky130_fd_sc_hd__mux2_2)
     1    0.005086    0.038817    0.227102   11.821250 v _26255_/X (sky130_fd_sc_hd__mux2_2)
                                                         _07500_ (net)
                      0.038817    0.000384   11.821633 v _28250_/D (sky130_fd_sc_hd__dfrtp_2)
                                             11.821633   data arrival time

                                 20.000000   20.000000   clock clk (rise edge)
                                  0.000000   20.000000   clock source latency
     1    0.098794    0.336173    0.237579   20.237579 ^ clk (in)
                                                         clk (net)
                      0.343865    0.000000   20.237579 ^ clkbuf_0_clk/A (sky130_fd_sc_hd__clkbuf_8)
     4    0.142266    0.190759    0.225203   20.462782 ^ clkbuf_0_clk/X (sky130_fd_sc_hd__clkbuf_8)
                                                         clknet_0_clk (net)
                      0.195103    0.021725   20.484507 ^ clkbuf_2_3_0_clk/A (sky130_fd_sc_hd__clkbuf_8)
     8    0.146040    0.194962    0.211454   20.695961 ^ clkbuf_2_3_0_clk/X (sky130_fd_sc_hd__clkbuf_8)
                                                         clknet_2_3_0_clk (net)
                      0.198617    0.020259   20.716221 ^ clkbuf_5_29__f_clk/A (sky130_fd_sc_hd__clkbuf_8)
     7    0.063996    0.092484    0.154808   20.871029 ^ clkbuf_5_29__f_clk/X (sky130_fd_sc_hd__clkbuf_8)
                                                         clknet_5_29__leaf_clk (net)
                      0.092485    0.000284   20.871313 ^ clkbuf_leaf_113_clk/A (sky130_fd_sc_hd__clkbuf_8)
    10    0.032078    0.052150    0.109971   20.981283 ^ clkbuf_leaf_113_clk/X (sky130_fd_sc_hd__clkbuf_8)
                                                         clknet_leaf_113_clk (net)
                      0.052162    0.000801   20.982084 ^ _28250_/CLK (sky130_fd_sc_hd__dfrtp_2)
                                 -0.100000   20.882084   clock uncertainty
                                  0.000000   20.882084   clock reconvergence pessimism
                                 -0.074158   20.807926   library setup time
                                             20.807926   data required time
---------------------------------------------------------------------------------------------
                                             20.807926   data required time
                                            -11.821633   data arrival time
---------------------------------------------------------------------------------------------
                                              8.986293   slack (MET)




===========================================================================
report_checks --slack_max -0.01
============================================================================
======================= max_ff_n40C_1v95 Corner ===================================

No paths found.


===========================================================================
 report_check_types -max_slew -max_cap -max_fanout -violators
============================================================================
======================= max_ff_n40C_1v95 Corner ===================================

max fanout

Pin                                   Limit Fanout  Slack
---------------------------------------------------------
wire1315/X                               12     16     -4 (VIOLATED)



===========================================================================
report_parasitic_annotation -report_unannotated
============================================================================
Found 180 unannotated drivers.
 clkload0/X
 clkload1/X
 clkload10/X
 clkload100/X
 clkload101/X
 clkload102/Y
 clkload103/X
 clkload104/X
 clkload105/X
 clkload106/X
 clkload107/X
 clkload108/Y
 clkload109/X
 clkload11/X
 clkload110/X
 clkload111/Y
 clkload112/X
 clkload113/X
 clkload114/X
 clkload115/Y
 clkload116/Y
 clkload117/X
 clkload118/X
 clkload119/Y
 clkload12/X
 clkload120/Y
 clkload121/Y
 clkload122/Y
 clkload123/X
 clkload124/Y
 clkload125/X
 clkload126/X
 clkload127/X
 clkload128/X
 clkload129/Y
 clkload13/X
 clkload130/X
 clkload131/X
 clkload132/Y
 clkload133/X
 clkload134/Y
 clkload135/Y
 clkload136/X
 clkload137/X
 clkload138/Y
 clkload139/Y
 clkload14/X
 clkload140/Y
 clkload141/X
 clkload142/X
 clkload143/X
 clkload144/X
 clkload145/X
 clkload146/Y
 clkload147/X
 clkload148/X
 clkload149/Y
 clkload15/X
 clkload150/X
 clkload151/Y
 clkload152/Y
 clkload153/X
 clkload154/X
 clkload155/X
 clkload156/X
 clkload157/X
 clkload158/X
 clkload159/X
 clkload16/X
 clkload160/X
 clkload161/Y
 clkload162/X
 clkload163/X
 clkload164/X
 clkload165/X
 clkload166/X
 clkload167/X
 clkload168/X
 clkload169/X
 clkload17/X
 clkload170/X
 clkload171/Y
 clkload172/Y
 clkload173/X
 clkload174/X
 clkload175/X
 clkload176/Y
 clkload177/X
 clkload178/X
 clkload179/X
 clkload18/X
 clkload19/X
 clkload2/X
 clkload20/X
 clkload21/X
 clkload22/X
 clkload23/Y
 clkload24/Y
 clkload25/X
 clkload26/X
 clkload27/Y
 clkload28/Y
 clkload29/X
 clkload3/X
 clkload30/Y
 clkload31/X
 clkload32/X
 clkload33/X
 clkload34/Y
 clkload35/Y
 clkload36/Y
 clkload37/X
 clkload38/X
 clkload39/X
 clkload4/X
 clkload40/X
 clkload41/X
 clkload42/X
 clkload43/Y
 clkload44/Y
 clkload45/Y
 clkload46/X
 clkload47/X
 clkload48/X
 clkload49/X
 clkload5/X
 clkload50/Y
 clkload51/Y
 clkload52/X
 clkload53/X
 clkload54/X
 clkload55/X
 clkload56/X
 clkload57/Y
 clkload58/Y
 clkload59/X
 clkload6/X
 clkload60/Y
 clkload61/Y
 clkload62/Y
 clkload63/Y
 clkload64/X
 clkload65/Y
 clkload66/X
 clkload67/X
 clkload68/Y
 clkload69/Y
 clkload7/X
 clkload70/Y
 clkload71/Y
 clkload72/Y
 clkload73/Y
 clkload74/Y
 clkload75/X
 clkload76/Y
 clkload77/X
 clkload78/X
 clkload79/X
 clkload8/X
 clkload80/Y
 clkload81/X
 clkload82/X
 clkload83/Y
 clkload84/X
 clkload85/X
 clkload86/X
 clkload87/X
 clkload88/X
 clkload89/X
 clkload9/X
 clkload90/X
 clkload91/X
 clkload92/X
 clkload93/X
 clkload94/X
 clkload95/X
 clkload96/X
 clkload97/Y
 clkload98/X
 clkload99/X
Found 0 partially unannotated drivers.

===========================================================================
max slew violation count 0
max fanout violation count 1
max cap violation count 0
============================================================================

===========================================================================
check_setup -verbose -unconstrained_endpoints -multiple_clock -no_clock -no_input_delay -loops -generated_clocks
===========================================================================
