Clock: clk
Sources: clk 
Generated: no
Virtual: yes
Propagated: no
Period: 20.000000

===========================================================================
report_clock_properties
============================================================================
Clock                   Period          Waveform
----------------------------------------------------
clk                  20.000000    0.000000 10.000000

===========================================================================
report_clock_latency
============================================================================
Clock clk
rise -> rise
    min     max
0.000000 0.000000 source latency
0.964432         network latency _28299_/CLK
        1.152230 network latency _28336_/CLK
---------------
0.964432 1.152230 latency
        0.187798 skew

fall -> fall
    min     max
0.000000 0.000000 source latency
0.784719         network latency _28299_/CLK
        0.934650 network latency _28336_/CLK
---------------
0.784719 0.934650 latency
        0.149931 skew



===========================================================================
report_clock_min_period
============================================================================
clk period_min = 7.02 fmax = 142.39
