Reading timing models for corner nom_tt_025C_1v80…
Reading timing library for the 'nom_tt_025C_1v80' corner at '/home/cl4/.ciel/ciel/sky130/versions/8afc8346a57fe1ab7934ba5a6056ea8b43078e71/sky130A/libs.ref/sky130_fd_sc_hd/lib/sky130_fd_sc_hd__tt_025C_1v80.lib'…
Reading OpenROAD database at '/home/cl4/Desktop/training/RISC-V-SoC-with-Coherent-Memory-Subsystem/physical_design/runs/RUN_2026-09-09_05-42-53/32-openroad-repairdesignpostgpl/riscv_soc_top.odb'…
Reading design constraints file at '/home/cl4/Desktop/training/RISC-V-SoC-with-Coherent-Memory-Subsystem/physical_design/src/pnr.sdc'…
[INFO] No information on clock propagation in input SDC file-- propagating all clocks.
+ detailed_placement -max_displacement  500 100 
Placement Analysis
---------------------------------
total displacement          0.0 u
average displacement        0.0 u
max displacement            0.0 u
original HPWL           13848.8 u
legalized HPWL          14442.5 u
delta HPWL                    4 %

[INFO DPL-0020] Mirrored 372 instances
[INFO DPL-0021] HPWL before           14442.5 u
[INFO DPL-0022] HPWL after            13848.8 u
[INFO DPL-0023] HPWL delta               -4.1 %
Setting global connections for newly added cells…
[INFO] Setting global connections...
[INFO ODB-0403] 0 connections made, 0 conflicts skipped.
Updating metrics…
Cell type report:                       Count       Area
  Fill cell                               108     405.39
  Tap cell                                308     385.37
  Buffer                                    5      25.02
  Timing Repair Buffer                     84     840.81
  Inverter                                 23      86.33
  Sequential cell                         196    5149.94
  Multi-Input combinational cell          547    4685.74
  Total                                  1271   11578.60
Writing OpenROAD database to '/home/cl4/Desktop/training/RISC-V-SoC-with-Coherent-Memory-Subsystem/physical_design/runs/RUN_2026-09-09_05-42-53/34-openroad-detailedplacement/riscv_soc_top.odb'…
Writing netlist to '/home/cl4/Desktop/training/RISC-V-SoC-with-Coherent-Memory-Subsystem/physical_design/runs/RUN_2026-09-09_05-42-53/34-openroad-detailedplacement/riscv_soc_top.nl.v'…
Writing powered netlist to '/home/cl4/Desktop/training/RISC-V-SoC-with-Coherent-Memory-Subsystem/physical_design/runs/RUN_2026-09-09_05-42-53/34-openroad-detailedplacement/riscv_soc_top.pnl.v'…
Writing layout to '/home/cl4/Desktop/training/RISC-V-SoC-with-Coherent-Memory-Subsystem/physical_design/runs/RUN_2026-09-09_05-42-53/34-openroad-detailedplacement/riscv_soc_top.def'…
Writing timing constraints to '/home/cl4/Desktop/training/RISC-V-SoC-with-Coherent-Memory-Subsystem/physical_design/runs/RUN_2026-09-09_05-42-53/34-openroad-detailedplacement/riscv_soc_top.sdc'…
