
32. Executing PROC_DLATCH pass (convert process syncs to latches).
No latch inferred for signal `\noc_interconnect.\core0_read_data' from process `\noc_interconnect.$proc$/home/cl4/Desktop/training/asic/src/noc_interconnect.v:225$219'.
No latch inferred for signal `\noc_interconnect.\core0_ready' from process `\noc_interconnect.$proc$/home/cl4/Desktop/training/asic/src/noc_interconnect.v:225$219'.
No latch inferred for signal `\noc_interconnect.\core1_read_data' from process `\noc_interconnect.$proc$/home/cl4/Desktop/training/asic/src/noc_interconnect.v:225$219'.
No latch inferred for signal `\noc_interconnect.\core1_ready' from process `\noc_interconnect.$proc$/home/cl4/Desktop/training/asic/src/noc_interconnect.v:225$219'.
No latch inferred for signal `\noc_interconnect.\mem_read' from process `\noc_interconnect.$proc$/home/cl4/Desktop/training/asic/src/noc_interconnect.v:225$219'.
No latch inferred for signal `\noc_interconnect.\mem_write' from process `\noc_interconnect.$proc$/home/cl4/Desktop/training/asic/src/noc_interconnect.v:225$219'.
No latch inferred for signal `\noc_interconnect.\mem_write_strobe' from process `\noc_interconnect.$proc$/home/cl4/Desktop/training/asic/src/noc_interconnect.v:225$219'.
No latch inferred for signal `\noc_interconnect.\mem_address' from process `\noc_interconnect.$proc$/home/cl4/Desktop/training/asic/src/noc_interconnect.v:225$219'.
No latch inferred for signal `\noc_interconnect.\mem_write_data' from process `\noc_interconnect.$proc$/home/cl4/Desktop/training/asic/src/noc_interconnect.v:225$219'.
No latch inferred for signal `\noc_interconnect.\mailbox_read' from process `\noc_interconnect.$proc$/home/cl4/Desktop/training/asic/src/noc_interconnect.v:225$219'.
No latch inferred for signal `\noc_interconnect.\mailbox_write' from process `\noc_interconnect.$proc$/home/cl4/Desktop/training/asic/src/noc_interconnect.v:225$219'.
No latch inferred for signal `\noc_interconnect.\mailbox_address' from process `\noc_interconnect.$proc$/home/cl4/Desktop/training/asic/src/noc_interconnect.v:225$219'.
No latch inferred for signal `\noc_interconnect.\mailbox_write_data' from process `\noc_interconnect.$proc$/home/cl4/Desktop/training/asic/src/noc_interconnect.v:225$219'.
No latch inferred for signal `\noc_interconnect.\uart_read' from process `\noc_interconnect.$proc$/home/cl4/Desktop/training/asic/src/noc_interconnect.v:225$219'.
No latch inferred for signal `\noc_interconnect.\uart_write' from process `\noc_interconnect.$proc$/home/cl4/Desktop/training/asic/src/noc_interconnect.v:225$219'.
No latch inferred for signal `\noc_interconnect.\uart_write_strobe' from process `\noc_interconnect.$proc$/home/cl4/Desktop/training/asic/src/noc_interconnect.v:225$219'.
No latch inferred for signal `\noc_interconnect.\uart_address' from process `\noc_interconnect.$proc$/home/cl4/Desktop/training/asic/src/noc_interconnect.v:225$219'.
No latch inferred for signal `\noc_interconnect.\uart_write_data' from process `\noc_interconnect.$proc$/home/cl4/Desktop/training/asic/src/noc_interconnect.v:225$219'.
No latch inferred for signal `\noc_interconnect.\selected_read' from process `\noc_interconnect.$proc$/home/cl4/Desktop/training/asic/src/noc_interconnect.v:169$217'.
No latch inferred for signal `\noc_interconnect.\selected_write' from process `\noc_interconnect.$proc$/home/cl4/Desktop/training/asic/src/noc_interconnect.v:169$217'.
No latch inferred for signal `\noc_interconnect.\selected_write_strobe' from process `\noc_interconnect.$proc$/home/cl4/Desktop/training/asic/src/noc_interconnect.v:169$217'.
No latch inferred for signal `\noc_interconnect.\selected_address' from process `\noc_interconnect.$proc$/home/cl4/Desktop/training/asic/src/noc_interconnect.v:169$217'.
No latch inferred for signal `\noc_interconnect.\selected_write_data' from process `\noc_interconnect.$proc$/home/cl4/Desktop/training/asic/src/noc_interconnect.v:169$217'.
No latch inferred for signal `\noc_interconnect.\grant_core' from process `\noc_interconnect.$proc$/home/cl4/Desktop/training/asic/src/noc_interconnect.v:111$210'.
No latch inferred for signal `\mailbox_reg.\read_data' from process `\mailbox_reg.$proc$/home/cl4/Desktop/training/asic/src/mailbox_reg.v:33$125'.
No latch inferred for signal `\immediate_generator.\immediate' from process `\immediate_generator.$proc$/home/cl4/Desktop/training/asic/src/immediate_generator.v:6$102'.
No latch inferred for signal `\control_unit.\mem_read' from process `\control_unit.$proc$/home/cl4/Desktop/training/asic/src/control_unit.v:31$100'.
No latch inferred for signal `\control_unit.\mem_write' from process `\control_unit.$proc$/home/cl4/Desktop/training/asic/src/control_unit.v:31$100'.
No latch inferred for signal `\control_unit.\reg_write' from process `\control_unit.$proc$/home/cl4/Desktop/training/asic/src/control_unit.v:31$100'.
No latch inferred for signal `\control_unit.\alu_src' from process `\control_unit.$proc$/home/cl4/Desktop/training/asic/src/control_unit.v:31$100'.
No latch inferred for signal `\control_unit.\branch' from process `\control_unit.$proc$/home/cl4/Desktop/training/asic/src/control_unit.v:31$100'.
No latch inferred for signal `\control_unit.\jump' from process `\control_unit.$proc$/home/cl4/Desktop/training/asic/src/control_unit.v:31$100'.
No latch inferred for signal `\control_unit.\jalr' from process `\control_unit.$proc$/home/cl4/Desktop/training/asic/src/control_unit.v:31$100'.
No latch inferred for signal `\control_unit.\lui' from process `\control_unit.$proc$/home/cl4/Desktop/training/asic/src/control_unit.v:31$100'.
No latch inferred for signal `\control_unit.\auipc' from process `\control_unit.$proc$/home/cl4/Desktop/training/asic/src/control_unit.v:31$100'.
No latch inferred for signal `\control_unit.\result_src' from process `\control_unit.$proc$/home/cl4/Desktop/training/asic/src/control_unit.v:31$100'.
No latch inferred for signal `\control_unit.\alu_control' from process `\control_unit.$proc$/home/cl4/Desktop/training/asic/src/control_unit.v:31$100'.
No latch inferred for signal `\control_unit.\mem_size' from process `\control_unit.$proc$/home/cl4/Desktop/training/asic/src/control_unit.v:31$100'.
No latch inferred for signal `\control_unit.\mem_signed' from process `\control_unit.$proc$/home/cl4/Desktop/training/asic/src/control_unit.v:31$100'.
No latch inferred for signal `\alu.\result' from process `\alu.$proc$/home/cl4/Desktop/training/asic/src/alu.v:9$86'.
No latch inferred for signal `\rv32i_core.\formatted_store_data' from process `\rv32i_core.$proc$/home/cl4/Desktop/training/asic/src/rv32i_core.v:299$11'.
No latch inferred for signal `\rv32i_core.\formatted_write_strobe' from process `\rv32i_core.$proc$/home/cl4/Desktop/training/asic/src/rv32i_core.v:299$11'.
No latch inferred for signal `\rv32i_core.\formatted_load_data' from process `\rv32i_core.$proc$/home/cl4/Desktop/training/asic/src/rv32i_core.v:233$10'.
No latch inferred for signal `\rv32i_core.\selected_halfword' from process `\rv32i_core.$proc$/home/cl4/Desktop/training/asic/src/rv32i_core.v:216$9'.
No latch inferred for signal `\rv32i_core.\selected_byte' from process `\rv32i_core.$proc$/home/cl4/Desktop/training/asic/src/rv32i_core.v:193$8'.
