184. Printing statistics.

=== dual_core_soc ===

        +----------Local Count, excluding submodules.
        |        +-Local Area, excluding submodules.
        |        | 
    10365        - wires
    13709        - wire bits
      165        - public wires
     3404        - public wire bits
        4        - ports
        4        - port bits
    13382 6.11E+04 cells
     1537        -   $_ANDNOT_
      141        -   $_AND_
     6145        -   $_MUX_
      173        -   $_NAND_
      145        -   $_NOR_
      280        -   $_NOT_
      474        -   $_ORNOT_
     1124        -   $_OR_
       84        -   $_XNOR_
      408        -   $_XOR_
     2871 6.11E+04   sky130_fd_sc_hd__dfxtp_2

   Area for cell type $_ANDNOT_ is unknown!
   Area for cell type $_AND_ is unknown!
   Area for cell type $_MUX_ is unknown!
   Area for cell type $_NAND_ is unknown!
   Area for cell type $_NOR_ is unknown!
   Area for cell type $_NOT_ is unknown!
   Area for cell type $_ORNOT_ is unknown!
   Area for cell type $_OR_ is unknown!
   Area for cell type $_XNOR_ is unknown!
   Area for cell type $_XOR_ is unknown!

   Chip area for module '\dual_core_soc': 61067.318400
     of which used for sequential elements: 61067.318400 (100.00%)

