
36. Executing CHECK pass (checking for obvious problems).
Checking module dual_core_soc...
Checking module $paramod\baud_gen\CLKS_PER_BIT=s32'00000000000000000000000000001000...
Checking module $paramod\uart_tx\CLKS_PER_BIT=s32'00000000000000000000000000001000...
Checking module $paramod\uart_rx\CLKS_PER_BIT=s32'00000000000000000000000000001000...
Checking module axi_lite_master_bridge...
Checking module $paramod\axi_uart_slave\CLKS_PER_BIT=s32'00000000000000000000000000001000...
Checking module noc_interconnect...
Checking module shared_data_memory...
Checking module mailbox_reg...
Checking module $paramod\axi_uart_system\CLKS_PER_BIT=s32'00000000000000000000000000001000...
Checking module program_counter...
Checking module register_file...
Checking module immediate_generator...
Checking module control_unit...
Checking module alu...
Checking module $paramod$432fe0c2d7061b334b663624822f282e564a593d\instruction_memory...
Checking module $paramod$f0aa86d135e3ed9a629106f6394c18764b9cf41d\instruction_memory...
Checking module rv32i_core...
Checking module mailbox_system...
Found and reported 0 problems.
