192. Printing statistics.

=== dual_core_soc ===

        +----------Local Count, excluding submodules.
        |        +-Local Area, excluding submodules.
        |        | 
    10432        - wires
    10432        - wire bits
     2842        - public wires
     2842        - public wire bits
        4        - ports
        4        - port bits
    10429 1.38E+05 cells
        9  112.608   sky130_fd_sc_hd__a2111o_2
       11  165.158   sky130_fd_sc_hd__a2111oi_2
       87  870.835   sky130_fd_sc_hd__a211o_2
       19  237.728   sky130_fd_sc_hd__a211oi_2
        9   90.086   sky130_fd_sc_hd__a21bo_2
       10  112.608   sky130_fd_sc_hd__a21boi_2
      136 1.19E+03   sky130_fd_sc_hd__a21o_2
      202 1.77E+03   sky130_fd_sc_hd__a21oi_2
      382  4.3E+03   sky130_fd_sc_hd__a221o_2
        5   75.072   sky130_fd_sc_hd__a221oi_2
      256 2.56E+03   sky130_fd_sc_hd__a22o_2
      112  1.4E+03   sky130_fd_sc_hd__a22oi_2
       23  258.998   sky130_fd_sc_hd__a2bb2o_2
      122 1.83E+03   sky130_fd_sc_hd__a2bb2oi_2
       32  360.346   sky130_fd_sc_hd__a311o_2
        6   90.086   sky130_fd_sc_hd__a311oi_2
      192 1.68E+03   sky130_fd_sc_hd__a31o_2
       70   875.84   sky130_fd_sc_hd__a31oi_2
      544 6.13E+03   sky130_fd_sc_hd__a32o_2
        8  130.125   sky130_fd_sc_hd__a32oi_2
       46  517.997   sky130_fd_sc_hd__a41o_2
        4   65.062   sky130_fd_sc_hd__a41oi_2
       46  345.331   sky130_fd_sc_hd__and2_2
       51  446.678   sky130_fd_sc_hd__and2b_2
      410 3.08E+03   sky130_fd_sc_hd__and3_2
       29  290.278   sky130_fd_sc_hd__and3b_2
       68  680.653   sky130_fd_sc_hd__and4_2
       28  315.302   sky130_fd_sc_hd__and4b_2
        5    62.56   sky130_fd_sc_hd__and4bb_2
       32  120.115   sky130_fd_sc_hd__buf_1
     2839 6.04E+04   sky130_fd_sc_hd__dfxtp_2
      134  502.982   sky130_fd_sc_hd__inv_2
     2163 2.44E+04   sky130_fd_sc_hd__mux2_1
       36  810.778   sky130_fd_sc_hd__mux4_2
      224  1.4E+03   sky130_fd_sc_hd__nand2_2
       40  350.336   sky130_fd_sc_hd__nand2b_2
       37  370.355   sky130_fd_sc_hd__nand3_2
       10  112.608   sky130_fd_sc_hd__nand3b_2
       73  913.376   sky130_fd_sc_hd__nand4_2
        5   75.072   sky130_fd_sc_hd__nand4b_2
      309 1.93E+03   sky130_fd_sc_hd__nor2_2
       29  290.278   sky130_fd_sc_hd__nor3_2
        7   87.584   sky130_fd_sc_hd__nor3b_2
       19  237.728   sky130_fd_sc_hd__nor4_2
        3   45.043   sky130_fd_sc_hd__nor4b_2
       27  337.824   sky130_fd_sc_hd__o2111a_2
       73  1.1E+03   sky130_fd_sc_hd__o2111ai_2
      191 1.91E+03   sky130_fd_sc_hd__o211a_2
       41  512.992   sky130_fd_sc_hd__o211ai_2
       54  472.954   sky130_fd_sc_hd__o21a_2
      185 1.62E+03   sky130_fd_sc_hd__o21ai_2
       13  130.125   sky130_fd_sc_hd__o21ba_2
       46  517.997   sky130_fd_sc_hd__o21bai_2
       53  596.822   sky130_fd_sc_hd__o221a_2
       11  165.158   sky130_fd_sc_hd__o221ai_2
       20  200.192   sky130_fd_sc_hd__o22a_2
       45   563.04   sky130_fd_sc_hd__o22ai_2
       24  270.259   sky130_fd_sc_hd__o2bb2a_2
       64  960.922   sky130_fd_sc_hd__o2bb2ai_2
       47  529.258   sky130_fd_sc_hd__o311a_2
        3   48.797   sky130_fd_sc_hd__o311ai_2
      184 1.84E+03   sky130_fd_sc_hd__o31a_2
       13  162.656   sky130_fd_sc_hd__o31ai_2
       29  326.563   sky130_fd_sc_hd__o32a_2
       11  178.922   sky130_fd_sc_hd__o32ai_2
       14  175.168   sky130_fd_sc_hd__o41a_2
        3   48.797   sky130_fd_sc_hd__o41ai_2
       68  425.408   sky130_fd_sc_hd__or2_2
      102  765.734   sky130_fd_sc_hd__or3_2
       54  472.954   sky130_fd_sc_hd__or3b_2
      104  910.874   sky130_fd_sc_hd__or4_2
       35  350.336   sky130_fd_sc_hd__or4b_2
        4   50.048   sky130_fd_sc_hd__or4bb_2
       15  243.984   sky130_fd_sc_hd__xnor2_2
       14  227.718   sky130_fd_sc_hd__xor2_2

   Chip area for module '\dual_core_soc': 138156.252800
     of which used for sequential elements: 60386.665600 (43.71%)

