Clock: clk
Sources: clk 
Generated: no
Virtual: yes
Propagated: no
Period: 50.000000

===========================================================================
report_clock_properties
============================================================================
Clock                   Period          Waveform
----------------------------------------------------
clk                  50.000000    0.000000 25.000000

===========================================================================
report_clock_latency
============================================================================
Clock clk
rise -> rise
    min     max
0.000000 0.000000 source latency
0.441302         network latency _1135_/CLK
        0.503233 network latency _1053_/CLK
---------------
0.441302 0.503233 latency
        0.061931 skew

fall -> fall
    min     max
0.000000 0.000000 source latency
0.454072         network latency _1135_/CLK
        0.515092 network latency _1053_/CLK
---------------
0.454072 0.515092 latency
        0.061020 skew



===========================================================================
report_clock_min_period
============================================================================
clk period_min = 7.98 fmax = 125.36
