Clock: clk
Sources: clk 
Generated: no
Virtual: yes
Propagated: no
Period: 50.000000

===========================================================================
report_clock_properties
============================================================================
Clock                   Period          Waveform
----------------------------------------------------
clk                  50.000000    0.000000 25.000000

===========================================================================
report_clock_latency
============================================================================
Clock clk
rise -> rise
    min     max
0.000000 0.000000 source latency
0.766637         network latency _1135_/CLK
        0.872056 network latency _1053_/CLK
---------------
0.766637 0.872056 latency
        0.105419 skew

fall -> fall
    min     max
0.000000 0.000000 source latency
0.790871         network latency _1135_/CLK
        0.894199 network latency _1053_/CLK
---------------
0.790871 0.894199 latency
        0.103327 skew



===========================================================================
report_clock_min_period
============================================================================
clk period_min = 16.06 fmax = 62.27
