Clock: clk
Sources: clk 
Generated: no
Virtual: yes
Propagated: no
Period: 50.000000

===========================================================================
report_clock_properties
============================================================================
Clock                   Period          Waveform
----------------------------------------------------
clk                  50.000000    0.000000 25.000000

===========================================================================
report_clock_latency
============================================================================
Clock clk
rise -> rise
    min     max
0.000000 0.000000 source latency
0.294828         network latency _1135_/CLK
        0.334602 network latency _1053_/CLK
---------------
0.294828 0.334602 latency
        0.039775 skew

fall -> fall
    min     max
0.000000 0.000000 source latency
0.303304         network latency _1135_/CLK
        0.342702 network latency _1053_/CLK
---------------
0.303304 0.342702 latency
        0.039398 skew



===========================================================================
report_clock_min_period
============================================================================
clk period_min = 5.26 fmax = 190.26
