Clock: clk
Sources: clk 
Generated: no
Virtual: yes
Propagated: no
Period: 10.000000

===========================================================================
report_clock_properties
============================================================================
Clock                   Period          Waveform
----------------------------------------------------
clk                  10.000000    0.000000  5.000000

===========================================================================
report_clock_latency
============================================================================
Clock clk
rise -> rise
    min     max
0.000000 0.000000 source latency
0.312527         network latency _203_/CLK
        0.313380 network latency _189_/CLK
---------------
0.312527 0.313380 latency
        0.000853 skew

fall -> fall
    min     max
0.000000 0.000000 source latency
0.151378         network latency _203_/CLK
        0.152177 network latency _189_/CLK
---------------
0.151378 0.152177 latency
        0.000798 skew



===========================================================================
report_clock_min_period
============================================================================
clk period_min = 2.18 fmax = 457.74
