
===========================================================================
report_checks -unconstrained
===========================================================================
======================= max_ss_100C_1v60 Corner ===================================

Startpoint: rst_n (input port clocked by clk)
Endpoint: _207_ (recovery check against rising-edge clock clk)
Path Group: asynchronous
Path Type: max

Fanout         Cap        Slew       Delay        Time   Description
---------------------------------------------------------------------------------------------
                                  0.000000    0.000000   clock clk (rise edge)
                                  0.000000    0.000000   clock network delay (propagated)
                                  2.000000    2.000000 ^ input external delay
     1    0.003893    0.039589    0.021616    2.021616 ^ rst_n (in)
                                                         rst_n (net)
                      0.039589    0.000000    2.021616 ^ input33/A (sky130_fd_sc_hd__buf_4)
    10    0.052151    0.238492    0.318356    2.339972 ^ input33/X (sky130_fd_sc_hd__buf_4)
                                                         net33 (net)
                      0.238618    0.002748    2.342720 ^ max_cap79/A (sky130_fd_sc_hd__buf_12)
    32    0.138690    0.256314    0.389827    2.732548 ^ max_cap79/X (sky130_fd_sc_hd__buf_12)
                                                         net79 (net)
                      0.257645    0.014992    2.747539 ^ _207_/RESET_B (sky130_fd_sc_hd__dfrtp_2)
                                              2.747539   data arrival time

                                 10.000000   10.000000   clock clk (rise edge)
                                  0.000000   10.000000   clock source latency
     1    0.016165    0.123507    0.083386   10.083386 ^ clk (in)
                                                         clk (net)
                      0.123516    0.000000   10.083386 ^ clkbuf_0_clk/A (sky130_fd_sc_hd__clkbuf_16)
     4    0.040815    0.095395    0.274522   10.357907 ^ clkbuf_0_clk/X (sky130_fd_sc_hd__clkbuf_16)
                                                         clknet_0_clk (net)
                      0.095458    0.002231   10.360139 ^ clkbuf_2_3__f_clk/A (sky130_fd_sc_hd__clkbuf_16)
     9    0.033398    0.085140    0.251912   10.612051 ^ clkbuf_2_3__f_clk/X (sky130_fd_sc_hd__clkbuf_16)
                                                         clknet_2_3__leaf_clk (net)
                      0.085155    0.001143   10.613194 ^ _207_/CLK (sky130_fd_sc_hd__dfrtp_2)
                                 -0.250000   10.363194   clock uncertainty
                                  0.000000   10.363194   clock reconvergence pessimism
                                  0.369500   10.732694   library recovery time
                                             10.732694   data required time
---------------------------------------------------------------------------------------------
                                             10.732694   data required time
                                             -2.747539   data arrival time
---------------------------------------------------------------------------------------------
                                              7.985155   slack (MET)


Startpoint: axi_araddr[3] (input port clocked by clk)
Endpoint: axi_rdata[3] (output port clocked by clk)
Path Group: clk
Path Type: max

Fanout         Cap        Slew       Delay        Time   Description
---------------------------------------------------------------------------------------------
                                  0.000000    0.000000   clock clk (rise edge)
                                  0.000000    0.000000   clock network delay (propagated)
                                  2.000000    2.000000 ^ input external delay
     1    0.008259    0.069266    0.043917    2.043917 ^ axi_araddr[3] (in)
                                                         axi_araddr[3] (net)
                      0.069268    0.000000    2.043917 ^ input26/A (sky130_fd_sc_hd__clkdlybuf4s25_1)
     1    0.013651    0.235078    0.583191    2.627108 ^ input26/X (sky130_fd_sc_hd__clkdlybuf4s25_1)
                                                         net26 (net)
                      0.235078    0.001046    2.628155 ^ _081_/B (sky130_fd_sc_hd__xor2_2)
     1    0.009565    0.248816    0.351924    2.980078 ^ _081_/X (sky130_fd_sc_hd__xor2_2)
                                                         net62 (net)
                      0.248816    0.000801    2.980880 ^ output62/A (sky130_fd_sc_hd__clkdlybuf4s25_1)
     1    0.041312    0.664869    0.965120    3.946000 ^ output62/X (sky130_fd_sc_hd__clkdlybuf4s25_1)
                                                         axi_rdata[3] (net)
                      0.664880    0.003614    3.949614 ^ axi_rdata[3] (out)
                                              3.949614   data arrival time

                                 10.000000   10.000000   clock clk (rise edge)
                                  0.000000   10.000000   clock network delay (propagated)
                                 -0.250000    9.750000   clock uncertainty
                                  0.000000    9.750000   clock reconvergence pessimism
                                 -2.000000    7.750000   output external delay
                                              7.750000   data required time
---------------------------------------------------------------------------------------------
                                              7.750000   data required time
                                             -3.949614   data arrival time
---------------------------------------------------------------------------------------------
                                              3.800386   slack (MET)




===========================================================================
report_checks --slack_max -0.01
============================================================================
======================= max_ss_100C_1v60 Corner ===================================

No paths found.


===========================================================================
 report_check_types -max_slew -max_cap -max_fanout -violators
============================================================================
======================= max_ss_100C_1v60 Corner ===================================

max slew

Pin                                        Limit        Slew       Slack
------------------------------------------------------------------------
gpio_out[0]                             0.750000    0.763229   -0.013229 (VIOLATED)
output70/X                              0.750000    0.763215   -0.013215 (VIOLATED)



===========================================================================
report_parasitic_annotation -report_unannotated
============================================================================
Found 88 unannotated drivers.
 axi_awaddr[0]
 axi_awaddr[10]
 axi_awaddr[11]
 axi_awaddr[12]
 axi_awaddr[13]
 axi_awaddr[14]
 axi_awaddr[15]
 axi_awaddr[16]
 axi_awaddr[17]
 axi_awaddr[18]
 axi_awaddr[19]
 axi_awaddr[1]
 axi_awaddr[20]
 axi_awaddr[21]
 axi_awaddr[22]
 axi_awaddr[23]
 axi_awaddr[24]
 axi_awaddr[25]
 axi_awaddr[26]
 axi_awaddr[27]
 axi_awaddr[28]
 axi_awaddr[29]
 axi_awaddr[2]
 axi_awaddr[30]
 axi_awaddr[31]
 axi_awaddr[3]
 axi_awaddr[4]
 axi_awaddr[5]
 axi_awaddr[6]
 axi_awaddr[7]
 axi_awaddr[8]
 axi_awaddr[9]
 axi_bready
 axi_rready
 axi_wdata[0]
 axi_wdata[10]
 axi_wdata[11]
 axi_wdata[12]
 axi_wdata[13]
 axi_wdata[14]
 axi_wdata[15]
 axi_wdata[16]
 axi_wdata[17]
 axi_wdata[18]
 axi_wdata[19]
 axi_wdata[1]
 axi_wdata[20]
 axi_wdata[21]
 axi_wdata[22]
 axi_wdata[23]
 axi_wdata[24]
 axi_wdata[25]
 axi_wdata[26]
 axi_wdata[27]
 axi_wdata[28]
 axi_wdata[29]
 axi_wdata[2]
 axi_wdata[30]
 axi_wdata[31]
 axi_wdata[3]
 axi_wdata[4]
 axi_wdata[5]
 axi_wdata[6]
 axi_wdata[7]
 axi_wdata[8]
 axi_wdata[9]
 axi_wstrb[0]
 axi_wstrb[1]
 axi_wstrb[2]
 axi_wstrb[3]
 ext_interrupt
 gpio_in[0]
 gpio_in[1]
 gpio_in[2]
 gpio_in[3]
 gpio_in[4]
 gpio_in[5]
 gpio_in[6]
 gpio_in[7]
 clkload0/Y
 clkload1/X
 clkload2/Y
 riscv_soc_top/HI
 riscv_soc_top_80/HI
 riscv_soc_top_81/HI
 riscv_soc_top_82/HI
 riscv_soc_top_83/LO
 riscv_soc_top_84/LO
Found 0 partially unannotated drivers.

===========================================================================
max slew violation count 2
max fanout violation count 0
max cap violation count 0
============================================================================

===========================================================================
check_setup -verbose -unconstrained_endpoints -multiple_clock -no_clock -no_input_delay -loops -generated_clocks
===========================================================================
