Clock: clk
Sources: clk 
Generated: no
Virtual: yes
Propagated: no
Period: 10.000000

===========================================================================
report_clock_properties
============================================================================
Clock                   Period          Waveform
----------------------------------------------------
clk                  10.000000    0.000000  5.000000

===========================================================================
report_clock_latency
============================================================================
Clock clk
rise -> rise
    min     max
0.000000 0.000000 source latency
0.353864         network latency _211_/CLK
        0.361408 network latency _195_/CLK
---------------
0.353864 0.361408 latency
        0.007544 skew

fall -> fall
    min     max
0.000000 0.000000 source latency
0.336279         network latency _211_/CLK
        0.342105 network latency _195_/CLK
---------------
0.336279 0.342105 latency
        0.005825 skew



===========================================================================
report_clock_min_period
============================================================================
clk period_min = 2.27 fmax = 440.10
