Clock: clk
Sources: clk 
Generated: no
Virtual: yes
Propagated: no
Period: 20.000000

===========================================================================
report_clock_properties
============================================================================
Clock                   Period          Waveform
----------------------------------------------------
clk                  20.000000    0.000000 10.000000

===========================================================================
report_clock_latency
============================================================================
Clock clk
rise -> rise
    min     max
0.000000 0.000000 source latency
1.415775         network latency _28299_/CLK
        1.686017 network latency _28336_/CLK
---------------
1.415775 1.686017 latency
        0.270241 skew

fall -> fall
    min     max
0.000000 0.000000 source latency
1.133749         network latency _28299_/CLK
        1.342560 network latency _28336_/CLK
---------------
1.133749 1.342560 latency
        0.208811 skew



===========================================================================
report_clock_min_period
============================================================================
clk period_min = 11.12 fmax = 89.93
