Clock: clk
Sources: clk 
Generated: no
Virtual: yes
Propagated: no
Period: 10.000000

===========================================================================
report_clock_properties
============================================================================
Clock                   Period          Waveform
----------------------------------------------------
clk                  10.000000    0.000000  5.000000

===========================================================================
report_clock_latency
============================================================================
Clock clk
rise -> rise
    min     max
0.000000 0.000000 source latency
0.602389         network latency _211_/CLK
        0.613179 network latency _195_/CLK
---------------
0.602389 0.613179 latency
        0.010790 skew

fall -> fall
    min     max
0.000000 0.000000 source latency
0.591528         network latency _211_/CLK
        0.600434 network latency _195_/CLK
---------------
0.591528 0.600434 latency
        0.008906 skew



===========================================================================
report_clock_min_period
============================================================================
clk period_min = 4.32 fmax = 231.52
