Clock: clk
Sources: clk 
Generated: no
Virtual: yes
Propagated: no
Period: 50.000000

===========================================================================
report_clock_properties
============================================================================
Clock                   Period          Waveform
----------------------------------------------------
clk                  50.000000    0.000000 25.000000

===========================================================================
report_clock_latency
============================================================================
Clock clk
rise -> rise
    min     max
0.000000 0.000000 source latency
0.445283         network latency _1040_/CLK
        0.454422 network latency _1171_/CLK
---------------
0.445283 0.454422 latency
        0.009139 skew

fall -> fall
    min     max
0.000000 0.000000 source latency
0.461942         network latency _1040_/CLK
        0.469399 network latency _1171_/CLK
---------------
0.461942 0.469399 latency
        0.007457 skew



===========================================================================
report_clock_min_period
============================================================================
clk period_min = 8.53 fmax = 117.30
