Clock: clk
Sources: clk 
Generated: no
Virtual: yes
Propagated: no
Period: 20.000000

===========================================================================
report_clock_properties
============================================================================
Clock                   Period          Waveform
----------------------------------------------------
clk                  20.000000    0.000000 10.000000

===========================================================================
report_clock_latency
============================================================================
Clock clk
rise -> rise
    min     max
0.000000 0.000000 source latency
1.466954         network latency _17704_/CLK
        2.191438 network latency _17071_/CLK
---------------
1.466954 2.191438 latency
        0.724484 skew

fall -> fall
    min     max
0.000000 0.000000 source latency
1.294680         network latency _17704_/CLK
        1.921310 network latency _17549_/CLK
---------------
1.294680 1.921310 latency
        0.626630 skew



===========================================================================
report_clock_min_period
============================================================================
clk period_min = 18.07 fmax = 55.35
