Reading timing models for corner nom_tt_025C_1v80…
Reading timing library for the 'nom_tt_025C_1v80' corner at '/home/cl4/.ciel/ciel/sky130/versions/8afc8346a57fe1ab7934ba5a6056ea8b43078e71/sky130A/libs.ref/sky130_fd_sc_hd/lib/sky130_fd_sc_hd__tt_025C_1v80.lib'…
Reading technology LEF file at '/home/cl4/.ciel/ciel/sky130/versions/8afc8346a57fe1ab7934ba5a6056ea8b43078e71/sky130A/libs.ref/sky130_fd_sc_hd/techlef/sky130_fd_sc_hd__nom.tlef'…
[INFO ODB-0227] LEF file: /home/cl4/.ciel/ciel/sky130/versions/8afc8346a57fe1ab7934ba5a6056ea8b43078e71/sky130A/libs.ref/sky130_fd_sc_hd/techlef/sky130_fd_sc_hd__nom.tlef, created 14 layers, 25 vias
Reading cell LEF file at '/home/cl4/.ciel/ciel/sky130/versions/8afc8346a57fe1ab7934ba5a6056ea8b43078e71/sky130A/libs.ref/sky130_fd_sc_hd/lef/sky130_fd_sc_hd.lef'…
[WARNING ODB-0220] WARNING (LEFPARS-2008): NOWIREEXTENSIONATPIN statement is obsolete in version 5.6 or later.
The NOWIREEXTENSIONATPIN statement will be ignored. See file /home/cl4/.ciel/ciel/sky130/versions/8afc8346a57fe1ab7934ba5a6056ea8b43078e71/sky130A/libs.ref/sky130_fd_sc_hd/lef/sky130_fd_sc_hd.lef at line 2.

[INFO ODB-0227] LEF file: /home/cl4/.ciel/ciel/sky130/versions/8afc8346a57fe1ab7934ba5a6056ea8b43078e71/sky130A/libs.ref/sky130_fd_sc_hd/lef/sky130_fd_sc_hd.lef, created 437 library cells
Reading cell LEF file at '/home/cl4/.ciel/ciel/sky130/versions/8afc8346a57fe1ab7934ba5a6056ea8b43078e71/sky130A/libs.ref/sky130_fd_sc_hd/lef/sky130_ef_sc_hd.lef'…
[WARNING ODB-0220] WARNING (LEFPARS-2008): NOWIREEXTENSIONATPIN statement is obsolete in version 5.6 or later.
The NOWIREEXTENSIONATPIN statement will be ignored. See file /home/cl4/.ciel/ciel/sky130/versions/8afc8346a57fe1ab7934ba5a6056ea8b43078e71/sky130A/libs.ref/sky130_fd_sc_hd/lef/sky130_ef_sc_hd.lef at line 2.

[INFO ODB-0227] LEF file: /home/cl4/.ciel/ciel/sky130/versions/8afc8346a57fe1ab7934ba5a6056ea8b43078e71/sky130A/libs.ref/sky130_fd_sc_hd/lef/sky130_ef_sc_hd.lef, created 8 library cells
Reading top-level netlist at '/home/cl4/Desktop/training/asic/runs/RUN_2026-09-13_16-01-18/06-yosys-synthesis/dual_core_soc.nl.v'…
Linking design 'dual_core_soc' from netlist…
Reading design constraints file at '/home/cl4/Desktop/training/asic/src/impl.sdc'…
[INFO] No information on clock propagation in input SDC file-- propagating all clocks.
Using site height: 2.72 and site width: 0.46…
[INFO] Using absolute sizing for the floorplan.
[INFO] Using the set CORE_AREA; ignoring core margin parameters
+ initialize_floorplan -site unithd -die_area 0.0 0.0 1000.0 1000.0 -core_area 30.0 30.0 970.0 970.0
[WARNING IFP-0028] Core area lower left (30.000, 30.000) snapped to (30.360, 32.640).
[INFO IFP-0001] Added 344 rows of 2042 site unithd.
[INFO IFP-0100] Die BBox:  (  0.000  0.000 ) ( 1000.000 1000.000 ) um
[INFO IFP-0101] Core BBox: ( 30.360 32.640 ) ( 969.680 968.320 ) um
[INFO IFP-0102] Core area:                       878902.938 um^2
[INFO IFP-0103] Total instances area:            138156.253 um^2
[INFO IFP-0104] Effective utilization:                0.157
[INFO IFP-0105] Number of instances:                  10429
[INFO IFP-0030] Inserted 0 tiecells using sky130_fd_sc_hd__conb_1/LO.
[INFO IFP-0030] Inserted 0 tiecells using sky130_fd_sc_hd__conb_1/HI.
[INFO] Extracting DIE_AREA and CORE_AREA from the floorplan
[INFO] Floorplanned on a die area of 0.0 0.0 1000.0 1000.0 (µm).
[INFO] Floorplanned on a core area of 30.36 32.64 969.68 968.32 (µm).
Writing metric design__die__bbox: 0.0 0.0 1000.0 1000.0
Writing metric design__core__bbox: 30.36 32.64 969.68 968.32
Setting global connections for newly added cells…
[INFO] Setting global connections...
[INFO ODB-0403] 0 connections made, 0 conflicts skipped.
Updating metrics…
Cell type report:                       Count       Area
  Buffer                                   32     120.12
  Inverter                                134     502.98
  Sequential cell                        2839   60386.67
  Multi-Input combinational cell         7424   77146.49
  Total                                 10429  138156.25
Writing OpenROAD database to '/home/cl4/Desktop/training/asic/runs/RUN_2026-09-13_16-01-18/13-openroad-floorplan/dual_core_soc.odb'…
Writing netlist to '/home/cl4/Desktop/training/asic/runs/RUN_2026-09-13_16-01-18/13-openroad-floorplan/dual_core_soc.nl.v'…
Writing powered netlist to '/home/cl4/Desktop/training/asic/runs/RUN_2026-09-13_16-01-18/13-openroad-floorplan/dual_core_soc.pnl.v'…
Writing layout to '/home/cl4/Desktop/training/asic/runs/RUN_2026-09-13_16-01-18/13-openroad-floorplan/dual_core_soc.def'…
Writing timing constraints to '/home/cl4/Desktop/training/asic/runs/RUN_2026-09-13_16-01-18/13-openroad-floorplan/dual_core_soc.sdc'…
