[WARNING ORD-0039] .openroad ignored with -python
[WARNING] Overriding minimum distance 0.4 with 0.42 for pins on side N to avoid overlap.
Top-level design name: dual_core_soc
Block boundaries: 0 0 1000000 1000000
Horizontal Tracks Origin: 340, Count: 1470, Step: 680
Vertical Tracks Origin: 230, Count: 2174, Step: 460
Placement details for the N side
Virtual pin count:  0
Actual pin count:  2
Total pin count:  2
Tracks count:  2174
Tracks per pin:  1087
Used tracks count:  1088
Unused track count:  1086
Starting track index:  543
Placement details for the E side
Virtual pin count:  0
Actual pin count:  1
Total pin count:  1
Tracks count:  735
Tracks per pin:  735
Used tracks count:  1
Unused track count:  734
Starting track index:  367
Placement details for the W side
Virtual pin count:  0
Actual pin count:  1
Total pin count:  1
Tracks count:  735
Tracks per pin:  735
Used tracks count:  1
Unused track count:  734
Starting track index:  367
