
===========================================================================
report_checks -unconstrained
===========================================================================
======================= nom_ss_100C_1v60 Corner ===================================

Startpoint: _1056_ (rising edge-triggered flip-flop clocked by clk)
Endpoint: _1001_ (recovery check against rising-edge clock clk)
Path Group: asynchronous
Path Type: max

Fanout         Cap        Slew       Delay        Time   Description
---------------------------------------------------------------------------------------------
                      0.150000    0.000000    0.000000   clock clk (rise edge)
                                  0.000000    0.000000   clock network delay (ideal)
                      0.150000    0.000000    0.000000 ^ _1056_/CLK (sky130_fd_sc_hd__dfrtp_2)
   194    0.633086    4.600238    3.975442    3.975442 ^ _1056_/Q (sky130_fd_sc_hd__dfrtp_2)
                                                         per_core[0].u_core.rst_n (net)
                      4.600238    0.000000    3.975442 ^ _1001_/RESET_B (sky130_fd_sc_hd__dfrtp_2)
                                              3.975442   data arrival time

                      0.150000   50.000000   50.000000   clock clk (rise edge)
                                  0.000000   50.000000   clock network delay (ideal)
                                 -2.500000   47.500000   clock uncertainty
                                  0.000000   47.500000   clock reconvergence pessimism
                                             47.500000 ^ _1001_/CLK (sky130_fd_sc_hd__dfrtp_2)
                                 -1.516732   45.983269   library recovery time
                                             45.983269   data required time
---------------------------------------------------------------------------------------------
                                             45.983269   data required time
                                             -3.975442   data arrival time
---------------------------------------------------------------------------------------------
                                             42.007828   slack (MET)


Startpoint: _1153_ (rising edge-triggered flip-flop clocked by clk)
Endpoint: led[0] (output port clocked by clk)
Path Group: clk
Path Type: max

Fanout         Cap        Slew       Delay        Time   Description
---------------------------------------------------------------------------------------------
                      0.150000    0.000000    0.000000   clock clk (rise edge)
                                  0.000000    0.000000   clock network delay (ideal)
                      0.150000    0.000000    0.000000 ^ _1153_/CLK (sky130_fd_sc_hd__dfrtp_2)
     5    0.015869    0.139056    0.918265    0.918265 v _1153_/Q (sky130_fd_sc_hd__dfrtp_2)
                                                         u_gpio.led0_cnt_q[0] (net)
                      0.139056    0.000000    0.918265 v _0632_/A (sky130_fd_sc_hd__or4_2)
     5    0.012167    0.292665    1.705381    2.623645 v _0632_/X (sky130_fd_sc_hd__or4_2)
                                                         _0230_ (net)
                      0.292665    0.000000    2.623645 v _0634_/D (sky130_fd_sc_hd__or4_2)
     5    0.012167    0.292320    1.498845    4.122490 v _0634_/X (sky130_fd_sc_hd__or4_2)
                                                         _0232_ (net)
                      0.292320    0.000000    4.122490 v _0636_/D (sky130_fd_sc_hd__or4_2)
     5    0.012167    0.292320    1.498719    5.621209 v _0636_/X (sky130_fd_sc_hd__or4_2)
                                                         _0234_ (net)
                      0.292320    0.000000    5.621209 v _0638_/D (sky130_fd_sc_hd__or4_2)
     5    0.012167    0.292320    1.498719    7.119927 v _0638_/X (sky130_fd_sc_hd__or4_2)
                                                         _0236_ (net)
                      0.292320    0.000000    7.119927 v _0640_/D (sky130_fd_sc_hd__or4_2)
     7    0.019834    0.342016    1.585344    8.705272 v _0640_/X (sky130_fd_sc_hd__or4_2)
                                                         _0238_ (net)
                      0.342016    0.000000    8.705272 v _0643_/C (sky130_fd_sc_hd__or4_2)
     3    0.010644    0.282869    1.649040   10.354312 v _0643_/X (sky130_fd_sc_hd__or4_2)
                                                         _0241_ (net)
                      0.282869    0.000000   10.354312 v _0644_/B (sky130_fd_sc_hd__nor2_2)
    21    0.105231    1.794882    1.466462   11.820773 ^ _0644_/Y (sky130_fd_sc_hd__nor2_2)
                                                         _0242_ (net)
                      1.794882    0.000000   11.820773 ^ _0645_/A (sky130_fd_sc_hd__inv_2)
     1    0.001625    0.198956    0.250882   12.071655 v _0645_/Y (sky130_fd_sc_hd__inv_2)
                                                         u_gpio.led0_active (net)
                      0.198956    0.000000   12.071655 v _1201_/A (sky130_fd_sc_hd__buf_2)
     1    0.050000    0.229179    0.457381   12.529036 v _1201_/X (sky130_fd_sc_hd__buf_2)
                                                         led[0] (net)
                      0.229179    0.000000   12.529036 v led[0] (out)
                                             12.529036   data arrival time

                      0.150000   50.000000   50.000000   clock clk (rise edge)
                                  0.000000   50.000000   clock network delay (ideal)
                                 -2.500000   47.500000   clock uncertainty
                                  0.000000   47.500000   clock reconvergence pessimism
                                -10.000000   37.500000   output external delay
                                             37.500000   data required time
---------------------------------------------------------------------------------------------
                                             37.500000   data required time
                                            -12.529036   data arrival time
---------------------------------------------------------------------------------------------
                                             24.970963   slack (MET)




===========================================================================
report_checks --slack_max -0.01
============================================================================
======================= nom_ss_100C_1v60 Corner ===================================

No paths found.


===========================================================================
 report_check_types -max_slew -max_cap -max_fanout -violators
============================================================================
======================= nom_ss_100C_1v60 Corner ===================================

max slew

Pin                                        Limit        Slew       Slack
------------------------------------------------------------------------
_1056_/Q                                1.499801    4.600238   -3.100437 (VIOLATED)
_1001_/RESET_B                          1.500000    4.600238   -3.100238 (VIOLATED)
_1002_/RESET_B                          1.500000    4.600238   -3.100238 (VIOLATED)
_1003_/RESET_B                          1.500000    4.600238   -3.100238 (VIOLATED)
_1004_/RESET_B                          1.500000    4.600238   -3.100238 (VIOLATED)
_1005_/RESET_B                          1.500000    4.600238   -3.100238 (VIOLATED)
_1006_/RESET_B                          1.500000    4.600238   -3.100238 (VIOLATED)
_1007_/RESET_B                          1.500000    4.600238   -3.100238 (VIOLATED)
_1008_/RESET_B                          1.500000    4.600238   -3.100238 (VIOLATED)
_1009_/RESET_B                          1.500000    4.600238   -3.100238 (VIOLATED)
_1010_/RESET_B                          1.500000    4.600238   -3.100238 (VIOLATED)
_1011_/RESET_B                          1.500000    4.600238   -3.100238 (VIOLATED)
_1012_/RESET_B                          1.500000    4.600238   -3.100238 (VIOLATED)
_1013_/RESET_B                          1.500000    4.600238   -3.100238 (VIOLATED)
_1014_/RESET_B                          1.500000    4.600238   -3.100238 (VIOLATED)
_1015_/RESET_B                          1.500000    4.600238   -3.100238 (VIOLATED)
_1016_/RESET_B                          1.500000    4.600238   -3.100238 (VIOLATED)
_1017_/RESET_B                          1.500000    4.600238   -3.100238 (VIOLATED)
_1018_/RESET_B                          1.500000    4.600238   -3.100238 (VIOLATED)
_1019_/RESET_B                          1.500000    4.600238   -3.100238 (VIOLATED)
_1020_/RESET_B                          1.500000    4.600238   -3.100238 (VIOLATED)
_1021_/RESET_B                          1.500000    4.600238   -3.100238 (VIOLATED)
_1022_/RESET_B                          1.500000    4.600238   -3.100238 (VIOLATED)
_1023_/RESET_B                          1.500000    4.600238   -3.100238 (VIOLATED)
_1024_/RESET_B                          1.500000    4.600238   -3.100238 (VIOLATED)
_1025_/RESET_B                          1.500000    4.600238   -3.100238 (VIOLATED)
_1026_/RESET_B                          1.500000    4.600238   -3.100238 (VIOLATED)
_1027_/RESET_B                          1.500000    4.600238   -3.100238 (VIOLATED)
_1028_/RESET_B                          1.500000    4.600238   -3.100238 (VIOLATED)
_1029_/RESET_B                          1.500000    4.600238   -3.100238 (VIOLATED)
_1030_/RESET_B                          1.500000    4.600238   -3.100238 (VIOLATED)
_1031_/RESET_B                          1.500000    4.600238   -3.100238 (VIOLATED)
_1032_/RESET_B                          1.500000    4.600238   -3.100238 (VIOLATED)
_1033_/RESET_B                          1.500000    4.600238   -3.100238 (VIOLATED)
_1034_/RESET_B                          1.500000    4.600238   -3.100238 (VIOLATED)
_1035_/RESET_B                          1.500000    4.600238   -3.100238 (VIOLATED)
_1036_/RESET_B                          1.500000    4.600238   -3.100238 (VIOLATED)
_1037_/RESET_B                          1.500000    4.600238   -3.100238 (VIOLATED)
_1038_/RESET_B                          1.500000    4.600238   -3.100238 (VIOLATED)
_1039_/RESET_B                          1.500000    4.600238   -3.100238 (VIOLATED)
_1040_/RESET_B                          1.500000    4.600238   -3.100238 (VIOLATED)
_1041_/RESET_B                          1.500000    4.600238   -3.100238 (VIOLATED)
_1042_/RESET_B                          1.500000    4.600238   -3.100238 (VIOLATED)
_1043_/RESET_B                          1.500000    4.600238   -3.100238 (VIOLATED)
_1044_/RESET_B                          1.500000    4.600238   -3.100238 (VIOLATED)
_1045_/SET_B                            1.500000    4.600238   -3.100238 (VIOLATED)
_1046_/RESET_B                          1.500000    4.600238   -3.100238 (VIOLATED)
_1047_/RESET_B                          1.500000    4.600238   -3.100238 (VIOLATED)
_1048_/RESET_B                          1.500000    4.600238   -3.100238 (VIOLATED)
_1049_/SET_B                            1.500000    4.600238   -3.100238 (VIOLATED)
_1050_/RESET_B                          1.500000    4.600238   -3.100238 (VIOLATED)
_1051_/RESET_B                          1.500000    4.600238   -3.100238 (VIOLATED)
_1052_/SET_B                            1.500000    4.600238   -3.100238 (VIOLATED)
_1053_/RESET_B                          1.500000    4.600238   -3.100238 (VIOLATED)
_1054_/RESET_B                          1.500000    4.600238   -3.100238 (VIOLATED)
_1057_/RESET_B                          1.500000    4.600238   -3.100238 (VIOLATED)
_1058_/RESET_B                          1.500000    4.600238   -3.100238 (VIOLATED)
_1059_/RESET_B                          1.500000    4.600238   -3.100238 (VIOLATED)
_1060_/RESET_B                          1.500000    4.600238   -3.100238 (VIOLATED)
_1061_/RESET_B                          1.500000    4.600238   -3.100238 (VIOLATED)
_1062_/RESET_B                          1.500000    4.600238   -3.100238 (VIOLATED)
_1063_/RESET_B                          1.500000    4.600238   -3.100238 (VIOLATED)
_1064_/RESET_B                          1.500000    4.600238   -3.100238 (VIOLATED)
_1065_/RESET_B                          1.500000    4.600238   -3.100238 (VIOLATED)
_1066_/RESET_B                          1.500000    4.600238   -3.100238 (VIOLATED)
_1067_/RESET_B                          1.500000    4.600238   -3.100238 (VIOLATED)
_1068_/RESET_B                          1.500000    4.600238   -3.100238 (VIOLATED)
_1069_/RESET_B                          1.500000    4.600238   -3.100238 (VIOLATED)
_1070_/RESET_B                          1.500000    4.600238   -3.100238 (VIOLATED)
_1071_/RESET_B                          1.500000    4.600238   -3.100238 (VIOLATED)
_1072_/RESET_B                          1.500000    4.600238   -3.100238 (VIOLATED)
_1073_/RESET_B                          1.500000    4.600238   -3.100238 (VIOLATED)
_1074_/RESET_B                          1.500000    4.600238   -3.100238 (VIOLATED)
_1075_/RESET_B                          1.500000    4.600238   -3.100238 (VIOLATED)
_1076_/RESET_B                          1.500000    4.600238   -3.100238 (VIOLATED)
_1077_/RESET_B                          1.500000    4.600238   -3.100238 (VIOLATED)
_1078_/SET_B                            1.500000    4.600238   -3.100238 (VIOLATED)
_1079_/RESET_B                          1.500000    4.600238   -3.100238 (VIOLATED)
_1080_/RESET_B                          1.500000    4.600238   -3.100238 (VIOLATED)
_1081_/SET_B                            1.500000    4.600238   -3.100238 (VIOLATED)
_1082_/SET_B                            1.500000    4.600238   -3.100238 (VIOLATED)
_1083_/RESET_B                          1.500000    4.600238   -3.100238 (VIOLATED)
_1084_/SET_B                            1.500000    4.600238   -3.100238 (VIOLATED)
_1085_/SET_B                            1.500000    4.600238   -3.100238 (VIOLATED)
_1086_/RESET_B                          1.500000    4.600238   -3.100238 (VIOLATED)
_1087_/RESET_B                          1.500000    4.600238   -3.100238 (VIOLATED)
_1088_/RESET_B                          1.500000    4.600238   -3.100238 (VIOLATED)
_1089_/RESET_B                          1.500000    4.600238   -3.100238 (VIOLATED)
_1090_/RESET_B                          1.500000    4.600238   -3.100238 (VIOLATED)
_1091_/RESET_B                          1.500000    4.600238   -3.100238 (VIOLATED)
_1092_/RESET_B                          1.500000    4.600238   -3.100238 (VIOLATED)
_1093_/RESET_B                          1.500000    4.600238   -3.100238 (VIOLATED)
_1094_/RESET_B                          1.500000    4.600238   -3.100238 (VIOLATED)
_1095_/RESET_B                          1.500000    4.600238   -3.100238 (VIOLATED)
_1096_/RESET_B                          1.500000    4.600238   -3.100238 (VIOLATED)
_1097_/RESET_B                          1.500000    4.600238   -3.100238 (VIOLATED)
_1098_/RESET_B                          1.500000    4.600238   -3.100238 (VIOLATED)
_1099_/RESET_B                          1.500000    4.600238   -3.100238 (VIOLATED)
_1100_/RESET_B                          1.500000    4.600238   -3.100238 (VIOLATED)
_1101_/RESET_B                          1.500000    4.600238   -3.100238 (VIOLATED)
_1102_/RESET_B                          1.500000    4.600238   -3.100238 (VIOLATED)
_1103_/RESET_B                          1.500000    4.600238   -3.100238 (VIOLATED)
_1104_/RESET_B                          1.500000    4.600238   -3.100238 (VIOLATED)
_1105_/RESET_B                          1.500000    4.600238   -3.100238 (VIOLATED)
_1106_/RESET_B                          1.500000    4.600238   -3.100238 (VIOLATED)
_1107_/RESET_B                          1.500000    4.600238   -3.100238 (VIOLATED)
_1108_/RESET_B                          1.500000    4.600238   -3.100238 (VIOLATED)
_1109_/RESET_B                          1.500000    4.600238   -3.100238 (VIOLATED)
_1110_/RESET_B                          1.500000    4.600238   -3.100238 (VIOLATED)
_1111_/RESET_B                          1.500000    4.600238   -3.100238 (VIOLATED)
_1112_/RESET_B                          1.500000    4.600238   -3.100238 (VIOLATED)
_1113_/RESET_B                          1.500000    4.600238   -3.100238 (VIOLATED)
_1114_/RESET_B                          1.500000    4.600238   -3.100238 (VIOLATED)
_1115_/RESET_B                          1.500000    4.600238   -3.100238 (VIOLATED)
_1116_/RESET_B                          1.500000    4.600238   -3.100238 (VIOLATED)
_1117_/RESET_B                          1.500000    4.600238   -3.100238 (VIOLATED)
_1118_/RESET_B                          1.500000    4.600238   -3.100238 (VIOLATED)
_1119_/RESET_B                          1.500000    4.600238   -3.100238 (VIOLATED)
_1120_/RESET_B                          1.500000    4.600238   -3.100238 (VIOLATED)
_1121_/RESET_B                          1.500000    4.600238   -3.100238 (VIOLATED)
_1122_/RESET_B                          1.500000    4.600238   -3.100238 (VIOLATED)
_1123_/RESET_B                          1.500000    4.600238   -3.100238 (VIOLATED)
_1124_/RESET_B                          1.500000    4.600238   -3.100238 (VIOLATED)
_1125_/RESET_B                          1.500000    4.600238   -3.100238 (VIOLATED)
_1126_/RESET_B                          1.500000    4.600238   -3.100238 (VIOLATED)
_1127_/RESET_B                          1.500000    4.600238   -3.100238 (VIOLATED)
_1128_/RESET_B                          1.500000    4.600238   -3.100238 (VIOLATED)
_1129_/RESET_B                          1.500000    4.600238   -3.100238 (VIOLATED)
_1130_/RESET_B                          1.500000    4.600238   -3.100238 (VIOLATED)
_1131_/RESET_B                          1.500000    4.600238   -3.100238 (VIOLATED)
_1132_/RESET_B                          1.500000    4.600238   -3.100238 (VIOLATED)
_1133_/RESET_B                          1.500000    4.600238   -3.100238 (VIOLATED)
_1134_/RESET_B                          1.500000    4.600238   -3.100238 (VIOLATED)
_1135_/RESET_B                          1.500000    4.600238   -3.100238 (VIOLATED)
_1136_/RESET_B                          1.500000    4.600238   -3.100238 (VIOLATED)
_1137_/RESET_B                          1.500000    4.600238   -3.100238 (VIOLATED)
_1138_/RESET_B                          1.500000    4.600238   -3.100238 (VIOLATED)
_1139_/RESET_B                          1.500000    4.600238   -3.100238 (VIOLATED)
_1140_/RESET_B                          1.500000    4.600238   -3.100238 (VIOLATED)
_1141_/RESET_B                          1.500000    4.600238   -3.100238 (VIOLATED)
_1142_/RESET_B                          1.500000    4.600238   -3.100238 (VIOLATED)
_1143_/RESET_B                          1.500000    4.600238   -3.100238 (VIOLATED)
_1144_/RESET_B                          1.500000    4.600238   -3.100238 (VIOLATED)
_1145_/RESET_B                          1.500000    4.600238   -3.100238 (VIOLATED)
_1146_/RESET_B                          1.500000    4.600238   -3.100238 (VIOLATED)
_1147_/RESET_B                          1.500000    4.600238   -3.100238 (VIOLATED)
_1148_/RESET_B                          1.500000    4.600238   -3.100238 (VIOLATED)
_1149_/RESET_B                          1.500000    4.600238   -3.100238 (VIOLATED)
_1150_/RESET_B                          1.500000    4.600238   -3.100238 (VIOLATED)
_1151_/RESET_B                          1.500000    4.600238   -3.100238 (VIOLATED)
_1152_/RESET_B                          1.500000    4.600238   -3.100238 (VIOLATED)
_1153_/RESET_B                          1.500000    4.600238   -3.100238 (VIOLATED)
_1154_/RESET_B                          1.500000    4.600238   -3.100238 (VIOLATED)
_1155_/RESET_B                          1.500000    4.600238   -3.100238 (VIOLATED)
_1156_/RESET_B                          1.500000    4.600238   -3.100238 (VIOLATED)
_1157_/RESET_B                          1.500000    4.600238   -3.100238 (VIOLATED)
_1158_/RESET_B                          1.500000    4.600238   -3.100238 (VIOLATED)
_1159_/RESET_B                          1.500000    4.600238   -3.100238 (VIOLATED)
_1160_/RESET_B                          1.500000    4.600238   -3.100238 (VIOLATED)
_1161_/RESET_B                          1.500000    4.600238   -3.100238 (VIOLATED)
_1162_/RESET_B                          1.500000    4.600238   -3.100238 (VIOLATED)
_1163_/RESET_B                          1.500000    4.600238   -3.100238 (VIOLATED)
_1164_/RESET_B                          1.500000    4.600238   -3.100238 (VIOLATED)
_1165_/RESET_B                          1.500000    4.600238   -3.100238 (VIOLATED)
_1166_/RESET_B                          1.500000    4.600238   -3.100238 (VIOLATED)
_1167_/RESET_B                          1.500000    4.600238   -3.100238 (VIOLATED)
_1168_/RESET_B                          1.500000    4.600238   -3.100238 (VIOLATED)
_1169_/RESET_B                          1.500000    4.600238   -3.100238 (VIOLATED)
_1170_/RESET_B                          1.500000    4.600238   -3.100238 (VIOLATED)
_1171_/RESET_B                          1.500000    4.600238   -3.100238 (VIOLATED)
_1172_/RESET_B                          1.500000    4.600238   -3.100238 (VIOLATED)
_1173_/RESET_B                          1.500000    4.600238   -3.100238 (VIOLATED)
_1174_/RESET_B                          1.500000    4.600238   -3.100238 (VIOLATED)
_1175_/RESET_B                          1.500000    4.600238   -3.100238 (VIOLATED)
_1176_/RESET_B                          1.500000    4.600238   -3.100238 (VIOLATED)
_1177_/RESET_B                          1.500000    4.600238   -3.100238 (VIOLATED)
_1178_/RESET_B                          1.500000    4.600238   -3.100238 (VIOLATED)
_1179_/RESET_B                          1.500000    4.600238   -3.100238 (VIOLATED)
_1180_/RESET_B                          1.500000    4.600238   -3.100238 (VIOLATED)
_1181_/RESET_B                          1.500000    4.600238   -3.100238 (VIOLATED)
_1182_/RESET_B                          1.500000    4.600238   -3.100238 (VIOLATED)
_1183_/RESET_B                          1.500000    4.600238   -3.100238 (VIOLATED)
_1184_/RESET_B                          1.500000    4.600238   -3.100238 (VIOLATED)
_1185_/RESET_B                          1.500000    4.600238   -3.100238 (VIOLATED)
_1186_/RESET_B                          1.500000    4.600238   -3.100238 (VIOLATED)
_1187_/RESET_B                          1.500000    4.600238   -3.100238 (VIOLATED)
_1188_/RESET_B                          1.500000    4.600238   -3.100238 (VIOLATED)
_1189_/RESET_B                          1.500000    4.600238   -3.100238 (VIOLATED)
_1190_/RESET_B                          1.500000    4.600238   -3.100238 (VIOLATED)
_1191_/RESET_B                          1.500000    4.600238   -3.100238 (VIOLATED)
_1192_/RESET_B                          1.500000    4.600238   -3.100238 (VIOLATED)
_1193_/RESET_B                          1.500000    4.600238   -3.100238 (VIOLATED)
_1194_/RESET_B                          1.500000    4.600238   -3.100238 (VIOLATED)
_1195_/RESET_B                          1.500000    4.600238   -3.100238 (VIOLATED)
_1196_/RESET_B                          1.500000    4.600238   -3.100238 (VIOLATED)
_0613_/Y                                1.496266    1.794882   -0.298616 (VIOLATED)
_0629_/Y                                1.496266    1.794882   -0.298616 (VIOLATED)
_0644_/Y                                1.496266    1.794882   -0.298616 (VIOLATED)
_0614_/A                                1.500000    1.794882   -0.294882 (VIOLATED)
_0630_/A                                1.500000    1.794882   -0.294882 (VIOLATED)
_0645_/A                                1.500000    1.794882   -0.294882 (VIOLATED)
_0696_/A2                               1.500000    1.794882   -0.294882 (VIOLATED)
_0699_/A1                               1.500000    1.794882   -0.294882 (VIOLATED)
_0701_/A1                               1.500000    1.794882   -0.294882 (VIOLATED)
_0704_/A1                               1.500000    1.794882   -0.294882 (VIOLATED)
_0707_/A1                               1.500000    1.794882   -0.294882 (VIOLATED)
_0709_/A1                               1.500000    1.794882   -0.294882 (VIOLATED)
_0712_/A1                               1.500000    1.794882   -0.294882 (VIOLATED)
_0715_/A1                               1.500000    1.794882   -0.294882 (VIOLATED)
_0717_/A1                               1.500000    1.794882   -0.294882 (VIOLATED)
_0720_/A1                               1.500000    1.794882   -0.294882 (VIOLATED)
_0723_/A1                               1.500000    1.794882   -0.294882 (VIOLATED)
_0725_/A1                               1.500000    1.794882   -0.294882 (VIOLATED)
_0728_/A1                               1.500000    1.794882   -0.294882 (VIOLATED)
_0731_/A1                               1.500000    1.794882   -0.294882 (VIOLATED)
_0733_/A1                               1.500000    1.794882   -0.294882 (VIOLATED)
_0736_/A1                               1.500000    1.794882   -0.294882 (VIOLATED)
_0740_/A1                               1.500000    1.794882   -0.294882 (VIOLATED)
_0742_/A1                               1.500000    1.794882   -0.294882 (VIOLATED)
_0745_/A1                               1.500000    1.794882   -0.294882 (VIOLATED)
_0747_/A1                               1.500000    1.794882   -0.294882 (VIOLATED)
_0753_/A2                               1.500000    1.794882   -0.294882 (VIOLATED)
_0756_/A1                               1.500000    1.794882   -0.294882 (VIOLATED)
_0758_/A1                               1.500000    1.794882   -0.294882 (VIOLATED)
_0761_/A1                               1.500000    1.794882   -0.294882 (VIOLATED)
_0764_/A1                               1.500000    1.794882   -0.294882 (VIOLATED)
_0766_/A1                               1.500000    1.794882   -0.294882 (VIOLATED)
_0769_/A1                               1.500000    1.794882   -0.294882 (VIOLATED)
_0772_/A1                               1.500000    1.794882   -0.294882 (VIOLATED)
_0774_/A1                               1.500000    1.794882   -0.294882 (VIOLATED)
_0777_/A1                               1.500000    1.794882   -0.294882 (VIOLATED)
_0780_/A1                               1.500000    1.794882   -0.294882 (VIOLATED)
_0782_/A1                               1.500000    1.794882   -0.294882 (VIOLATED)
_0785_/A1                               1.500000    1.794882   -0.294882 (VIOLATED)
_0788_/A1                               1.500000    1.794882   -0.294882 (VIOLATED)
_0790_/A1                               1.500000    1.794882   -0.294882 (VIOLATED)
_0793_/A1                               1.500000    1.794882   -0.294882 (VIOLATED)
_0797_/A1                               1.500000    1.794882   -0.294882 (VIOLATED)
_0800_/A1                               1.500000    1.794882   -0.294882 (VIOLATED)
_0802_/A1                               1.500000    1.794882   -0.294882 (VIOLATED)
_0804_/A1                               1.500000    1.794882   -0.294882 (VIOLATED)
_0809_/A2                               1.500000    1.794882   -0.294882 (VIOLATED)
_0812_/A1                               1.500000    1.794882   -0.294882 (VIOLATED)
_0814_/A1                               1.500000    1.794882   -0.294882 (VIOLATED)
_0817_/A1                               1.500000    1.794882   -0.294882 (VIOLATED)
_0820_/A1                               1.500000    1.794882   -0.294882 (VIOLATED)
_0822_/A1                               1.500000    1.794882   -0.294882 (VIOLATED)
_0825_/A1                               1.500000    1.794882   -0.294882 (VIOLATED)
_0828_/A1                               1.500000    1.794882   -0.294882 (VIOLATED)
_0830_/A1                               1.500000    1.794882   -0.294882 (VIOLATED)
_0833_/A1                               1.500000    1.794882   -0.294882 (VIOLATED)
_0836_/A1                               1.500000    1.794882   -0.294882 (VIOLATED)
_0838_/A1                               1.500000    1.794882   -0.294882 (VIOLATED)
_0841_/A1                               1.500000    1.794882   -0.294882 (VIOLATED)
_0844_/A1                               1.500000    1.794882   -0.294882 (VIOLATED)
_0846_/A1                               1.500000    1.794882   -0.294882 (VIOLATED)
_0849_/A1                               1.500000    1.794882   -0.294882 (VIOLATED)
_0853_/A1                               1.500000    1.794882   -0.294882 (VIOLATED)
_0855_/A1                               1.500000    1.794882   -0.294882 (VIOLATED)
_0858_/A1                               1.500000    1.794882   -0.294882 (VIOLATED)
_0860_/A1                               1.500000    1.794882   -0.294882 (VIOLATED)
_0598_/Y                                1.496266    1.679435   -0.183169 (VIOLATED)
_0599_/A                                1.500000    1.679435   -0.179435 (VIOLATED)
_0865_/B                                1.500000    1.679435   -0.179435 (VIOLATED)
_0867_/B1                               1.500000    1.679435   -0.179435 (VIOLATED)
_0869_/B1                               1.500000    1.679435   -0.179435 (VIOLATED)
_0871_/B1                               1.500000    1.679435   -0.179435 (VIOLATED)
_0873_/B1                               1.500000    1.679435   -0.179435 (VIOLATED)
_0875_/B1                               1.500000    1.679435   -0.179435 (VIOLATED)
_0877_/B1                               1.500000    1.679435   -0.179435 (VIOLATED)
_0879_/B1                               1.500000    1.679435   -0.179435 (VIOLATED)
_0881_/B1                               1.500000    1.679435   -0.179435 (VIOLATED)
_0883_/B1                               1.500000    1.679435   -0.179435 (VIOLATED)
_0885_/B1                               1.500000    1.679435   -0.179435 (VIOLATED)
_0887_/B1                               1.500000    1.679435   -0.179435 (VIOLATED)
_0889_/B1                               1.500000    1.679435   -0.179435 (VIOLATED)
_0891_/B1                               1.500000    1.679435   -0.179435 (VIOLATED)
_0893_/B1                               1.500000    1.679435   -0.179435 (VIOLATED)
_0895_/B1                               1.500000    1.679435   -0.179435 (VIOLATED)
_0897_/B1                               1.500000    1.679435   -0.179435 (VIOLATED)
_0899_/B1                               1.500000    1.679435   -0.179435 (VIOLATED)
_0902_/B1                               1.500000    1.679435   -0.179435 (VIOLATED)
_0904_/B1                               1.500000    1.679435   -0.179435 (VIOLATED)

max fanout

Pin                                   Limit Fanout  Slack
---------------------------------------------------------
_1056_/Q                                  8    194   -186 (VIOLATED)
_0695_/Y                                  8     22    -14 (VIOLATED)
_0752_/Y                                  8     22    -14 (VIOLATED)
_0808_/Y                                  8     22    -14 (VIOLATED)
_0598_/Y                                  8     21    -13 (VIOLATED)
_0613_/Y                                  8     21    -13 (VIOLATED)
_0629_/Y                                  8     21    -13 (VIOLATED)
_0644_/Y                                  8     21    -13 (VIOLATED)
_1071_/Q                                  8     19    -11 (VIOLATED)
_0575_/Y                                  8     18    -10 (VIOLATED)
_1046_/Q                                  8     16     -8 (VIOLATED)
_1069_/Q                                  8     13     -5 (VIOLATED)
_0465_/X                                  8     12     -4 (VIOLATED)
_1070_/Q                                  8     12     -4 (VIOLATED)
_0971_/X                                  8     10     -2 (VIOLATED)
_0970_/Y                                  8      9        (VIOLATED)

max capacitance

Pin                                        Limit         Cap       Slack
------------------------------------------------------------------------
_1056_/Q                                0.203257    0.656859   -0.453602 (VIOLATED)
_0613_/Y                                0.086070    0.105231   -0.019161 (VIOLATED)
_0629_/Y                                0.086070    0.105231   -0.019161 (VIOLATED)
_0644_/Y                                0.086070    0.105231   -0.019161 (VIOLATED)
_0598_/Y                                0.086070    0.098287   -0.012217 (VIOLATED)



===========================================================================
report_parasitic_annotation -report_unannotated
============================================================================
Found 778 unannotated drivers.
 clk
 rst_n
 uart_rx
 _0435_/Y
 _0436_/Y
 _0437_/Y
 _0438_/Y
 _0439_/Y
 _0440_/Y
 _0441_/Y
 _0442_/Y
 _0443_/Y
 _0444_/Y
 _0445_/Y
 _0446_/Y
 _0447_/Y
 _0448_/Y
 _0449_/Y
 _0450_/Y
 _0451_/Y
 _0452_/Y
 _0453_/Y
 _0454_/Y
 _0455_/X
 _0456_/Y
 _0457_/Y
 _0458_/Y
 _0459_/Y
 _0460_/X
 _0461_/X
 _0462_/Y
 _0463_/X
 _0464_/X
 _0465_/X
 _0466_/Y
 _0467_/Y
 _0468_/X
 _0469_/X
 _0470_/Y
 _0471_/X
 _0472_/X
 _0473_/X
 _0474_/X
 _0475_/Y
 _0476_/X
 _0477_/Y
 _0478_/X
 _0479_/X
 _0480_/X
 _0481_/X
 _0482_/X
 _0483_/X
 _0484_/Y
 _0485_/X
 _0486_/Y
 _0487_/Y
 _0488_/X
 _0489_/X
 _0490_/X
 _0491_/X
 _0492_/X
 _0493_/Y
 _0494_/X
 _0495_/Y
 _0496_/X
 _0497_/Y
 _0498_/X
 _0499_/X
 _0500_/X
 _0501_/X
 _0502_/X
 _0503_/X
 _0504_/Y
 _0505_/X
 _0506_/X
 _0507_/X
 _0508_/Y
 _0509_/X
 _0510_/X
 _0511_/X
 _0512_/X
 _0513_/X
 _0514_/X
 _0515_/X
 _0516_/X
 _0517_/Y
 _0518_/X
 _0519_/Y
 _0520_/X
 _0521_/Y
 _0522_/Y
 _0523_/Y
 _0524_/X
 _0525_/Y
 _0526_/Y
 _0527_/X
 _0528_/X
 _0529_/X
 _0530_/X
 _0531_/X
 _0532_/X
 _0533_/Y
 _0534_/X
 _0535_/X
 _0536_/X
 _0537_/X
 _0538_/Y
 _0539_/X
 _0540_/X
 _0541_/Y
 _0542_/Y
 _0543_/X
 _0544_/Y
 _0545_/X
 _0546_/X
 _0547_/Y
 _0548_/X
 _0549_/X
 _0550_/X
 _0551_/X
 _0552_/Y
 _0553_/X
 _0554_/Y
 _0555_/Y
 _0556_/X
 _0557_/X
 _0558_/X
 _0559_/X
 _0560_/Y
 _0561_/X
 _0562_/X
 _0563_/X
 _0564_/X
 _0565_/Y
 _0566_/X
 _0567_/X
 _0568_/X
 _0569_/X
 _0570_/X
 _0571_/X
 _0572_/X
 _0573_/Y
 _0574_/X
 _0575_/Y
 _0576_/Y
 _0577_/X
 _0578_/X
 _0579_/X
 _0580_/X
 _0581_/X
 _0582_/X
 _0583_/X
 _0584_/X
 _0585_/X
 _0586_/X
 _0587_/X
 _0588_/X
 _0589_/X
 _0590_/X
 _0591_/X
 _0592_/X
 _0593_/X
 _0594_/X
 _0595_/X
 _0596_/X
 _0597_/X
 _0598_/Y
 _0599_/Y
 _0600_/Y
 _0601_/X
 _0602_/Y
 _0603_/X
 _0604_/Y
 _0605_/X
 _0606_/Y
 _0607_/X
 _0608_/Y
 _0609_/X
 _0610_/X
 _0611_/Y
 _0612_/X
 _0613_/Y
 _0614_/Y
 _0615_/Y
 _0616_/X
 _0617_/Y
 _0618_/X
 _0619_/Y
 _0620_/X
 _0621_/Y
 _0622_/X
 _0623_/Y
 _0624_/X
 _0625_/X
 _0626_/X
 _0627_/X
 _0628_/X
 _0629_/Y
 _0630_/Y
 _0631_/Y
 _0632_/X
 _0633_/Y
 _0634_/X
 _0635_/Y
 _0636_/X
 _0637_/Y
 _0638_/X
 _0639_/Y
 _0640_/X
 _0641_/X
 _0642_/Y
 _0643_/X
 _0644_/Y
 _0645_/Y
 _0646_/X
 _0647_/X
 _0648_/X
 _0649_/X
 _0650_/X
 _0651_/X
 _0652_/X
 _0653_/X
 _0654_/X
 _0655_/X
 _0656_/Y
 _0657_/X
 _0658_/X
 _0659_/X
 _0660_/Y
 _0661_/X
 _0662_/X
 _0663_/X
 _0664_/X
 _0665_/X
 _0666_/X
 _0667_/X
 _0668_/X
 _0669_/X
 _0670_/Y
 _0671_/X
 _0672_/X
 _0673_/X
 _0674_/X
 _0675_/X
 _0676_/Y
 _0677_/Y
 _0678_/Y
 _0679_/X
 _0680_/Y
 _0681_/Y
 _0682_/Y
 _0683_/Y
 _0684_/Y
 _0685_/Y
 _0686_/X
 _0687_/Y
 _0688_/Y
 _0689_/Y
 _0690_/Y
 _0691_/X
 _0692_/Y
 _0693_/X
 _0694_/X
 _0695_/Y
 _0696_/Y
 _0697_/X
 _0698_/Y
 _0699_/Y
 _0700_/Y
 _0701_/Y
 _0702_/Y
 _0703_/X
 _0704_/Y
 _0705_/X
 _0706_/Y
 _0707_/Y
 _0708_/Y
 _0709_/Y
 _0710_/Y
 _0711_/X
 _0712_/Y
 _0713_/X
 _0714_/Y
 _0715_/Y
 _0716_/Y
 _0717_/Y
 _0718_/Y
 _0719_/X
 _0720_/Y
 _0721_/X
 _0722_/Y
 _0723_/Y
 _0724_/Y
 _0725_/Y
 _0726_/Y
 _0727_/X
 _0728_/Y
 _0729_/X
 _0730_/Y
 _0731_/Y
 _0732_/Y
 _0733_/Y
 _0734_/Y
 _0735_/X
 _0736_/Y
 _0737_/Y
 _0738_/Y
 _0739_/X
 _0740_/Y
 _0741_/Y
 _0742_/Y
 _0743_/X
 _0744_/Y
 _0745_/Y
 _0746_/Y
 _0747_/Y
 _0748_/X
 _0749_/Y
 _0750_/X
 _0751_/X
 _0752_/Y
 _0753_/Y
 _0754_/X
 _0755_/Y
 _0756_/Y
 _0757_/Y
 _0758_/Y
 _0759_/Y
 _0760_/X
 _0761_/Y
 _0762_/X
 _0763_/Y
 _0764_/Y
 _0765_/Y
 _0766_/Y
 _0767_/Y
 _0768_/X
 _0769_/Y
 _0770_/X
 _0771_/Y
 _0772_/Y
 _0773_/Y
 _0774_/Y
 _0775_/Y
 _0776_/X
 _0777_/Y
 _0778_/X
 _0779_/Y
 _0780_/Y
 _0781_/Y
 _0782_/Y
 _0783_/Y
 _0784_/X
 _0785_/Y
 _0786_/X
 _0787_/Y
 _0788_/Y
 _0789_/Y
 _0790_/Y
 _0791_/Y
 _0792_/X
 _0793_/Y
 _0794_/Y
 _0795_/Y
 _0796_/X
 _0797_/Y
 _0798_/X
 _0799_/Y
 _0800_/Y
 _0801_/Y
 _0802_/Y
 _0803_/X
 _0804_/Y
 _0805_/Y
 _0806_/Y
 _0807_/X
 _0808_/Y
 _0809_/Y
 _0810_/X
 _0811_/Y
 _0812_/Y
 _0813_/Y
 _0814_/Y
 _0815_/Y
 _0816_/X
 _0817_/Y
 _0818_/X
 _0819_/Y
 _0820_/Y
 _0821_/Y
 _0822_/Y
 _0823_/Y
 _0824_/X
 _0825_/Y
 _0826_/X
 _0827_/Y
 _0828_/Y
 _0829_/Y
 _0830_/Y
 _0831_/Y
 _0832_/X
 _0833_/Y
 _0834_/X
 _0835_/Y
 _0836_/Y
 _0837_/Y
 _0838_/Y
 _0839_/Y
 _0840_/X
 _0841_/Y
 _0842_/X
 _0843_/Y
 _0844_/Y
 _0845_/Y
 _0846_/Y
 _0847_/Y
 _0848_/X
 _0849_/Y
 _0850_/Y
 _0851_/Y
 _0852_/X
 _0853_/Y
 _0854_/Y
 _0855_/Y
 _0856_/X
 _0857_/Y
 _0858_/Y
 _0859_/Y
 _0860_/Y
 _0861_/X
 _0862_/Y
 _0863_/X
 _0864_/X
 _0865_/Y
 _0866_/Y
 _0867_/Y
 _0868_/Y
 _0869_/Y
 _0870_/Y
 _0871_/Y
 _0872_/Y
 _0873_/Y
 _0874_/Y
 _0875_/Y
 _0876_/Y
 _0877_/Y
 _0878_/Y
 _0879_/Y
 _0880_/Y
 _0881_/Y
 _0882_/Y
 _0883_/Y
 _0884_/Y
 _0885_/Y
 _0886_/Y
 _0887_/Y
 _0888_/Y
 _0889_/Y
 _0890_/Y
 _0891_/Y
 _0892_/Y
 _0893_/Y
 _0894_/Y
 _0895_/Y
 _0896_/Y
 _0897_/Y
 _0898_/Y
 _0899_/Y
 _0900_/X
 _0901_/Y
 _0902_/Y
 _0903_/Y
 _0904_/Y
 _0905_/X
 _0906_/X
 _0907_/X
 _0908_/Y
 _0909_/Y
 _0910_/Y
 _0911_/Y
 _0912_/Y
 _0913_/Y
 _0914_/Y
 _0915_/X
 _0916_/X
 _0917_/Y
 _0918_/Y
 _0919_/Y
 _0920_/Y
 _0921_/Y
 _0922_/Y
 _0923_/Y
 _0924_/Y
 _0925_/Y
 _0926_/Y
 _0927_/X
 _0928_/X
 _0929_/Y
 _0930_/Y
 _0931_/Y
 _0932_/Y
 _0933_/Y
 _0934_/Y
 _0935_/X
 _0936_/Y
 _0937_/Y
 _0938_/Y
 _0939_/Y
 _0940_/Y
 _0941_/X
 _0942_/Y
 _0943_/X
 _0944_/X
 _0945_/Y
 _0946_/Y
 _0947_/X
 _0948_/X
 _0949_/X
 _0950_/X
 _0951_/X
 _0952_/X
 _0953_/X
 _0954_/X
 _0955_/X
 _0956_/X
 _0957_/X
 _0958_/X
 _0959_/X
 _0960_/Y
 _0961_/X
 _0962_/X
 _0963_/Y
 _0964_/X
 _0965_/Y
 _0966_/X
 _0967_/X
 _0968_/X
 _0969_/X
 _0970_/Y
 _0971_/X
 _0972_/X
 _0973_/X
 _0974_/X
 _0975_/X
 _0976_/X
 _0977_/X
 _0978_/X
 _0979_/X
 _0980_/X
 _0981_/X
 _0982_/X
 _0983_/X
 _0984_/X
 _0985_/X
 _0986_/X
 _0987_/X
 _0988_/X
 _0989_/X
 _0990_/X
 _0991_/Y
 _0992_/Y
 _0993_/X
 _0994_/X
 _0995_/X
 _0996_/X
 _0997_/X
 _0998_/X
 _0999_/X
 _1000_/X
 _1001_/Q
 _1002_/Q
 _1003_/Q
 _1004_/Q
 _1005_/Q
 _1006_/Q
 _1007_/Q
 _1008_/Q
 _1009_/Q
 _1010_/Q
 _1011_/Q
 _1012_/Q
 _1013_/Q
 _1014_/Q
 _1015_/Q
 _1016_/Q
 _1017_/Q
 _1018_/Q
 _1019_/Q
 _1020_/Q
 _1021_/Q
 _1022_/Q
 _1023_/Q
 _1024_/Q
 _1025_/Q
 _1026_/Q
 _1027_/Q
 _1028_/Q
 _1029_/Q
 _1030_/Q
 _1031_/Q
 _1032_/Q
 _1033_/Q
 _1034_/Q
 _1035_/Q
 _1036_/Q
 _1037_/Q
 _1038_/Q
 _1039_/Q
 _1040_/Q
 _1041_/Q
 _1042_/Q
 _1043_/Q
 _1044_/Q
 _1045_/Q
 _1046_/Q
 _1047_/Q
 _1048_/Q
 _1049_/Q
 _1050_/Q
 _1051_/Q
 _1052_/Q
 _1053_/Q
 _1054_/Q
 _1055_/Q
 _1056_/Q
 _1057_/Q
 _1058_/Q
 _1059_/Q
 _1060_/Q
 _1061_/Q
 _1062_/Q
 _1063_/Q
 _1064_/Q
 _1065_/Q
 _1066_/Q
 _1067_/Q
 _1068_/Q
 _1069_/Q
 _1070_/Q
 _1071_/Q
 _1072_/Q
 _1073_/Q
 _1074_/Q
 _1075_/Q
 _1076_/Q
 _1077_/Q
 _1078_/Q
 _1079_/Q
 _1080_/Q
 _1081_/Q
 _1082_/Q
 _1083_/Q
 _1084_/Q
 _1085_/Q
 _1086_/Q
 _1087_/Q
 _1088_/Q
 _1089_/Q
 _1090_/Q
 _1091_/Q
 _1092_/Q
 _1093_/Q
 _1094_/Q
 _1095_/Q
 _1096_/Q
 _1097_/Q
 _1098_/Q
 _1099_/Q
 _1100_/Q
 _1101_/Q
 _1102_/Q
 _1103_/Q
 _1104_/Q
 _1105_/Q
 _1106_/Q
 _1107_/Q
 _1108_/Q
 _1109_/Q
 _1110_/Q
 _1111_/Q
 _1112_/Q
 _1113_/Q
 _1114_/Q
 _1115_/Q
 _1116_/Q
 _1117_/Q
 _1118_/Q
 _1119_/Q
 _1120_/Q
 _1121_/Q
 _1122_/Q
 _1123_/Q
 _1124_/Q
 _1125_/Q
 _1126_/Q
 _1127_/Q
 _1128_/Q
 _1129_/Q
 _1130_/Q
 _1131_/Q
 _1132_/Q
 _1133_/Q
 _1134_/Q
 _1135_/Q
 _1136_/Q
 _1137_/Q
 _1138_/Q
 _1139_/Q
 _1140_/Q
 _1141_/Q
 _1142_/Q
 _1143_/Q
 _1144_/Q
 _1145_/Q
 _1146_/Q
 _1147_/Q
 _1148_/Q
 _1149_/Q
 _1150_/Q
 _1151_/Q
 _1152_/Q
 _1153_/Q
 _1154_/Q
 _1155_/Q
 _1156_/Q
 _1157_/Q
 _1158_/Q
 _1159_/Q
 _1160_/Q
 _1161_/Q
 _1162_/Q
 _1163_/Q
 _1164_/Q
 _1165_/Q
 _1166_/Q
 _1167_/Q
 _1168_/Q
 _1169_/Q
 _1170_/Q
 _1171_/Q
 _1172_/Q
 _1173_/Q
 _1174_/Q
 _1175_/Q
 _1176_/Q
 _1177_/Q
 _1178_/Q
 _1179_/Q
 _1180_/Q
 _1181_/Q
 _1182_/Q
 _1183_/Q
 _1184_/Q
 _1185_/Q
 _1186_/Q
 _1187_/Q
 _1188_/Q
 _1189_/Q
 _1190_/Q
 _1191_/Q
 _1192_/Q
 _1193_/Q
 _1194_/Q
 _1195_/Q
 _1196_/Q
 _1197_/HI
 _1197_/LO
 _1198_/HI
 _1198_/LO
 _1199_/HI
 _1199_/LO
 _1200_/HI
 _1200_/LO
 _1201_/X
 _1202_/X
 _1203_/X
 _1204_/X
 _1205_/X
Found 0 partially unannotated drivers.

===========================================================================
max slew violation count 283
max fanout violation count 16
max cap violation count 5
============================================================================

===========================================================================
check_setup -verbose -unconstrained_endpoints -multiple_clock -no_clock -no_input_delay -loops -generated_clocks
===========================================================================
Warning: There is 1 input port missing set_input_delay.
  rst_n
