
===========================================================================
Violator List
============================================================================
[setup in-reg] reset -> _26818_/RESET_B : -12.143550
[setup in-reg] reset -> _26819_/RESET_B : -12.143550
[setup in-reg] reset -> _26820_/RESET_B : -12.143550
[setup in-reg] reset -> _26821_/RESET_B : -12.143550
[setup in-reg] reset -> _26822_/RESET_B : -12.143550
[setup in-reg] reset -> _26823_/RESET_B : -12.143550
[setup in-reg] reset -> _26824_/RESET_B : -12.143550
[setup in-reg] reset -> _26825_/RESET_B : -12.143550
[setup in-reg] reset -> _26826_/RESET_B : -12.143550
[setup in-reg] reset -> _26827_/RESET_B : -12.143550
[setup in-reg] reset -> _26828_/RESET_B : -12.143550
[setup in-reg] reset -> _26829_/RESET_B : -12.143550
[setup in-reg] reset -> _26830_/RESET_B : -12.143550
[setup in-reg] reset -> _26831_/RESET_B : -12.143550
[setup in-reg] reset -> _26832_/RESET_B : -12.143550
[setup in-reg] reset -> _26833_/RESET_B : -12.143550
[setup in-reg] reset -> _26834_/RESET_B : -12.143550
[setup in-reg] reset -> _26835_/RESET_B : -12.143550
[setup in-reg] reset -> _26836_/RESET_B : -12.143550
[setup in-reg] reset -> _26837_/RESET_B : -12.143550
[setup in-reg] reset -> _26838_/RESET_B : -12.143550
[setup in-reg] reset -> _26839_/RESET_B : -12.143550
[setup in-reg] reset -> _26840_/RESET_B : -12.143550
[setup in-reg] reset -> _26841_/RESET_B : -12.143550
[setup in-reg] reset -> _26842_/RESET_B : -12.143550
[setup in-reg] reset -> _26843_/RESET_B : -12.143550
[setup in-reg] reset -> _26844_/RESET_B : -12.143550
[setup in-reg] reset -> _26845_/RESET_B : -12.143550
[setup in-reg] reset -> _26846_/RESET_B : -12.143550
[setup in-reg] reset -> _26847_/RESET_B : -12.143550
[setup in-reg] reset -> _26848_/RESET_B : -12.143550
[setup in-reg] reset -> _26849_/RESET_B : -12.143550
[setup in-reg] reset -> _26850_/RESET_B : -12.143550
[setup in-reg] reset -> _26851_/RESET_B : -12.143550
[setup in-reg] reset -> _26852_/RESET_B : -12.143550
[setup in-reg] reset -> _26853_/RESET_B : -12.143550
[setup in-reg] reset -> _26854_/RESET_B : -12.143550
[setup in-reg] reset -> _26855_/RESET_B : -12.143550
[setup in-reg] reset -> _26856_/RESET_B : -12.143550
[setup in-reg] reset -> _26857_/RESET_B : -12.143550
[setup in-reg] reset -> _26858_/RESET_B : -12.143550
[setup in-reg] reset -> _26859_/RESET_B : -12.143550
[setup in-reg] reset -> _26860_/RESET_B : -12.143550
[setup in-reg] reset -> _26861_/RESET_B : -12.143550
[setup in-reg] reset -> _26862_/RESET_B : -12.143550
[setup in-reg] reset -> _26863_/RESET_B : -12.143550
[setup in-reg] reset -> _26864_/RESET_B : -12.143550
[setup in-reg] reset -> _26865_/RESET_B : -12.143550
[setup in-reg] reset -> _26866_/RESET_B : -12.143550
[setup in-reg] reset -> _26867_/RESET_B : -12.143550
[setup in-reg] reset -> _26868_/RESET_B : -12.143550
[setup in-reg] reset -> _26869_/RESET_B : -12.143550
[setup in-reg] reset -> _26870_/RESET_B : -12.143550
[setup in-reg] reset -> _26871_/RESET_B : -12.143550
[setup in-reg] reset -> _26872_/RESET_B : -12.143550
[setup in-reg] reset -> _26873_/RESET_B : -12.143550
[setup in-reg] reset -> _26874_/RESET_B : -12.143550
[setup in-reg] reset -> _26875_/RESET_B : -12.143550
[setup in-reg] reset -> _26876_/RESET_B : -12.143550
[setup in-reg] reset -> _26877_/RESET_B : -12.143550
[setup in-reg] reset -> _26878_/RESET_B : -12.143550
[setup in-reg] reset -> _26879_/RESET_B : -12.143550
[setup in-reg] reset -> _26880_/RESET_B : -12.143550
[setup in-reg] reset -> _26881_/RESET_B : -12.143550
[setup in-reg] reset -> _26882_/RESET_B : -12.143550
[setup in-reg] reset -> _26883_/RESET_B : -12.143550
[setup in-reg] reset -> _26884_/RESET_B : -12.143550
[setup in-reg] reset -> _26885_/RESET_B : -12.143550
[setup in-reg] reset -> _26886_/RESET_B : -12.143550
[setup in-reg] reset -> _26887_/RESET_B : -12.143550
[setup in-reg] reset -> _26888_/RESET_B : -12.143550
[setup in-reg] reset -> _26889_/RESET_B : -12.143550
[setup in-reg] reset -> _26890_/RESET_B : -12.143550
[setup in-reg] reset -> _26891_/RESET_B : -12.143550
[setup in-reg] reset -> _26892_/RESET_B : -12.143550
[setup in-reg] reset -> _26893_/RESET_B : -12.143550
[setup in-reg] reset -> _26894_/RESET_B : -12.143550
[setup in-reg] reset -> _26895_/RESET_B : -12.143550
[setup in-reg] reset -> _26896_/RESET_B : -12.143550
[setup in-reg] reset -> _26897_/RESET_B : -12.143550
[setup in-reg] reset -> _26898_/RESET_B : -12.143550
[setup in-reg] reset -> _26899_/RESET_B : -12.143550
[setup in-reg] reset -> _26900_/RESET_B : -12.143550
[setup in-reg] reset -> _26901_/RESET_B : -12.143550
[setup in-reg] reset -> _26902_/RESET_B : -12.143550
[setup in-reg] reset -> _26903_/RESET_B : -12.143550
[setup in-reg] reset -> _26904_/RESET_B : -12.143550
[setup in-reg] reset -> _26905_/RESET_B : -12.143550
[setup in-reg] reset -> _26906_/RESET_B : -12.143550
[setup in-reg] reset -> _26907_/RESET_B : -12.143550
[setup in-reg] reset -> _26908_/RESET_B : -12.143550
[setup in-reg] reset -> _26909_/RESET_B : -12.143550
[setup in-reg] reset -> _26910_/RESET_B : -12.143550
[setup in-reg] reset -> _26911_/RESET_B : -12.143550
[setup in-reg] reset -> _26912_/RESET_B : -12.143550
[setup in-reg] reset -> _26913_/RESET_B : -12.143550
[setup in-reg] reset -> _26914_/RESET_B : -12.143550
[setup in-reg] reset -> _26915_/RESET_B : -12.143550
[setup in-reg] reset -> _26916_/RESET_B : -12.143550
[setup in-reg] reset -> _26917_/RESET_B : -12.143550
[setup in-reg] reset -> _26918_/RESET_B : -12.143550
[setup in-reg] reset -> _26919_/RESET_B : -12.143550
[setup in-reg] reset -> _26920_/RESET_B : -12.143550
[setup in-reg] reset -> _26921_/RESET_B : -12.143550
[setup in-reg] reset -> _26922_/RESET_B : -12.143550
[setup in-reg] reset -> _26923_/RESET_B : -12.143550
[setup in-reg] reset -> _26924_/RESET_B : -12.143550
[setup in-reg] reset -> _26925_/RESET_B : -12.143550
[setup in-reg] reset -> _26926_/RESET_B : -12.143550
[setup in-reg] reset -> _26927_/RESET_B : -12.143550
[setup in-reg] reset -> _26928_/RESET_B : -12.143550
[setup in-reg] reset -> _26929_/RESET_B : -12.143550
[setup in-reg] reset -> _26930_/RESET_B : -12.143550
[setup in-reg] reset -> _26931_/RESET_B : -12.143550
[setup in-reg] reset -> _26932_/RESET_B : -12.143550
[setup in-reg] reset -> _26933_/RESET_B : -12.143550
[setup in-reg] reset -> _26934_/RESET_B : -12.143550
[setup in-reg] reset -> _26935_/RESET_B : -12.143550
[setup in-reg] reset -> _26936_/RESET_B : -12.143550
[setup in-reg] reset -> _26937_/RESET_B : -12.143550
[setup in-reg] reset -> _26938_/RESET_B : -12.143550
[setup in-reg] reset -> _26939_/RESET_B : -12.143550
[setup in-reg] reset -> _26940_/RESET_B : -12.143550
[setup in-reg] reset -> _26941_/RESET_B : -12.143550
[setup in-reg] reset -> _26942_/RESET_B : -12.143550
[setup in-reg] reset -> _26943_/RESET_B : -12.143550
[setup in-reg] reset -> _26944_/RESET_B : -12.143550
[setup in-reg] reset -> _26945_/RESET_B : -12.143550
[setup in-reg] reset -> _26946_/RESET_B : -12.143550
[setup in-reg] reset -> _26947_/RESET_B : -12.143550
[setup in-reg] reset -> _26948_/RESET_B : -12.143550
[setup in-reg] reset -> _26949_/RESET_B : -12.143550
[setup in-reg] reset -> _26950_/RESET_B : -12.143550
[setup in-reg] reset -> _26951_/RESET_B : -12.143550
[setup in-reg] reset -> _26952_/RESET_B : -12.143550
[setup in-reg] reset -> _26953_/RESET_B : -12.143550
[setup in-reg] reset -> _26954_/RESET_B : -12.143550
[setup in-reg] reset -> _26955_/RESET_B : -12.143550
[setup in-reg] reset -> _26956_/RESET_B : -12.143550
[setup in-reg] reset -> _26957_/RESET_B : -12.143550
[setup in-reg] reset -> _26958_/RESET_B : -12.143550
[setup in-reg] reset -> _26959_/RESET_B : -12.143550
[setup in-reg] reset -> _26960_/RESET_B : -12.143550
[setup in-reg] reset -> _26961_/RESET_B : -12.143550
[setup in-reg] reset -> _26962_/RESET_B : -12.143550
[setup in-reg] reset -> _26963_/RESET_B : -12.143550
[setup in-reg] reset -> _26964_/RESET_B : -12.143550
[setup in-reg] reset -> _26965_/RESET_B : -12.143550
[setup in-reg] reset -> _26966_/RESET_B : -12.143550
[setup in-reg] reset -> _26967_/RESET_B : -12.143550
[setup in-reg] reset -> _26968_/RESET_B : -12.143550
[setup in-reg] reset -> _26969_/RESET_B : -12.143550
[setup in-reg] reset -> _26970_/RESET_B : -12.143550
[setup in-reg] reset -> _26971_/RESET_B : -12.143550
[setup in-reg] reset -> _26972_/RESET_B : -12.143550
[setup in-reg] reset -> _26973_/RESET_B : -12.143550
[setup in-reg] reset -> _26974_/RESET_B : -12.143550
[setup in-reg] reset -> _26975_/RESET_B : -12.143550
[setup in-reg] reset -> _26976_/RESET_B : -12.143550
[setup in-reg] reset -> _26977_/RESET_B : -12.143550
[setup in-reg] reset -> _26978_/RESET_B : -12.143550
[setup in-reg] reset -> _26979_/RESET_B : -12.143550
[setup in-reg] reset -> _26980_/RESET_B : -12.143550
[setup in-reg] reset -> _26981_/RESET_B : -12.143550
[setup in-reg] reset -> _26982_/RESET_B : -12.143550
[setup in-reg] reset -> _26983_/RESET_B : -12.143550
[setup in-reg] reset -> _26984_/RESET_B : -12.143550
[setup in-reg] reset -> _26985_/RESET_B : -12.143550
[setup in-reg] reset -> _26986_/RESET_B : -12.143550
[setup in-reg] reset -> _26987_/RESET_B : -12.143550
[setup in-reg] reset -> _26988_/RESET_B : -12.143550
[setup in-reg] reset -> _26989_/RESET_B : -12.143550
[setup in-reg] reset -> _26990_/RESET_B : -12.143550
[setup in-reg] reset -> _26991_/RESET_B : -12.143550
[setup in-reg] reset -> _26992_/RESET_B : -12.143550
[setup in-reg] reset -> _26993_/RESET_B : -12.143550
[setup in-reg] reset -> _26994_/RESET_B : -12.143550
[setup in-reg] reset -> _26995_/RESET_B : -12.143550
[setup in-reg] reset -> _26996_/RESET_B : -12.143550
[setup in-reg] reset -> _26997_/RESET_B : -12.143550
[setup in-reg] reset -> _26998_/RESET_B : -12.143550
[setup in-reg] reset -> _26999_/RESET_B : -12.143550
[setup in-reg] reset -> _27000_/RESET_B : -12.143550
[setup in-reg] reset -> _27001_/RESET_B : -12.143550
[setup in-reg] reset -> _27002_/RESET_B : -12.143550
[setup in-reg] reset -> _27003_/RESET_B : -12.143550
[setup in-reg] reset -> _27004_/RESET_B : -12.143550
[setup in-reg] reset -> _27005_/RESET_B : -12.143550
[setup in-reg] reset -> _27006_/RESET_B : -12.143550
[setup in-reg] reset -> _27007_/RESET_B : -12.143550
[setup in-reg] reset -> _27008_/RESET_B : -12.143550
[setup in-reg] reset -> _27009_/RESET_B : -12.143550
[setup in-reg] reset -> _27010_/RESET_B : -12.143550
[setup in-reg] reset -> _27011_/RESET_B : -12.143550
[setup in-reg] reset -> _27012_/RESET_B : -12.143550
[setup in-reg] reset -> _27013_/RESET_B : -12.143550
[setup in-reg] reset -> _27014_/RESET_B : -12.143550
[setup in-reg] reset -> _27015_/RESET_B : -12.143550
[setup in-reg] reset -> _27016_/RESET_B : -12.143550
[setup in-reg] reset -> _27017_/RESET_B : -12.143550
[setup in-reg] reset -> _27018_/RESET_B : -12.143550
[setup in-reg] reset -> _27019_/RESET_B : -12.143550
[setup in-reg] reset -> _27020_/RESET_B : -12.143550
[setup in-reg] reset -> _27021_/RESET_B : -12.143550
[setup in-reg] reset -> _27022_/RESET_B : -12.143550
[setup in-reg] reset -> _27023_/RESET_B : -12.143550
[setup in-reg] reset -> _27024_/RESET_B : -12.143550
[setup in-reg] reset -> _27025_/RESET_B : -12.143550
[setup in-reg] reset -> _27026_/RESET_B : -12.143550
[setup in-reg] reset -> _27027_/RESET_B : -12.143550
[setup in-reg] reset -> _27028_/RESET_B : -12.143550
[setup in-reg] reset -> _27029_/RESET_B : -12.143550
[setup in-reg] reset -> _27030_/RESET_B : -12.143550
[setup in-reg] reset -> _27031_/RESET_B : -12.143550
[setup in-reg] reset -> _27032_/RESET_B : -12.143550
[setup in-reg] reset -> _27033_/RESET_B : -12.143550
[setup in-reg] reset -> _27034_/RESET_B : -12.143550
[setup in-reg] reset -> _27035_/RESET_B : -12.143550
[setup in-reg] reset -> _27036_/RESET_B : -12.143550
[setup in-reg] reset -> _27037_/RESET_B : -12.143550
[setup in-reg] reset -> _27038_/RESET_B : -12.143550
[setup in-reg] reset -> _27039_/RESET_B : -12.143550
[setup in-reg] reset -> _27040_/RESET_B : -12.143550
[setup in-reg] reset -> _27041_/RESET_B : -12.143550
[setup in-reg] reset -> _27042_/RESET_B : -12.143550
[setup in-reg] reset -> _27043_/RESET_B : -12.143550
[setup in-reg] reset -> _27044_/RESET_B : -12.143550
[setup in-reg] reset -> _27045_/RESET_B : -12.143550
[setup in-reg] reset -> _27046_/RESET_B : -12.143550
[setup in-reg] reset -> _27047_/RESET_B : -12.143550
[setup in-reg] reset -> _27048_/RESET_B : -12.143550
[setup in-reg] reset -> _27049_/RESET_B : -12.143550
[setup in-reg] reset -> _27050_/RESET_B : -12.143550
[setup in-reg] reset -> _27051_/RESET_B : -12.143550
[setup in-reg] reset -> _27052_/RESET_B : -12.143550
[setup in-reg] reset -> _27053_/RESET_B : -12.143550
[setup in-reg] reset -> _27054_/RESET_B : -12.143550
[setup in-reg] reset -> _27055_/RESET_B : -12.143550
[setup in-reg] reset -> _27056_/RESET_B : -12.143550
[setup in-reg] reset -> _27057_/RESET_B : -12.143550
[setup in-reg] reset -> _27058_/RESET_B : -12.143550
[setup in-reg] reset -> _27059_/RESET_B : -12.143550
[setup in-reg] reset -> _27060_/RESET_B : -12.143550
[setup in-reg] reset -> _27061_/RESET_B : -12.143550
[setup in-reg] reset -> _27062_/RESET_B : -12.143550
[setup in-reg] reset -> _27063_/RESET_B : -12.143550
[setup in-reg] reset -> _27064_/RESET_B : -12.143550
[setup in-reg] reset -> _27065_/RESET_B : -12.143550
[setup in-reg] reset -> _27066_/RESET_B : -12.143550
[setup in-reg] reset -> _27067_/RESET_B : -12.143550
[setup in-reg] reset -> _27068_/RESET_B : -12.143550
[setup in-reg] reset -> _27069_/RESET_B : -12.143550
[setup in-reg] reset -> _27070_/RESET_B : -12.143550
[setup in-reg] reset -> _27071_/RESET_B : -12.143550
[setup in-reg] reset -> _27072_/RESET_B : -12.143550
[setup in-reg] reset -> _27073_/RESET_B : -12.143550
[setup in-reg] reset -> _27074_/RESET_B : -12.143550
[setup in-reg] reset -> _27075_/RESET_B : -12.143550
[setup in-reg] reset -> _27076_/RESET_B : -12.143550
[setup in-reg] reset -> _27077_/RESET_B : -12.143550
[setup in-reg] reset -> _27078_/RESET_B : -12.143550
[setup in-reg] reset -> _27079_/RESET_B : -12.143550
[setup in-reg] reset -> _27080_/RESET_B : -12.143550
[setup in-reg] reset -> _27081_/RESET_B : -12.143550
[setup in-reg] reset -> _27082_/RESET_B : -12.143550
[setup in-reg] reset -> _27083_/RESET_B : -12.143550
[setup in-reg] reset -> _27084_/RESET_B : -12.143550
[setup in-reg] reset -> _27085_/RESET_B : -12.143550
[setup in-reg] reset -> _27086_/RESET_B : -12.143550
[setup in-reg] reset -> _27087_/RESET_B : -12.143550
[setup in-reg] reset -> _27088_/RESET_B : -12.143550
[setup in-reg] reset -> _27089_/RESET_B : -12.143550
[setup in-reg] reset -> _27090_/RESET_B : -12.143550
[setup in-reg] reset -> _27091_/RESET_B : -12.143550
[setup in-reg] reset -> _27092_/RESET_B : -12.143550
[setup in-reg] reset -> _27093_/RESET_B : -12.143550
[setup in-reg] reset -> _27094_/RESET_B : -12.143550
[setup in-reg] reset -> _27095_/RESET_B : -12.143550
[setup in-reg] reset -> _27096_/RESET_B : -12.143550
[setup in-reg] reset -> _27097_/RESET_B : -12.143550
[setup in-reg] reset -> _27098_/RESET_B : -12.143550
[setup in-reg] reset -> _27099_/RESET_B : -12.143550
[setup in-reg] reset -> _27100_/RESET_B : -12.143550
[setup in-reg] reset -> _27101_/RESET_B : -12.143550
[setup in-reg] reset -> _27102_/RESET_B : -12.143550
[setup in-reg] reset -> _27103_/RESET_B : -12.143550
[setup in-reg] reset -> _27104_/RESET_B : -12.143550
[setup in-reg] reset -> _27105_/RESET_B : -12.143550
[setup in-reg] reset -> _27106_/RESET_B : -12.143550
[setup in-reg] reset -> _27107_/RESET_B : -12.143550
[setup in-reg] reset -> _27108_/RESET_B : -12.143550
[setup in-reg] reset -> _27109_/RESET_B : -12.143550
[setup in-reg] reset -> _27110_/RESET_B : -12.143550
[setup in-reg] reset -> _27111_/RESET_B : -12.143550
[setup in-reg] reset -> _27112_/RESET_B : -12.143550
[setup in-reg] reset -> _27113_/RESET_B : -12.143550
[setup in-reg] reset -> _27114_/RESET_B : -12.143550
[setup in-reg] reset -> _27115_/RESET_B : -12.143550
[setup in-reg] reset -> _27116_/RESET_B : -12.143550
[setup in-reg] reset -> _27117_/RESET_B : -12.143550
[setup in-reg] reset -> _27118_/RESET_B : -12.143550
[setup in-reg] reset -> _27119_/RESET_B : -12.143550
[setup in-reg] reset -> _27120_/RESET_B : -12.143550
[setup in-reg] reset -> _27121_/RESET_B : -12.143550
[setup in-reg] reset -> _27122_/RESET_B : -12.143550
[setup in-reg] reset -> _27123_/RESET_B : -12.143550
[setup in-reg] reset -> _27124_/RESET_B : -12.143550
[setup in-reg] reset -> _27125_/RESET_B : -12.143550
[setup in-reg] reset -> _27126_/RESET_B : -12.143550
[setup in-reg] reset -> _27127_/RESET_B : -12.143550
[setup in-reg] reset -> _27128_/RESET_B : -12.143550
[setup in-reg] reset -> _27129_/RESET_B : -12.143550
[setup in-reg] reset -> _27130_/RESET_B : -12.143550
[setup in-reg] reset -> _27131_/RESET_B : -12.143550
[setup in-reg] reset -> _27132_/RESET_B : -12.143550
[setup in-reg] reset -> _27133_/RESET_B : -12.143550
[setup in-reg] reset -> _27134_/RESET_B : -12.143550
[setup in-reg] reset -> _27135_/RESET_B : -12.143550
[setup in-reg] reset -> _27136_/RESET_B : -12.143550
[setup in-reg] reset -> _27137_/RESET_B : -12.143550
[setup in-reg] reset -> _27138_/RESET_B : -12.143550
[setup in-reg] reset -> _27139_/RESET_B : -12.143550
[setup in-reg] reset -> _27140_/RESET_B : -12.143550
[setup in-reg] reset -> _27141_/RESET_B : -12.143550
[setup in-reg] reset -> _27142_/RESET_B : -12.143550
[setup in-reg] reset -> _27143_/RESET_B : -12.143550
[setup in-reg] reset -> _27144_/RESET_B : -12.143550
[setup in-reg] reset -> _27145_/RESET_B : -12.143550
[setup in-reg] reset -> _27146_/RESET_B : -12.143550
[setup in-reg] reset -> _27147_/RESET_B : -12.143550
[setup in-reg] reset -> _27148_/RESET_B : -12.143550
[setup in-reg] reset -> _27149_/RESET_B : -12.143550
[setup in-reg] reset -> _27150_/RESET_B : -12.143550
[setup in-reg] reset -> _27151_/RESET_B : -12.143550
[setup in-reg] reset -> _27152_/RESET_B : -12.143550
[setup in-reg] reset -> _27153_/RESET_B : -12.143550
[setup in-reg] reset -> _27154_/RESET_B : -12.143550
[setup in-reg] reset -> _27155_/RESET_B : -12.143550
[setup in-reg] reset -> _27156_/RESET_B : -12.143550
[setup in-reg] reset -> _27157_/RESET_B : -12.143550
[setup in-reg] reset -> _27158_/RESET_B : -12.143550
[setup in-reg] reset -> _27159_/RESET_B : -12.143550
[setup in-reg] reset -> _27160_/RESET_B : -12.143550
[setup in-reg] reset -> _27161_/RESET_B : -12.143550
[setup in-reg] reset -> _27162_/RESET_B : -12.143550
[setup in-reg] reset -> _27163_/RESET_B : -12.143550
[setup in-reg] reset -> _27164_/RESET_B : -12.143550
[setup in-reg] reset -> _27165_/RESET_B : -12.143550
[setup in-reg] reset -> _27166_/RESET_B : -12.143550
[setup in-reg] reset -> _27167_/RESET_B : -12.143550
[setup in-reg] reset -> _27168_/RESET_B : -12.143550
[setup in-reg] reset -> _27169_/RESET_B : -12.143550
[setup in-reg] reset -> _27170_/RESET_B : -12.143550
[setup in-reg] reset -> _27171_/RESET_B : -12.143550
[setup in-reg] reset -> _27172_/RESET_B : -12.143550
[setup in-reg] reset -> _27173_/RESET_B : -12.143550
[setup in-reg] reset -> _27174_/RESET_B : -12.143550
[setup in-reg] reset -> _27175_/RESET_B : -12.143550
[setup in-reg] reset -> _27176_/RESET_B : -12.143550
[setup in-reg] reset -> _27177_/RESET_B : -12.143550
[setup in-reg] reset -> _27178_/RESET_B : -12.143550
[setup in-reg] reset -> _27179_/RESET_B : -12.143550
[setup in-reg] reset -> _27180_/RESET_B : -12.143550
[setup in-reg] reset -> _27181_/RESET_B : -12.143550
[setup in-reg] reset -> _27182_/RESET_B : -12.143550
[setup in-reg] reset -> _27183_/RESET_B : -12.143550
[setup in-reg] reset -> _27184_/RESET_B : -12.143550
[setup in-reg] reset -> _27185_/RESET_B : -12.143550
[setup in-reg] reset -> _27186_/RESET_B : -12.143550
[setup in-reg] reset -> _27187_/RESET_B : -12.143550
[setup in-reg] reset -> _27188_/RESET_B : -12.143550
[setup in-reg] reset -> _27189_/RESET_B : -12.143550
[setup in-reg] reset -> _27190_/RESET_B : -12.143550
[setup in-reg] reset -> _27191_/RESET_B : -12.143550
[setup in-reg] reset -> _27192_/RESET_B : -12.143550
[setup in-reg] reset -> _27193_/RESET_B : -12.143550
[setup in-reg] reset -> _27194_/RESET_B : -12.143550
[setup in-reg] reset -> _27195_/RESET_B : -12.143550
[setup in-reg] reset -> _27196_/RESET_B : -12.143550
[setup in-reg] reset -> _27197_/RESET_B : -12.143550
[setup in-reg] reset -> _27198_/RESET_B : -12.143550
[setup in-reg] reset -> _27199_/RESET_B : -12.143550
[setup in-reg] reset -> _27200_/RESET_B : -12.143550
[setup in-reg] reset -> _27201_/RESET_B : -12.143550
[setup in-reg] reset -> _27202_/RESET_B : -12.143550
[setup in-reg] reset -> _27203_/RESET_B : -12.143550
[setup in-reg] reset -> _27204_/RESET_B : -12.143550
[setup in-reg] reset -> _27205_/RESET_B : -12.143550
[setup in-reg] reset -> _27206_/RESET_B : -12.143550
[setup in-reg] reset -> _27207_/RESET_B : -12.143550
[setup in-reg] reset -> _27208_/RESET_B : -12.143550
[setup in-reg] reset -> _27209_/RESET_B : -12.143550
[setup in-reg] reset -> _27210_/RESET_B : -12.143550
[setup in-reg] reset -> _27211_/RESET_B : -12.143550
[setup in-reg] reset -> _27212_/RESET_B : -12.143550
[setup in-reg] reset -> _27213_/RESET_B : -12.143550
[setup in-reg] reset -> _27214_/RESET_B : -12.143550
[setup in-reg] reset -> _27215_/RESET_B : -12.143550
[setup in-reg] reset -> _27216_/RESET_B : -12.143550
[setup in-reg] reset -> _27217_/RESET_B : -12.143550
[setup in-reg] reset -> _27218_/RESET_B : -12.143550
[setup in-reg] reset -> _27219_/RESET_B : -12.143550
[setup in-reg] reset -> _27220_/RESET_B : -12.143550
[setup in-reg] reset -> _27221_/RESET_B : -12.143550
[setup in-reg] reset -> _27222_/RESET_B : -12.143550
[setup in-reg] reset -> _27223_/RESET_B : -12.143550
[setup in-reg] reset -> _27224_/RESET_B : -12.143550
[setup in-reg] reset -> _27225_/RESET_B : -12.143550
[setup in-reg] reset -> _27226_/RESET_B : -12.143550
[setup in-reg] reset -> _27227_/RESET_B : -12.143550
[setup in-reg] reset -> _27228_/RESET_B : -12.143550
[setup in-reg] reset -> _27229_/RESET_B : -12.143550
[setup in-reg] reset -> _27230_/RESET_B : -12.143550
[setup in-reg] reset -> _27231_/RESET_B : -12.143550
[setup in-reg] reset -> _27232_/RESET_B : -12.143550
[setup in-reg] reset -> _27233_/RESET_B : -12.143550
[setup in-reg] reset -> _27234_/RESET_B : -12.143550
[setup in-reg] reset -> _27235_/RESET_B : -12.143550
[setup in-reg] reset -> _27236_/RESET_B : -12.143550
[setup in-reg] reset -> _27237_/RESET_B : -12.143550
[setup in-reg] reset -> _27238_/RESET_B : -12.143550
[setup in-reg] reset -> _27239_/RESET_B : -12.143550
[setup in-reg] reset -> _27240_/RESET_B : -12.143550
[setup in-reg] reset -> _27241_/RESET_B : -12.143550
[setup in-reg] reset -> _27242_/RESET_B : -12.143550
[setup in-reg] reset -> _27243_/RESET_B : -12.143550
[setup in-reg] reset -> _27244_/RESET_B : -12.143550
[setup in-reg] reset -> _27245_/RESET_B : -12.143550
[setup in-reg] reset -> _27246_/RESET_B : -12.143550
[setup in-reg] reset -> _27247_/RESET_B : -12.143550
[setup in-reg] reset -> _27248_/RESET_B : -12.143550
[setup in-reg] reset -> _27249_/RESET_B : -12.143550
[setup in-reg] reset -> _27250_/RESET_B : -12.143550
[setup in-reg] reset -> _27251_/RESET_B : -12.143550
[setup in-reg] reset -> _27252_/RESET_B : -12.143550
[setup in-reg] reset -> _27253_/RESET_B : -12.143550
[setup in-reg] reset -> _27254_/RESET_B : -12.143550
[setup in-reg] reset -> _27255_/RESET_B : -12.143550
[setup in-reg] reset -> _27256_/RESET_B : -12.143550
[setup in-reg] reset -> _27257_/RESET_B : -12.143550
[setup in-reg] reset -> _27258_/RESET_B : -12.143550
[setup in-reg] reset -> _27259_/RESET_B : -12.143550
[setup in-reg] reset -> _27260_/RESET_B : -12.143550
[setup in-reg] reset -> _27261_/RESET_B : -12.143550
[setup in-reg] reset -> _27262_/RESET_B : -12.143550
[setup in-reg] reset -> _27263_/RESET_B : -12.143550
[setup in-reg] reset -> _27264_/RESET_B : -12.143550
[setup in-reg] reset -> _27265_/RESET_B : -12.143550
[setup in-reg] reset -> _27266_/RESET_B : -12.143550
[setup in-reg] reset -> _27267_/RESET_B : -12.143550
[setup in-reg] reset -> _27268_/RESET_B : -12.143550
[setup in-reg] reset -> _27269_/RESET_B : -12.143550
[setup in-reg] reset -> _27270_/RESET_B : -12.143550
[setup in-reg] reset -> _27271_/RESET_B : -12.143550
[setup in-reg] reset -> _27272_/RESET_B : -12.143550
[setup in-reg] reset -> _27273_/RESET_B : -12.143550
[setup in-reg] reset -> _27274_/RESET_B : -12.143550
[setup in-reg] reset -> _27275_/RESET_B : -12.143550
[setup in-reg] reset -> _27276_/RESET_B : -12.143550
[setup in-reg] reset -> _27277_/RESET_B : -12.143550
[setup in-reg] reset -> _27278_/RESET_B : -12.143550
[setup in-reg] reset -> _27279_/RESET_B : -12.143550
[setup in-reg] reset -> _27280_/RESET_B : -12.143550
[setup in-reg] reset -> _27281_/RESET_B : -12.143550
[setup in-reg] reset -> _27282_/RESET_B : -12.143550
[setup in-reg] reset -> _27283_/RESET_B : -12.143550
[setup in-reg] reset -> _27284_/RESET_B : -12.143550
[setup in-reg] reset -> _27285_/RESET_B : -12.143550
[setup in-reg] reset -> _27286_/RESET_B : -12.143550
[setup in-reg] reset -> _27287_/RESET_B : -12.143550
[setup in-reg] reset -> _27288_/RESET_B : -12.143550
[setup in-reg] reset -> _27289_/RESET_B : -12.143550
[setup in-reg] reset -> _27290_/RESET_B : -12.143550
[setup in-reg] reset -> _27291_/RESET_B : -12.143550
[setup in-reg] reset -> _27292_/RESET_B : -12.143550
[setup in-reg] reset -> _27293_/RESET_B : -12.143550
[setup in-reg] reset -> _27294_/RESET_B : -12.143550
[setup in-reg] reset -> _27295_/RESET_B : -12.143550
[setup in-reg] reset -> _27296_/RESET_B : -12.143550
[setup in-reg] reset -> _27297_/RESET_B : -12.143550
[setup in-reg] reset -> _27298_/RESET_B : -12.143550
[setup in-reg] reset -> _27299_/RESET_B : -12.143550
[setup in-reg] reset -> _27300_/RESET_B : -12.143550
[setup in-reg] reset -> _27301_/RESET_B : -12.143550
[setup in-reg] reset -> _27302_/RESET_B : -12.143550
[setup in-reg] reset -> _27303_/RESET_B : -12.143550
[setup in-reg] reset -> _27304_/RESET_B : -12.143550
[setup in-reg] reset -> _27305_/RESET_B : -12.143550
[setup in-reg] reset -> _27306_/RESET_B : -12.143550
[setup in-reg] reset -> _27307_/RESET_B : -12.143550
[setup in-reg] reset -> _27308_/RESET_B : -12.143550
[setup in-reg] reset -> _27309_/RESET_B : -12.143550
[setup in-reg] reset -> _27310_/RESET_B : -12.143550
[setup in-reg] reset -> _27311_/RESET_B : -12.143550
[setup in-reg] reset -> _27312_/RESET_B : -12.143550
[setup in-reg] reset -> _27313_/RESET_B : -12.143550
[setup in-reg] reset -> _27314_/RESET_B : -12.143550
[setup in-reg] reset -> _27315_/RESET_B : -12.143550
[setup in-reg] reset -> _27316_/RESET_B : -12.143550
[setup in-reg] reset -> _27317_/RESET_B : -12.143550
[setup in-reg] reset -> _27318_/RESET_B : -12.143550
[setup in-reg] reset -> _27319_/RESET_B : -12.143550
[setup in-reg] reset -> _27320_/RESET_B : -12.143550
[setup in-reg] reset -> _27321_/RESET_B : -12.143550
[setup in-reg] reset -> _27322_/RESET_B : -12.143550
[setup in-reg] reset -> _27323_/RESET_B : -12.143550
[setup in-reg] reset -> _27324_/RESET_B : -12.143550
[setup in-reg] reset -> _27325_/RESET_B : -12.143550
[setup in-reg] reset -> _27326_/RESET_B : -12.143550
[setup in-reg] reset -> _27327_/RESET_B : -12.143550
[setup in-reg] reset -> _27328_/RESET_B : -12.143550
[setup in-reg] reset -> _27329_/RESET_B : -12.143550
[setup in-reg] reset -> _27330_/RESET_B : -12.143550
[setup in-reg] reset -> _27331_/RESET_B : -12.143550
[setup in-reg] reset -> _27332_/RESET_B : -12.143550
[setup in-reg] reset -> _27333_/RESET_B : -12.143550
[setup in-reg] reset -> _27334_/RESET_B : -12.143550
[setup in-reg] reset -> _27335_/RESET_B : -12.143550
[setup in-reg] reset -> _27336_/RESET_B : -12.143550
[setup in-reg] reset -> _27337_/RESET_B : -12.143550
[setup in-reg] reset -> _27338_/RESET_B : -12.143550
[setup in-reg] reset -> _27339_/RESET_B : -12.143550
[setup in-reg] reset -> _27340_/RESET_B : -12.143550
[setup in-reg] reset -> _27341_/RESET_B : -12.143550
[setup in-reg] reset -> _27342_/RESET_B : -12.143550
[setup in-reg] reset -> _27343_/RESET_B : -12.143550
[setup in-reg] reset -> _27344_/RESET_B : -12.143550
[setup in-reg] reset -> _27345_/RESET_B : -12.143550
[setup in-reg] reset -> _27346_/RESET_B : -12.143550
[setup in-reg] reset -> _27347_/RESET_B : -12.143550
[setup in-reg] reset -> _27348_/RESET_B : -12.143550
[setup in-reg] reset -> _27349_/RESET_B : -12.143550
[setup in-reg] reset -> _27350_/RESET_B : -12.143550
[setup in-reg] reset -> _27351_/RESET_B : -12.143550
[setup in-reg] reset -> _27352_/RESET_B : -12.143550
[setup in-reg] reset -> _27353_/RESET_B : -12.143550
[setup in-reg] reset -> _27354_/RESET_B : -12.143550
[setup in-reg] reset -> _27355_/RESET_B : -12.143550
[setup in-reg] reset -> _27356_/RESET_B : -12.143550
[setup in-reg] reset -> _27357_/RESET_B : -12.143550
[setup in-reg] reset -> _27358_/RESET_B : -12.143550
[setup in-reg] reset -> _27359_/RESET_B : -12.143550
[setup in-reg] reset -> _27360_/RESET_B : -12.143550
[setup in-reg] reset -> _27361_/RESET_B : -12.143550
[setup in-reg] reset -> _27362_/RESET_B : -12.143550
[setup in-reg] reset -> _27363_/RESET_B : -12.143550
[setup in-reg] reset -> _27364_/RESET_B : -12.143550
[setup in-reg] reset -> _27365_/RESET_B : -12.143550
[setup in-reg] reset -> _27366_/RESET_B : -12.143550
[setup in-reg] reset -> _27367_/RESET_B : -12.143550
[setup in-reg] reset -> _27368_/RESET_B : -12.143550
[setup in-reg] reset -> _27369_/RESET_B : -12.143550
[setup in-reg] reset -> _27370_/RESET_B : -12.143550
[setup in-reg] reset -> _27371_/RESET_B : -12.143550
[setup in-reg] reset -> _27372_/RESET_B : -12.143550
[setup in-reg] reset -> _27373_/RESET_B : -12.143550
[setup in-reg] reset -> _27374_/RESET_B : -12.143550
[setup in-reg] reset -> _27375_/RESET_B : -12.143550
[setup in-reg] reset -> _27376_/RESET_B : -12.143550
[setup in-reg] reset -> _27377_/RESET_B : -12.143550
[setup in-reg] reset -> _27378_/RESET_B : -12.143550
[setup in-reg] reset -> _27379_/RESET_B : -12.143550
[setup in-reg] reset -> _27380_/RESET_B : -12.143550
[setup in-reg] reset -> _27381_/RESET_B : -12.143550
[setup in-reg] reset -> _27382_/RESET_B : -12.143550
[setup in-reg] reset -> _27383_/RESET_B : -12.143550
[setup in-reg] reset -> _27384_/RESET_B : -12.143550
[setup in-reg] reset -> _27385_/RESET_B : -12.143550
[setup in-reg] reset -> _27386_/RESET_B : -12.143550
[setup in-reg] reset -> _27387_/RESET_B : -12.143550
[setup in-reg] reset -> _27388_/RESET_B : -12.143550
[setup in-reg] reset -> _27389_/RESET_B : -12.143550
[setup in-reg] reset -> _27390_/RESET_B : -12.143550
[setup in-reg] reset -> _27391_/RESET_B : -12.143550
[setup in-reg] reset -> _27392_/RESET_B : -12.143550
[setup in-reg] reset -> _27393_/RESET_B : -12.143550
[setup in-reg] reset -> _27394_/RESET_B : -12.143550
[setup in-reg] reset -> _27395_/RESET_B : -12.143550
[setup in-reg] reset -> _27396_/RESET_B : -12.143550
[setup in-reg] reset -> _27397_/RESET_B : -12.143550
[setup in-reg] reset -> _27398_/RESET_B : -12.143550
[setup in-reg] reset -> _27399_/RESET_B : -12.143550
[setup in-reg] reset -> _27400_/RESET_B : -12.143550
[setup in-reg] reset -> _27401_/RESET_B : -12.143550
[setup in-reg] reset -> _27402_/RESET_B : -12.143550
[setup in-reg] reset -> _27403_/RESET_B : -12.143550
[setup in-reg] reset -> _27404_/RESET_B : -12.143550
[setup in-reg] reset -> _27405_/RESET_B : -12.143550
[setup in-reg] reset -> _27406_/RESET_B : -12.143550
[setup in-reg] reset -> _27407_/RESET_B : -12.143550
[setup in-reg] reset -> _27408_/RESET_B : -12.143550
[setup in-reg] reset -> _27409_/RESET_B : -12.143550
[setup in-reg] reset -> _27410_/RESET_B : -12.143550
[setup in-reg] reset -> _27411_/RESET_B : -12.143550
[setup in-reg] reset -> _27412_/RESET_B : -12.143550
[setup in-reg] reset -> _27413_/RESET_B : -12.143550
[setup in-reg] reset -> _27414_/RESET_B : -12.143550
[setup in-reg] reset -> _27415_/RESET_B : -12.143550
[setup in-reg] reset -> _27416_/RESET_B : -12.143550
[setup in-reg] reset -> _27417_/RESET_B : -12.143550
[setup in-reg] reset -> _27418_/RESET_B : -12.143550
[setup in-reg] reset -> _27419_/RESET_B : -12.143550
[setup in-reg] reset -> _27420_/RESET_B : -12.143550
[setup in-reg] reset -> _27421_/RESET_B : -12.143550
[setup in-reg] reset -> _27422_/RESET_B : -12.143550
[setup in-reg] reset -> _27423_/RESET_B : -12.143550
[setup in-reg] reset -> _27424_/RESET_B : -12.143550
[setup in-reg] reset -> _27425_/RESET_B : -12.143550
[setup in-reg] reset -> _27426_/RESET_B : -12.143550
[setup in-reg] reset -> _27427_/RESET_B : -12.143550
[setup in-reg] reset -> _27428_/RESET_B : -12.143550
[setup in-reg] reset -> _27429_/RESET_B : -12.143550
[setup in-reg] reset -> _27430_/RESET_B : -12.143550
[setup in-reg] reset -> _27431_/RESET_B : -12.143550
[setup in-reg] reset -> _27432_/RESET_B : -12.143550
[setup in-reg] reset -> _27433_/RESET_B : -12.143550
[setup in-reg] reset -> _27434_/RESET_B : -12.143550
[setup in-reg] reset -> _27435_/RESET_B : -12.143550
[setup in-reg] reset -> _27436_/RESET_B : -12.143550
[setup in-reg] reset -> _27437_/RESET_B : -12.143550
[setup in-reg] reset -> _27438_/RESET_B : -12.143550
[setup in-reg] reset -> _27439_/RESET_B : -12.143550
[setup in-reg] reset -> _27440_/RESET_B : -12.143550
[setup in-reg] reset -> _27441_/RESET_B : -12.143550
[setup in-reg] reset -> _27442_/RESET_B : -12.143550
[setup in-reg] reset -> _27443_/RESET_B : -12.143550
[setup in-reg] reset -> _27444_/RESET_B : -12.143550
[setup in-reg] reset -> _27445_/RESET_B : -12.143550
[setup in-reg] reset -> _27446_/RESET_B : -12.143550
[setup in-reg] reset -> _27447_/RESET_B : -12.143550
[setup in-reg] reset -> _27448_/RESET_B : -12.143550
[setup in-reg] reset -> _27449_/RESET_B : -12.143550
[setup in-reg] reset -> _27450_/RESET_B : -12.143550
[setup in-reg] reset -> _27451_/RESET_B : -12.143550
[setup in-reg] reset -> _27452_/RESET_B : -12.143550
[setup in-reg] reset -> _27453_/RESET_B : -12.143550
[setup in-reg] reset -> _27454_/RESET_B : -12.143550
[setup in-reg] reset -> _27455_/RESET_B : -12.143550
[setup in-reg] reset -> _27456_/RESET_B : -12.143550
[setup in-reg] reset -> _27457_/RESET_B : -12.143550
[setup in-reg] reset -> _27458_/RESET_B : -12.143550
[setup in-reg] reset -> _27459_/RESET_B : -12.143550
[setup in-reg] reset -> _27460_/RESET_B : -12.143550
[setup in-reg] reset -> _27461_/RESET_B : -12.143550
[setup in-reg] reset -> _27462_/RESET_B : -12.143550
[setup in-reg] reset -> _27463_/RESET_B : -12.143550
[setup in-reg] reset -> _27464_/RESET_B : -12.143550
[setup in-reg] reset -> _27465_/RESET_B : -12.143550
[setup in-reg] reset -> _27466_/RESET_B : -12.143550
[setup in-reg] reset -> _27467_/RESET_B : -12.143550
[setup in-reg] reset -> _27468_/RESET_B : -12.143550
[setup in-reg] reset -> _27469_/RESET_B : -12.143550
[setup in-reg] reset -> _27470_/RESET_B : -12.143550
[setup in-reg] reset -> _27471_/RESET_B : -12.143550
[setup in-reg] reset -> _27472_/RESET_B : -12.143550
[setup in-reg] reset -> _27473_/RESET_B : -12.143550
[setup in-reg] reset -> _27474_/RESET_B : -12.143550
[setup in-reg] reset -> _27475_/RESET_B : -12.143550
[setup in-reg] reset -> _27476_/RESET_B : -12.143550
[setup in-reg] reset -> _27477_/RESET_B : -12.143550
[setup in-reg] reset -> _27478_/RESET_B : -12.143550
[setup in-reg] reset -> _27479_/RESET_B : -12.143550
[setup in-reg] reset -> _27480_/RESET_B : -12.143550
[setup in-reg] reset -> _27481_/RESET_B : -12.143550
[setup in-reg] reset -> _27482_/RESET_B : -12.143550
[setup in-reg] reset -> _27483_/RESET_B : -12.143550
[setup in-reg] reset -> _27484_/RESET_B : -12.143550
[setup in-reg] reset -> _27485_/RESET_B : -12.143550
[setup in-reg] reset -> _27486_/RESET_B : -12.143550
[setup in-reg] reset -> _27487_/RESET_B : -12.143550
[setup in-reg] reset -> _27488_/RESET_B : -12.143550
[setup in-reg] reset -> _27489_/RESET_B : -12.143550
[setup in-reg] reset -> _27490_/RESET_B : -12.143550
[setup in-reg] reset -> _27491_/RESET_B : -12.143550
[setup in-reg] reset -> _27492_/RESET_B : -12.143550
[setup in-reg] reset -> _27493_/RESET_B : -12.143550
[setup in-reg] reset -> _27494_/RESET_B : -12.143550
[setup in-reg] reset -> _27495_/RESET_B : -12.143550
[setup in-reg] reset -> _27496_/RESET_B : -12.143550
[setup in-reg] reset -> _27497_/RESET_B : -12.143550
[setup in-reg] reset -> _27498_/RESET_B : -12.143550
[setup in-reg] reset -> _27499_/RESET_B : -12.143550
[setup in-reg] reset -> _27500_/RESET_B : -12.143550
[setup in-reg] reset -> _27501_/RESET_B : -12.143550
[setup in-reg] reset -> _27502_/RESET_B : -12.143550
[setup in-reg] reset -> _27503_/RESET_B : -12.143550
[setup in-reg] reset -> _27504_/RESET_B : -12.143550
[setup in-reg] reset -> _27505_/RESET_B : -12.143550
[setup in-reg] reset -> _27506_/RESET_B : -12.143550
[setup in-reg] reset -> _27507_/RESET_B : -12.143550
[setup in-reg] reset -> _27508_/RESET_B : -12.143550
[setup in-reg] reset -> _27509_/RESET_B : -12.143550
[setup in-reg] reset -> _27510_/RESET_B : -12.143550
[setup in-reg] reset -> _27511_/RESET_B : -12.143550
[setup in-reg] reset -> _27512_/RESET_B : -12.143550
[setup in-reg] reset -> _27513_/RESET_B : -12.143550
[setup in-reg] reset -> _27514_/RESET_B : -12.143550
[setup in-reg] reset -> _27515_/RESET_B : -12.143550
[setup in-reg] reset -> _27516_/RESET_B : -12.143550
[setup in-reg] reset -> _27517_/RESET_B : -12.143550
[setup in-reg] reset -> _27518_/RESET_B : -12.143550
[setup in-reg] reset -> _27519_/RESET_B : -12.143550
[setup in-reg] reset -> _27520_/RESET_B : -12.143550
[setup in-reg] reset -> _27521_/RESET_B : -12.143550
[setup in-reg] reset -> _27522_/RESET_B : -12.143550
[setup in-reg] reset -> _27523_/RESET_B : -12.143550
[setup in-reg] reset -> _27524_/RESET_B : -12.143550
[setup in-reg] reset -> _27525_/RESET_B : -12.143550
[setup in-reg] reset -> _27526_/RESET_B : -12.143550
[setup in-reg] reset -> _27527_/RESET_B : -12.143550
[setup in-reg] reset -> _27528_/RESET_B : -12.143550
[setup in-reg] reset -> _27529_/RESET_B : -12.143550
[setup in-reg] reset -> _27530_/RESET_B : -12.143550
[setup in-reg] reset -> _27531_/RESET_B : -12.143550
[setup in-reg] reset -> _27532_/RESET_B : -12.143550
[setup in-reg] reset -> _27533_/RESET_B : -12.143550
[setup in-reg] reset -> _27534_/RESET_B : -12.143550
[setup in-reg] reset -> _27535_/RESET_B : -12.143550
[setup in-reg] reset -> _27536_/RESET_B : -12.143550
[setup in-reg] reset -> _27537_/RESET_B : -12.143550
[setup in-reg] reset -> _27538_/RESET_B : -12.143550
[setup in-reg] reset -> _27539_/RESET_B : -12.143550
[setup in-reg] reset -> _27540_/RESET_B : -12.143550
[setup in-reg] reset -> _27541_/RESET_B : -12.143550
[setup in-reg] reset -> _27542_/RESET_B : -12.143550
[setup in-reg] reset -> _27543_/RESET_B : -12.143550
[setup in-reg] reset -> _27544_/RESET_B : -12.143550
[setup in-reg] reset -> _27545_/RESET_B : -12.143550
[setup in-reg] reset -> _27546_/RESET_B : -12.143550
[setup in-reg] reset -> _27547_/RESET_B : -12.143550
[setup in-reg] reset -> _27548_/RESET_B : -12.143550
[setup in-reg] reset -> _27549_/RESET_B : -12.143550
[setup in-reg] reset -> _27550_/RESET_B : -12.143550
[setup in-reg] reset -> _27551_/RESET_B : -12.143550
[setup in-reg] reset -> _27552_/RESET_B : -12.143550
[setup in-reg] reset -> _27553_/RESET_B : -12.143550
[setup in-reg] reset -> _27554_/RESET_B : -12.143550
[setup in-reg] reset -> _27555_/RESET_B : -12.143550
[setup in-reg] reset -> _27556_/RESET_B : -12.143550
[setup in-reg] reset -> _27557_/RESET_B : -12.143550
[setup in-reg] reset -> _27558_/RESET_B : -12.143550
[setup in-reg] reset -> _27559_/RESET_B : -12.143550
[setup in-reg] reset -> _27560_/RESET_B : -12.143550
[setup in-reg] reset -> _27561_/RESET_B : -12.143550
[setup in-reg] reset -> _27562_/RESET_B : -12.143550
[setup in-reg] reset -> _27563_/RESET_B : -12.143550
[setup in-reg] reset -> _27564_/RESET_B : -12.143550
[setup in-reg] reset -> _27565_/RESET_B : -12.143550
[setup in-reg] reset -> _27566_/RESET_B : -12.143550
[setup in-reg] reset -> _27567_/RESET_B : -12.143550
[setup in-reg] reset -> _27568_/RESET_B : -12.143550
[setup in-reg] reset -> _27569_/RESET_B : -12.143550
[setup in-reg] reset -> _27570_/RESET_B : -12.143550
[setup in-reg] reset -> _27571_/RESET_B : -12.143550
[setup in-reg] reset -> _27572_/RESET_B : -12.143550
[setup in-reg] reset -> _27573_/RESET_B : -12.143550
[setup in-reg] reset -> _27574_/RESET_B : -12.143550
[setup in-reg] reset -> _27575_/RESET_B : -12.143550
[setup in-reg] reset -> _27576_/RESET_B : -12.143550
[setup in-reg] reset -> _27577_/RESET_B : -12.143550
[setup in-reg] reset -> _27578_/RESET_B : -12.143550
[setup in-reg] reset -> _27579_/RESET_B : -12.143550
[setup in-reg] reset -> _27580_/RESET_B : -12.143550
[setup in-reg] reset -> _27581_/RESET_B : -12.143550
[setup in-reg] reset -> _27582_/RESET_B : -12.143550
[setup in-reg] reset -> _27583_/RESET_B : -12.143550
[setup in-reg] reset -> _27584_/RESET_B : -12.143550
[setup in-reg] reset -> _27585_/RESET_B : -12.143550
[setup in-reg] reset -> _27586_/RESET_B : -12.143550
[setup in-reg] reset -> _27587_/RESET_B : -12.143550
[setup in-reg] reset -> _27588_/RESET_B : -12.143550
[setup in-reg] reset -> _27589_/RESET_B : -12.143550
[setup in-reg] reset -> _27590_/RESET_B : -12.143550
[setup in-reg] reset -> _27591_/RESET_B : -12.143550
[setup in-reg] reset -> _27592_/RESET_B : -12.143550
[setup in-reg] reset -> _27593_/RESET_B : -12.143550
[setup in-reg] reset -> _27594_/RESET_B : -12.143550
[setup in-reg] reset -> _27595_/RESET_B : -12.143550
[setup in-reg] reset -> _27596_/RESET_B : -12.143550
[setup in-reg] reset -> _27597_/RESET_B : -12.143550
[setup in-reg] reset -> _27598_/RESET_B : -12.143550
[setup in-reg] reset -> _27599_/RESET_B : -12.143550
[setup in-reg] reset -> _27600_/RESET_B : -12.143550
[setup in-reg] reset -> _27601_/RESET_B : -12.143550
[setup in-reg] reset -> _27602_/RESET_B : -12.143550
[setup in-reg] reset -> _27603_/RESET_B : -12.143550
[setup in-reg] reset -> _27604_/RESET_B : -12.143550
[setup in-reg] reset -> _27605_/RESET_B : -12.143550
[setup in-reg] reset -> _27606_/RESET_B : -12.143550
[setup in-reg] reset -> _27607_/RESET_B : -12.143550
[setup in-reg] reset -> _27608_/RESET_B : -12.143550
[setup in-reg] reset -> _27609_/RESET_B : -12.143550
[setup in-reg] reset -> _27610_/RESET_B : -12.143550
[setup in-reg] reset -> _27611_/RESET_B : -12.143550
[setup in-reg] reset -> _27612_/RESET_B : -12.143550
[setup in-reg] reset -> _27613_/RESET_B : -12.143550
[setup in-reg] reset -> _27614_/RESET_B : -12.143550
[setup in-reg] reset -> _27615_/RESET_B : -12.143550
[setup in-reg] reset -> _27616_/RESET_B : -12.143550
[setup in-reg] reset -> _27617_/RESET_B : -12.143550
[setup in-reg] reset -> _27618_/RESET_B : -12.143550
[setup in-reg] reset -> _27619_/RESET_B : -12.143550
[setup in-reg] reset -> _27620_/RESET_B : -12.143550
[setup in-reg] reset -> _27621_/RESET_B : -12.143550
[setup in-reg] reset -> _27622_/RESET_B : -12.143550
[setup in-reg] reset -> _27623_/RESET_B : -12.143550
[setup in-reg] reset -> _27624_/RESET_B : -12.143550
[setup in-reg] reset -> _27625_/RESET_B : -12.143550
[setup in-reg] reset -> _27626_/RESET_B : -12.143550
[setup in-reg] reset -> _27627_/RESET_B : -12.143550
[setup in-reg] reset -> _27628_/RESET_B : -12.143550
[setup in-reg] reset -> _27629_/RESET_B : -12.143550
[setup in-reg] reset -> _27630_/RESET_B : -12.143550
[setup in-reg] reset -> _27631_/RESET_B : -12.143550
[setup in-reg] reset -> _27632_/RESET_B : -12.143550
[setup in-reg] reset -> _27633_/RESET_B : -12.143550
[setup in-reg] reset -> _27634_/RESET_B : -12.143550
[setup in-reg] reset -> _27635_/RESET_B : -12.143550
[setup in-reg] reset -> _27636_/RESET_B : -12.143550
[setup in-reg] reset -> _27637_/RESET_B : -12.143550
[setup in-reg] reset -> _27638_/RESET_B : -12.143550
[setup in-reg] reset -> _27639_/RESET_B : -12.143550
[setup in-reg] reset -> _27640_/RESET_B : -12.143550
[setup in-reg] reset -> _27641_/RESET_B : -12.143550
[setup in-reg] reset -> _27642_/RESET_B : -12.143550
[setup in-reg] reset -> _27643_/RESET_B : -12.143550
[setup in-reg] reset -> _27644_/RESET_B : -12.143550
[setup in-reg] reset -> _27645_/RESET_B : -12.143550
[setup in-reg] reset -> _27646_/RESET_B : -12.143550
[setup in-reg] reset -> _27647_/RESET_B : -12.143550
[setup in-reg] reset -> _27648_/RESET_B : -12.143550
[setup in-reg] reset -> _27649_/RESET_B : -12.143550
[setup in-reg] reset -> _27650_/RESET_B : -12.143550
[setup in-reg] reset -> _27651_/RESET_B : -12.143550
[setup in-reg] reset -> _27652_/RESET_B : -12.143550
[setup in-reg] reset -> _27653_/RESET_B : -12.143550
[setup in-reg] reset -> _27654_/RESET_B : -12.143550
[setup in-reg] reset -> _27655_/RESET_B : -12.143550
[setup in-reg] reset -> _27656_/RESET_B : -12.143550
[setup in-reg] reset -> _27657_/RESET_B : -12.143550
[setup in-reg] reset -> _27658_/RESET_B : -12.143550
[setup in-reg] reset -> _27659_/RESET_B : -12.143550
[setup in-reg] reset -> _27660_/RESET_B : -12.143550
[setup in-reg] reset -> _27661_/RESET_B : -12.143550
[setup in-reg] reset -> _27662_/RESET_B : -12.143550
[setup in-reg] reset -> _27663_/RESET_B : -12.143550
[setup in-reg] reset -> _27664_/RESET_B : -12.143550
[setup in-reg] reset -> _27665_/RESET_B : -12.143550
[setup in-reg] reset -> _27666_/RESET_B : -12.143550
[setup in-reg] reset -> _27667_/RESET_B : -12.143550
[setup in-reg] reset -> _27668_/RESET_B : -12.143550
[setup in-reg] reset -> _27669_/RESET_B : -12.143550
[setup in-reg] reset -> _27670_/RESET_B : -12.143550
[setup in-reg] reset -> _27671_/RESET_B : -12.143550
[setup in-reg] reset -> _27672_/RESET_B : -12.143550
[setup in-reg] reset -> _27673_/RESET_B : -12.143550
[setup in-reg] reset -> _27674_/RESET_B : -12.143550
[setup in-reg] reset -> _27675_/RESET_B : -12.143550
[setup in-reg] reset -> _27676_/RESET_B : -12.143550
[setup in-reg] reset -> _27677_/RESET_B : -12.143550
[setup in-reg] reset -> _27678_/RESET_B : -12.143550
[setup in-reg] reset -> _27679_/RESET_B : -12.143550
[setup in-reg] reset -> _27680_/RESET_B : -12.143550
[setup in-reg] reset -> _27681_/RESET_B : -12.143550
[setup in-reg] reset -> _27682_/RESET_B : -12.143550
[setup in-reg] reset -> _27683_/RESET_B : -12.143550
[setup in-reg] reset -> _27684_/RESET_B : -12.143550
[setup in-reg] reset -> _27685_/RESET_B : -12.143550
[setup in-reg] reset -> _27686_/RESET_B : -12.143550
[setup in-reg] reset -> _27687_/RESET_B : -12.143550
[setup in-reg] reset -> _27688_/RESET_B : -12.143550
[setup in-reg] reset -> _27689_/RESET_B : -12.143550
[setup in-reg] reset -> _27690_/RESET_B : -12.143550
[setup in-reg] reset -> _27691_/RESET_B : -12.143550
[setup in-reg] reset -> _27692_/RESET_B : -12.143550
[setup in-reg] reset -> _27693_/RESET_B : -12.143550
[setup in-reg] reset -> _27694_/RESET_B : -12.143550
[setup in-reg] reset -> _27695_/RESET_B : -12.143550
[setup in-reg] reset -> _27696_/RESET_B : -12.143550
[setup in-reg] reset -> _27697_/RESET_B : -12.143550
[setup in-reg] reset -> _27698_/RESET_B : -12.143550
[setup in-reg] reset -> _27699_/RESET_B : -12.143550
[setup in-reg] reset -> _27700_/RESET_B : -12.143550
[setup in-reg] reset -> _27701_/RESET_B : -12.143550
[setup in-reg] reset -> _27702_/RESET_B : -12.143550
[setup in-reg] reset -> _27703_/RESET_B : -12.143550
[setup in-reg] reset -> _27704_/RESET_B : -12.143550
[setup in-reg] reset -> _27705_/RESET_B : -12.143550
[setup in-reg] reset -> _27706_/RESET_B : -12.143550
[setup in-reg] reset -> _27707_/RESET_B : -12.143550
[setup in-reg] reset -> _27708_/RESET_B : -12.143550
[setup in-reg] reset -> _27709_/RESET_B : -12.143550
[setup in-reg] reset -> _27710_/RESET_B : -12.143550
[setup in-reg] reset -> _27711_/RESET_B : -12.143550
[setup in-reg] reset -> _27712_/RESET_B : -12.143550
[setup in-reg] reset -> _27713_/RESET_B : -12.143550
[setup in-reg] reset -> _27714_/RESET_B : -12.143550
[setup in-reg] reset -> _27715_/RESET_B : -12.143550
[setup in-reg] reset -> _27716_/RESET_B : -12.143550
[setup in-reg] reset -> _27717_/RESET_B : -12.143550
[setup in-reg] reset -> _27718_/RESET_B : -12.143550
[setup in-reg] reset -> _27719_/RESET_B : -12.143550
[setup in-reg] reset -> _27720_/RESET_B : -12.143550
[setup in-reg] reset -> _27721_/RESET_B : -12.143550
[setup in-reg] reset -> _27722_/RESET_B : -12.143550
[setup in-reg] reset -> _27723_/RESET_B : -12.143550
[setup in-reg] reset -> _27724_/RESET_B : -12.143550
[setup in-reg] reset -> _27725_/RESET_B : -12.143550
[setup in-reg] reset -> _27726_/RESET_B : -12.143550
[setup in-reg] reset -> _27727_/RESET_B : -12.143550
[setup in-reg] reset -> _27728_/RESET_B : -12.143550
[setup in-reg] reset -> _27729_/RESET_B : -12.143550
[setup in-reg] reset -> _27730_/RESET_B : -12.143550
[setup in-reg] reset -> _27731_/RESET_B : -12.143550
[setup in-reg] reset -> _27732_/RESET_B : -12.143550
[setup in-reg] reset -> _27733_/RESET_B : -12.143550
[setup in-reg] reset -> _27734_/RESET_B : -12.143550
[setup in-reg] reset -> _27735_/RESET_B : -12.143550
[setup in-reg] reset -> _27736_/RESET_B : -12.143550
[setup in-reg] reset -> _27737_/RESET_B : -12.143550
[setup in-reg] reset -> _27738_/RESET_B : -12.143550
[setup in-reg] reset -> _27739_/RESET_B : -12.143550
[setup in-reg] reset -> _27740_/RESET_B : -12.143550
[setup in-reg] reset -> _27741_/RESET_B : -12.143550
[setup in-reg] reset -> _27742_/RESET_B : -12.143550
[setup in-reg] reset -> _27743_/RESET_B : -12.143550
[setup in-reg] reset -> _27744_/RESET_B : -12.143550
[setup in-reg] reset -> _27745_/RESET_B : -12.143550
[setup in-reg] reset -> _27746_/RESET_B : -12.143550
[setup in-reg] reset -> _27747_/RESET_B : -12.143550
[setup in-reg] reset -> _27748_/RESET_B : -12.143550
[setup in-reg] reset -> _27749_/RESET_B : -12.143550
[setup in-reg] reset -> _27750_/RESET_B : -12.143550
[setup in-reg] reset -> _27751_/RESET_B : -12.143550
[setup in-reg] reset -> _27752_/RESET_B : -12.143550
[setup in-reg] reset -> _27753_/RESET_B : -12.143550
[setup in-reg] reset -> _27754_/RESET_B : -12.143550
[setup in-reg] reset -> _27755_/RESET_B : -12.143550
[setup in-reg] reset -> _27756_/RESET_B : -12.143550
[setup in-reg] reset -> _27757_/RESET_B : -12.143550
[setup in-reg] reset -> _27758_/RESET_B : -12.143550
[setup in-reg] reset -> _27759_/RESET_B : -12.143550
[setup in-reg] reset -> _27760_/RESET_B : -12.143550
[setup in-reg] reset -> _27761_/RESET_B : -12.143550
[setup in-reg] reset -> _27762_/RESET_B : -12.143550
[setup in-reg] reset -> _27763_/RESET_B : -12.143550
[setup in-reg] reset -> _27764_/RESET_B : -12.143550
[setup in-reg] reset -> _27765_/RESET_B : -12.143550
[setup in-reg] reset -> _27766_/RESET_B : -12.143550
[setup in-reg] reset -> _27767_/RESET_B : -12.143550
[setup in-reg] reset -> _27768_/RESET_B : -12.143550
[setup in-reg] reset -> _27769_/RESET_B : -12.143550
[setup in-reg] reset -> _27770_/RESET_B : -12.143550
[setup in-reg] reset -> _27771_/RESET_B : -12.143550
[setup in-reg] reset -> _27772_/RESET_B : -12.143550
[setup in-reg] reset -> _27773_/RESET_B : -12.143550
[setup in-reg] reset -> _27774_/RESET_B : -12.143550
[setup in-reg] reset -> _27775_/RESET_B : -12.143550
[setup in-reg] reset -> _27776_/RESET_B : -12.143550
[setup in-reg] reset -> _27777_/RESET_B : -12.143550
[setup in-reg] reset -> _27778_/RESET_B : -12.143550
[setup in-reg] reset -> _27779_/RESET_B : -12.143550
[setup in-reg] reset -> _27780_/RESET_B : -12.143550
[setup in-reg] reset -> _27781_/RESET_B : -12.143550
[setup in-reg] reset -> _27782_/RESET_B : -12.143550
[setup in-reg] reset -> _27783_/RESET_B : -12.143550
[setup in-reg] reset -> _27784_/RESET_B : -12.143550
[setup in-reg] reset -> _27785_/RESET_B : -12.143550
[setup in-reg] reset -> _27786_/RESET_B : -12.143550
[setup in-reg] reset -> _27787_/RESET_B : -12.143550
[setup in-reg] reset -> _27788_/RESET_B : -12.143550
[setup in-reg] reset -> _27789_/RESET_B : -12.143550
[setup in-reg] reset -> _27790_/RESET_B : -12.143550
[setup in-reg] reset -> _27791_/RESET_B : -12.143550
[setup in-reg] reset -> _27792_/RESET_B : -12.143550
[setup in-reg] reset -> _27793_/RESET_B : -12.143550
[setup in-reg] reset -> _27794_/RESET_B : -12.143550
[setup in-reg] reset -> _27795_/RESET_B : -12.143550
[setup in-reg] reset -> _27796_/RESET_B : -12.143550
[setup in-reg] reset -> _27797_/RESET_B : -12.143550
[setup in-reg] reset -> _27798_/RESET_B : -12.143550
[setup in-reg] reset -> _27799_/RESET_B : -12.143550
[setup in-reg] reset -> _27800_/RESET_B : -12.143550
[setup in-reg] reset -> _27801_/RESET_B : -12.143550
[setup in-reg] reset -> _27802_/RESET_B : -12.143550
[setup in-reg] reset -> _27803_/RESET_B : -12.143550
[setup in-reg] reset -> _27804_/RESET_B : -12.143550
[setup in-reg] reset -> _27805_/RESET_B : -12.143550
[setup in-reg] reset -> _27806_/RESET_B : -12.143550
[setup in-reg] reset -> _27807_/RESET_B : -12.143550
[setup in-reg] reset -> _27808_/RESET_B : -12.143550
[setup in-reg] reset -> _27809_/RESET_B : -12.143550
[setup in-reg] reset -> _27810_/RESET_B : -12.143550
[setup in-reg] reset -> _27811_/RESET_B : -12.143550
[setup in-reg] reset -> _27812_/RESET_B : -12.143550
[setup in-reg] reset -> _27813_/RESET_B : -12.143550
[setup in-reg] reset -> _27814_/RESET_B : -12.143550
[setup in-reg] reset -> _27815_/RESET_B : -12.143550
[setup in-reg] reset -> _27816_/RESET_B : -12.143550
[setup in-reg] reset -> _27817_/RESET_B : -12.143550
[setup in-reg] reset -> _27818_/RESET_B : -12.143550
[setup in-reg] reset -> _27819_/RESET_B : -12.143550
[setup in-reg] reset -> _27820_/RESET_B : -12.143550
[setup in-reg] reset -> _27821_/RESET_B : -12.143550
[setup in-reg] reset -> _27822_/RESET_B : -12.143550
[setup in-reg] reset -> _27823_/RESET_B : -12.143550
[setup in-reg] reset -> _27824_/RESET_B : -12.143550
[setup in-reg] reset -> _27825_/RESET_B : -12.143550
[setup in-reg] reset -> _27826_/RESET_B : -12.143550
[setup in-reg] reset -> _27827_/RESET_B : -12.143550
[setup in-reg] reset -> _27828_/RESET_B : -12.143550
[setup in-reg] reset -> _27829_/RESET_B : -12.143550
[setup in-reg] reset -> _27830_/RESET_B : -12.143550
[setup in-reg] reset -> _27831_/RESET_B : -12.143550
[setup in-reg] reset -> _27832_/RESET_B : -12.143550
[setup in-reg] reset -> _27833_/RESET_B : -12.143550
[setup in-reg] reset -> _27834_/RESET_B : -12.143550
[setup in-reg] reset -> _27835_/RESET_B : -12.143550
[setup in-reg] reset -> _27836_/RESET_B : -12.143550
[setup in-reg] reset -> _27837_/RESET_B : -12.143550
[setup in-reg] reset -> _27838_/RESET_B : -12.143550
[setup in-reg] reset -> _27839_/RESET_B : -12.143550
[setup in-reg] reset -> _27840_/RESET_B : -12.143550
[setup in-reg] reset -> _27841_/RESET_B : -12.143550
[setup in-reg] reset -> _27842_/RESET_B : -12.143550
[setup in-reg] reset -> _27843_/RESET_B : -12.143550
[setup in-reg] reset -> _27844_/RESET_B : -12.143550
[setup in-reg] reset -> _27845_/RESET_B : -12.143550
[setup in-reg] reset -> _27846_/RESET_B : -12.143550
[setup in-reg] reset -> _27847_/RESET_B : -12.143550
[setup in-reg] reset -> _27848_/RESET_B : -12.143550
[setup in-reg] reset -> _27849_/RESET_B : -12.143550
[setup in-reg] reset -> _27850_/RESET_B : -12.143550
[setup in-reg] reset -> _27851_/RESET_B : -12.143550
[setup in-reg] reset -> _27852_/RESET_B : -12.143550
[setup in-reg] reset -> _27853_/RESET_B : -12.143550
[setup in-reg] reset -> _27854_/RESET_B : -12.143550
[setup in-reg] reset -> _27855_/RESET_B : -12.143550
[setup in-reg] reset -> _27856_/RESET_B : -12.143550
[setup in-reg] reset -> _27857_/RESET_B : -12.143550
[setup in-reg] reset -> _27858_/RESET_B : -12.143550
[setup in-reg] reset -> _27859_/RESET_B : -12.143550
[setup in-reg] reset -> _27860_/RESET_B : -12.143550
[setup in-reg] reset -> _27861_/RESET_B : -12.143550
[setup in-reg] reset -> _27862_/RESET_B : -12.143550
[setup in-reg] reset -> _27863_/RESET_B : -12.143550
[setup in-reg] reset -> _27864_/RESET_B : -12.143550
[setup in-reg] reset -> _27865_/RESET_B : -12.143550
[setup in-reg] reset -> _27866_/RESET_B : -12.143550
[setup in-reg] reset -> _27867_/RESET_B : -12.143550
[setup in-reg] reset -> _27868_/RESET_B : -12.143550
[setup in-reg] reset -> _27869_/RESET_B : -12.143550
[setup in-reg] reset -> _27870_/RESET_B : -12.143550
[setup in-reg] reset -> _27871_/RESET_B : -12.143550
[setup in-reg] reset -> _27872_/RESET_B : -12.143550
[setup in-reg] reset -> _27873_/RESET_B : -12.143550
[setup in-reg] reset -> _27874_/RESET_B : -12.143550
[setup in-reg] reset -> _27875_/RESET_B : -12.143550
[setup in-reg] reset -> _27876_/RESET_B : -12.143550
[setup in-reg] reset -> _27877_/RESET_B : -12.143550
[setup in-reg] reset -> _27878_/RESET_B : -12.143550
[setup in-reg] reset -> _27879_/RESET_B : -12.143550
[setup in-reg] reset -> _27880_/RESET_B : -12.143550
[setup in-reg] reset -> _27881_/RESET_B : -12.143550
[setup in-reg] reset -> _27882_/RESET_B : -12.143550
[setup in-reg] reset -> _27883_/RESET_B : -12.143550
[setup in-reg] reset -> _27884_/RESET_B : -12.143550
[setup in-reg] reset -> _27885_/RESET_B : -12.143550
[setup in-reg] reset -> _27886_/RESET_B : -12.143550
[setup in-reg] reset -> _27887_/RESET_B : -12.143550
[setup in-reg] reset -> _27888_/RESET_B : -12.143550
[setup in-reg] reset -> _27889_/RESET_B : -12.143550
[setup in-reg] reset -> _27890_/RESET_B : -12.143550
[setup in-reg] reset -> _27891_/RESET_B : -12.143550
[setup in-reg] reset -> _27892_/RESET_B : -12.143550
[setup in-reg] reset -> _27893_/RESET_B : -12.143550
[setup in-reg] reset -> _27894_/RESET_B : -12.143550
[setup in-reg] reset -> _27895_/RESET_B : -12.143550
[setup in-reg] reset -> _27896_/RESET_B : -12.143550
[setup in-reg] reset -> _27897_/RESET_B : -12.143550
[setup in-reg] reset -> _27898_/RESET_B : -12.143550
[setup in-reg] reset -> _27899_/RESET_B : -12.143550
[setup in-reg] reset -> _27900_/RESET_B : -12.143550
[setup in-reg] reset -> _27901_/RESET_B : -12.143550
[setup in-reg] reset -> _27902_/RESET_B : -12.143550
[setup in-reg] reset -> _27903_/RESET_B : -12.143550
[setup in-reg] reset -> _27904_/RESET_B : -12.143550
[setup in-reg] reset -> _27905_/RESET_B : -12.143550
[setup in-reg] reset -> _27906_/RESET_B : -12.143550
[setup in-reg] reset -> _27907_/RESET_B : -12.143550
[setup in-reg] reset -> _27908_/RESET_B : -12.143550
[setup in-reg] reset -> _27909_/RESET_B : -12.143550
[setup in-reg] reset -> _27910_/RESET_B : -12.143550
[setup in-reg] reset -> _27911_/RESET_B : -12.143550
[setup in-reg] reset -> _27912_/RESET_B : -12.143550
[setup in-reg] reset -> _27913_/RESET_B : -12.143550
[setup in-reg] reset -> _27914_/RESET_B : -12.143550
[setup in-reg] reset -> _27915_/RESET_B : -12.143550
[setup in-reg] reset -> _27916_/RESET_B : -12.143550
[setup in-reg] reset -> _27917_/RESET_B : -12.143550
[setup in-reg] reset -> _27918_/RESET_B : -12.143550
[setup in-reg] reset -> _27919_/RESET_B : -12.143550
[setup in-reg] reset -> _27920_/RESET_B : -12.143550
[setup in-reg] reset -> _27921_/RESET_B : -12.143550
[setup in-reg] reset -> _27922_/RESET_B : -12.143550
[setup in-reg] reset -> _27923_/RESET_B : -12.143550
[setup in-reg] reset -> _27924_/RESET_B : -12.143550
[setup in-reg] reset -> _27925_/RESET_B : -12.143550
[setup in-reg] reset -> _27926_/RESET_B : -12.143550
[setup in-reg] reset -> _27927_/RESET_B : -12.143550
[setup in-reg] reset -> _27928_/RESET_B : -12.143550
[setup in-reg] reset -> _27929_/RESET_B : -12.143550
[setup in-reg] reset -> _27930_/RESET_B : -12.143550
[setup in-reg] reset -> _27931_/RESET_B : -12.143550
[setup in-reg] reset -> _27932_/RESET_B : -12.143550
[setup in-reg] reset -> _27933_/RESET_B : -12.143550
[setup in-reg] reset -> _27934_/RESET_B : -12.143550
[setup in-reg] reset -> _27935_/RESET_B : -12.143550
[setup in-reg] reset -> _27936_/RESET_B : -12.143550
[setup in-reg] reset -> _27937_/RESET_B : -12.143550
[setup in-reg] reset -> _27938_/RESET_B : -12.143550
[setup in-reg] reset -> _27939_/RESET_B : -12.143550
[setup in-reg] reset -> _27940_/RESET_B : -12.143550
[setup in-reg] reset -> _27941_/RESET_B : -12.143550
[setup in-reg] reset -> _27942_/RESET_B : -12.143550
[setup in-reg] reset -> _27943_/RESET_B : -12.143550
[setup in-reg] reset -> _27944_/RESET_B : -12.143550
[setup in-reg] reset -> _27945_/RESET_B : -12.143550
[setup in-reg] reset -> _27946_/RESET_B : -12.143550
[setup in-reg] reset -> _27947_/RESET_B : -12.143550
[setup in-reg] reset -> _27948_/RESET_B : -12.143550
[setup in-reg] reset -> _27949_/RESET_B : -12.143550
[setup in-reg] reset -> _27950_/RESET_B : -12.143550
[setup in-reg] reset -> _27951_/RESET_B : -12.143550
[setup in-reg] reset -> _27952_/RESET_B : -12.143550
[setup in-reg] reset -> _27953_/RESET_B : -12.143550
[setup in-reg] reset -> _27954_/RESET_B : -12.143550
[setup in-reg] reset -> _27955_/RESET_B : -12.143550
[setup in-reg] reset -> _27956_/RESET_B : -12.143550
[setup in-reg] reset -> _27957_/RESET_B : -12.143550
[setup in-reg] reset -> _27958_/RESET_B : -12.143550
[setup in-reg] reset -> _27959_/RESET_B : -12.143550
[setup in-reg] reset -> _27960_/RESET_B : -12.143550
[setup in-reg] reset -> _27961_/RESET_B : -12.143550
[setup in-reg] reset -> _27962_/RESET_B : -12.143550
[setup in-reg] reset -> _27963_/RESET_B : -12.143550
[setup in-reg] reset -> _27964_/RESET_B : -12.143550
[setup in-reg] reset -> _27965_/RESET_B : -12.143550
[setup in-reg] reset -> _27966_/RESET_B : -12.143550
[setup in-reg] reset -> _27967_/RESET_B : -12.143550
[setup in-reg] reset -> _27968_/RESET_B : -12.143550
[setup in-reg] reset -> _27969_/RESET_B : -12.143550
[setup in-reg] reset -> _27970_/RESET_B : -12.143550
[setup in-reg] reset -> _27971_/RESET_B : -12.143550
[setup in-reg] reset -> _27972_/RESET_B : -12.143550
[setup in-reg] reset -> _27973_/RESET_B : -12.143550
[setup in-reg] reset -> _27974_/RESET_B : -12.143550
[setup in-reg] reset -> _27975_/RESET_B : -12.143550
[setup in-reg] reset -> _27976_/RESET_B : -12.143550
[setup in-reg] reset -> _27977_/RESET_B : -12.143550
[setup in-reg] reset -> _27978_/RESET_B : -12.143550
[setup in-reg] reset -> _27979_/RESET_B : -12.143550
[setup in-reg] reset -> _27980_/RESET_B : -12.143550
[setup in-reg] reset -> _27981_/RESET_B : -12.143550
[setup in-reg] reset -> _27982_/RESET_B : -12.143550
[setup in-reg] reset -> _27983_/RESET_B : -12.143550
[setup in-reg] reset -> _27984_/RESET_B : -12.143550
[setup in-reg] reset -> _27985_/RESET_B : -12.143550
[setup in-reg] reset -> _27986_/RESET_B : -12.143550
[setup in-reg] reset -> _27987_/RESET_B : -12.143550
[setup in-reg] reset -> _27988_/RESET_B : -12.143550
[setup in-reg] reset -> _27989_/RESET_B : -12.143550
[setup in-reg] reset -> _27990_/RESET_B : -12.143550
[setup in-reg] reset -> _27991_/RESET_B : -12.143550
[setup in-reg] reset -> _27992_/RESET_B : -12.143550
[setup in-reg] reset -> _27993_/RESET_B : -12.143550
[setup in-reg] reset -> _27994_/RESET_B : -12.143550
[setup in-reg] reset -> _27995_/RESET_B : -12.143550
[setup in-reg] reset -> _27996_/RESET_B : -12.143550
[setup in-reg] reset -> _27997_/RESET_B : -12.143550
[setup in-reg] reset -> _27998_/RESET_B : -12.143550
[setup in-reg] reset -> _27999_/RESET_B : -12.143550
[setup in-reg] reset -> _28000_/RESET_B : -12.143550
[setup in-reg] reset -> _28001_/RESET_B : -12.143550
[setup in-reg] reset -> _28002_/RESET_B : -12.143550
[setup in-reg] reset -> _28003_/RESET_B : -12.143550
[setup in-reg] reset -> _28004_/RESET_B : -12.143550
[setup in-reg] reset -> _28005_/RESET_B : -12.143550
[setup in-reg] reset -> _28006_/RESET_B : -12.143550
[setup in-reg] reset -> _28007_/RESET_B : -12.143550
[setup in-reg] reset -> _28008_/RESET_B : -12.143550
[setup in-reg] reset -> _28009_/RESET_B : -12.143550
[setup in-reg] reset -> _28010_/RESET_B : -12.143550
[setup in-reg] reset -> _28011_/RESET_B : -12.143550
[setup in-reg] reset -> _28012_/RESET_B : -12.143550
[setup in-reg] reset -> _28013_/RESET_B : -12.143550
[setup in-reg] reset -> _28014_/RESET_B : -12.143550
[setup in-reg] reset -> _28015_/RESET_B : -12.143550
[setup in-reg] reset -> _28016_/RESET_B : -12.143550
[setup in-reg] reset -> _28017_/RESET_B : -12.143550
[setup in-reg] reset -> _28018_/RESET_B : -12.143550
[setup in-reg] reset -> _28019_/RESET_B : -12.143550
[setup in-reg] reset -> _28020_/RESET_B : -12.143550
[setup in-reg] reset -> _28021_/RESET_B : -12.143550
[setup in-reg] reset -> _28022_/RESET_B : -12.143550
[setup in-reg] reset -> _28023_/RESET_B : -12.143550
[setup in-reg] reset -> _28024_/RESET_B : -12.143550
[setup in-reg] reset -> _28025_/RESET_B : -12.143550
[setup in-reg] reset -> _28026_/RESET_B : -12.143550
[setup in-reg] reset -> _28027_/RESET_B : -12.143550
[setup in-reg] reset -> _28028_/RESET_B : -12.143550
[setup in-reg] reset -> _28029_/RESET_B : -12.143550
[setup in-reg] reset -> _28030_/RESET_B : -12.143550
[setup in-reg] reset -> _28031_/RESET_B : -12.143550
[setup in-reg] reset -> _28032_/RESET_B : -12.143550
[setup in-reg] reset -> _28033_/RESET_B : -12.143550
[setup in-reg] reset -> _28034_/RESET_B : -12.143550
[setup in-reg] reset -> _28035_/RESET_B : -12.143550
[setup in-reg] reset -> _28036_/RESET_B : -12.143550
[setup in-reg] reset -> _28037_/RESET_B : -12.143550
[setup in-reg] reset -> _28038_/RESET_B : -12.143550
[setup in-reg] reset -> _28039_/RESET_B : -12.143550
[setup in-reg] reset -> _28040_/RESET_B : -12.143550
[setup in-reg] reset -> _28041_/RESET_B : -12.143550
[setup in-reg] reset -> _28042_/RESET_B : -12.143550
[setup in-reg] reset -> _28043_/RESET_B : -12.143550
[setup in-reg] reset -> _28044_/RESET_B : -12.143550
[setup in-reg] reset -> _28045_/RESET_B : -12.143550
[setup in-reg] reset -> _28046_/RESET_B : -12.143550
[setup in-reg] reset -> _28047_/RESET_B : -12.143550
[setup in-reg] reset -> _28048_/RESET_B : -12.143550
[setup in-reg] reset -> _28049_/RESET_B : -12.143550
[setup in-reg] reset -> _28050_/RESET_B : -12.143550
[setup in-reg] reset -> _28051_/RESET_B : -12.143550
[setup in-reg] reset -> _28052_/RESET_B : -12.143550
[setup in-reg] reset -> _28053_/RESET_B : -12.143550
[setup in-reg] reset -> _28054_/RESET_B : -12.143550
[setup in-reg] reset -> _28055_/RESET_B : -12.143550
[setup in-reg] reset -> _28056_/RESET_B : -12.143550
[setup in-reg] reset -> _28057_/RESET_B : -12.143550
[setup in-reg] reset -> _28058_/RESET_B : -12.143550
[setup in-reg] reset -> _28059_/RESET_B : -12.143550
[setup in-reg] reset -> _28060_/RESET_B : -12.143550
[setup in-reg] reset -> _28061_/RESET_B : -12.143550
[setup in-reg] reset -> _28062_/RESET_B : -12.143550
[setup in-reg] reset -> _28063_/RESET_B : -12.143550
[setup in-reg] reset -> _28064_/RESET_B : -12.143550
[setup in-reg] reset -> _28065_/RESET_B : -12.143550
[setup in-reg] reset -> _28066_/RESET_B : -12.143550
[setup in-reg] reset -> _28067_/RESET_B : -12.143550
[setup in-reg] reset -> _28068_/RESET_B : -12.143550
[setup in-reg] reset -> _28069_/RESET_B : -12.143550
[setup in-reg] reset -> _28070_/RESET_B : -12.143550
[setup in-reg] reset -> _28071_/RESET_B : -12.143550
[setup in-reg] reset -> _28072_/RESET_B : -12.143550
[setup in-reg] reset -> _28073_/RESET_B : -12.143550
[setup in-reg] reset -> _28074_/RESET_B : -12.143550
[setup in-reg] reset -> _28075_/RESET_B : -12.143550
[setup in-reg] reset -> _28076_/RESET_B : -12.143550
[setup in-reg] reset -> _28077_/RESET_B : -12.143550
[setup in-reg] reset -> _28078_/RESET_B : -12.143550
[setup in-reg] reset -> _28079_/RESET_B : -12.143550
[setup in-reg] reset -> _28080_/RESET_B : -12.143550
[setup in-reg] reset -> _28081_/RESET_B : -12.143550
[setup in-reg] reset -> _28082_/RESET_B : -12.143550
[setup in-reg] reset -> _28083_/RESET_B : -12.143550
[setup in-reg] reset -> _28084_/RESET_B : -12.143550
[setup in-reg] reset -> _28085_/RESET_B : -12.143550
[setup in-reg] reset -> _28086_/RESET_B : -12.143550
[setup in-reg] reset -> _28087_/RESET_B : -12.143550
[setup in-reg] reset -> _28088_/RESET_B : -12.143550
[setup in-reg] reset -> _28089_/RESET_B : -12.143550
[setup in-reg] reset -> _28090_/RESET_B : -12.143550
[setup in-reg] reset -> _28091_/RESET_B : -12.143550
[setup in-reg] reset -> _28092_/RESET_B : -12.143550
[setup in-reg] reset -> _28093_/RESET_B : -12.143550
[setup in-reg] reset -> _28094_/RESET_B : -12.143550
[setup in-reg] reset -> _28095_/RESET_B : -12.143550
[setup in-reg] reset -> _28096_/RESET_B : -12.143550
[setup in-reg] reset -> _28097_/RESET_B : -12.143550
[setup in-reg] reset -> _28098_/RESET_B : -12.143550
[setup in-reg] reset -> _28099_/RESET_B : -12.143550
[setup in-reg] reset -> _28100_/RESET_B : -12.143550
[setup in-reg] reset -> _28101_/RESET_B : -12.143550
[setup in-reg] reset -> _28102_/RESET_B : -12.143550
[setup in-reg] reset -> _28103_/RESET_B : -12.143550
[setup in-reg] reset -> _28104_/RESET_B : -12.143550
[setup in-reg] reset -> _28105_/RESET_B : -12.143550
[setup in-reg] reset -> _28106_/RESET_B : -12.143550
[setup in-reg] reset -> _28107_/RESET_B : -12.143550
[setup in-reg] reset -> _28108_/RESET_B : -12.143550
[setup in-reg] reset -> _28109_/RESET_B : -12.143550
[setup in-reg] reset -> _28110_/RESET_B : -12.143550
[setup in-reg] reset -> _28111_/RESET_B : -12.143550
[setup in-reg] reset -> _28112_/RESET_B : -12.143550
[setup in-reg] reset -> _28113_/RESET_B : -12.143550
[setup in-reg] reset -> _28114_/RESET_B : -12.143550
[setup in-reg] reset -> _28115_/RESET_B : -12.143550
[setup in-reg] reset -> _28116_/RESET_B : -12.143550
[setup in-reg] reset -> _28117_/RESET_B : -12.143550
[setup in-reg] reset -> _28118_/RESET_B : -12.143550
[setup in-reg] reset -> _28119_/RESET_B : -12.143550
[setup in-reg] reset -> _28120_/RESET_B : -12.143550
[setup in-reg] reset -> _28121_/RESET_B : -12.143550
[setup in-reg] reset -> _28122_/RESET_B : -12.143550
[setup in-reg] reset -> _28123_/RESET_B : -12.143550
[setup in-reg] reset -> _28124_/RESET_B : -12.143550
[setup in-reg] reset -> _28125_/RESET_B : -12.143550
[setup in-reg] reset -> _28126_/RESET_B : -12.143550
[setup in-reg] reset -> _28127_/RESET_B : -12.143550
[setup in-reg] reset -> _28128_/RESET_B : -12.143550
[setup in-reg] reset -> _28129_/RESET_B : -12.143550
[setup in-reg] reset -> _28130_/RESET_B : -12.143550
[setup in-reg] reset -> _28131_/RESET_B : -12.143550
[setup in-reg] reset -> _28132_/RESET_B : -12.143550
[setup in-reg] reset -> _28133_/RESET_B : -12.143550
[setup in-reg] reset -> _28134_/RESET_B : -12.143550
[setup in-reg] reset -> _28135_/RESET_B : -12.143550
[setup in-reg] reset -> _28136_/RESET_B : -12.143550
[setup in-reg] reset -> _28137_/RESET_B : -12.143550
[setup in-reg] reset -> _28138_/RESET_B : -12.143550
[setup in-reg] reset -> _28139_/RESET_B : -12.143550
[setup in-reg] reset -> _28140_/RESET_B : -12.143550
[setup in-reg] reset -> _28141_/RESET_B : -12.143550
[setup in-reg] reset -> _28142_/RESET_B : -12.143550
[setup in-reg] reset -> _28143_/RESET_B : -12.143550
[setup in-reg] reset -> _28144_/RESET_B : -12.143550
[setup in-reg] reset -> _28145_/RESET_B : -12.143550
[setup in-reg] reset -> _28146_/RESET_B : -12.143550
[setup in-reg] reset -> _28147_/RESET_B : -12.143550
[setup in-reg] reset -> _28148_/RESET_B : -12.143550
[setup in-reg] reset -> _28149_/RESET_B : -12.143550
[setup in-reg] reset -> _28150_/RESET_B : -12.143550
[setup in-reg] reset -> _28151_/RESET_B : -12.143550
[setup in-reg] reset -> _28152_/RESET_B : -12.143550
[setup in-reg] reset -> _28153_/RESET_B : -12.143550
[setup in-reg] reset -> _28154_/RESET_B : -12.143550
[setup in-reg] reset -> _28155_/RESET_B : -12.143550
[setup in-reg] reset -> _28156_/RESET_B : -12.143550
[setup in-reg] reset -> _28157_/RESET_B : -12.143550
[setup in-reg] reset -> _28158_/RESET_B : -12.143550
[setup in-reg] reset -> _28159_/RESET_B : -12.143550
[setup in-reg] reset -> _28160_/RESET_B : -12.143550
[setup in-reg] reset -> _28161_/RESET_B : -12.143550
[setup in-reg] reset -> _28162_/RESET_B : -12.143550
[setup in-reg] reset -> _28163_/RESET_B : -12.143550
[setup in-reg] reset -> _28164_/RESET_B : -12.143550
[setup in-reg] reset -> _28165_/RESET_B : -12.143550
[setup in-reg] reset -> _28166_/RESET_B : -12.143550
[setup in-reg] reset -> _28167_/RESET_B : -12.143550
[setup in-reg] reset -> _28168_/RESET_B : -12.143550
[setup in-reg] reset -> _28169_/RESET_B : -12.143550
[setup in-reg] reset -> _28170_/RESET_B : -12.143550
[setup in-reg] reset -> _28171_/RESET_B : -12.143550
[setup in-reg] reset -> _28172_/RESET_B : -12.143550
[setup in-reg] reset -> _28173_/RESET_B : -12.143550
[setup in-reg] reset -> _28174_/RESET_B : -12.143550
[setup in-reg] reset -> _28175_/RESET_B : -12.143550
[setup in-reg] reset -> _28176_/RESET_B : -12.143550
[setup in-reg] reset -> _28177_/RESET_B : -12.143550
[setup in-reg] reset -> _28178_/RESET_B : -12.143550
[setup in-reg] reset -> _28179_/RESET_B : -12.143550
[setup in-reg] reset -> _28180_/RESET_B : -12.143550
[setup in-reg] reset -> _28181_/RESET_B : -12.143550
[setup in-reg] reset -> _28182_/RESET_B : -12.143550
[setup in-reg] reset -> _28183_/RESET_B : -12.143550
[setup in-reg] reset -> _28184_/RESET_B : -12.143550
[setup in-reg] reset -> _28185_/RESET_B : -12.143550
[setup in-reg] reset -> _28186_/RESET_B : -12.143550
[setup in-reg] reset -> _28187_/RESET_B : -12.143550
[setup in-reg] reset -> _28188_/RESET_B : -12.143550
[setup in-reg] reset -> _28189_/RESET_B : -12.143550
[setup in-reg] reset -> _28190_/RESET_B : -12.143550
[setup in-reg] reset -> _28191_/RESET_B : -12.143550
[setup in-reg] reset -> _28192_/RESET_B : -12.143550
[setup in-reg] reset -> _28193_/RESET_B : -12.143550
[setup in-reg] reset -> _28194_/RESET_B : -12.143550
[setup in-reg] reset -> _28195_/RESET_B : -12.143550
[setup in-reg] reset -> _28196_/RESET_B : -12.143550
[setup in-reg] reset -> _28197_/RESET_B : -12.143550
[setup in-reg] reset -> _28198_/RESET_B : -12.143550
[setup in-reg] reset -> _28199_/RESET_B : -12.143550
[setup in-reg] reset -> _28200_/RESET_B : -12.143550
[setup in-reg] reset -> _28201_/RESET_B : -12.143550
[setup in-reg] reset -> _28202_/RESET_B : -12.143550
[setup in-reg] reset -> _28203_/RESET_B : -12.143550
[setup in-reg] reset -> _28204_/RESET_B : -12.143550
[setup in-reg] reset -> _28205_/RESET_B : -12.143550
[setup in-reg] reset -> _28206_/RESET_B : -12.143550
[setup in-reg] reset -> _28207_/RESET_B : -12.143550
[setup in-reg] reset -> _28208_/RESET_B : -12.143550
[setup in-reg] reset -> _28209_/RESET_B : -12.143550
[setup in-reg] reset -> _28210_/RESET_B : -12.143550
[setup in-reg] reset -> _28211_/RESET_B : -12.143550
[setup in-reg] reset -> _28212_/RESET_B : -12.143550
[setup in-reg] reset -> _28213_/RESET_B : -12.143550
[setup in-reg] reset -> _28214_/RESET_B : -12.143550
[setup in-reg] reset -> _28215_/RESET_B : -12.143550
[setup in-reg] reset -> _28216_/RESET_B : -12.143550
[setup in-reg] reset -> _28217_/RESET_B : -12.143550
[setup in-reg] reset -> _28218_/RESET_B : -12.143550
[setup in-reg] reset -> _28219_/RESET_B : -12.143550
[setup in-reg] reset -> _28220_/RESET_B : -12.143550
[setup in-reg] reset -> _28221_/RESET_B : -12.143550
[setup in-reg] reset -> _28222_/RESET_B : -12.143550
[setup in-reg] reset -> _28223_/RESET_B : -12.143550
[setup in-reg] reset -> _28224_/RESET_B : -12.143550
[setup in-reg] reset -> _28225_/RESET_B : -12.143550
[setup in-reg] reset -> _28226_/RESET_B : -12.143550
[setup in-reg] reset -> _28227_/RESET_B : -12.143550
[setup in-reg] reset -> _28228_/RESET_B : -12.143550
[setup in-reg] reset -> _28229_/RESET_B : -12.143550
[setup in-reg] reset -> _28230_/RESET_B : -12.143550
[setup in-reg] reset -> _28231_/RESET_B : -12.143550
[setup in-reg] reset -> _28232_/RESET_B : -12.143550
[setup in-reg] reset -> _28233_/RESET_B : -12.143550
[setup in-reg] reset -> _28234_/RESET_B : -12.143550
[setup in-reg] reset -> _28235_/RESET_B : -12.143550
[setup in-reg] reset -> _28236_/RESET_B : -12.143550
[setup in-reg] reset -> _28237_/RESET_B : -12.143550
[setup in-reg] reset -> _28238_/RESET_B : -12.143550
[setup in-reg] reset -> _28239_/RESET_B : -12.143550
[setup in-reg] reset -> _28240_/RESET_B : -12.143550
[setup in-reg] reset -> _28241_/RESET_B : -12.143550
[setup in-reg] reset -> _28242_/RESET_B : -12.143550
[setup in-reg] reset -> _28243_/RESET_B : -12.143550
[setup in-reg] reset -> _28244_/RESET_B : -12.143550
[setup in-reg] reset -> _28245_/RESET_B : -12.143550
[setup in-reg] reset -> _28246_/RESET_B : -12.143550
[setup in-reg] reset -> _28247_/RESET_B : -12.143550
[setup in-reg] reset -> _28248_/RESET_B : -12.143550
[setup in-reg] reset -> _28249_/RESET_B : -12.143550
[setup in-reg] reset -> _28250_/RESET_B : -12.143550
[setup in-reg] reset -> _28251_/RESET_B : -12.143550
[setup in-reg] reset -> _28252_/RESET_B : -12.143550
[setup in-reg] reset -> _28253_/RESET_B : -12.143550
[setup in-reg] reset -> _28254_/RESET_B : -12.143550
[setup in-reg] reset -> _28255_/RESET_B : -12.143550
[setup in-reg] reset -> _28256_/RESET_B : -12.143550
[setup in-reg] reset -> _28257_/RESET_B : -12.143550
[setup in-reg] reset -> _28258_/RESET_B : -12.143550
[setup in-reg] reset -> _28259_/RESET_B : -12.143550
[setup in-reg] reset -> _28260_/RESET_B : -12.143550
[setup in-reg] reset -> _28261_/RESET_B : -12.143550
[setup in-reg] reset -> _28262_/RESET_B : -12.143550
[setup in-reg] reset -> _28263_/RESET_B : -12.143550
[setup in-reg] reset -> _28264_/RESET_B : -12.143550
[setup in-reg] reset -> _28265_/RESET_B : -12.143550
[setup in-reg] reset -> _28266_/RESET_B : -12.143550
[setup in-reg] reset -> _28267_/RESET_B : -12.143550
[setup in-reg] reset -> _28268_/RESET_B : -12.143550
[setup in-reg] reset -> _28269_/RESET_B : -12.143550
[setup in-reg] reset -> _28270_/RESET_B : -12.143550
[setup in-reg] reset -> _28271_/RESET_B : -12.143550
[setup in-reg] reset -> _28272_/RESET_B : -12.143550
[setup in-reg] reset -> _28273_/RESET_B : -12.143550
[setup in-reg] reset -> _28274_/RESET_B : -12.143550
[setup in-reg] reset -> _28275_/RESET_B : -12.143550
[setup in-reg] reset -> _28276_/RESET_B : -12.143550
[setup in-reg] reset -> _28277_/RESET_B : -12.143550
[setup in-reg] reset -> _28278_/RESET_B : -12.143550
[setup in-reg] reset -> _28279_/RESET_B : -12.143550
[setup in-reg] reset -> _28280_/RESET_B : -12.143550
[setup in-reg] reset -> _28281_/RESET_B : -12.143550
[setup in-reg] reset -> _28282_/RESET_B : -12.143550
[setup in-reg] reset -> _28283_/RESET_B : -12.143550
[setup in-reg] reset -> _28284_/RESET_B : -12.143550
[setup in-reg] reset -> _28285_/RESET_B : -12.143550
[setup in-reg] reset -> _28286_/RESET_B : -12.143550
[setup in-reg] reset -> _28287_/RESET_B : -12.143550
[setup in-reg] reset -> _28288_/RESET_B : -12.143550
[setup in-reg] reset -> _28289_/RESET_B : -12.143550
[setup in-reg] reset -> _28290_/RESET_B : -12.143550
[setup in-reg] reset -> _28291_/RESET_B : -12.143550
[setup in-reg] reset -> _28292_/RESET_B : -12.143550
[setup in-reg] reset -> _28293_/RESET_B : -12.143550
[setup in-reg] reset -> _28294_/RESET_B : -12.143550
[setup in-reg] reset -> _28295_/RESET_B : -12.143550
[setup in-reg] reset -> _28296_/RESET_B : -12.143550
[setup in-reg] reset -> _28297_/RESET_B : -12.143550
[setup in-reg] reset -> _28298_/RESET_B : -12.143550
[setup in-reg] reset -> _28299_/RESET_B : -12.143550
[setup in-reg] reset -> _28300_/RESET_B : -12.143550
[setup in-reg] reset -> _28301_/RESET_B : -12.143550
[setup in-reg] reset -> _28302_/RESET_B : -12.143550
[setup in-reg] reset -> _28303_/RESET_B : -12.143550
[setup in-reg] reset -> _28304_/RESET_B : -12.143550
[setup in-reg] reset -> _28305_/RESET_B : -12.143550
[setup in-reg] reset -> _28306_/RESET_B : -12.143550
[setup in-reg] reset -> _28307_/RESET_B : -12.143550
[setup in-reg] reset -> _28308_/RESET_B : -12.143550
[setup in-reg] reset -> _28309_/RESET_B : -12.143550
[setup in-reg] reset -> _28310_/RESET_B : -12.143550
[setup in-reg] reset -> _28311_/RESET_B : -12.143550
[setup in-reg] reset -> _28312_/RESET_B : -12.143550
[setup in-reg] reset -> _28313_/RESET_B : -12.143550
[setup in-reg] reset -> _28314_/RESET_B : -12.143550
[setup in-reg] reset -> _28315_/RESET_B : -12.143550
[setup in-reg] reset -> _28316_/RESET_B : -12.143550
[setup in-reg] reset -> _28317_/RESET_B : -12.143550
[setup in-reg] reset -> _28318_/RESET_B : -12.143550
[setup in-reg] reset -> _28319_/RESET_B : -12.143550
[setup in-reg] reset -> _28320_/RESET_B : -12.143550
[setup in-reg] reset -> _28321_/RESET_B : -12.143550
[setup in-reg] reset -> _28322_/RESET_B : -12.143550
[setup in-reg] reset -> _28323_/RESET_B : -12.143550
[setup in-reg] reset -> _28324_/RESET_B : -12.143550
[setup in-reg] reset -> _28325_/RESET_B : -12.143550
[setup in-reg] reset -> _28326_/RESET_B : -12.143550
[setup in-reg] reset -> _28327_/RESET_B : -12.143550
[setup in-reg] reset -> _28328_/RESET_B : -12.143550
[setup in-reg] reset -> _28329_/RESET_B : -12.143550
[setup in-reg] reset -> _28330_/RESET_B : -12.143550
[setup in-reg] reset -> _28331_/RESET_B : -12.143550
[setup in-reg] reset -> _28332_/RESET_B : -12.143550
[setup in-reg] reset -> _28333_/RESET_B : -12.143550
[setup in-reg] reset -> _28334_/RESET_B : -12.143550
[setup in-reg] reset -> _28335_/RESET_B : -12.143550
[setup in-reg] reset -> _28336_/RESET_B : -12.143550
[setup in-reg] reset -> _28337_/RESET_B : -12.143550
[setup in-reg] reset -> _28338_/RESET_B : -12.143550
[setup in-reg] reset -> _28339_/RESET_B : -12.143550
[setup in-reg] reset -> _28340_/RESET_B : -12.143550
[setup in-reg] reset -> _28341_/RESET_B : -12.143550
[setup in-reg] reset -> _28342_/RESET_B : -12.143550
[setup in-reg] reset -> _28343_/RESET_B : -12.143550
[setup in-reg] reset -> _28344_/RESET_B : -12.143550
[setup in-reg] reset -> _28345_/RESET_B : -12.143550
[setup in-reg] reset -> _28346_/RESET_B : -12.143550
[setup in-reg] reset -> _28347_/RESET_B : -12.143550
[setup in-reg] reset -> _28348_/RESET_B : -12.143550
[setup in-reg] reset -> _28349_/RESET_B : -12.143550
[setup in-reg] reset -> _28350_/RESET_B : -12.143550
[setup in-reg] reset -> _28351_/RESET_B : -12.143550
[setup in-reg] reset -> _28352_/RESET_B : -12.143550
[setup in-reg] reset -> _28353_/RESET_B : -12.143550
[setup in-reg] reset -> _28354_/RESET_B : -12.143550
[setup in-reg] reset -> _28355_/RESET_B : -12.143550
[setup in-reg] reset -> _28356_/RESET_B : -12.143550
[setup in-reg] reset -> _28357_/RESET_B : -12.143550
[setup in-reg] reset -> _28358_/RESET_B : -12.143550
[setup in-reg] reset -> _28359_/RESET_B : -12.143550
[setup in-reg] reset -> _28360_/RESET_B : -12.143550
[setup in-reg] reset -> _28361_/RESET_B : -12.143550
[setup in-reg] reset -> _28362_/RESET_B : -12.143550
[setup in-reg] reset -> _28363_/RESET_B : -12.143550
[setup in-reg] reset -> _28364_/RESET_B : -12.143550
[setup in-reg] reset -> _28365_/RESET_B : -12.143550
[setup in-reg] reset -> _28366_/RESET_B : -12.143550
[setup in-reg] reset -> _28367_/RESET_B : -12.143550
[setup in-reg] reset -> _28368_/RESET_B : -12.143550
[setup in-reg] reset -> _28369_/RESET_B : -12.143550
[setup in-reg] reset -> _28370_/RESET_B : -12.143550
[setup in-reg] reset -> _28371_/RESET_B : -12.143550
[setup in-reg] reset -> _28372_/RESET_B : -12.143550
[setup in-reg] reset -> _28373_/RESET_B : -12.143550
[setup in-reg] reset -> _28374_/RESET_B : -12.143550
[setup in-reg] reset -> _28375_/RESET_B : -12.143550
[setup in-reg] reset -> _28376_/RESET_B : -12.143550
[setup in-reg] reset -> _28377_/RESET_B : -12.143550
[setup in-reg] reset -> _28378_/RESET_B : -12.143550
[setup in-reg] reset -> _28379_/RESET_B : -12.143550
[setup in-reg] reset -> _28380_/RESET_B : -12.143550
[setup in-reg] reset -> _28381_/RESET_B : -12.143550
[setup in-reg] reset -> _28382_/RESET_B : -12.143550
[setup in-reg] reset -> _28383_/RESET_B : -12.143550
[setup in-reg] reset -> _28384_/RESET_B : -12.143550
[setup in-reg] reset -> _28385_/RESET_B : -12.143550
[setup in-reg] reset -> _28386_/RESET_B : -12.143550
[setup in-reg] reset -> _28387_/RESET_B : -12.143550
[setup in-reg] reset -> _28388_/RESET_B : -12.143550
[setup in-reg] reset -> _28389_/RESET_B : -12.143550
[setup in-reg] reset -> _28390_/RESET_B : -12.143550
[setup in-reg] reset -> _28391_/RESET_B : -12.143550
[setup in-reg] reset -> _28392_/RESET_B : -12.143550
[setup in-reg] reset -> _28393_/RESET_B : -12.143550
[setup in-reg] reset -> _28394_/RESET_B : -12.143550
[setup in-reg] reset -> _28395_/RESET_B : -12.143550
[setup in-reg] reset -> _28396_/RESET_B : -12.143550
[setup in-reg] reset -> _28397_/RESET_B : -12.143550
[setup in-reg] reset -> _28398_/RESET_B : -12.143550
[setup in-reg] reset -> _28399_/RESET_B : -12.143550
[setup in-reg] reset -> _28400_/RESET_B : -12.143550
[setup in-reg] reset -> _28401_/RESET_B : -12.143550
[setup in-reg] reset -> _28402_/RESET_B : -12.143550
[setup in-reg] reset -> _28403_/RESET_B : -12.143550
[setup in-reg] reset -> _28404_/RESET_B : -12.143550
[setup in-reg] reset -> _28405_/RESET_B : -12.143550
[setup in-reg] reset -> _28406_/RESET_B : -12.143550
[setup in-reg] reset -> _28407_/RESET_B : -12.143550
[setup in-reg] reset -> _28408_/RESET_B : -12.143550
[setup in-reg] reset -> _28409_/RESET_B : -12.143550
[setup in-reg] reset -> _28410_/RESET_B : -12.143550
[setup in-reg] reset -> _28411_/RESET_B : -12.143550
[setup in-reg] reset -> _28412_/RESET_B : -12.143550
[setup in-reg] reset -> _28413_/RESET_B : -12.143550
[setup in-reg] reset -> _28414_/RESET_B : -12.143550
[setup in-reg] reset -> _28415_/RESET_B : -12.143550
[setup in-reg] reset -> _28416_/RESET_B : -12.143550
[setup in-reg] reset -> _28417_/RESET_B : -12.143550
[setup in-reg] reset -> _28418_/RESET_B : -12.143550
[setup in-reg] reset -> _28419_/RESET_B : -12.143550
[setup in-reg] reset -> _28420_/RESET_B : -12.143550
[setup in-reg] reset -> _28421_/RESET_B : -12.143550
[setup in-reg] reset -> _28422_/RESET_B : -12.143550
[setup in-reg] reset -> _28423_/RESET_B : -12.143550
[setup in-reg] reset -> _28424_/RESET_B : -12.143550
[setup in-reg] reset -> _28425_/RESET_B : -12.143550
[setup in-reg] reset -> _28426_/RESET_B : -12.143550
[setup in-reg] reset -> _28427_/RESET_B : -12.143550
[setup in-reg] reset -> _28428_/RESET_B : -12.143550
[setup in-reg] reset -> _28429_/RESET_B : -12.143550
[setup in-reg] reset -> _28430_/RESET_B : -12.143550
[setup in-reg] reset -> _28431_/RESET_B : -12.143550
[setup in-reg] reset -> _28432_/RESET_B : -12.143550
[setup in-reg] reset -> _28433_/RESET_B : -12.143550
[setup in-reg] reset -> _28434_/RESET_B : -12.143550
[setup in-reg] reset -> _28435_/RESET_B : -12.143550
[setup in-reg] reset -> _28436_/RESET_B : -12.143550
[setup in-reg] reset -> _28437_/RESET_B : -12.143550
[setup in-reg] reset -> _28438_/RESET_B : -12.143550
[setup in-reg] reset -> _28439_/RESET_B : -12.143550
[setup in-reg] reset -> _28440_/RESET_B : -12.143550
[setup in-reg] reset -> _28441_/RESET_B : -12.143550
[setup in-reg] reset -> _28442_/RESET_B : -12.143550
[setup in-reg] reset -> _28443_/RESET_B : -12.143550
[setup in-reg] reset -> _28444_/RESET_B : -12.143550
[setup in-reg] reset -> _28445_/RESET_B : -12.143550
[setup in-reg] reset -> _28446_/RESET_B : -12.143550
[setup in-reg] reset -> _28447_/RESET_B : -12.143550
[setup in-reg] reset -> _28448_/RESET_B : -12.143550
[setup in-reg] reset -> _28449_/RESET_B : -12.143550
[setup in-reg] reset -> _28450_/RESET_B : -12.143550
[setup in-reg] reset -> _28451_/RESET_B : -12.143550
[setup in-reg] reset -> _28452_/RESET_B : -12.143550
[setup in-reg] reset -> _28453_/RESET_B : -12.143550
[setup in-reg] reset -> _28454_/RESET_B : -12.143550
[setup in-reg] reset -> _28455_/RESET_B : -12.143550
[setup in-reg] reset -> _28456_/RESET_B : -12.143550
[setup in-reg] reset -> _28457_/RESET_B : -12.143550
[setup in-reg] reset -> _28458_/RESET_B : -12.143550
[setup in-reg] reset -> _28460_/RESET_B : -12.143550
[setup in-reg] reset -> _28461_/RESET_B : -12.143550
[setup in-reg] reset -> _28462_/RESET_B : -12.143550
[setup in-reg] reset -> _28463_/RESET_B : -12.143550
[setup in-reg] reset -> _28464_/RESET_B : -12.143550
[setup in-reg] reset -> _28465_/RESET_B : -12.143550
[setup in-reg] reset -> _28466_/RESET_B : -12.143550
[setup in-reg] reset -> _28467_/RESET_B : -12.143550
[setup in-reg] reset -> _28468_/RESET_B : -12.143550
[setup in-reg] reset -> _28469_/RESET_B : -12.143550
[setup in-reg] reset -> _28459_/SET_B : -2.735078
