Clock: clk
Sources: clk 
Generated: no
Virtual: yes
Propagated: no
Period: 50.000000

===========================================================================
report_clock_properties
============================================================================
Clock                   Period          Waveform
----------------------------------------------------
clk                  50.000000    0.000000 25.000000

===========================================================================
report_clock_latency
============================================================================
Clock clk
rise -> rise
    min     max
0.000000 0.000000 source latency
0.304568         network latency _1135_/CLK
        0.347595 network latency _1053_/CLK
---------------
0.304568 0.347595 latency
        0.043027 skew

fall -> fall
    min     max
0.000000 0.000000 source latency
0.312040         network latency _1135_/CLK
        0.354241 network latency _1053_/CLK
---------------
0.312040 0.354241 latency
        0.042201 skew



===========================================================================
report_clock_min_period
============================================================================
clk period_min = 5.32 fmax = 188.04
