
===========================================================================
report_checks -unconstrained
===========================================================================
======================= nom_tt_025C_1v80 Corner ===================================

Startpoint: _17644_ (rising edge-triggered flip-flop clocked by clk)
Endpoint: _15296_ (rising edge-triggered flip-flop clocked by clk)
Path Group: clk
Path Type: max

Fanout         Cap        Slew       Delay        Time   Description
---------------------------------------------------------------------------------------------
                                  0.000000    0.000000   clock clk (rise edge)
                                  0.000000    0.000000   clock source latency
     2    0.095771    0.000000    0.000000    0.000000 ^ clk (in)
                                                         clk (net)
                      0.057347    0.030107    0.030107 ^ clkbuf_0_clk/A (sky130_fd_sc_hd__clkbuf_8)
     4    0.124356    0.217938    0.268796    0.298903 ^ clkbuf_0_clk/X (sky130_fd_sc_hd__clkbuf_8)
                                                         clknet_0_clk (net)
                      0.218233    0.006955    0.305858 ^ clkbuf_2_2_0_clk/A (sky130_fd_sc_hd__clkbuf_8)
     8    0.149456    0.257863    0.358441    0.664299 ^ clkbuf_2_2_0_clk/X (sky130_fd_sc_hd__clkbuf_8)
                                                         clknet_2_2_0_clk (net)
                      0.257991    0.005027    0.669326 ^ clkbuf_5_17__f_clk/A (sky130_fd_sc_hd__clkbuf_8)
    10    0.085489    0.153880    0.296055    0.965381 ^ clkbuf_5_17__f_clk/X (sky130_fd_sc_hd__clkbuf_8)
                                                         clknet_5_17__leaf_clk (net)
                      0.153920    0.002528    0.967909 ^ clkbuf_leaf_237_clk/A (sky130_fd_sc_hd__clkbuf_8)
     7    0.022880    0.056104    0.183052    1.150962 ^ clkbuf_leaf_237_clk/X (sky130_fd_sc_hd__clkbuf_8)
                                                         clknet_leaf_237_clk (net)
                      0.056110    0.000587    1.151548 ^ _17644_/CLK (sky130_fd_sc_hd__dfxtp_2)
    17    0.115451    0.574553    0.728421    1.879969 ^ _17644_/Q (sky130_fd_sc_hd__dfxtp_2)
                                                         core0.imm_gen.instruction[20] (net)
                      0.574665    0.007100    1.887069 ^ _07620_/A (sky130_fd_sc_hd__inv_2)
    13    0.102437    0.313157    0.386320    2.273389 v _07620_/Y (sky130_fd_sc_hd__inv_2)
                                                         _03829_ (net)
                      0.313215    0.004320    2.277709 v _08297_/C (sky130_fd_sc_hd__nand3_2)
     9    0.058777    0.312003    0.381743    2.659452 ^ _08297_/Y (sky130_fd_sc_hd__nand3_2)
                                                         _04501_ (net)
                      0.312011    0.001378    2.660830 ^ max_cap1218/A (sky130_fd_sc_hd__buf_6)
     8    0.050069    0.107972    0.220214    2.881045 ^ max_cap1218/X (sky130_fd_sc_hd__buf_6)
                                                         net1218 (net)
                      0.107983    0.001219    2.882264 ^ place869/A (sky130_fd_sc_hd__buf_2)
    20    0.113157    0.544979    0.498603    3.380866 ^ place869/X (sky130_fd_sc_hd__buf_2)
                                                         net869 (net)
                      0.544998    0.002905    3.383771 ^ _08342_/C1 (sky130_fd_sc_hd__o2111ai_2)
     2    0.005255    0.151198    0.225418    3.609189 v _08342_/Y (sky130_fd_sc_hd__o2111ai_2)
                                                         _04546_ (net)
                      0.151198    0.000135    3.609325 v _08343_/A (sky130_fd_sc_hd__and3_2)
     2    0.013089    0.061653    0.261320    3.870645 v _08343_/X (sky130_fd_sc_hd__and3_2)
                                                         _04547_ (net)
                      0.061653    0.000269    3.870914 v _08347_/A_N (sky130_fd_sc_hd__nand2b_2)
     4    0.017658    0.090843    0.236252    4.107166 v _08347_/Y (sky130_fd_sc_hd__nand2b_2)
                                                         _04551_ (net)
                      0.090844    0.000576    4.107742 v _08436_/A (sky130_fd_sc_hd__and4_2)
     3    0.015333    0.067273    0.242386    4.350128 v _08436_/X (sky130_fd_sc_hd__and4_2)
                                                         _04640_ (net)
                      0.067280    0.000740    4.350868 v _08437_/B (sky130_fd_sc_hd__nor2_2)
     5    0.038695    0.423188    0.363209    4.714077 ^ _08437_/Y (sky130_fd_sc_hd__nor2_2)
                                                         _04641_ (net)
                      0.423194    0.001384    4.715461 ^ _08439_/B1 (sky130_fd_sc_hd__o21ai_2)
     5    0.042506    0.215813    0.276244    4.991705 v _08439_/Y (sky130_fd_sc_hd__o21ai_2)
                                                         _04643_ (net)
                      0.215817    0.001340    4.993045 v _08522_/A1 (sky130_fd_sc_hd__a21oi_2)
     5    0.038044    0.464790    0.487347    5.480392 ^ _08522_/Y (sky130_fd_sc_hd__a21oi_2)
                                                         _04726_ (net)
                      0.464811    0.002796    5.483188 ^ _08569_/A2 (sky130_fd_sc_hd__o21ai_2)
     5    0.038917    0.196356    0.249984    5.733172 v _08569_/Y (sky130_fd_sc_hd__o21ai_2)
                                                         _04773_ (net)
                      0.196474    0.003112    5.736284 v _08600_/A1 (sky130_fd_sc_hd__a21boi_2)
     6    0.029563    0.364004    0.404236    6.140520 ^ _08600_/Y (sky130_fd_sc_hd__a21boi_2)
                                                         _04804_ (net)
                      0.364007    0.000809    6.141328 ^ _08762_/A2 (sky130_fd_sc_hd__o211a_2)
     2    0.012037    0.089349    0.277294    6.418622 ^ _08762_/X (sky130_fd_sc_hd__o211a_2)
                                                         _04966_ (net)
                      0.089350    0.000479    6.419102 ^ _08765_/B (sky130_fd_sc_hd__nor2_2)
     2    0.041301    0.112634    0.114217    6.533319 v _08765_/Y (sky130_fd_sc_hd__nor2_2)
                                                         _04969_ (net)
                      0.112653    0.001275    6.534594 v _08773_/A2 (sky130_fd_sc_hd__o21a_2)
     1    0.008710    0.047943    0.246031    6.780625 v _08773_/X (sky130_fd_sc_hd__o21a_2)
                                                         _04977_ (net)
                      0.047943    0.000269    6.780893 v _08778_/B (sky130_fd_sc_hd__nor3_4)
     1    0.007148    0.145482    0.179678    6.960571 ^ _08778_/Y (sky130_fd_sc_hd__nor3_4)
                                                         _04982_ (net)
                      0.145483    0.000332    6.960904 ^ place771/A (sky130_fd_sc_hd__buf_2)
    10    0.059187    0.287728    0.327948    7.288852 ^ place771/X (sky130_fd_sc_hd__buf_2)
                                                         net771 (net)
                      0.287766    0.002919    7.291771 ^ _09059_/A (sky130_fd_sc_hd__nand4_4)
    11    0.083968    0.379501    0.375899    7.667670 v _09059_/Y (sky130_fd_sc_hd__nand4_4)
                                                         _05262_ (net)
                      0.379671    0.006917    7.674587 v _10588_/B (sky130_fd_sc_hd__nor2_4)
    10    0.063844    0.408466    0.477436    8.152023 ^ _10588_/Y (sky130_fd_sc_hd__nor2_4)
                                                         _06732_ (net)
                      0.408517    0.003993    8.156016 ^ place763/A (sky130_fd_sc_hd__buf_2)
    19    0.095192    0.458002    0.512627    8.668644 ^ place763/X (sky130_fd_sc_hd__buf_2)
                                                         net763 (net)
                      0.458054    0.004293    8.672936 ^ _10610_/A2 (sky130_fd_sc_hd__a22oi_2)
     1    0.010538    0.147215    0.187770    8.860706 v _10610_/Y (sky130_fd_sc_hd__a22oi_2)
                                                         _06754_ (net)
                      0.147216    0.000578    8.861284 v wire1189/A (sky130_fd_sc_hd__buf_2)
     2    0.052151    0.125648    0.266355    9.127640 v wire1189/X (sky130_fd_sc_hd__buf_2)
                                                         net1189 (net)
                      0.125653    0.001065    9.128704 v _10616_/B1 (sky130_fd_sc_hd__o22ai_2)
     1    0.005456    0.145504    0.159184    9.287889 ^ _10616_/Y (sky130_fd_sc_hd__o22ai_2)
                                                         _06760_ (net)
                      0.145504    0.000179    9.288067 ^ _10634_/A1 (sky130_fd_sc_hd__o211ai_2)
     3    0.033603    0.224143    0.239688    9.527755 v _10634_/Y (sky130_fd_sc_hd__o211ai_2)
                                                         _06778_ (net)
                      0.224240    0.003970    9.531725 v _10935_/A1 (sky130_fd_sc_hd__a31oi_2)
     1    0.002323    0.115082    0.190571    9.722296 ^ _10935_/Y (sky130_fd_sc_hd__a31oi_2)
                                                         _00126_ (net)
                      0.115082    0.000052    9.722347 ^ hold1446/A (sky130_fd_sc_hd__dlygate4sd3_1)
     1    0.002514    0.050495    0.580290   10.302637 ^ hold1446/X (sky130_fd_sc_hd__dlygate4sd3_1)
                                                         net1446 (net)
                      0.050495    0.000074   10.302711 ^ _15296_/D (sky130_fd_sc_hd__dfxtp_2)
                                             10.302711   data arrival time

                                 20.000000   20.000000   clock clk (rise edge)
                                  0.000000   20.000000   clock source latency
     2    0.095771    0.000000    0.000000   20.000000 ^ clk (in)
                                                         clk (net)
                      0.057347    0.027240   20.027241 ^ clkbuf_0_clk/A (sky130_fd_sc_hd__clkbuf_8)
     4    0.124356    0.217938    0.243196   20.270437 ^ clkbuf_0_clk/X (sky130_fd_sc_hd__clkbuf_8)
                                                         clknet_0_clk (net)
                      0.218233    0.006292   20.276728 ^ clkbuf_2_2_0_clk/A (sky130_fd_sc_hd__clkbuf_8)
     8    0.149456    0.257863    0.324304   20.601032 ^ clkbuf_2_2_0_clk/X (sky130_fd_sc_hd__clkbuf_8)
                                                         clknet_2_2_0_clk (net)
                      0.258136    0.006573   20.607605 ^ clkbuf_5_18__f_clk/A (sky130_fd_sc_hd__clkbuf_8)
    11    0.093765    0.167262    0.276193   20.883799 ^ clkbuf_5_18__f_clk/X (sky130_fd_sc_hd__clkbuf_8)
                                                         clknet_5_18__leaf_clk (net)
                      0.167442    0.003370   20.887169 ^ clkbuf_leaf_272_clk/A (sky130_fd_sc_hd__clkbuf_8)
     7    0.038191    0.079726    0.187201   21.074369 ^ clkbuf_leaf_272_clk/X (sky130_fd_sc_hd__clkbuf_8)
                                                         clknet_leaf_272_clk (net)
                      0.079731    0.000719   21.075089 ^ _15296_/CLK (sky130_fd_sc_hd__dfxtp_2)
                                 -0.250000   20.825090   clock uncertainty
                                  0.063267   20.888357   clock reconvergence pessimism
                                 -0.055011   20.833345   library setup time
                                             20.833345   data required time
---------------------------------------------------------------------------------------------
                                             20.833345   data required time
                                            -10.302711   data arrival time
---------------------------------------------------------------------------------------------
                                             10.530635   slack (MET)




===========================================================================
report_checks --slack_max -0.01
============================================================================
======================= nom_tt_025C_1v80 Corner ===================================

No paths found.


===========================================================================
 report_check_types -max_slew -max_cap -max_fanout -violators
============================================================================
======================= nom_tt_025C_1v80 Corner ===================================

max fanout

Pin                                   Limit Fanout  Slack
---------------------------------------------------------
place1066/X                              32     33        (VIOLATED)
place1109/X                              32     33        (VIOLATED)

max capacitance

Pin                                        Limit         Cap       Slack
------------------------------------------------------------------------
place907/X                              0.200000    0.246286   -0.046286 (VIOLATED)
place835/X                              0.200000    0.233246   -0.033246 (VIOLATED)
place951/X                              0.200000    0.225571   -0.025571 (VIOLATED)
place930/X                              0.200000    0.214797   -0.014797 (VIOLATED)
place915/X                              0.200000    0.213841   -0.013841 (VIOLATED)
place875/X                              0.200000    0.212163   -0.012163 (VIOLATED)
place717/X                              0.200000    0.209812   -0.009812 (VIOLATED)
place828/X                              0.200000    0.205066   -0.005066 (VIOLATED)
place1163/X                             0.200000    0.204565   -0.004565 (VIOLATED)



===========================================================================
report_parasitic_annotation -report_unannotated
============================================================================
Found 320 unannotated drivers.
 clkload0/X
 clkload1/Y
 clkload10/Y
 clkload100/Y
 clkload101/Y
 clkload102/Y
 clkload103/Y
 clkload104/Y
 clkload105/Y
 clkload106/Y
 clkload107/X
 clkload108/X
 clkload109/Y
 clkload11/Y
 clkload110/Y
 clkload111/Y
 clkload112/Y
 clkload113/Y
 clkload114/Y
 clkload115/Y
 clkload116/Y
 clkload117/Y
 clkload118/Y
 clkload119/Y
 clkload12/X
 clkload120/Y
 clkload121/Y
 clkload122/Y
 clkload123/Y
 clkload124/Y
 clkload125/Y
 clkload126/Y
 clkload127/Y
 clkload128/X
 clkload129/Y
 clkload13/Y
 clkload130/X
 clkload131/Y
 clkload132/Y
 clkload133/X
 clkload134/Y
 clkload135/X
 clkload136/Y
 clkload137/Y
 clkload138/Y
 clkload139/Y
 clkload14/X
 clkload140/Y
 clkload141/Y
 clkload142/Y
 clkload143/Y
 clkload144/Y
 clkload145/Y
 clkload146/Y
 clkload147/Y
 clkload148/Y
 clkload149/X
 clkload15/Y
 clkload150/Y
 clkload151/Y
 clkload152/Y
 clkload153/Y
 clkload154/Y
 clkload155/X
 clkload156/X
 clkload157/X
 clkload158/Y
 clkload159/X
 clkload16/Y
 clkload160/Y
 clkload161/Y
 clkload162/Y
 clkload163/Y
 clkload164/Y
 clkload165/X
 clkload166/X
 clkload167/Y
 clkload168/Y
 clkload169/X
 clkload17/Y
 clkload170/Y
 clkload171/X
 clkload172/X
 clkload173/Y
 clkload174/X
 clkload175/Y
 clkload176/X
 clkload177/X
 clkload178/Y
 clkload179/Y
 clkload18/X
 clkload180/Y
 clkload181/Y
 clkload182/Y
 clkload183/Y
 clkload184/Y
 clkload185/Y
 clkload186/Y
 clkload187/Y
 clkload188/Y
 clkload189/Y
 clkload19/X
 clkload190/Y
 clkload191/Y
 clkload192/Y
 clkload193/Y
 clkload194/Y
 clkload195/Y
 clkload196/Y
 clkload197/Y
 clkload198/Y
 clkload199/Y
 clkload2/X
 clkload20/X
 clkload200/Y
 clkload201/Y
 clkload202/Y
 clkload203/Y
 clkload204/X
 clkload205/Y
 clkload206/X
 clkload207/Y
 clkload208/Y
 clkload209/Y
 clkload21/Y
 clkload210/X
 clkload211/Y
 clkload212/Y
 clkload213/Y
 clkload214/Y
 clkload215/Y
 clkload216/Y
 clkload217/Y
 clkload218/Y
 clkload219/X
 clkload22/Y
 clkload220/Y
 clkload221/Y
 clkload222/X
 clkload223/Y
 clkload224/Y
 clkload225/Y
 clkload226/X
 clkload227/Y
 clkload228/Y
 clkload229/Y
 clkload23/Y
 clkload230/Y
 clkload231/Y
 clkload232/Y
 clkload233/Y
 clkload234/Y
 clkload235/Y
 clkload236/X
 clkload237/Y
 clkload238/Y
 clkload239/Y
 clkload24/Y
 clkload240/X
 clkload241/Y
 clkload242/X
 clkload243/Y
 clkload244/X
 clkload245/Y
 clkload246/X
 clkload247/Y
 clkload248/Y
 clkload249/Y
 clkload25/Y
 clkload250/Y
 clkload251/X
 clkload252/Y
 clkload253/X
 clkload254/Y
 clkload255/Y
 clkload256/Y
 clkload257/Y
 clkload258/X
 clkload259/Y
 clkload26/Y
 clkload260/Y
 clkload261/Y
 clkload262/X
 clkload263/Y
 clkload264/Y
 clkload265/Y
 clkload266/Y
 clkload267/X
 clkload268/X
 clkload269/X
 clkload27/Y
 clkload270/X
 clkload271/X
 clkload272/X
 clkload273/X
 clkload274/Y
 clkload275/Y
 clkload276/Y
 clkload277/Y
 clkload278/Y
 clkload279/Y
 clkload28/Y
 clkload280/Y
 clkload281/Y
 clkload282/Y
 clkload283/Y
 clkload284/Y
 clkload285/Y
 clkload286/Y
 clkload287/Y
 clkload288/Y
 clkload289/Y
 clkload29/Y
 clkload290/Y
 clkload291/Y
 clkload292/X
 clkload293/Y
 clkload294/Y
 clkload295/Y
 clkload296/X
 clkload297/Y
 clkload298/Y
 clkload299/Y
 clkload3/X
 clkload30/Y
 clkload300/X
 clkload301/X
 clkload302/X
 clkload303/X
 clkload304/Y
 clkload305/Y
 clkload306/X
 clkload307/Y
 clkload308/X
 clkload309/Y
 clkload31/Y
 clkload310/Y
 clkload311/Y
 clkload312/X
 clkload313/X
 clkload314/X
 clkload315/Y
 clkload316/Y
 clkload317/Y
 clkload318/X
 clkload319/Y
 clkload32/Y
 clkload33/Y
 clkload34/Y
 clkload35/Y
 clkload36/Y
 clkload37/Y
 clkload38/Y
 clkload39/Y
 clkload4/X
 clkload40/Y
 clkload41/Y
 clkload42/Y
 clkload43/Y
 clkload44/X
 clkload45/Y
 clkload46/Y
 clkload47/Y
 clkload48/Y
 clkload49/X
 clkload5/Y
 clkload50/X
 clkload51/Y
 clkload52/Y
 clkload53/X
 clkload54/Y
 clkload55/Y
 clkload56/X
 clkload57/Y
 clkload58/Y
 clkload59/Y
 clkload6/Y
 clkload60/Y
 clkload61/X
 clkload62/Y
 clkload63/Y
 clkload64/X
 clkload65/Y
 clkload66/X
 clkload67/X
 clkload68/Y
 clkload69/X
 clkload7/Y
 clkload70/Y
 clkload71/Y
 clkload72/Y
 clkload73/Y
 clkload74/Y
 clkload75/Y
 clkload76/Y
 clkload77/Y
 clkload78/Y
 clkload79/X
 clkload8/Y
 clkload80/Y
 clkload81/X
 clkload82/Y
 clkload83/Y
 clkload84/Y
 clkload85/Y
 clkload86/Y
 clkload87/Y
 clkload88/Y
 clkload89/Y
 clkload9/Y
 clkload90/Y
 clkload91/Y
 clkload92/Y
 clkload93/Y
 clkload94/Y
 clkload95/Y
 clkload96/Y
 clkload97/Y
 clkload98/Y
 clkload99/Y
Found 0 partially unannotated drivers.

===========================================================================
max slew violation count 0
max fanout violation count 2
max cap violation count 9
============================================================================

===========================================================================
check_setup -verbose -unconstrained_endpoints -multiple_clock -no_clock -no_input_delay -loops -generated_clocks
===========================================================================
Warning: There is 1 input port missing set_input_delay.
  reset
