Clock: clk
Sources: clk 
Generated: no
Virtual: yes
Propagated: no
Period: 20.000000

===========================================================================
report_clock_properties
============================================================================
Clock                   Period          Waveform
----------------------------------------------------
clk                  20.000000    0.000000 10.000000

===========================================================================
report_clock_latency
============================================================================
Clock clk
rise -> rise
    min     max
0.000000 0.000000 source latency
0.862757         network latency _17704_/CLK
        1.283380 network latency _17549_/CLK
---------------
0.862757 1.283380 latency
        0.420623 skew

fall -> fall
    min     max
0.000000 0.000000 source latency
0.752428         network latency _17704_/CLK
        1.112352 network latency _17549_/CLK
---------------
0.752428 1.112352 latency
        0.359924 skew



===========================================================================
report_clock_min_period
============================================================================
clk period_min = 9.47 fmax = 105.60
