Clock: clk
Sources: clk 
Generated: no
Virtual: yes
Propagated: no
Period: 20.000000

===========================================================================
report_clock_properties
============================================================================
Clock                   Period          Waveform
----------------------------------------------------
clk                  20.000000    0.000000 10.000000

===========================================================================
report_clock_latency
============================================================================
Clock clk
rise -> rise
    min     max
0.000000 0.000000 source latency
0.607081         network latency _16971_/CLK
        1.071973 network latency _16002_/CLK
---------------
0.607081 1.071973 latency
        0.464892 skew

fall -> fall
    min     max
0.000000 0.000000 source latency
0.566371         network latency _16971_/CLK
        0.999970 network latency _16002_/CLK
---------------
0.566371 0.999970 latency
        0.433599 skew



===========================================================================
report_clock_min_period
============================================================================
clk period_min = 8.58 fmax = 116.56
