Reading timing models for corner nom_tt_025C_1v80…
Reading timing library for the 'nom_tt_025C_1v80' corner at '/home/cl4/.ciel/ciel/sky130/versions/8afc8346a57fe1ab7934ba5a6056ea8b43078e71/sky130A/libs.ref/sky130_fd_sc_hd/lib/sky130_fd_sc_hd__tt_025C_1v80.lib'…
Reading OpenROAD database at '/home/cl4/Desktop/training/RISC-V-SoC-with-Coherent-Memory-Subsystem/physical_design/runs/RUN_2026-09-09_05-42-53/39-openroad-globalrouting/riscv_soc_top.odb'…
Reading design constraints file at '/home/cl4/Desktop/training/RISC-V-SoC-with-Coherent-Memory-Subsystem/physical_design/src/pnr.sdc'…
[INFO] No information on clock propagation in input SDC file-- propagating all clocks.
+ repair_antennas sky130_fd_sc_hd__diode_2 -iterations 3 -ratio_margin 10
[INFO GRT-0012] Found 0 antenna violations.
Setting global connections for newly added cells…
[INFO] Setting global connections...
[INFO ODB-0403] 0 connections made, 0 conflicts skipped.
Updating metrics…
Cell type report:                       Count       Area
  Fill cell                               108     405.39
  Tap cell                                308     385.37
  Buffer                                    5      25.02
  Clock buffer                             56    1098.55
  Timing Repair Buffer                    200    2001.92
  Inverter                                 23      86.33
  Sequential cell                         196    5149.94
  Multi-Input combinational cell          547    4685.74
  Total                                  1443   13838.27
Writing OpenROAD database to '/home/cl4/Desktop/training/RISC-V-SoC-with-Coherent-Memory-Subsystem/physical_design/runs/RUN_2026-09-09_05-42-53/42-openroad-repairantennas/1-openroad-diodeinsertion/riscv_soc_top.odb'…
Writing layout to '/home/cl4/Desktop/training/RISC-V-SoC-with-Coherent-Memory-Subsystem/physical_design/runs/RUN_2026-09-09_05-42-53/42-openroad-repairantennas/1-openroad-diodeinsertion/riscv_soc_top.def'…
