Reading timing models for corner max_tt_025C_1v80…
Reading timing library for the 'max_tt_025C_1v80' corner at '/home/cl4/.ciel/ciel/sky130/versions/8afc8346a57fe1ab7934ba5a6056ea8b43078e71/sky130A/libs.ref/sky130_fd_sc_hd/lib/sky130_fd_sc_hd__tt_025C_1v80.lib'…
Reading timing models for corner min_ss_100C_1v60…
Reading timing library for the 'min_ss_100C_1v60' corner at '/home/cl4/.ciel/ciel/sky130/versions/8afc8346a57fe1ab7934ba5a6056ea8b43078e71/sky130A/libs.ref/sky130_fd_sc_hd/lib/sky130_fd_sc_hd__ss_100C_1v60.lib'…
Reading timing models for corner nom_tt_025C_1v80…
Reading timing library for the 'nom_tt_025C_1v80' corner at '/home/cl4/.ciel/ciel/sky130/versions/8afc8346a57fe1ab7934ba5a6056ea8b43078e71/sky130A/libs.ref/sky130_fd_sc_hd/lib/sky130_fd_sc_hd__tt_025C_1v80.lib'…
[WARNING STA-1140] /home/cl4/.ciel/ciel/sky130/versions/8afc8346a57fe1ab7934ba5a6056ea8b43078e71/sky130A/libs.ref/sky130_fd_sc_hd/lib/sky130_fd_sc_hd__tt_025C_1v80.lib line 1, library sky130_fd_sc_hd__tt_025C_1v80 already exists.
Reading timing models for corner max_ff_n40C_1v95…
Reading timing library for the 'max_ff_n40C_1v95' corner at '/home/cl4/.ciel/ciel/sky130/versions/8afc8346a57fe1ab7934ba5a6056ea8b43078e71/sky130A/libs.ref/sky130_fd_sc_hd/lib/sky130_fd_sc_hd__ff_n40C_1v95.lib'…
Reading timing models for corner nom_ff_n40C_1v95…
Reading timing library for the 'nom_ff_n40C_1v95' corner at '/home/cl4/.ciel/ciel/sky130/versions/8afc8346a57fe1ab7934ba5a6056ea8b43078e71/sky130A/libs.ref/sky130_fd_sc_hd/lib/sky130_fd_sc_hd__ff_n40C_1v95.lib'…
[WARNING STA-1140] /home/cl4/.ciel/ciel/sky130/versions/8afc8346a57fe1ab7934ba5a6056ea8b43078e71/sky130A/libs.ref/sky130_fd_sc_hd/lib/sky130_fd_sc_hd__ff_n40C_1v95.lib line 1, library sky130_fd_sc_hd__ff_n40C_1v95 already exists.
Reading timing models for corner max_ss_100C_1v60…
Reading timing library for the 'max_ss_100C_1v60' corner at '/home/cl4/.ciel/ciel/sky130/versions/8afc8346a57fe1ab7934ba5a6056ea8b43078e71/sky130A/libs.ref/sky130_fd_sc_hd/lib/sky130_fd_sc_hd__ss_100C_1v60.lib'…
[WARNING STA-1140] /home/cl4/.ciel/ciel/sky130/versions/8afc8346a57fe1ab7934ba5a6056ea8b43078e71/sky130A/libs.ref/sky130_fd_sc_hd/lib/sky130_fd_sc_hd__ss_100C_1v60.lib line 1, library sky130_fd_sc_hd__ss_100C_1v60 already exists.
Reading timing models for corner min_tt_025C_1v80…
Reading timing library for the 'min_tt_025C_1v80' corner at '/home/cl4/.ciel/ciel/sky130/versions/8afc8346a57fe1ab7934ba5a6056ea8b43078e71/sky130A/libs.ref/sky130_fd_sc_hd/lib/sky130_fd_sc_hd__tt_025C_1v80.lib'…
[WARNING STA-1140] /home/cl4/.ciel/ciel/sky130/versions/8afc8346a57fe1ab7934ba5a6056ea8b43078e71/sky130A/libs.ref/sky130_fd_sc_hd/lib/sky130_fd_sc_hd__tt_025C_1v80.lib line 1, library sky130_fd_sc_hd__tt_025C_1v80 already exists.
Reading timing models for corner nom_ss_100C_1v60…
Reading timing library for the 'nom_ss_100C_1v60' corner at '/home/cl4/.ciel/ciel/sky130/versions/8afc8346a57fe1ab7934ba5a6056ea8b43078e71/sky130A/libs.ref/sky130_fd_sc_hd/lib/sky130_fd_sc_hd__ss_100C_1v60.lib'…
[WARNING STA-1140] /home/cl4/.ciel/ciel/sky130/versions/8afc8346a57fe1ab7934ba5a6056ea8b43078e71/sky130A/libs.ref/sky130_fd_sc_hd/lib/sky130_fd_sc_hd__ss_100C_1v60.lib line 1, library sky130_fd_sc_hd__ss_100C_1v60 already exists.
Reading timing models for corner min_ff_n40C_1v95…
Reading timing library for the 'min_ff_n40C_1v95' corner at '/home/cl4/.ciel/ciel/sky130/versions/8afc8346a57fe1ab7934ba5a6056ea8b43078e71/sky130A/libs.ref/sky130_fd_sc_hd/lib/sky130_fd_sc_hd__ff_n40C_1v95.lib'…
[WARNING STA-1140] /home/cl4/.ciel/ciel/sky130/versions/8afc8346a57fe1ab7934ba5a6056ea8b43078e71/sky130A/libs.ref/sky130_fd_sc_hd/lib/sky130_fd_sc_hd__ff_n40C_1v95.lib line 1, library sky130_fd_sc_hd__ff_n40C_1v95 already exists.
Reading OpenROAD database at '/home/cl4/Desktop/training/RISC-V-SoC-with-Coherent-Memory-Subsystem/physical_design/runs/RUN_2026-09-09_05-42-53/28-openroad-globalplacement/riscv_soc_top.odb'…
Reading design constraints file at '/home/cl4/Desktop/training/RISC-V-SoC-with-Coherent-Memory-Subsystem/physical_design/src/pnr.sdc'…
[INFO] No information on clock propagation in input SDC file-- propagating all clocks.
[INFO RSZ-0027] Inserted 1 sky130_fd_sc_hd__clkdlybuf4s25_1 input buffers.
[INFO RSZ-0028] Inserted 6 sky130_fd_sc_hd__clkdlybuf4s25_1 output buffers.
+ repair_design -verbose -max_wire_length 0 -slew_margin 20 -cap_margin 20
Iteration |   Area    | Resized | Buffers | Nets repaired | Remaining
---------------------------------------------------------------------
        0 |     +0.0% |       0 |       0 |             0 |       785
       10 |     +0.0% |       0 |       0 |             0 |       775
       20 |     +0.0% |       0 |       0 |             0 |       765
       30 |     +0.0% |       0 |       0 |             0 |       755
       40 |     +0.0% |       0 |       0 |             0 |       745
       50 |     +0.0% |       0 |       0 |             0 |       735
       60 |     +0.0% |       0 |       0 |             0 |       725
       70 |     +0.0% |       0 |       0 |             0 |       715
       80 |     +0.0% |       0 |       0 |             0 |       705
       90 |     +0.0% |       0 |       0 |             0 |       695
      100 |     +0.0% |       0 |       0 |             0 |       685
      110 |     +0.0% |       0 |       0 |             0 |       675
      120 |     +0.0% |       0 |       0 |             0 |       665
      130 |     +0.0% |       0 |       0 |             0 |       655
      140 |     +0.0% |       0 |       0 |             0 |       645
      150 |     +0.0% |       0 |       0 |             0 |       635
      160 |     +0.0% |       0 |       0 |             0 |       625
      170 |     +0.0% |       0 |       0 |             0 |       615
      180 |     +0.0% |       0 |       0 |             0 |       605
      190 |     +0.0% |       0 |       0 |             0 |       595
      200 |     +0.0% |       0 |       0 |             0 |       585
      210 |     +1.6% |       0 |      16 |             5 |       575
      220 |     +1.8% |       0 |      18 |             7 |       565
      230 |     +1.8% |       0 |      18 |             7 |       555
      240 |     +1.8% |       0 |      18 |             7 |       545
      250 |     +1.8% |       0 |      18 |             7 |       535
      260 |     +1.8% |       0 |      18 |             7 |       525
      270 |     +1.8% |       0 |      18 |             7 |       515
      280 |     +1.8% |       0 |      18 |             7 |       505
      290 |     +1.8% |       0 |      18 |             7 |       495
      300 |     +1.8% |       0 |      18 |             7 |       485
      310 |     +1.8% |       0 |      18 |             7 |       475
      320 |     +1.8% |       0 |      18 |             7 |       465
      330 |     +1.8% |       0 |      18 |             7 |       455
      340 |     +1.8% |       0 |      18 |             7 |       445
      350 |     +2.2% |       0 |      22 |             8 |       435
      360 |     +2.2% |       0 |      22 |             8 |       425
      370 |     +2.2% |       0 |      22 |             8 |       415
      380 |     +2.2% |       0 |      22 |             8 |       405
      390 |     +2.2% |       0 |      22 |             8 |       395
      400 |     +2.2% |       0 |      22 |             8 |       385
      410 |     +2.6% |       0 |      26 |             9 |       375
      420 |     +2.6% |       0 |      26 |             9 |       365
      430 |     +2.6% |       0 |      26 |             9 |       355
      440 |     +2.6% |       0 |      26 |             9 |       345
      450 |     +2.6% |       0 |      26 |             9 |       335
      460 |     +2.6% |       0 |      26 |             9 |       325
      470 |     +2.9% |       0 |      29 |            10 |       315
      480 |     +2.9% |       0 |      29 |            10 |       305
      490 |     +2.9% |       0 |      29 |            10 |       295
      500 |     +2.9% |       0 |      29 |            10 |       285
      510 |     +3.1% |       0 |      31 |            11 |       275
      520 |     +3.1% |       0 |      31 |            11 |       265
      530 |     +3.1% |       0 |      31 |            11 |       255
      540 |     +3.1% |       0 |      31 |            11 |       245
      550 |     +3.1% |       0 |      31 |            11 |       235
      560 |     +3.1% |       0 |      31 |            11 |       225
      570 |     +3.1% |       0 |      31 |            11 |       215
      580 |     +3.1% |       0 |      31 |            11 |       205
      590 |     +3.1% |       0 |      31 |            11 |       195
      600 |     +3.1% |       0 |      31 |            11 |       185
      610 |     +3.1% |       0 |      31 |            11 |       175
      620 |     +3.1% |       0 |      31 |            11 |       165
      630 |     +3.1% |       0 |      31 |            11 |       155
      640 |     +3.1% |       0 |      31 |            11 |       145
      650 |     +3.1% |       0 |      31 |            11 |       135
      660 |     +3.1% |       0 |      31 |            11 |       125
      670 |     +3.1% |       0 |      31 |            11 |       115
      680 |     +3.1% |       0 |      31 |            11 |       105
      690 |     +3.1% |       0 |      31 |            11 |        95
      700 |     +3.1% |       0 |      31 |            11 |        85
      710 |     +3.8% |       0 |      38 |            14 |        75
      720 |     +7.5% |       0 |      75 |            15 |        65
      730 |     +7.7% |       0 |      77 |            16 |        55
      740 |     +7.7% |       0 |      77 |            16 |        45
      750 |     +7.7% |       0 |      77 |            16 |        35
      760 |     +7.7% |       0 |      77 |            16 |        25
      770 |     +7.7% |       0 |      77 |            16 |        15
      780 |     +7.7% |       0 |      77 |            16 |         5
    final |     +7.7% |       0 |      77 |            16 |         0
---------------------------------------------------------------------
[INFO RSZ-0034] Found 6 slew violations.
[INFO RSZ-0035] Found 16 fanout violations.
[INFO RSZ-0038] Inserted 77 buffers in 16 nets.
[INFO RSZ-0042] Inserted 3 tie sky130_fd_sc_hd__conb_1 instances.
[INFO RSZ-0042] Inserted 1 tie sky130_fd_sc_hd__conb_1 instances.
[WARNING RSZ-0020] found 2 floating nets.
 VGND
 VPWR
+ detailed_placement -max_displacement  500 100 
Placement Analysis
---------------------------------
total displacement       3327.8 u
average displacement        2.6 u
max displacement           15.5 u
original HPWL           10492.1 u
legalized HPWL          14442.5 u
delta HPWL                   38 %

[INFO DPL-0020] Mirrored 372 instances
[INFO DPL-0021] HPWL before           14442.5 u
[INFO DPL-0022] HPWL after            13848.8 u
[INFO DPL-0023] HPWL delta               -4.1 %
Setting global connections for newly added cells…
[INFO] Setting global connections...
[INFO ODB-0403] 352 connections made, 0 conflicts skipped.
Updating metrics…
Cell type report:                       Count       Area
  Fill cell                               108     405.39
  Tap cell                                308     385.37
  Buffer                                    5      25.02
  Timing Repair Buffer                     84     840.81
  Inverter                                 23      86.33
  Sequential cell                         196    5149.94
  Multi-Input combinational cell          547    4685.74
  Total                                  1271   11578.60
Writing OpenROAD database to '/home/cl4/Desktop/training/RISC-V-SoC-with-Coherent-Memory-Subsystem/physical_design/runs/RUN_2026-09-09_05-42-53/32-openroad-repairdesignpostgpl/riscv_soc_top.odb'…
Writing netlist to '/home/cl4/Desktop/training/RISC-V-SoC-with-Coherent-Memory-Subsystem/physical_design/runs/RUN_2026-09-09_05-42-53/32-openroad-repairdesignpostgpl/riscv_soc_top.nl.v'…
Writing powered netlist to '/home/cl4/Desktop/training/RISC-V-SoC-with-Coherent-Memory-Subsystem/physical_design/runs/RUN_2026-09-09_05-42-53/32-openroad-repairdesignpostgpl/riscv_soc_top.pnl.v'…
Writing layout to '/home/cl4/Desktop/training/RISC-V-SoC-with-Coherent-Memory-Subsystem/physical_design/runs/RUN_2026-09-09_05-42-53/32-openroad-repairdesignpostgpl/riscv_soc_top.def'…
Writing timing constraints to '/home/cl4/Desktop/training/RISC-V-SoC-with-Coherent-Memory-Subsystem/physical_design/runs/RUN_2026-09-09_05-42-53/32-openroad-repairdesignpostgpl/riscv_soc_top.sdc'…
