Reading timing models for corner max_tt_025C_1v80…
Reading timing library for the 'max_tt_025C_1v80' corner at '/home/cl4/.ciel/ciel/sky130/versions/8afc8346a57fe1ab7934ba5a6056ea8b43078e71/sky130A/libs.ref/sky130_fd_sc_hd/lib/sky130_fd_sc_hd__tt_025C_1v80.lib'…
Reading timing models for corner min_ss_100C_1v60…
Reading timing library for the 'min_ss_100C_1v60' corner at '/home/cl4/.ciel/ciel/sky130/versions/8afc8346a57fe1ab7934ba5a6056ea8b43078e71/sky130A/libs.ref/sky130_fd_sc_hd/lib/sky130_fd_sc_hd__ss_100C_1v60.lib'…
Reading timing models for corner nom_tt_025C_1v80…
Reading timing library for the 'nom_tt_025C_1v80' corner at '/home/cl4/.ciel/ciel/sky130/versions/8afc8346a57fe1ab7934ba5a6056ea8b43078e71/sky130A/libs.ref/sky130_fd_sc_hd/lib/sky130_fd_sc_hd__tt_025C_1v80.lib'…
[WARNING STA-1140] /home/cl4/.ciel/ciel/sky130/versions/8afc8346a57fe1ab7934ba5a6056ea8b43078e71/sky130A/libs.ref/sky130_fd_sc_hd/lib/sky130_fd_sc_hd__tt_025C_1v80.lib line 1, library sky130_fd_sc_hd__tt_025C_1v80 already exists.
Reading timing models for corner max_ff_n40C_1v95…
Reading timing library for the 'max_ff_n40C_1v95' corner at '/home/cl4/.ciel/ciel/sky130/versions/8afc8346a57fe1ab7934ba5a6056ea8b43078e71/sky130A/libs.ref/sky130_fd_sc_hd/lib/sky130_fd_sc_hd__ff_n40C_1v95.lib'…
Reading timing models for corner nom_ff_n40C_1v95…
Reading timing library for the 'nom_ff_n40C_1v95' corner at '/home/cl4/.ciel/ciel/sky130/versions/8afc8346a57fe1ab7934ba5a6056ea8b43078e71/sky130A/libs.ref/sky130_fd_sc_hd/lib/sky130_fd_sc_hd__ff_n40C_1v95.lib'…
[WARNING STA-1140] /home/cl4/.ciel/ciel/sky130/versions/8afc8346a57fe1ab7934ba5a6056ea8b43078e71/sky130A/libs.ref/sky130_fd_sc_hd/lib/sky130_fd_sc_hd__ff_n40C_1v95.lib line 1, library sky130_fd_sc_hd__ff_n40C_1v95 already exists.
Reading timing models for corner max_ss_100C_1v60…
Reading timing library for the 'max_ss_100C_1v60' corner at '/home/cl4/.ciel/ciel/sky130/versions/8afc8346a57fe1ab7934ba5a6056ea8b43078e71/sky130A/libs.ref/sky130_fd_sc_hd/lib/sky130_fd_sc_hd__ss_100C_1v60.lib'…
[WARNING STA-1140] /home/cl4/.ciel/ciel/sky130/versions/8afc8346a57fe1ab7934ba5a6056ea8b43078e71/sky130A/libs.ref/sky130_fd_sc_hd/lib/sky130_fd_sc_hd__ss_100C_1v60.lib line 1, library sky130_fd_sc_hd__ss_100C_1v60 already exists.
Reading timing models for corner min_tt_025C_1v80…
Reading timing library for the 'min_tt_025C_1v80' corner at '/home/cl4/.ciel/ciel/sky130/versions/8afc8346a57fe1ab7934ba5a6056ea8b43078e71/sky130A/libs.ref/sky130_fd_sc_hd/lib/sky130_fd_sc_hd__tt_025C_1v80.lib'…
[WARNING STA-1140] /home/cl4/.ciel/ciel/sky130/versions/8afc8346a57fe1ab7934ba5a6056ea8b43078e71/sky130A/libs.ref/sky130_fd_sc_hd/lib/sky130_fd_sc_hd__tt_025C_1v80.lib line 1, library sky130_fd_sc_hd__tt_025C_1v80 already exists.
Reading timing models for corner nom_ss_100C_1v60…
Reading timing library for the 'nom_ss_100C_1v60' corner at '/home/cl4/.ciel/ciel/sky130/versions/8afc8346a57fe1ab7934ba5a6056ea8b43078e71/sky130A/libs.ref/sky130_fd_sc_hd/lib/sky130_fd_sc_hd__ss_100C_1v60.lib'…
[WARNING STA-1140] /home/cl4/.ciel/ciel/sky130/versions/8afc8346a57fe1ab7934ba5a6056ea8b43078e71/sky130A/libs.ref/sky130_fd_sc_hd/lib/sky130_fd_sc_hd__ss_100C_1v60.lib line 1, library sky130_fd_sc_hd__ss_100C_1v60 already exists.
Reading timing models for corner min_ff_n40C_1v95…
Reading timing library for the 'min_ff_n40C_1v95' corner at '/home/cl4/.ciel/ciel/sky130/versions/8afc8346a57fe1ab7934ba5a6056ea8b43078e71/sky130A/libs.ref/sky130_fd_sc_hd/lib/sky130_fd_sc_hd__ff_n40C_1v95.lib'…
[WARNING STA-1140] /home/cl4/.ciel/ciel/sky130/versions/8afc8346a57fe1ab7934ba5a6056ea8b43078e71/sky130A/libs.ref/sky130_fd_sc_hd/lib/sky130_fd_sc_hd__ff_n40C_1v95.lib line 1, library sky130_fd_sc_hd__ff_n40C_1v95 already exists.
Reading OpenROAD database at '/home/cl4/Desktop/training/asic/runs/RUN_2026-09-13_16-01-18/42-openroad-repairantennas/1-openroad-diodeinsertion/dual_core_soc.odb'…
Reading design constraints file at '/home/cl4/Desktop/training/asic/src/impl.sdc'…
[INFO] No information on clock propagation in input SDC file-- propagating all clocks.
[INFO] Setting signal min routing layer to: met1 and clock min routing layer to met1. 
[INFO] Setting signal max routing layer to: met5 and clock max routing layer to met5. 
+ global_route -congestion_iterations 50 -verbose
[INFO GRT-0020] Min routing layer: met1
[INFO GRT-0021] Max routing layer: met5
[INFO GRT-0022] Global adjustment: 30%
[INFO GRT-0023] Grid origin: (0, 0)
[INFO GRT-0088] Layer li1     Track-Pitch = 0.4600  line-2-Via Pitch: 0.3400
[INFO GRT-0088] Layer met1    Track-Pitch = 0.3400  line-2-Via Pitch: 0.3400
[INFO GRT-0088] Layer met2    Track-Pitch = 0.4600  line-2-Via Pitch: 0.3500
[INFO GRT-0088] Layer met3    Track-Pitch = 0.6800  line-2-Via Pitch: 0.6150
[INFO GRT-0088] Layer met4    Track-Pitch = 0.9200  line-2-Via Pitch: 1.0400
[INFO GRT-0088] Layer met5    Track-Pitch = 3.4000  line-2-Via Pitch: 3.1100
[INFO GRT-0003] Macros: 0
[INFO GRT-0004] Blockages: 40461
[INFO GRT-0019] Found 372 clock nets.
[INFO GRT-0001] Minimum degree: 2
[INFO GRT-0002] Maximum degree: 33

[INFO GRT-0053] Routing resources analysis:
          Routing      Original      Derated      Resource
Layer     Direction    Resources     Resources    Reduction (%)
---------------------------------------------------------------
li1        Vertical            0             0          0.00%
met1       Horizontal     312297        208622          33.20%
met2       Vertical       289396        192527          33.47%
met3       Horizontal     206228        141420          31.43%
met4       Vertical       139996         84532          39.62%
met5       Horizontal      36840         19906          45.97%
---------------------------------------------------------------

[INFO GRT-0101] Running extra iterations to remove overflow.
[INFO GRT-0102] Start extra iteration 1/50
[INFO GRT-0102] Start extra iteration 2/50
[INFO GRT-0102] Start extra iteration 3/50
[INFO GRT-0102] Start extra iteration 4/50
[INFO GRT-0197] Via related to pin nodes: 88920
[INFO GRT-0198] Via related Steiner nodes: 2994
[INFO GRT-0199] Via filling finished.
[INFO GRT-0111] Final number of vias: 115117
[INFO GRT-0112] Final usage 3D: 428877

[INFO GRT-0096] Final congestion report:
Layer         Resource        Demand        Usage (%)    Max H / Max V / Total Overflow
---------------------------------------------------------------------------------------
li1                  0             0            0.00%             0 /  0 /  0
met1            208622         39500           18.93%             0 /  0 /  0
met2            192527         38132           19.81%             0 /  0 /  0
met3            141420          3574            2.53%             0 /  0 /  0
met4             84532          2320            2.74%             0 /  0 /  0
met5             19906             0            0.00%             0 /  0 /  0
---------------------------------------------------------------------------------------
Total           647007         83526           12.91%             0 /  0 /  0

[INFO GRT-0018] Total wirelength: 863072 um
[INFO GRT-0014] Routed nets: 14037
[INFO GRT-0303] Global routing runtime = 00:00:30
+ repair_timing -verbose -setup -setup_margin 0.025000000000000001387778780781445675529539585113525390625 -max_buffer_percent 50.0
[INFO RSZ-0100] Repair move sequence: UnbufferMove SizeUpMove SwapPinsMove BufferMove CloneMove SplitLoadMove 
[INFO RSZ-0098] No setup violations found
+ repair_timing -verbose -hold -setup_margin 0.025000000000000001387778780781445675529539585113525390625 -hold_margin 0.05000000000000000277555756156289135105907917022705078125 -max_buffer_percent 50.0
[INFO RSZ-0033] No hold violations found.
+ detailed_placement -max_displacement  500 100 
Placement Analysis
---------------------------------
total displacement         19.1 u
average displacement        0.0 u
max displacement            2.8 u
original HPWL          455994.1 u
legalized HPWL         456007.4 u
delta HPWL                    0 %

[INFO DPL-0020] Mirrored 5213 instances
[INFO DPL-0021] HPWL before          456007.4 u
[INFO DPL-0022] HPWL after           445081.9 u
[INFO DPL-0023] HPWL delta               -2.4 %
+ global_route -congestion_iterations 50 -verbose
[INFO GRT-0020] Min routing layer: met1
[INFO GRT-0021] Max routing layer: met5
[INFO GRT-0022] Global adjustment: 30%
[INFO GRT-0023] Grid origin: (0, 0)
[INFO GRT-0088] Layer li1     Track-Pitch = 0.4600  line-2-Via Pitch: 0.3400
[INFO GRT-0088] Layer met1    Track-Pitch = 0.3400  line-2-Via Pitch: 0.3400
[INFO GRT-0088] Layer met2    Track-Pitch = 0.4600  line-2-Via Pitch: 0.3500
[INFO GRT-0088] Layer met3    Track-Pitch = 0.6800  line-2-Via Pitch: 0.6150
[INFO GRT-0088] Layer met4    Track-Pitch = 0.9200  line-2-Via Pitch: 1.0400
[INFO GRT-0088] Layer met5    Track-Pitch = 3.4000  line-2-Via Pitch: 3.1100
[INFO GRT-0003] Macros: 0
[INFO GRT-0004] Blockages: 40461
[INFO GRT-0019] Found 372 clock nets.
[INFO GRT-0001] Minimum degree: 2
[INFO GRT-0002] Maximum degree: 33

[INFO GRT-0053] Routing resources analysis:
          Routing      Original      Derated      Resource
Layer     Direction    Resources     Resources    Reduction (%)
---------------------------------------------------------------
li1        Vertical            0             0          0.00%
met1       Horizontal     312265        208610          33.19%
met2       Vertical       289396        192527          33.47%
met3       Horizontal     206228        141420          31.43%
met4       Vertical       139996         84532          39.62%
met5       Horizontal      36840         19906          45.97%
---------------------------------------------------------------

[INFO GRT-0101] Running extra iterations to remove overflow.
[INFO GRT-0102] Start extra iteration 1/50
[INFO GRT-0102] Start extra iteration 2/50
[INFO GRT-0102] Start extra iteration 3/50
[WARNING EST-0026] Missing route to pin _18015_/D in net _00001_.
[WARNING EST-0026] Missing route to pin _09067_/X in net _00001_.
[WARNING EST-0026] Missing route to pin _18015_/D in net _00001_.
[WARNING EST-0026] Missing route to pin _09067_/X in net _00001_.
[WARNING EST-0026] Missing route to pin _18015_/D in net _00001_.
[WARNING EST-0026] Missing route to pin _09067_/X in net _00001_.
[WARNING EST-0026] Missing route to pin _18015_/D in net _00001_.
[WARNING EST-0026] Missing route to pin _09067_/X in net _00001_.
[WARNING EST-0026] Missing route to pin _18015_/D in net _00001_.
[WARNING EST-0026] Missing route to pin _09067_/X in net _00001_.
[WARNING EST-0026] Missing route to pin _18015_/D in net _00001_.
[WARNING EST-0026] Missing route to pin _09067_/X in net _00001_.
[WARNING EST-0026] Missing route to pin _18015_/D in net _00001_.
[WARNING EST-0026] Missing route to pin _09067_/X in net _00001_.
[WARNING EST-0026] Missing route to pin _18015_/D in net _00001_.
[WARNING EST-0026] Missing route to pin _09067_/X in net _00001_.
[WARNING EST-0026] Missing route to pin _18015_/D in net _00001_.
[WARNING EST-0026] Missing route to pin _09067_/X in net _00001_.
[WARNING EST-0026] Missing route to pin _18016_/D in net _00002_.
[WARNING EST-0026] Missing route to pin _09064_/X in net _00002_.
[WARNING EST-0026] Missing route to pin _18016_/D in net _00002_.
[WARNING EST-0026] Missing route to pin _09064_/X in net _00002_.
[WARNING EST-0026] Missing route to pin _18016_/D in net _00002_.
[WARNING EST-0026] Missing route to pin _09064_/X in net _00002_.
[WARNING EST-0026] Missing route to pin _18016_/D in net _00002_.
[WARNING EST-0026] Missing route to pin _09064_/X in net _00002_.
[WARNING EST-0026] Missing route to pin _18016_/D in net _00002_.
[WARNING EST-0026] Missing route to pin _09064_/X in net _00002_.
[WARNING EST-0026] Missing route to pin _18016_/D in net _00002_.
[WARNING EST-0026] Missing route to pin _09064_/X in net _00002_.
[WARNING EST-0026] Missing route to pin _18016_/D in net _00002_.
[WARNING EST-0026] Missing route to pin _09064_/X in net _00002_.
[WARNING EST-0026] Missing route to pin _18016_/D in net _00002_.
[WARNING EST-0026] Missing route to pin _09064_/X in net _00002_.
[WARNING EST-0026] Missing route to pin _18016_/D in net _00002_.
[WARNING EST-0026] Missing route to pin _09064_/X in net _00002_.
[WARNING EST-0026] Missing route to pin _18017_/D in net _00003_.
[WARNING EST-0026] Missing route to pin _09061_/Y in net _00003_.
[WARNING EST-0026] Missing route to pin _18017_/D in net _00003_.
[WARNING EST-0026] Missing route to pin _09061_/Y in net _00003_.
[WARNING EST-0026] Missing route to pin _18017_/D in net _00003_.
[WARNING EST-0026] Missing route to pin _09061_/Y in net _00003_.
[WARNING EST-0026] Missing route to pin _18017_/D in net _00003_.
[WARNING EST-0026] Missing route to pin _09061_/Y in net _00003_.
[WARNING EST-0026] Missing route to pin _18017_/D in net _00003_.
[WARNING EST-0026] Missing route to pin _09061_/Y in net _00003_.
[WARNING EST-0026] Missing route to pin _18017_/D in net _00003_.
[WARNING EST-0026] Missing route to pin _09061_/Y in net _00003_.
[WARNING EST-0026] Missing route to pin _18017_/D in net _00003_.
[WARNING EST-0026] Missing route to pin _09061_/Y in net _00003_.
[WARNING EST-0026] Missing route to pin _18017_/D in net _00003_.
[WARNING EST-0026] Missing route to pin _09061_/Y in net _00003_.
[WARNING EST-0026] Missing route to pin _18017_/D in net _00003_.
[WARNING EST-0026] Missing route to pin _09061_/Y in net _00003_.
[WARNING EST-0026] Missing route to pin _18018_/D in net _00004_.
[WARNING EST-0026] Missing route to pin _09049_/Y in net _00004_.
[WARNING EST-0026] Missing route to pin _18018_/D in net _00004_.
[WARNING EST-0026] Missing route to pin _09049_/Y in net _00004_.
[WARNING EST-0026] Missing route to pin _18018_/D in net _00004_.
[WARNING EST-0026] Missing route to pin _09049_/Y in net _00004_.
[WARNING EST-0026] Missing route to pin _18018_/D in net _00004_.
[WARNING EST-0026] Missing route to pin _09049_/Y in net _00004_.
[WARNING EST-0026] Missing route to pin _18018_/D in net _00004_.
[WARNING EST-0026] Missing route to pin _09049_/Y in net _00004_.
[WARNING EST-0026] Missing route to pin _18018_/D in net _00004_.
[WARNING EST-0026] Missing route to pin _09049_/Y in net _00004_.
[WARNING EST-0026] Missing route to pin _18018_/D in net _00004_.
[WARNING EST-0026] Missing route to pin _09049_/Y in net _00004_.
[WARNING EST-0026] Missing route to pin _18018_/D in net _00004_.
[WARNING EST-0026] Missing route to pin _09049_/Y in net _00004_.
[WARNING EST-0026] Missing route to pin _18018_/D in net _00004_.
[WARNING EST-0026] Missing route to pin _09049_/Y in net _00004_.
[WARNING EST-0026] Missing route to pin _18009_/D in net _00005_.
[WARNING EST-0026] Missing route to pin _07717_/X in net _00005_.
[WARNING EST-0026] Missing route to pin _18009_/D in net _00005_.
[WARNING EST-0026] Missing route to pin _07717_/X in net _00005_.
[WARNING EST-0026] Missing route to pin _18009_/D in net _00005_.
[WARNING EST-0026] Missing route to pin _07717_/X in net _00005_.
[WARNING EST-0026] Missing route to pin _18009_/D in net _00005_.
[WARNING EST-0026] Missing route to pin _07717_/X in net _00005_.
[WARNING EST-0026] Missing route to pin _18009_/D in net _00005_.
[WARNING EST-0026] Missing route to pin _07717_/X in net _00005_.
[WARNING EST-0026] Missing route to pin _18009_/D in net _00005_.
[WARNING EST-0026] Missing route to pin _07717_/X in net _00005_.
[WARNING EST-0026] Missing route to pin _18009_/D in net _00005_.
[WARNING EST-0026] Missing route to pin _07717_/X in net _00005_.
[WARNING EST-0026] Missing route to pin _18009_/D in net _00005_.
[WARNING EST-0026] Missing route to pin _07717_/X in net _00005_.
[WARNING EST-0026] Missing route to pin _18009_/D in net _00005_.
[WARNING EST-0026] Missing route to pin _07717_/X in net _00005_.
[WARNING EST-0026] Missing route to pin _18010_/D in net _00006_.
[WARNING EST-0026] Missing route to pin _07715_/X in net _00006_.
[WARNING EST-0026] Missing route to pin _18010_/D in net _00006_.
[WARNING EST-0026] Missing route to pin _07715_/X in net _00006_.
[WARNING EST-0026] Missing route to pin _18010_/D in net _00006_.
[WARNING EST-0026] Missing route to pin _07715_/X in net _00006_.
[WARNING EST-0026] Missing route to pin _18010_/D in net _00006_.
[WARNING EST-0026] Missing route to pin _07715_/X in net _00006_.
[WARNING EST-0026] Missing route to pin _18010_/D in net _00006_.
[WARNING EST-0026] Missing route to pin _07715_/X in net _00006_.
[WARNING EST-0026] Missing route to pin _18010_/D in net _00006_.
[WARNING EST-0026] Missing route to pin _07715_/X in net _00006_.
[WARNING EST-0026] Missing route to pin _18010_/D in net _00006_.
[WARNING EST-0026] Missing route to pin _07715_/X in net _00006_.
[WARNING EST-0026] Missing route to pin _18010_/D in net _00006_.
[WARNING EST-0026] Missing route to pin _07715_/X in net _00006_.
[WARNING EST-0026] Missing route to pin _18010_/D in net _00006_.
[WARNING EST-0026] Missing route to pin _07715_/X in net _00006_.
[WARNING EST-0026] Missing route to pin _18012_/D in net _00008_.
[WARNING EST-0026] Missing route to pin _07711_/Y in net _00008_.
[WARNING EST-0026] Missing route to pin _18012_/D in net _00008_.
[WARNING EST-0026] Missing route to pin _07711_/Y in net _00008_.
[WARNING EST-0026] Missing route to pin _18012_/D in net _00008_.
[WARNING EST-0026] Missing route to pin _07711_/Y in net _00008_.
[WARNING EST-0026] Missing route to pin _18012_/D in net _00008_.
[WARNING EST-0026] Missing route to pin _07711_/Y in net _00008_.
[WARNING EST-0026] Missing route to pin _18012_/D in net _00008_.
[WARNING EST-0026] Missing route to pin _07711_/Y in net _00008_.
[WARNING EST-0026] Missing route to pin _18012_/D in net _00008_.
[WARNING EST-0026] Missing route to pin _07711_/Y in net _00008_.
[WARNING EST-0026] Missing route to pin _18012_/D in net _00008_.
[WARNING EST-0026] Missing route to pin _07711_/Y in net _00008_.
[WARNING EST-0026] Missing route to pin _18012_/D in net _00008_.
[WARNING EST-0026] Missing route to pin _07711_/Y in net _00008_.
[WARNING EST-0026] Missing route to pin _18012_/D in net _00008_.
[WARNING EST-0026] Missing route to pin _07711_/Y in net _00008_.
[WARNING EST-0026] Missing route to pin _15180_/D in net _00010_.
[WARNING EST-0026] Missing route to pin _09154_/X in net _00010_.
[WARNING EST-0026] Missing route to pin _15180_/D in net _00010_.
[WARNING EST-0026] Missing route to pin _09154_/X in net _00010_.
[WARNING EST-0026] Missing route to pin _15180_/D in net _00010_.
[WARNING EST-0026] Missing route to pin _09154_/X in net _00010_.
[WARNING EST-0026] Missing route to pin _15180_/D in net _00010_.
[WARNING EST-0026] Missing route to pin _09154_/X in net _00010_.
[WARNING EST-0026] Missing route to pin _15180_/D in net _00010_.
[WARNING EST-0026] Missing route to pin _09154_/X in net _00010_.
[WARNING EST-0026] Missing route to pin _15180_/D in net _00010_.
[WARNING EST-0026] Missing route to pin _09154_/X in net _00010_.
[WARNING EST-0026] Missing route to pin _15180_/D in net _00010_.
[WARNING EST-0026] Missing route to pin _09154_/X in net _00010_.
[WARNING EST-0026] Missing route to pin _15180_/D in net _00010_.
[WARNING EST-0026] Missing route to pin _09154_/X in net _00010_.
[WARNING EST-0026] Missing route to pin _15180_/D in net _00010_.
[WARNING EST-0026] Missing route to pin _09154_/X in net _00010_.
[WARNING EST-0026] Missing route to pin _15183_/D in net _00013_.
[WARNING EST-0026] Missing route to pin _09285_/X in net _00013_.
[WARNING EST-0026] Missing route to pin _15183_/D in net _00013_.
[WARNING EST-0026] Missing route to pin _09285_/X in net _00013_.
[WARNING EST-0026] Missing route to pin _15183_/D in net _00013_.
[WARNING EST-0026] Missing route to pin _09285_/X in net _00013_.
[WARNING EST-0026] Missing route to pin _15183_/D in net _00013_.
[WARNING EST-0026] Missing route to pin _09285_/X in net _00013_.
[WARNING EST-0026] Missing route to pin _15183_/D in net _00013_.
[WARNING EST-0026] Missing route to pin _09285_/X in net _00013_.
[WARNING EST-0026] Missing route to pin _15183_/D in net _00013_.
[WARNING EST-0026] Missing route to pin _09285_/X in net _00013_.
[WARNING EST-0026] Missing route to pin _15183_/D in net _00013_.
[WARNING EST-0026] Missing route to pin _09285_/X in net _00013_.
[WARNING EST-0026] Missing route to pin _15183_/D in net _00013_.
[WARNING EST-0026] Missing route to pin _09285_/X in net _00013_.
[WARNING EST-0026] Missing route to pin _15183_/D in net _00013_.
[WARNING EST-0026] Missing route to pin _09285_/X in net _00013_.
[WARNING EST-0026] Missing route to pin _15184_/D in net _00014_.
[WARNING EST-0026] Missing route to pin _09329_/X in net _00014_.
[WARNING EST-0026] Missing route to pin _15184_/D in net _00014_.
[WARNING EST-0026] Missing route to pin _09329_/X in net _00014_.
[WARNING EST-0026] Missing route to pin _15184_/D in net _00014_.
[WARNING EST-0026] Missing route to pin _09329_/X in net _00014_.
[WARNING EST-0026] Missing route to pin _15184_/D in net _00014_.
[WARNING EST-0026] Missing route to pin _09329_/X in net _00014_.
[WARNING EST-0026] Missing route to pin _15184_/D in net _00014_.
[WARNING EST-0026] Missing route to pin _09329_/X in net _00014_.
[WARNING EST-0026] Missing route to pin _15184_/D in net _00014_.
[WARNING EST-0026] Missing route to pin _09329_/X in net _00014_.
[WARNING EST-0026] Missing route to pin _15184_/D in net _00014_.
[WARNING EST-0026] Missing route to pin _09329_/X in net _00014_.
[WARNING EST-0026] Missing route to pin _15184_/D in net _00014_.
[WARNING EST-0026] Missing route to pin _09329_/X in net _00014_.
[WARNING EST-0026] Missing route to pin _15184_/D in net _00014_.
[WARNING EST-0026] Missing route to pin _09329_/X in net _00014_.
[WARNING EST-0026] Missing route to pin _15185_/D in net _00015_.
[WARNING EST-0026] Missing route to pin _09373_/X in net _00015_.
[WARNING EST-0026] Missing route to pin _15185_/D in net _00015_.
[WARNING EST-0026] Missing route to pin _09373_/X in net _00015_.
[WARNING EST-0026] Missing route to pin _15185_/D in net _00015_.
[WARNING EST-0026] Missing route to pin _09373_/X in net _00015_.
[WARNING EST-0026] Missing route to pin _15185_/D in net _00015_.
[WARNING EST-0026] Missing route to pin _09373_/X in net _00015_.
[WARNING EST-0026] Missing route to pin _15185_/D in net _00015_.
[WARNING EST-0026] Missing route to pin _09373_/X in net _00015_.
[WARNING EST-0026] Missing route to pin _15185_/D in net _00015_.
[WARNING EST-0026] Missing route to pin _09373_/X in net _00015_.
[WARNING EST-0026] Missing route to pin _15185_/D in net _00015_.
[WARNING EST-0026] Missing route to pin _09373_/X in net _00015_.
[WARNING EST-0026] Missing route to pin _15185_/D in net _00015_.
[WARNING EST-0026] Missing route to pin _09373_/X in net _00015_.
[WARNING EST-0026] Missing route to pin _15185_/D in net _00015_.
[WARNING EST-0026] Missing route to pin _09373_/X in net _00015_.
[WARNING EST-0026] Missing route to pin _15187_/D in net _00017_.
[WARNING EST-0026] Missing route to pin _09460_/X in net _00017_.
[WARNING EST-0026] Missing route to pin _15187_/D in net _00017_.
[WARNING EST-0026] Missing route to pin _09460_/X in net _00017_.
[WARNING EST-0026] Missing route to pin _15187_/D in net _00017_.
[WARNING EST-0026] Missing route to pin _09460_/X in net _00017_.
[WARNING EST-0026] Missing route to pin _15187_/D in net _00017_.
[WARNING EST-0026] Missing route to pin _09460_/X in net _00017_.
[WARNING EST-0026] Missing route to pin _15187_/D in net _00017_.
[WARNING EST-0026] Missing route to pin _09460_/X in net _00017_.
[WARNING EST-0026] Missing route to pin _15187_/D in net _00017_.
[WARNING EST-0026] Missing route to pin _09460_/X in net _00017_.
[WARNING EST-0026] Missing route to pin _15187_/D in net _00017_.
[WARNING EST-0026] Missing route to pin _09460_/X in net _00017_.
[WARNING EST-0026] Missing route to pin _15187_/D in net _00017_.
[WARNING EST-0026] Missing route to pin _09460_/X in net _00017_.
[WARNING EST-0026] Missing route to pin _15187_/D in net _00017_.
[WARNING EST-0026] Missing route to pin _09460_/X in net _00017_.
[WARNING EST-0026] Missing route to pin _15188_/D in net _00018_.
[WARNING EST-0026] Missing route to pin _09503_/X in net _00018_.
[WARNING EST-0026] Missing route to pin _15188_/D in net _00018_.
[WARNING EST-0026] Missing route to pin _09503_/X in net _00018_.
[WARNING EST-0026] Missing route to pin _15188_/D in net _00018_.
[WARNING EST-0026] Missing route to pin _09503_/X in net _00018_.
[WARNING EST-0026] Missing route to pin _15188_/D in net _00018_.
[WARNING EST-0026] Missing route to pin _09503_/X in net _00018_.
[WARNING EST-0026] Missing route to pin _15188_/D in net _00018_.
[WARNING EST-0026] Missing route to pin _09503_/X in net _00018_.
[WARNING EST-0026] Missing route to pin _15188_/D in net _00018_.
[WARNING EST-0026] Missing route to pin _09503_/X in net _00018_.
[WARNING EST-0026] Missing route to pin _15188_/D in net _00018_.
[WARNING EST-0026] Missing route to pin _09503_/X in net _00018_.
[WARNING EST-0026] Missing route to pin _15188_/D in net _00018_.
[WARNING EST-0026] Missing route to pin _09503_/X in net _00018_.
[WARNING EST-0026] Missing route to pin _15188_/D in net _00018_.
[WARNING EST-0026] Missing route to pin _09503_/X in net _00018_.
[WARNING EST-0026] Missing route to pin _15189_/D in net _00019_.
[WARNING EST-0026] Missing route to pin _09547_/X in net _00019_.
[WARNING EST-0026] Missing route to pin _15189_/D in net _00019_.
[WARNING EST-0026] Missing route to pin _09547_/X in net _00019_.
[WARNING EST-0026] Missing route to pin _15189_/D in net _00019_.
[WARNING EST-0026] Missing route to pin _09547_/X in net _00019_.
[WARNING EST-0026] Missing route to pin _15189_/D in net _00019_.
[WARNING EST-0026] Missing route to pin _09547_/X in net _00019_.
[WARNING EST-0026] Missing route to pin _15189_/D in net _00019_.
[WARNING EST-0026] Missing route to pin _09547_/X in net _00019_.
[WARNING EST-0026] Missing route to pin _15189_/D in net _00019_.
[WARNING EST-0026] Missing route to pin _09547_/X in net _00019_.
[WARNING EST-0026] Missing route to pin _15189_/D in net _00019_.
[WARNING EST-0026] Missing route to pin _09547_/X in net _00019_.
[WARNING EST-0026] Missing route to pin _15189_/D in net _00019_.
[WARNING EST-0026] Missing route to pin _09547_/X in net _00019_.
[WARNING EST-0026] Missing route to pin _15189_/D in net _00019_.
[WARNING EST-0026] Missing route to pin _09547_/X in net _00019_.
[WARNING EST-0026] Missing route to pin _15190_/D in net _00020_.
[WARNING EST-0026] Missing route to pin _09591_/X in net _00020_.
[WARNING EST-0026] Missing route to pin _15190_/D in net _00020_.
[WARNING EST-0026] Missing route to pin _09591_/X in net _00020_.
[WARNING EST-0026] Missing route to pin _15190_/D in net _00020_.
[WARNING EST-0026] Missing route to pin _09591_/X in net _00020_.
[WARNING EST-0026] Missing route to pin _15190_/D in net _00020_.
[WARNING EST-0026] Missing route to pin _09591_/X in net _00020_.
[WARNING EST-0026] Missing route to pin _15190_/D in net _00020_.
[WARNING EST-0026] Missing route to pin _09591_/X in net _00020_.
[WARNING EST-0026] Missing route to pin _15190_/D in net _00020_.
[WARNING EST-0026] Missing route to pin _09591_/X in net _00020_.
[WARNING EST-0026] Missing route to pin _15190_/D in net _00020_.
[WARNING EST-0026] Missing route to pin _09591_/X in net _00020_.
[WARNING EST-0026] Missing route to pin _15190_/D in net _00020_.
[WARNING EST-0026] Missing route to pin _09591_/X in net _00020_.
[WARNING EST-0026] Missing route to pin _15190_/D in net _00020_.
[WARNING EST-0026] Missing route to pin _09591_/X in net _00020_.
[WARNING EST-0026] Missing route to pin _15191_/D in net _00021_.
[WARNING EST-0026] Missing route to pin _09633_/X in net _00021_.
[WARNING EST-0026] Missing route to pin _15191_/D in net _00021_.
[WARNING EST-0026] Missing route to pin _09633_/X in net _00021_.
[WARNING EST-0026] Missing route to pin _15191_/D in net _00021_.
[WARNING EST-0026] Missing route to pin _09633_/X in net _00021_.
[WARNING EST-0026] Missing route to pin _15191_/D in net _00021_.
[WARNING EST-0026] Missing route to pin _09633_/X in net _00021_.
[WARNING EST-0026] Missing route to pin _15191_/D in net _00021_.
[WARNING EST-0026] Missing route to pin _09633_/X in net _00021_.
[WARNING EST-0026] Missing route to pin _15191_/D in net _00021_.
[WARNING EST-0026] Missing route to pin _09633_/X in net _00021_.
[WARNING EST-0026] Missing route to pin _15191_/D in net _00021_.
[WARNING EST-0026] Missing route to pin _09633_/X in net _00021_.
[WARNING EST-0026] Missing route to pin _15191_/D in net _00021_.
[WARNING EST-0026] Missing route to pin _09633_/X in net _00021_.
[WARNING EST-0026] Missing route to pin _15191_/D in net _00021_.
[WARNING EST-0026] Missing route to pin _09633_/X in net _00021_.
[WARNING EST-0026] Missing route to pin _15193_/D in net _00023_.
[WARNING EST-0026] Missing route to pin _09719_/X in net _00023_.
[WARNING EST-0026] Missing route to pin _15193_/D in net _00023_.
[WARNING EST-0026] Missing route to pin _09719_/X in net _00023_.
[WARNING EST-0026] Missing route to pin _15193_/D in net _00023_.
[WARNING EST-0026] Missing route to pin _09719_/X in net _00023_.
[WARNING EST-0026] Missing route to pin _15193_/D in net _00023_.
[WARNING EST-0026] Missing route to pin _09719_/X in net _00023_.
[WARNING EST-0026] Missing route to pin _15193_/D in net _00023_.
[WARNING EST-0026] Missing route to pin _09719_/X in net _00023_.
[WARNING EST-0026] Missing route to pin _15193_/D in net _00023_.
[WARNING EST-0026] Missing route to pin _09719_/X in net _00023_.
[WARNING EST-0026] Missing route to pin _15193_/D in net _00023_.
[WARNING EST-0026] Missing route to pin _09719_/X in net _00023_.
[WARNING EST-0026] Missing route to pin _15193_/D in net _00023_.
[WARNING EST-0026] Missing route to pin _09719_/X in net _00023_.
[WARNING EST-0026] Missing route to pin _15193_/D in net _00023_.
[WARNING EST-0026] Missing route to pin _09719_/X in net _00023_.
[WARNING EST-0026] Missing route to pin _15194_/D in net _00024_.
[WARNING EST-0026] Missing route to pin _09762_/X in net _00024_.
[WARNING EST-0026] Missing route to pin _15194_/D in net _00024_.
[WARNING EST-0026] Missing route to pin _09762_/X in net _00024_.
[WARNING EST-0026] Missing route to pin _15194_/D in net _00024_.
[WARNING EST-0026] Missing route to pin _09762_/X in net _00024_.
[WARNING EST-0026] Missing route to pin _15194_/D in net _00024_.
[WARNING EST-0026] Missing route to pin _09762_/X in net _00024_.
[WARNING EST-0026] Missing route to pin _15194_/D in net _00024_.
[WARNING EST-0026] Missing route to pin _09762_/X in net _00024_.
[WARNING EST-0026] Missing route to pin _15194_/D in net _00024_.
[WARNING EST-0026] Missing route to pin _09762_/X in net _00024_.
[WARNING EST-0026] Missing route to pin _15194_/D in net _00024_.
[WARNING EST-0026] Missing route to pin _09762_/X in net _00024_.
[WARNING EST-0026] Missing route to pin _15194_/D in net _00024_.
[WARNING EST-0026] Missing route to pin _09762_/X in net _00024_.
[WARNING EST-0026] Missing route to pin _15194_/D in net _00024_.
[WARNING EST-0026] Missing route to pin _09762_/X in net _00024_.
[WARNING EST-0026] Missing route to pin _15195_/D in net _00025_.
[WARNING EST-0026] Missing route to pin _09806_/X in net _00025_.
[WARNING EST-0026] Missing route to pin _15195_/D in net _00025_.
[WARNING EST-0026] Missing route to pin _09806_/X in net _00025_.
[WARNING EST-0026] Missing route to pin _15195_/D in net _00025_.
[WARNING EST-0026] Missing route to pin _09806_/X in net _00025_.
[WARNING EST-0026] Missing route to pin _15195_/D in net _00025_.
[WARNING EST-0026] Missing route to pin _09806_/X in net _00025_.
[WARNING EST-0026] Missing route to pin _15195_/D in net _00025_.
[WARNING EST-0026] Missing route to pin _09806_/X in net _00025_.
[WARNING EST-0026] Missing route to pin _15195_/D in net _00025_.
[WARNING EST-0026] Missing route to pin _09806_/X in net _00025_.
[WARNING EST-0026] Missing route to pin _15195_/D in net _00025_.
[WARNING EST-0026] Missing route to pin _09806_/X in net _00025_.
[WARNING EST-0026] Missing route to pin _15195_/D in net _00025_.
[WARNING EST-0026] Missing route to pin _09806_/X in net _00025_.
[WARNING EST-0026] Missing route to pin _15195_/D in net _00025_.
[WARNING EST-0026] Missing route to pin _09806_/X in net _00025_.
[WARNING EST-0026] Missing route to pin _15196_/D in net _00026_.
[WARNING EST-0026] Missing route to pin _09850_/X in net _00026_.
[WARNING EST-0026] Missing route to pin _15196_/D in net _00026_.
[WARNING EST-0026] Missing route to pin _09850_/X in net _00026_.
[WARNING EST-0026] Missing route to pin _15196_/D in net _00026_.
[WARNING EST-0026] Missing route to pin _09850_/X in net _00026_.
[WARNING EST-0026] Missing route to pin _15196_/D in net _00026_.
[WARNING EST-0026] Missing route to pin _09850_/X in net _00026_.
[WARNING EST-0026] Missing route to pin _15196_/D in net _00026_.
[WARNING EST-0026] Missing route to pin _09850_/X in net _00026_.
[WARNING EST-0026] Missing route to pin _15196_/D in net _00026_.
[WARNING EST-0026] Missing route to pin _09850_/X in net _00026_.
[WARNING EST-0026] Missing route to pin _15196_/D in net _00026_.
[WARNING EST-0026] Missing route to pin _09850_/X in net _00026_.
[WARNING EST-0026] Missing route to pin _15196_/D in net _00026_.
[WARNING EST-0026] Missing route to pin _09850_/X in net _00026_.
[WARNING EST-0026] Missing route to pin _15196_/D in net _00026_.
[WARNING EST-0026] Missing route to pin _09850_/X in net _00026_.
[WARNING EST-0026] Missing route to pin _15198_/D in net _00028_.
[WARNING EST-0026] Missing route to pin _09938_/X in net _00028_.
[WARNING EST-0026] Missing route to pin _15198_/D in net _00028_.
[WARNING EST-0026] Missing route to pin _09938_/X in net _00028_.
[WARNING EST-0026] Missing route to pin _15198_/D in net _00028_.
[WARNING EST-0026] Missing route to pin _09938_/X in net _00028_.
[WARNING EST-0026] Missing route to pin _15198_/D in net _00028_.
[WARNING EST-0026] Missing route to pin _09938_/X in net _00028_.
[WARNING EST-0026] Missing route to pin _15198_/D in net _00028_.
[WARNING EST-0026] Missing route to pin _09938_/X in net _00028_.
[WARNING EST-0026] Missing route to pin _15198_/D in net _00028_.
[WARNING EST-0026] Missing route to pin _09938_/X in net _00028_.
[WARNING EST-0026] Missing route to pin _15198_/D in net _00028_.
[WARNING EST-0026] Missing route to pin _09938_/X in net _00028_.
[WARNING EST-0026] Missing route to pin _15198_/D in net _00028_.
[WARNING EST-0026] Missing route to pin _09938_/X in net _00028_.
[WARNING EST-0026] Missing route to pin _15198_/D in net _00028_.
[WARNING EST-0026] Missing route to pin _09938_/X in net _00028_.
[WARNING EST-0026] Missing route to pin _15200_/D in net _00030_.
[WARNING EST-0026] Missing route to pin _10026_/X in net _00030_.
[WARNING EST-0026] Missing route to pin _15200_/D in net _00030_.
[WARNING EST-0026] Missing route to pin _10026_/X in net _00030_.
[WARNING EST-0026] Missing route to pin _15200_/D in net _00030_.
[WARNING EST-0026] Missing route to pin _10026_/X in net _00030_.
[WARNING EST-0026] Missing route to pin _15200_/D in net _00030_.
[WARNING EST-0026] Missing route to pin _10026_/X in net _00030_.
[WARNING EST-0026] Missing route to pin _15200_/D in net _00030_.
[WARNING EST-0026] Missing route to pin _10026_/X in net _00030_.
[WARNING EST-0026] Missing route to pin _15200_/D in net _00030_.
[WARNING EST-0026] Missing route to pin _10026_/X in net _00030_.
[WARNING EST-0026] Missing route to pin _15200_/D in net _00030_.
[WARNING EST-0026] Missing route to pin _10026_/X in net _00030_.
[WARNING EST-0026] Missing route to pin _15200_/D in net _00030_.
[WARNING EST-0026] Missing route to pin _10026_/X in net _00030_.
[WARNING EST-0026] Missing route to pin _15200_/D in net _00030_.
[WARNING EST-0026] Missing route to pin _10026_/X in net _00030_.
[WARNING EST-0026] Missing route to pin _15201_/D in net _00031_.
[WARNING EST-0026] Missing route to pin _10069_/X in net _00031_.
[WARNING EST-0026] Missing route to pin _15201_/D in net _00031_.
[WARNING EST-0026] Missing route to pin _10069_/X in net _00031_.
[WARNING EST-0026] Missing route to pin _15201_/D in net _00031_.
[WARNING EST-0026] Missing route to pin _10069_/X in net _00031_.
[WARNING EST-0026] Missing route to pin _15201_/D in net _00031_.
[WARNING EST-0026] Missing route to pin _10069_/X in net _00031_.
[WARNING EST-0026] Missing route to pin _15201_/D in net _00031_.
[WARNING EST-0026] Missing route to pin _10069_/X in net _00031_.
[WARNING EST-0026] Missing route to pin _15201_/D in net _00031_.
[WARNING EST-0026] Missing route to pin _10069_/X in net _00031_.
[WARNING EST-0026] Missing route to pin _15201_/D in net _00031_.
[WARNING EST-0026] Missing route to pin _10069_/X in net _00031_.
[WARNING EST-0026] Missing route to pin _15201_/D in net _00031_.
[WARNING EST-0026] Missing route to pin _10069_/X in net _00031_.
[WARNING EST-0026] Missing route to pin _15201_/D in net _00031_.
[WARNING EST-0026] Missing route to pin _10069_/X in net _00031_.
[WARNING EST-0026] Missing route to pin _15203_/D in net _00033_.
[WARNING EST-0026] Missing route to pin _10156_/X in net _00033_.
[WARNING EST-0026] Missing route to pin _15203_/D in net _00033_.
[WARNING EST-0026] Missing route to pin _10156_/X in net _00033_.
[WARNING EST-0026] Missing route to pin _15203_/D in net _00033_.
[WARNING EST-0026] Missing route to pin _10156_/X in net _00033_.
[WARNING EST-0026] Missing route to pin _15203_/D in net _00033_.
[WARNING EST-0026] Missing route to pin _10156_/X in net _00033_.
[WARNING EST-0026] Missing route to pin _15203_/D in net _00033_.
[WARNING EST-0026] Missing route to pin _10156_/X in net _00033_.
[WARNING EST-0026] Missing route to pin _15203_/D in net _00033_.
[WARNING EST-0026] Missing route to pin _10156_/X in net _00033_.
[WARNING EST-0026] Missing route to pin _15203_/D in net _00033_.
[WARNING EST-0026] Missing route to pin _10156_/X in net _00033_.
[WARNING EST-0026] Missing route to pin _15203_/D in net _00033_.
[WARNING EST-0026] Missing route to pin _10156_/X in net _00033_.
[WARNING EST-0026] Missing route to pin _15203_/D in net _00033_.
[WARNING EST-0026] Missing route to pin _10156_/X in net _00033_.
[WARNING EST-0026] Missing route to pin _15205_/D in net _00035_.
[WARNING EST-0026] Missing route to pin _10243_/X in net _00035_.
[WARNING EST-0026] Missing route to pin _15205_/D in net _00035_.
[WARNING EST-0026] Missing route to pin _10243_/X in net _00035_.
[WARNING EST-0026] Missing route to pin _15205_/D in net _00035_.
[WARNING EST-0026] Missing route to pin _10243_/X in net _00035_.
[WARNING EST-0026] Missing route to pin _15205_/D in net _00035_.
[WARNING EST-0026] Missing route to pin _10243_/X in net _00035_.
[WARNING EST-0026] Missing route to pin _15205_/D in net _00035_.
[WARNING EST-0026] Missing route to pin _10243_/X in net _00035_.
[WARNING EST-0026] Missing route to pin _15205_/D in net _00035_.
[WARNING EST-0026] Missing route to pin _10243_/X in net _00035_.
[WARNING EST-0026] Missing route to pin _15205_/D in net _00035_.
[WARNING EST-0026] Missing route to pin _10243_/X in net _00035_.
[WARNING EST-0026] Missing route to pin _15205_/D in net _00035_.
[WARNING EST-0026] Missing route to pin _10243_/X in net _00035_.
[WARNING EST-0026] Missing route to pin _15205_/D in net _00035_.
[WARNING EST-0026] Missing route to pin _10243_/X in net _00035_.
[WARNING EST-0026] Missing route to pin _15208_/D in net _00038_.
[WARNING EST-0026] Missing route to pin _10375_/X in net _00038_.
[WARNING EST-0026] Missing route to pin _15208_/D in net _00038_.
[WARNING EST-0026] Missing route to pin _10375_/X in net _00038_.
[WARNING EST-0026] Missing route to pin _15208_/D in net _00038_.
[WARNING EST-0026] Missing route to pin _10375_/X in net _00038_.
[WARNING EST-0026] Missing route to pin _15208_/D in net _00038_.
[WARNING EST-0026] Missing route to pin _10375_/X in net _00038_.
[WARNING EST-0026] Missing route to pin _15208_/D in net _00038_.
[WARNING EST-0026] Missing route to pin _10375_/X in net _00038_.
[WARNING EST-0026] Missing route to pin _15208_/D in net _00038_.
[WARNING EST-0026] Missing route to pin _10375_/X in net _00038_.
[WARNING EST-0026] Missing route to pin _15208_/D in net _00038_.
[WARNING EST-0026] Missing route to pin _10375_/X in net _00038_.
[WARNING EST-0026] Missing route to pin _15208_/D in net _00038_.
[WARNING EST-0026] Missing route to pin _10375_/X in net _00038_.
[WARNING EST-0026] Missing route to pin _15208_/D in net _00038_.
[WARNING EST-0026] Missing route to pin _10375_/X in net _00038_.
[WARNING EST-0026] Missing route to pin _15209_/D in net _00039_.
[WARNING EST-0026] Missing route to pin _10418_/X in net _00039_.
[WARNING EST-0026] Missing route to pin _15209_/D in net _00039_.
[WARNING EST-0026] Missing route to pin _10418_/X in net _00039_.
[WARNING EST-0026] Missing route to pin _15209_/D in net _00039_.
[WARNING EST-0026] Missing route to pin _10418_/X in net _00039_.
[WARNING EST-0026] Missing route to pin _15209_/D in net _00039_.
[WARNING EST-0026] Missing route to pin _10418_/X in net _00039_.
[WARNING EST-0026] Missing route to pin _15209_/D in net _00039_.
[WARNING EST-0026] Missing route to pin _10418_/X in net _00039_.
[WARNING EST-0026] Missing route to pin _15209_/D in net _00039_.
[WARNING EST-0026] Missing route to pin _10418_/X in net _00039_.
[WARNING EST-0026] Missing route to pin _15209_/D in net _00039_.
[WARNING EST-0026] Missing route to pin _10418_/X in net _00039_.
[WARNING EST-0026] Missing route to pin _15209_/D in net _00039_.
[WARNING EST-0026] Missing route to pin _10418_/X in net _00039_.
[WARNING EST-0026] Missing route to pin _15209_/D in net _00039_.
[WARNING EST-0026] Missing route to pin _10418_/X in net _00039_.
[WARNING EST-0026] Missing route to pin _15212_/D in net _00042_.
[WARNING EST-0026] Missing route to pin _14065_/B1 in net _00042_.
[WARNING EST-0026] Missing route to pin _10508_/X in net _00042_.
[WARNING EST-0026] Missing route to pin _15212_/D in net _00042_.
[WARNING EST-0026] Missing route to pin _14065_/B1 in net _00042_.
[WARNING EST-0026] Missing route to pin _10508_/X in net _00042_.
[WARNING EST-0026] Missing route to pin _15212_/D in net _00042_.
[WARNING EST-0026] Missing route to pin _14065_/B1 in net _00042_.
[WARNING EST-0026] Missing route to pin _10508_/X in net _00042_.
[WARNING EST-0026] Missing route to pin _15212_/D in net _00042_.
[WARNING EST-0026] Missing route to pin _14065_/B1 in net _00042_.
[WARNING EST-0026] Missing route to pin _10508_/X in net _00042_.
[WARNING EST-0026] Missing route to pin _15212_/D in net _00042_.
[WARNING EST-0026] Missing route to pin _14065_/B1 in net _00042_.
[WARNING EST-0026] Missing route to pin _10508_/X in net _00042_.
[WARNING EST-0026] Missing route to pin _15212_/D in net _00042_.
[WARNING EST-0026] Missing route to pin _14065_/B1 in net _00042_.
[WARNING EST-0026] Missing route to pin _10508_/X in net _00042_.
[WARNING EST-0026] Missing route to pin _15212_/D in net _00042_.
[WARNING EST-0026] Missing route to pin _14065_/B1 in net _00042_.
[WARNING EST-0026] Missing route to pin _10508_/X in net _00042_.
[WARNING EST-0026] Missing route to pin _15212_/D in net _00042_.
[WARNING EST-0026] Missing route to pin _14065_/B1 in net _00042_.
[WARNING EST-0026] Missing route to pin _10508_/X in net _00042_.
[WARNING EST-0026] Missing route to pin _15212_/D in net _00042_.
[WARNING EST-0026] Missing route to pin _14065_/B1 in net _00042_.
[WARNING EST-0026] Missing route to pin _10508_/X in net _00042_.
[WARNING EST-0026] Missing route to pin wire1215/A in net _00044_.
[WARNING EST-0026] Missing route to pin _10514_/Y in net _00044_.
[WARNING EST-0026] Missing route to pin wire1215/A in net _00044_.
[WARNING EST-0026] Missing route to pin _10514_/Y in net _00044_.
[WARNING EST-0026] Missing route to pin wire1215/A in net _00044_.
[WARNING EST-0026] Missing route to pin _10514_/Y in net _00044_.
[WARNING EST-0026] Missing route to pin wire1215/A in net _00044_.
[WARNING EST-0026] Missing route to pin _10514_/Y in net _00044_.
[WARNING EST-0026] Missing route to pin wire1215/A in net _00044_.
[WARNING EST-0026] Missing route to pin _10514_/Y in net _00044_.
[WARNING EST-0026] Missing route to pin wire1215/A in net _00044_.
[WARNING EST-0026] Missing route to pin _10514_/Y in net _00044_.
[WARNING EST-0026] Missing route to pin wire1215/A in net _00044_.
[WARNING EST-0026] Missing route to pin _10514_/Y in net _00044_.
[WARNING EST-0026] Missing route to pin wire1215/A in net _00044_.
[WARNING EST-0026] Missing route to pin _10514_/Y in net _00044_.
[WARNING EST-0026] Missing route to pin wire1215/A in net _00044_.
[WARNING EST-0026] Missing route to pin _10514_/Y in net _00044_.
[WARNING EST-0026] Missing route to pin _15215_/D in net _00045_.
[WARNING EST-0026] Missing route to pin _10515_/X in net _00045_.
[WARNING EST-0026] Missing route to pin _15215_/D in net _00045_.
[WARNING EST-0026] Missing route to pin _10515_/X in net _00045_.
[WARNING EST-0026] Missing route to pin _15215_/D in net _00045_.
[WARNING EST-0026] Missing route to pin _10515_/X in net _00045_.
[WARNING EST-0026] Missing route to pin _15215_/D in net _00045_.
[WARNING EST-0026] Missing route to pin _10515_/X in net _00045_.
[WARNING EST-0026] Missing route to pin _15215_/D in net _00045_.
[WARNING EST-0026] Missing route to pin _10515_/X in net _00045_.
[WARNING EST-0026] Missing route to pin _15215_/D in net _00045_.
[WARNING EST-0026] Missing route to pin _10515_/X in net _00045_.
[WARNING EST-0026] Missing route to pin _15215_/D in net _00045_.
[WARNING EST-0026] Missing route to pin _10515_/X in net _00045_.
[WARNING EST-0026] Missing route to pin _15215_/D in net _00045_.
[WARNING EST-0026] Missing route to pin _10515_/X in net _00045_.
[WARNING EST-0026] Missing route to pin _15215_/D in net _00045_.
[WARNING EST-0026] Missing route to pin _10515_/X in net _00045_.
[WARNING EST-0026] Missing route to pin _15217_/D in net _00047_.
[WARNING EST-0026] Missing route to pin _10519_/X in net _00047_.
[WARNING EST-0026] Missing route to pin _15217_/D in net _00047_.
[WARNING EST-0026] Missing route to pin _10519_/X in net _00047_.
[WARNING EST-0026] Missing route to pin _15217_/D in net _00047_.
[WARNING EST-0026] Missing route to pin _10519_/X in net _00047_.
[WARNING EST-0026] Missing route to pin _15217_/D in net _00047_.
[WARNING EST-0026] Missing route to pin _10519_/X in net _00047_.
[WARNING EST-0026] Missing route to pin _15217_/D in net _00047_.
[WARNING EST-0026] Missing route to pin _10519_/X in net _00047_.
[WARNING EST-0026] Missing route to pin _15217_/D in net _00047_.
[WARNING EST-0026] Missing route to pin _10519_/X in net _00047_.
[WARNING EST-0026] Missing route to pin _15217_/D in net _00047_.
[WARNING EST-0026] Missing route to pin _10519_/X in net _00047_.
[WARNING EST-0026] Missing route to pin _15217_/D in net _00047_.
[WARNING EST-0026] Missing route to pin _10519_/X in net _00047_.
[WARNING EST-0026] Missing route to pin _15217_/D in net _00047_.
[WARNING EST-0026] Missing route to pin _10519_/X in net _00047_.
[WARNING EST-0026] Missing route to pin hold3821/A in net _00048_.
[WARNING EST-0026] Missing route to pin _10521_/X in net _00048_.
[WARNING EST-0026] Missing route to pin hold3821/A in net _00048_.
[WARNING EST-0026] Missing route to pin _10521_/X in net _00048_.
[WARNING EST-0026] Missing route to pin hold3821/A in net _00048_.
[WARNING EST-0026] Missing route to pin _10521_/X in net _00048_.
[WARNING EST-0026] Missing route to pin hold3821/A in net _00048_.
[WARNING EST-0026] Missing route to pin _10521_/X in net _00048_.
[WARNING EST-0026] Missing route to pin hold3821/A in net _00048_.
[WARNING EST-0026] Missing route to pin _10521_/X in net _00048_.
[WARNING EST-0026] Missing route to pin hold3821/A in net _00048_.
[WARNING EST-0026] Missing route to pin _10521_/X in net _00048_.
[WARNING EST-0026] Missing route to pin hold3821/A in net _00048_.
[WARNING EST-0026] Missing route to pin _10521_/X in net _00048_.
[WARNING EST-0026] Missing route to pin hold3821/A in net _00048_.
[WARNING EST-0026] Missing route to pin _10521_/X in net _00048_.
[WARNING EST-0026] Missing route to pin hold3821/A in net _00048_.
[WARNING EST-0026] Missing route to pin _10521_/X in net _00048_.
[WARNING EST-0026] Missing route to pin _15219_/D in net _00049_.
[WARNING EST-0026] Missing route to pin _10523_/X in net _00049_.
[WARNING EST-0026] Missing route to pin _15219_/D in net _00049_.
[WARNING EST-0026] Missing route to pin _10523_/X in net _00049_.
[WARNING EST-0026] Missing route to pin _15219_/D in net _00049_.
[WARNING EST-0026] Missing route to pin _10523_/X in net _00049_.
[WARNING EST-0026] Missing route to pin _15219_/D in net _00049_.
[WARNING EST-0026] Missing route to pin _10523_/X in net _00049_.
[WARNING EST-0026] Missing route to pin _15219_/D in net _00049_.
[WARNING EST-0026] Missing route to pin _10523_/X in net _00049_.
[WARNING EST-0026] Missing route to pin _15219_/D in net _00049_.
[WARNING EST-0026] Missing route to pin _10523_/X in net _00049_.
[WARNING EST-0026] Missing route to pin _15219_/D in net _00049_.
[WARNING EST-0026] Missing route to pin _10523_/X in net _00049_.
[WARNING EST-0026] Missing route to pin _15219_/D in net _00049_.
[WARNING EST-0026] Missing route to pin _10523_/X in net _00049_.
[WARNING EST-0026] Missing route to pin _15219_/D in net _00049_.
[WARNING EST-0026] Missing route to pin _10523_/X in net _00049_.
[WARNING EST-0026] Missing route to pin _15220_/D in net _00050_.
[WARNING EST-0026] Missing route to pin _10525_/X in net _00050_.
[WARNING EST-0026] Missing route to pin _15220_/D in net _00050_.
[WARNING EST-0026] Missing route to pin _10525_/X in net _00050_.
[WARNING EST-0026] Missing route to pin _15220_/D in net _00050_.
[WARNING EST-0026] Missing route to pin _10525_/X in net _00050_.
[WARNING EST-0026] Missing route to pin _15220_/D in net _00050_.
[WARNING EST-0026] Missing route to pin _10525_/X in net _00050_.
[WARNING EST-0026] Missing route to pin _15220_/D in net _00050_.
[WARNING EST-0026] Missing route to pin _10525_/X in net _00050_.
[WARNING EST-0026] Missing route to pin _15220_/D in net _00050_.
[WARNING EST-0026] Missing route to pin _10525_/X in net _00050_.
[WARNING EST-0026] Missing route to pin _15220_/D in net _00050_.
[WARNING EST-0026] Missing route to pin _10525_/X in net _00050_.
[WARNING EST-0026] Missing route to pin _15220_/D in net _00050_.
[WARNING EST-0026] Missing route to pin _10525_/X in net _00050_.
[WARNING EST-0026] Missing route to pin _15220_/D in net _00050_.
[WARNING EST-0026] Missing route to pin _10525_/X in net _00050_.
[WARNING EST-0026] Missing route to pin _15221_/D in net _00051_.
[WARNING EST-0026] Missing route to pin _10527_/X in net _00051_.
[WARNING EST-0026] Missing route to pin _15221_/D in net _00051_.
[WARNING EST-0026] Missing route to pin _10527_/X in net _00051_.
[WARNING EST-0026] Missing route to pin _15221_/D in net _00051_.
[WARNING EST-0026] Missing route to pin _10527_/X in net _00051_.
[WARNING EST-0026] Missing route to pin _15221_/D in net _00051_.
[WARNING EST-0026] Missing route to pin _10527_/X in net _00051_.
[WARNING EST-0026] Missing route to pin _15221_/D in net _00051_.
[WARNING EST-0026] Missing route to pin _10527_/X in net _00051_.
[WARNING EST-0026] Missing route to pin _15221_/D in net _00051_.
[WARNING EST-0026] Missing route to pin _10527_/X in net _00051_.
[WARNING EST-0026] Missing route to pin _15221_/D in net _00051_.
[WARNING EST-0026] Missing route to pin _10527_/X in net _00051_.
[WARNING EST-0026] Missing route to pin _15221_/D in net _00051_.
[WARNING EST-0026] Missing route to pin _10527_/X in net _00051_.
[WARNING EST-0026] Missing route to pin _15221_/D in net _00051_.
[WARNING EST-0026] Missing route to pin _10527_/X in net _00051_.
[WARNING EST-0026] Missing route to pin _15222_/D in net _00052_.
[WARNING EST-0026] Missing route to pin _10529_/X in net _00052_.
[WARNING EST-0026] Missing route to pin _15222_/D in net _00052_.
[WARNING EST-0026] Missing route to pin _10529_/X in net _00052_.
[WARNING EST-0026] Missing route to pin _15222_/D in net _00052_.
[WARNING EST-0026] Missing route to pin _10529_/X in net _00052_.
[WARNING EST-0026] Missing route to pin _15222_/D in net _00052_.
[WARNING EST-0026] Missing route to pin _10529_/X in net _00052_.
[WARNING EST-0026] Missing route to pin _15222_/D in net _00052_.
[WARNING EST-0026] Missing route to pin _10529_/X in net _00052_.
[WARNING EST-0026] Missing route to pin _15222_/D in net _00052_.
[WARNING EST-0026] Missing route to pin _10529_/X in net _00052_.
[WARNING EST-0026] Missing route to pin _15222_/D in net _00052_.
[WARNING EST-0026] Missing route to pin _10529_/X in net _00052_.
[WARNING EST-0026] Missing route to pin _15222_/D in net _00052_.
[WARNING EST-0026] Missing route to pin _10529_/X in net _00052_.
[WARNING EST-0026] Missing route to pin _15222_/D in net _00052_.
[WARNING EST-0026] Missing route to pin _10529_/X in net _00052_.
[WARNING EST-0026] Missing route to pin hold3678/A in net _00054_.
[WARNING EST-0026] Missing route to pin _10549_/Y in net _00054_.
[WARNING EST-0026] Missing route to pin hold3678/A in net _00054_.
[WARNING EST-0026] Missing route to pin _10549_/Y in net _00054_.
[WARNING EST-0026] Missing route to pin hold3678/A in net _00054_.
[WARNING EST-0026] Missing route to pin _10549_/Y in net _00054_.
[WARNING EST-0026] Missing route to pin hold3678/A in net _00054_.
[WARNING EST-0026] Missing route to pin _10549_/Y in net _00054_.
[WARNING EST-0026] Missing route to pin hold3678/A in net _00054_.
[WARNING EST-0026] Missing route to pin _10549_/Y in net _00054_.
[WARNING EST-0026] Missing route to pin hold3678/A in net _00054_.
[WARNING EST-0026] Missing route to pin _10549_/Y in net _00054_.
[WARNING EST-0026] Missing route to pin hold3678/A in net _00054_.
[WARNING EST-0026] Missing route to pin _10549_/Y in net _00054_.
[WARNING EST-0026] Missing route to pin hold3678/A in net _00054_.
[WARNING EST-0026] Missing route to pin _10549_/Y in net _00054_.
[WARNING EST-0026] Missing route to pin hold3678/A in net _00054_.
[WARNING EST-0026] Missing route to pin _10549_/Y in net _00054_.
[WARNING EST-0026] Missing route to pin _15226_/D in net _00056_.
[WARNING EST-0026] Missing route to pin _10557_/Y in net _00056_.
[WARNING EST-0026] Missing route to pin _15226_/D in net _00056_.
[WARNING EST-0026] Missing route to pin _10557_/Y in net _00056_.
[WARNING EST-0026] Missing route to pin _15226_/D in net _00056_.
[WARNING EST-0026] Missing route to pin _10557_/Y in net _00056_.
[WARNING EST-0026] Missing route to pin _15226_/D in net _00056_.
[WARNING EST-0026] Missing route to pin _10557_/Y in net _00056_.
[WARNING EST-0026] Missing route to pin _15226_/D in net _00056_.
[WARNING EST-0026] Missing route to pin _10557_/Y in net _00056_.
[WARNING EST-0026] Missing route to pin _15226_/D in net _00056_.
[WARNING EST-0026] Missing route to pin _10557_/Y in net _00056_.
[WARNING EST-0026] Missing route to pin _15226_/D in net _00056_.
[WARNING EST-0026] Missing route to pin _10557_/Y in net _00056_.
[WARNING EST-0026] Missing route to pin _15226_/D in net _00056_.
[WARNING EST-0026] Missing route to pin _10557_/Y in net _00056_.
[WARNING EST-0026] Missing route to pin _15226_/D in net _00056_.
[WARNING EST-0026] Missing route to pin _10557_/Y in net _00056_.
[WARNING EST-0026] Missing route to pin _15227_/D in net _00057_.
[WARNING EST-0026] Missing route to pin _10561_/Y in net _00057_.
[WARNING EST-0026] Missing route to pin _15227_/D in net _00057_.
[WARNING EST-0026] Missing route to pin _10561_/Y in net _00057_.
[WARNING EST-0026] Missing route to pin _15227_/D in net _00057_.
[WARNING EST-0026] Missing route to pin _10561_/Y in net _00057_.
[WARNING EST-0026] Missing route to pin _15227_/D in net _00057_.
[WARNING EST-0026] Missing route to pin _10561_/Y in net _00057_.
[WARNING EST-0026] Missing route to pin _15227_/D in net _00057_.
[WARNING EST-0026] Missing route to pin _10561_/Y in net _00057_.
[WARNING EST-0026] Missing route to pin _15227_/D in net _00057_.
[WARNING EST-0026] Missing route to pin _10561_/Y in net _00057_.
[WARNING EST-0026] Missing route to pin _15227_/D in net _00057_.
[WARNING EST-0026] Missing route to pin _10561_/Y in net _00057_.
[WARNING EST-0026] Missing route to pin _15227_/D in net _00057_.
[WARNING EST-0026] Missing route to pin _10561_/Y in net _00057_.
[WARNING EST-0026] Missing route to pin _15227_/D in net _00057_.
[WARNING EST-0026] Missing route to pin _10561_/Y in net _00057_.
[WARNING EST-0026] Missing route to pin hold3801/A in net _00058_.
[WARNING EST-0026] Missing route to pin _10563_/X in net _00058_.
[WARNING EST-0026] Missing route to pin hold3801/A in net _00058_.
[WARNING EST-0026] Missing route to pin _10563_/X in net _00058_.
[WARNING EST-0026] Missing route to pin hold3801/A in net _00058_.
[WARNING EST-0026] Missing route to pin _10563_/X in net _00058_.
[WARNING EST-0026] Missing route to pin hold3801/A in net _00058_.
[WARNING EST-0026] Missing route to pin _10563_/X in net _00058_.
[WARNING EST-0026] Missing route to pin hold3801/A in net _00058_.
[WARNING EST-0026] Missing route to pin _10563_/X in net _00058_.
[WARNING EST-0026] Missing route to pin hold3801/A in net _00058_.
[WARNING EST-0026] Missing route to pin _10563_/X in net _00058_.
[WARNING EST-0026] Missing route to pin hold3801/A in net _00058_.
[WARNING EST-0026] Missing route to pin _10563_/X in net _00058_.
[WARNING EST-0026] Missing route to pin hold3801/A in net _00058_.
[WARNING EST-0026] Missing route to pin _10563_/X in net _00058_.
[WARNING EST-0026] Missing route to pin hold3801/A in net _00058_.
[WARNING EST-0026] Missing route to pin _10563_/X in net _00058_.
[WARNING EST-0026] Missing route to pin hold3804/A in net _00059_.
[WARNING EST-0026] Missing route to pin _10565_/X in net _00059_.
[WARNING EST-0026] Missing route to pin hold3804/A in net _00059_.
[WARNING EST-0026] Missing route to pin _10565_/X in net _00059_.
[WARNING EST-0026] Missing route to pin hold3804/A in net _00059_.
[WARNING EST-0026] Missing route to pin _10565_/X in net _00059_.
[WARNING EST-0026] Missing route to pin hold3804/A in net _00059_.
[WARNING EST-0026] Missing route to pin _10565_/X in net _00059_.
[WARNING EST-0026] Missing route to pin hold3804/A in net _00059_.
[WARNING EST-0026] Missing route to pin _10565_/X in net _00059_.
[WARNING EST-0026] Missing route to pin hold3804/A in net _00059_.
[WARNING EST-0026] Missing route to pin _10565_/X in net _00059_.
[WARNING EST-0026] Missing route to pin hold3804/A in net _00059_.
[WARNING EST-0026] Missing route to pin _10565_/X in net _00059_.
[WARNING EST-0026] Missing route to pin hold3804/A in net _00059_.
[WARNING EST-0026] Missing route to pin _10565_/X in net _00059_.
[WARNING EST-0026] Missing route to pin hold3804/A in net _00059_.
[WARNING EST-0026] Missing route to pin _10565_/X in net _00059_.
[WARNING EST-0026] Missing route to pin hold3792/A in net _00061_.
[WARNING EST-0026] Missing route to pin _10569_/X in net _00061_.
[WARNING EST-0026] Missing route to pin hold3792/A in net _00061_.
[WARNING EST-0026] Missing route to pin _10569_/X in net _00061_.
[WARNING EST-0026] Missing route to pin hold3792/A in net _00061_.
[WARNING EST-0026] Missing route to pin _10569_/X in net _00061_.
[WARNING EST-0026] Missing route to pin hold3792/A in net _00061_.
[WARNING EST-0026] Missing route to pin _10569_/X in net _00061_.
[WARNING EST-0026] Missing route to pin hold3792/A in net _00061_.
[WARNING EST-0026] Missing route to pin _10569_/X in net _00061_.
[WARNING EST-0026] Missing route to pin hold3792/A in net _00061_.
[WARNING EST-0026] Missing route to pin _10569_/X in net _00061_.
[WARNING EST-0026] Missing route to pin hold3792/A in net _00061_.
[WARNING EST-0026] Missing route to pin _10569_/X in net _00061_.
[WARNING EST-0026] Missing route to pin hold3792/A in net _00061_.
[WARNING EST-0026] Missing route to pin _10569_/X in net _00061_.
[WARNING EST-0026] Missing route to pin hold3792/A in net _00061_.
[WARNING EST-0026] Missing route to pin _10569_/X in net _00061_.
[WARNING EST-0026] Missing route to pin _14086_/A1 in net net1157.
[WARNING EST-0026] Missing route to pin _08888_/A3 in net net1157.
[WARNING EST-0026] Missing route to pin _08885_/A1 in net net1157.
[WARNING EST-0026] Missing route to pin _08861_/A4 in net net1157.
[WARNING EST-0026] Missing route to pin _08767_/A1 in net net1157.
[WARNING EST-0026] Missing route to pin _08742_/A4 in net net1157.
[WARNING EST-0026] Missing route to pin _08278_/A1 in net net1157.
[WARNING EST-0026] Missing route to pin _08275_/C in net net1157.
[WARNING EST-0026] Missing route to pin _08273_/A1 in net net1157.
[WARNING EST-0026] Missing route to pin _08267_/C in net net1157.
[WARNING EST-0026] Missing route to pin _08266_/A1 in net net1157.
[WARNING EST-0026] Missing route to pin _08256_/A1 in net net1157.
[WARNING EST-0026] Missing route to pin _08255_/D in net net1157.
[WARNING EST-0026] Missing route to pin _08244_/A1 in net net1157.
[WARNING EST-0026] Missing route to pin _08243_/D in net net1157.
[WARNING EST-0026] Missing route to pin _08238_/A1 in net net1157.
[WARNING EST-0026] Missing route to pin _08237_/C in net net1157.
[WARNING EST-0026] Missing route to pin _08228_/D in net net1157.
[WARNING EST-0026] Missing route to pin _08227_/A1 in net net1157.
[WARNING EST-0026] Missing route to pin _08226_/C in net net1157.
[WARNING EST-0026] Missing route to pin _08204_/A1 in net net1157.
[WARNING EST-0026] Missing route to pin _08203_/D in net net1157.
[WARNING EST-0026] Missing route to pin _08196_/A in net net1157.
[WARNING EST-0026] Missing route to pin _08041_/D in net net1157.
[WARNING EST-0026] Missing route to pin _07922_/A1 in net net1157.
[WARNING EST-0026] Missing route to pin _07910_/A in net net1157.
[WARNING EST-0026] Missing route to pin _07760_/D in net net1157.
[WARNING EST-0026] Missing route to pin _07754_/A in net net1157.
[WARNING EST-0026] Missing route to pin _07751_/A1 in net net1157.
[WARNING EST-0026] Missing route to pin _07750_/C1 in net net1157.
[WARNING EST-0026] Missing route to pin place1157/X in net net1157.
[WARNING EST-0026] Missing route to pin _14086_/A1 in net net1157.
[WARNING EST-0026] Missing route to pin _08888_/A3 in net net1157.
[WARNING EST-0026] Missing route to pin _08885_/A1 in net net1157.
[WARNING EST-0026] Missing route to pin _08861_/A4 in net net1157.
[WARNING EST-0026] Missing route to pin _08767_/A1 in net net1157.
[WARNING EST-0026] Missing route to pin _08742_/A4 in net net1157.
[WARNING EST-0026] Missing route to pin _08278_/A1 in net net1157.
[WARNING EST-0026] Missing route to pin _08275_/C in net net1157.
[WARNING EST-0026] Missing route to pin _08273_/A1 in net net1157.
[WARNING EST-0026] Missing route to pin _08267_/C in net net1157.
[WARNING EST-0026] Missing route to pin _08266_/A1 in net net1157.
[WARNING EST-0026] Missing route to pin _08256_/A1 in net net1157.
[WARNING EST-0026] Missing route to pin _08255_/D in net net1157.
[WARNING EST-0026] Missing route to pin _08244_/A1 in net net1157.
[WARNING EST-0026] Missing route to pin _08243_/D in net net1157.
[WARNING EST-0026] Missing route to pin _08238_/A1 in net net1157.
[WARNING EST-0026] Missing route to pin _08237_/C in net net1157.
[WARNING EST-0026] Missing route to pin _08228_/D in net net1157.
[WARNING EST-0026] Missing route to pin _08227_/A1 in net net1157.
[WARNING EST-0026] Missing route to pin _08226_/C in net net1157.
[WARNING EST-0026] Missing route to pin _08204_/A1 in net net1157.
[WARNING EST-0026] Missing route to pin _08203_/D in net net1157.
[WARNING EST-0026] Missing route to pin _08196_/A in net net1157.
[WARNING EST-0026] Missing route to pin _08041_/D in net net1157.
[WARNING EST-0026] Missing route to pin _07922_/A1 in net net1157.
[WARNING EST-0026] Missing route to pin _07910_/A in net net1157.
[WARNING EST-0026] Missing route to pin _07760_/D in net net1157.
[WARNING EST-0026] Missing route to pin _07754_/A in net net1157.
[WARNING EST-0026] Missing route to pin _07751_/A1 in net net1157.
[WARNING EST-0026] Missing route to pin _07750_/C1 in net net1157.
[WARNING EST-0026] Missing route to pin place1157/X in net net1157.
[WARNING EST-0026] Missing route to pin _14086_/A1 in net net1157.
[WARNING EST-0026] Missing route to pin _08888_/A3 in net net1157.
[WARNING EST-0026] Missing route to pin _08885_/A1 in net net1157.
[WARNING EST-0026] Missing route to pin _08861_/A4 in net net1157.
[WARNING EST-0026] Missing route to pin _08767_/A1 in net net1157.
[WARNING EST-0026] Missing route to pin _08742_/A4 in net net1157.
[WARNING EST-0026] Missing route to pin _08278_/A1 in net net1157.
[WARNING EST-0026] Missing route to pin _08275_/C in net net1157.
[WARNING EST-0026] Missing route to pin _08273_/A1 in net net1157.
[WARNING EST-0026] Missing route to pin _08267_/C in net net1157.
[WARNING EST-0026] Missing route to pin _08266_/A1 in net net1157.
[WARNING EST-0026] Missing route to pin _08256_/A1 in net net1157.
[WARNING EST-0026] Missing route to pin _08255_/D in net net1157.
[WARNING EST-0026] Missing route to pin _08244_/A1 in net net1157.
[WARNING EST-0026] Missing route to pin _08243_/D in net net1157.
[WARNING EST-0026] Missing route to pin _08238_/A1 in net net1157.
[WARNING EST-0026] Missing route to pin _08237_/C in net net1157.
[WARNING EST-0026] Missing route to pin _08228_/D in net net1157.
[WARNING EST-0026] Missing route to pin _08227_/A1 in net net1157.
[WARNING EST-0026] Missing route to pin _08226_/C in net net1157.
[WARNING EST-0026] Missing route to pin _08204_/A1 in net net1157.
[WARNING EST-0026] Missing route to pin _08203_/D in net net1157.
[WARNING EST-0026] Missing route to pin _08196_/A in net net1157.
[WARNING EST-0026] Missing route to pin _08041_/D in net net1157.
[WARNING EST-0026] Missing route to pin _07922_/A1 in net net1157.
[WARNING EST-0026] Missing route to pin _07910_/A in net net1157.
[WARNING EST-0026] Missing route to pin _07760_/D in net net1157.
[WARNING EST-0026] Missing route to pin _07754_/A in net net1157.
[WARNING EST-0026] Missing route to pin _07751_/A1 in net net1157.
[WARNING EST-0026] Missing route to pin _07750_/C1 in net net1157.
[WARNING EST-0026] Missing route to pin place1157/X in net net1157.
[WARNING EST-0026] Missing route to pin _14086_/A1 in net net1157.
[WARNING EST-0026] Missing route to pin _08888_/A3 in net net1157.
[WARNING EST-0026] Missing route to pin _08885_/A1 in net net1157.
[WARNING EST-0026] Missing route to pin _08861_/A4 in net net1157.
[WARNING EST-0026] Missing route to pin _08767_/A1 in net net1157.
[WARNING EST-0026] Missing route to pin _08742_/A4 in net net1157.
[WARNING EST-0026] Missing route to pin _08278_/A1 in net net1157.
[WARNING EST-0026] Missing route to pin _08275_/C in net net1157.
[WARNING EST-0026] Missing route to pin _08273_/A1 in net net1157.
[WARNING EST-0026] Missing route to pin _08267_/C in net net1157.
[WARNING EST-0026] Missing route to pin _08266_/A1 in net net1157.
[WARNING EST-0026] Missing route to pin _08256_/A1 in net net1157.
[WARNING EST-0026] Missing route to pin _08255_/D in net net1157.
[WARNING EST-0026] Missing route to pin _08244_/A1 in net net1157.
[WARNING EST-0026] Missing route to pin _08243_/D in net net1157.
[WARNING EST-0026] Missing route to pin _08238_/A1 in net net1157.
[WARNING EST-0026] Missing route to pin _08237_/C in net net1157.
[WARNING EST-0026] Missing route to pin _08228_/D in net net1157.
[WARNING EST-0026] Missing route to pin _08227_/A1 in net net1157.
[WARNING EST-0026] Missing route to pin _08226_/C in net net1157.
[WARNING EST-0026] Missing route to pin _08204_/A1 in net net1157.
[WARNING EST-0026] Missing route to pin _08203_/D in net net1157.
[WARNING EST-0026] Missing route to pin _08196_/A in net net1157.
[WARNING EST-0026] Missing route to pin _08041_/D in net net1157.
[WARNING EST-0026] Missing route to pin _07922_/A1 in net net1157.
[WARNING EST-0026] Missing route to pin _07910_/A in net net1157.
[WARNING EST-0026] Missing route to pin _07760_/D in net net1157.
[WARNING EST-0026] Missing route to pin _07754_/A in net net1157.
[WARNING EST-0026] Missing route to pin _07751_/A1 in net net1157.
[WARNING EST-0026] Missing route to pin _07750_/C1 in net net1157.
[WARNING EST-0026] Missing route to pin place1157/X in net net1157.
[WARNING EST-0026] Missing route to pin _14086_/A1 in net net1157.
[WARNING EST-0026] Missing route to pin _08888_/A3 in net net1157.
[WARNING EST-0026] Missing route to pin _08885_/A1 in net net1157.
[WARNING EST-0026] Missing route to pin _08861_/A4 in net net1157.
[WARNING EST-0026] Missing route to pin _08767_/A1 in net net1157.
[WARNING EST-0026] Missing route to pin _08742_/A4 in net net1157.
[WARNING EST-0026] Missing route to pin _08278_/A1 in net net1157.
[WARNING EST-0026] Missing route to pin _08275_/C in net net1157.
[WARNING EST-0026] Missing route to pin _08273_/A1 in net net1157.
[WARNING EST-0026] Missing route to pin _08267_/C in net net1157.
[WARNING EST-0026] Missing route to pin _08266_/A1 in net net1157.
[WARNING EST-0026] Missing route to pin _08256_/A1 in net net1157.
[WARNING EST-0026] Missing route to pin _08255_/D in net net1157.
[WARNING EST-0026] Missing route to pin _08244_/A1 in net net1157.
[WARNING EST-0026] Missing route to pin _08243_/D in net net1157.
[WARNING EST-0026] Missing route to pin _08238_/A1 in net net1157.
[WARNING EST-0026] Missing route to pin _08237_/C in net net1157.
[WARNING EST-0026] Missing route to pin _08228_/D in net net1157.
[WARNING EST-0026] Missing route to pin _08227_/A1 in net net1157.
[WARNING EST-0026] Missing route to pin _08226_/C in net net1157.
[WARNING EST-0026] Missing route to pin _08204_/A1 in net net1157.
[WARNING EST-0026] Missing route to pin _08203_/D in net net1157.
[WARNING EST-0026] Missing route to pin _08196_/A in net net1157.
[WARNING EST-0026] Missing route to pin _08041_/D in net net1157.
[WARNING EST-0026] Missing route to pin _07922_/A1 in net net1157.
[WARNING EST-0026] Missing route to pin _07910_/A in net net1157.
[WARNING EST-0026] Missing route to pin _07760_/D in net net1157.
[WARNING EST-0026] Missing route to pin _07754_/A in net net1157.
[WARNING EST-0026] Missing route to pin _07751_/A1 in net net1157.
[WARNING EST-0026] Missing route to pin _07750_/C1 in net net1157.
[WARNING EST-0026] Missing route to pin place1157/X in net net1157.
[WARNING EST-0026] Missing route to pin _14086_/A1 in net net1157.
[WARNING EST-0026] Missing route to pin _08888_/A3 in net net1157.
[WARNING EST-0026] Missing route to pin _08885_/A1 in net net1157.
[WARNING EST-0026] Missing route to pin _08861_/A4 in net net1157.
[WARNING EST-0026] Missing route to pin _08767_/A1 in net net1157.
[WARNING EST-0026] Missing route to pin _08742_/A4 in net net1157.
[WARNING EST-0026] Missing route to pin _08278_/A1 in net net1157.
[WARNING EST-0026] Missing route to pin _08275_/C in net net1157.
[WARNING EST-0026] Missing route to pin _08273_/A1 in net net1157.
[WARNING EST-0026] Missing route to pin _08267_/C in net net1157.
[WARNING EST-0026] Missing route to pin _08266_/A1 in net net1157.
[WARNING EST-0026] Missing route to pin _08256_/A1 in net net1157.
[WARNING EST-0026] Missing route to pin _08255_/D in net net1157.
[WARNING EST-0026] Missing route to pin _08244_/A1 in net net1157.
[WARNING EST-0026] Missing route to pin _08243_/D in net net1157.
[WARNING EST-0026] Missing route to pin _08238_/A1 in net net1157.
[WARNING EST-0026] Missing route to pin _08237_/C in net net1157.
[WARNING EST-0026] Missing route to pin _08228_/D in net net1157.
[WARNING EST-0026] Missing route to pin _08227_/A1 in net net1157.
[WARNING EST-0026] Missing route to pin _08226_/C in net net1157.
[WARNING EST-0026] Missing route to pin _08204_/A1 in net net1157.
[WARNING EST-0026] Missing route to pin _08203_/D in net net1157.
[WARNING EST-0026] Missing route to pin _08196_/A in net net1157.
[WARNING EST-0026] Missing route to pin _08041_/D in net net1157.
[WARNING EST-0026] Missing route to pin _07922_/A1 in net net1157.
[WARNING EST-0026] Missing route to pin _07910_/A in net net1157.
[WARNING EST-0026] Missing route to pin _07760_/D in net net1157.
[WARNING EST-0026] Missing route to pin _07754_/A in net net1157.
[WARNING EST-0026] Missing route to pin _07751_/A1 in net net1157.
[WARNING EST-0026] Missing route to pin _07750_/C1 in net net1157.
[WARNING EST-0026] Missing route to pin place1157/X in net net1157.
[WARNING EST-0026] Missing route to pin _14086_/A1 in net net1157.
[WARNING EST-0026] Missing route to pin _08888_/A3 in net net1157.
[WARNING EST-0026] Missing route to pin _08885_/A1 in net net1157.
[WARNING EST-0026] Missing route to pin _08861_/A4 in net net1157.
[WARNING EST-0026] Missing route to pin _08767_/A1 in net net1157.
[WARNING EST-0026] Missing route to pin _08742_/A4 in net net1157.
[WARNING EST-0026] Missing route to pin _08278_/A1 in net net1157.
[WARNING EST-0026] Missing route to pin _08275_/C in net net1157.
[WARNING EST-0026] Missing route to pin _08273_/A1 in net net1157.
[WARNING EST-0026] Missing route to pin _08267_/C in net net1157.
[WARNING EST-0026] Missing route to pin _08266_/A1 in net net1157.
[WARNING EST-0026] Missing route to pin _08256_/A1 in net net1157.
[WARNING EST-0026] Missing route to pin _08255_/D in net net1157.
[WARNING EST-0026] Missing route to pin _08244_/A1 in net net1157.
[WARNING EST-0026] Missing route to pin _08243_/D in net net1157.
[WARNING EST-0026] Missing route to pin _08238_/A1 in net net1157.
[WARNING EST-0026] Missing route to pin _08237_/C in net net1157.
[WARNING EST-0026] Missing route to pin _08228_/D in net net1157.
[WARNING EST-0026] Missing route to pin _08227_/A1 in net net1157.
[WARNING EST-0026] Missing route to pin _08226_/C in net net1157.
[WARNING EST-0026] Missing route to pin _08204_/A1 in net net1157.
[WARNING EST-0026] Missing route to pin _08203_/D in net net1157.
[WARNING EST-0026] Missing route to pin _08196_/A in net net1157.
[WARNING EST-0026] Missing route to pin _08041_/D in net net1157.
[WARNING EST-0026] Missing route to pin _07922_/A1 in net net1157.
[WARNING EST-0026] Missing route to pin _07910_/A in net net1157.
[WARNING EST-0026] Missing route to pin _07760_/D in net net1157.
[WARNING EST-0026] Missing route to pin _07754_/A in net net1157.
[WARNING EST-0026] Missing route to pin _07751_/A1 in net net1157.
[WARNING EST-0026] Missing route to pin _07750_/C1 in net net1157.
[WARNING EST-0026] Missing route to pin place1157/X in net net1157.
[WARNING EST-0026] Missing route to pin _14086_/A1 in net net1157.
[WARNING EST-0026] Missing route to pin _08888_/A3 in net net1157.
[WARNING EST-0026] Missing route to pin _08885_/A1 in net net1157.
[WARNING EST-0026] Missing route to pin _08861_/A4 in net net1157.
[WARNING EST-0026] Missing route to pin _08767_/A1 in net net1157.
[WARNING EST-0026] Missing route to pin _08742_/A4 in net net1157.
[WARNING EST-0026] Missing route to pin _08278_/A1 in net net1157.
[WARNING EST-0026] Missing route to pin _08275_/C in net net1157.
[WARNING EST-0026] Missing route to pin _08273_/A1 in net net1157.
[WARNING EST-0026] Missing route to pin _08267_/C in net net1157.
[WARNING EST-0026] Missing route to pin _08266_/A1 in net net1157.
[WARNING EST-0026] Missing route to pin _08256_/A1 in net net1157.
[WARNING EST-0026] Missing route to pin _08255_/D in net net1157.
[WARNING EST-0026] Missing route to pin _08244_/A1 in net net1157.
[WARNING EST-0026] Missing route to pin _08243_/D in net net1157.
[WARNING EST-0026] Missing route to pin _08238_/A1 in net net1157.
[WARNING EST-0026] Missing route to pin _08237_/C in net net1157.
[WARNING EST-0026] Missing route to pin _08228_/D in net net1157.
[WARNING EST-0026] message limit (1000) reached. This message will no longer print.
[INFO GRT-0102] Start extra iteration 4/50
[INFO GRT-0197] Via related to pin nodes: 87765
[INFO GRT-0198] Via related Steiner nodes: 3020
[INFO GRT-0199] Via filling finished.
[INFO GRT-0111] Final number of vias: 113153
[INFO GRT-0112] Final usage 3D: 421285

[INFO GRT-0096] Final congestion report:
Layer         Resource        Demand        Usage (%)    Max H / Max V / Total Overflow
---------------------------------------------------------------------------------------
li1                  0             0            0.00%             0 /  0 /  0
met1            208610         38448           18.43%             0 /  0 /  0
met2            192527         38078           19.78%             0 /  0 /  0
met3            141420          2935            2.08%             0 /  0 /  0
met4             84532          2365            2.80%             0 /  0 /  0
met5             19906             0            0.00%             0 /  0 /  0
---------------------------------------------------------------------------------------
Total           646995         81826           12.65%             0 /  0 /  0

[INFO GRT-0018] Total wirelength: 843994 um
[INFO GRT-0014] Routed nets: 14037
[INFO GRT-0303] Global routing runtime = 00:00:22
Setting global connections for newly added cells…
[INFO] Setting global connections...
[INFO ODB-0403] 0 connections made, 0 conflicts skipped.
Updating metrics…
Cell type report:                       Count       Area
  Fill cell                               688    2582.48
  Tap cell                              12456   15584.95
  Antenna cell                             10      25.02
  Clock buffer                            445    5855.62
  Timing Repair Buffer                   3266   30691.94
  Inverter                                134     502.98
  Clock inverter                          246    3183.05
  Sequential cell                        2839   60391.67
  Multi-Input combinational cell         7424   77337.92
  Total                                 27508  196155.63
Writing OpenROAD database to '/home/cl4/Desktop/training/asic/runs/RUN_2026-09-13_16-01-18/43-openroad-resizertimingpostgrt/dual_core_soc.odb'…
Writing netlist to '/home/cl4/Desktop/training/asic/runs/RUN_2026-09-13_16-01-18/43-openroad-resizertimingpostgrt/dual_core_soc.nl.v'…
Writing powered netlist to '/home/cl4/Desktop/training/asic/runs/RUN_2026-09-13_16-01-18/43-openroad-resizertimingpostgrt/dual_core_soc.pnl.v'…
Writing layout to '/home/cl4/Desktop/training/asic/runs/RUN_2026-09-13_16-01-18/43-openroad-resizertimingpostgrt/dual_core_soc.def'…
Writing timing constraints to '/home/cl4/Desktop/training/asic/runs/RUN_2026-09-13_16-01-18/43-openroad-resizertimingpostgrt/dual_core_soc.sdc'…
