Clock: clk
Sources: clk 
Generated: no
Virtual: yes
Propagated: no
Period: 50.000000

===========================================================================
report_clock_properties
============================================================================
Clock                   Period          Waveform
----------------------------------------------------
clk                  50.000000    0.000000 25.000000

===========================================================================
report_clock_latency
============================================================================
Clock clk
rise -> rise
    min     max
0.000000 0.000000 source latency
0.748624         network latency _1135_/CLK
        0.847227 network latency _1053_/CLK
---------------
0.748624 0.847227 latency
        0.098603 skew

fall -> fall
    min     max
0.000000 0.000000 source latency
0.776476         network latency _1135_/CLK
        0.874248 network latency _1053_/CLK
---------------
0.776476 0.874248 latency
        0.097772 skew



===========================================================================
report_clock_min_period
============================================================================
clk period_min = 15.87 fmax = 63.03
