
===========================================================================
 report_power
============================================================================
======================= min_ss_100C_1v60 Corner ===================================

Group                    Internal    Switching      Leakage        Total
                            Power        Power        Power        Power (Watts)
------------------------------------------------------------------------
Sequential           1.229958e-04 0.000000e+00 3.640110e-06 1.266359e-04  42.0%
Combinational        4.477408e-08 2.201390e-08 4.007742e-06 4.074529e-06   1.4%
Clock                1.199261e-04 4.988119e-05 8.507905e-07 1.706581e-04  56.6%
Macro                0.000000e+00 0.000000e+00 0.000000e+00 0.000000e+00   0.0%
Pad                  0.000000e+00 0.000000e+00 0.000000e+00 0.000000e+00   0.0%
------------------------------------------------------------------------
Total                2.429666e-04 4.990320e-05 8.498640e-06 3.013685e-04 100.0%
                            80.6%        16.6%         2.8%

