Clock: clk
Sources: clk 
Generated: no
Virtual: no
Propagated: no
Period: 20.000000

===========================================================================
report_clock_properties
============================================================================
Clock                   Period          Waveform
----------------------------------------------------
clk                  20.000000    0.000000 10.000000

===========================================================================
report_clock_latency
============================================================================
Clock clk
rise -> rise
    min     max
0.000000 0.000000 source latency
7.730880         network latency _26690_/CLK
        8.544657 network latency _26690_/CLK
---------------
7.730880 8.544657 latency
        0.813777 skew

fall -> fall
    min     max
0.000000 0.000000 source latency
3.358307         network latency _26690_/CLK
        3.711812 network latency _26690_/CLK
---------------
3.358307 3.711812 latency
        0.353506 skew



===========================================================================
report_clock_min_period
============================================================================
clk period_min = 6.86 fmax = 145.79
