
===========================================================================
report_checks -unconstrained
===========================================================================
======================= nom_tt_025C_1v80 Corner ===================================

Startpoint: reset (input port clocked by clk)
Endpoint: _27961_ (recovery check against rising-edge clock clk)
Path Group: asynchronous
Path Type: max

Fanout         Cap        Slew       Delay        Time   Description
---------------------------------------------------------------------------------------------
                                  0.000000    0.000000   clock clk (rise edge)
                                  0.000000    0.000000   clock network delay (propagated)
                                  4.000000    4.000000 ^ input external delay
     2    0.030324    0.141912    0.102937    4.102937 ^ reset (in)
                                                         reset (net)
                      0.141935    0.000000    4.102937 ^ fanout483/A (sky130_fd_sc_hd__buf_2)
     2    0.011599    0.065894    0.164694    4.267631 ^ fanout483/X (sky130_fd_sc_hd__buf_2)
                                                         net483 (net)
                      0.065894    0.000220    4.267851 ^ wire2333/A (sky130_fd_sc_hd__buf_6)
     6    0.077788    0.158058    0.197910    4.465761 ^ wire2333/X (sky130_fd_sc_hd__buf_6)
                                                         net2333 (net)
                      0.158671    0.008364    4.474125 ^ fanout482/A (sky130_fd_sc_hd__clkdlybuf4s25_1)
     9    0.040339    0.405686    0.563487    5.037612 ^ fanout482/X (sky130_fd_sc_hd__clkdlybuf4s25_1)
                                                         net482 (net)
                      0.405686    0.000488    5.038100 ^ fanout481/A (sky130_fd_sc_hd__clkdlybuf4s25_1)
     6    0.022464    0.231092    0.484389    5.522489 ^ fanout481/X (sky130_fd_sc_hd__clkdlybuf4s25_1)
                                                         net481 (net)
                      0.231092    0.000288    5.522777 ^ fanout480/A (sky130_fd_sc_hd__clkdlybuf4s25_1)
     8    0.032292    0.326987    0.523940    6.046717 ^ fanout480/X (sky130_fd_sc_hd__clkdlybuf4s25_1)
                                                         net480 (net)
                      0.326987    0.000360    6.047076 ^ fanout479/A (sky130_fd_sc_hd__clkdlybuf4s25_1)
    10    0.041961    0.421028    0.612516    6.659592 ^ fanout479/X (sky130_fd_sc_hd__clkdlybuf4s25_1)
                                                         net479 (net)
                      0.421028    0.001157    6.660749 ^ fanout478/A (sky130_fd_sc_hd__buf_2)
    12    0.061291    0.297984    0.399818    7.060567 ^ fanout478/X (sky130_fd_sc_hd__buf_2)
                                                         net478 (net)
                      0.297984    0.000197    7.060765 ^ _27961_/RESET_B (sky130_fd_sc_hd__dfrtp_2)
                                              7.060765   data arrival time

                                 20.000000   20.000000   clock clk (rise edge)
                                  0.000000   20.000000   clock source latency
     1    0.055895    0.254505    0.172717   20.172718 ^ clk (in)
                                                         clk (net)
                      0.254918    0.000000   20.172718 ^ clkbuf_0_clk/A (sky130_fd_sc_hd__clkbuf_8)
     4    0.071806    0.133552    0.252177   20.424894 ^ clkbuf_0_clk/X (sky130_fd_sc_hd__clkbuf_8)
                                                         clknet_0_clk (net)
                      0.133599    0.002276   20.427170 ^ clkbuf_2_3_0_clk/A (sky130_fd_sc_hd__clkbuf_8)
     8    0.079029    0.142828    0.223460   20.650631 ^ clkbuf_2_3_0_clk/X (sky130_fd_sc_hd__clkbuf_8)
                                                         clknet_2_3_0_clk (net)
                      0.142965    0.002625   20.653255 ^ clkbuf_5_31__f_clk/A (sky130_fd_sc_hd__clkbuf_8)
     7    0.043869    0.088339    0.186759   20.840015 ^ clkbuf_5_31__f_clk/X (sky130_fd_sc_hd__clkbuf_8)
                                                         clknet_5_31__leaf_clk (net)
                      0.088342    0.000615   20.840630 ^ clkbuf_leaf_108_clk/A (sky130_fd_sc_hd__clkbuf_8)
    10    0.023976    0.057113    0.145642   20.986271 ^ clkbuf_leaf_108_clk/X (sky130_fd_sc_hd__clkbuf_8)
                                                         clknet_leaf_108_clk (net)
                      0.057113    0.000032   20.986303 ^ _27961_/CLK (sky130_fd_sc_hd__dfrtp_2)
                                 -0.250000   20.736303   clock uncertainty
                                  0.000000   20.736303   clock reconvergence pessimism
                                  0.147568   20.883871   library recovery time
                                             20.883871   data required time
---------------------------------------------------------------------------------------------
                                             20.883871   data required time
                                             -7.060765   data arrival time
---------------------------------------------------------------------------------------------
                                             13.823107   slack (MET)


Startpoint: imem_data[15] (input port clocked by clk)
Endpoint: _28250_ (rising edge-triggered flip-flop clocked by clk)
Path Group: clk
Path Type: max

Fanout         Cap        Slew       Delay        Time   Description
---------------------------------------------------------------------------------------------
                                  0.000000    0.000000   clock clk (rise edge)
                                  0.000000    0.000000   clock network delay (propagated)
                                  4.000000    4.000000 ^ input external delay
     1    0.015308    0.074807    0.053878    4.053878 ^ imem_data[15] (in)
                                                         imem_data[15] (net)
                      0.074819    0.000000    4.053878 ^ fanout498/A (sky130_fd_sc_hd__clkdlybuf4s25_1)
     1    0.002830    0.044278    0.266036    4.319913 ^ fanout498/X (sky130_fd_sc_hd__clkdlybuf4s25_1)
                                                         net498 (net)
                      0.044278    0.000013    4.319926 ^ place2176/A (sky130_fd_sc_hd__buf_2)
     6    0.065708    0.317312    0.312741    4.632668 ^ place2176/X (sky130_fd_sc_hd__buf_2)
                                                         net2176 (net)
                      0.317594    0.008215    4.640883 ^ place2175/A (sky130_fd_sc_hd__buf_2)
    12    0.046737    0.229236    0.332795    4.973678 ^ place2175/X (sky130_fd_sc_hd__buf_2)
                                                         net2175 (net)
                      0.229236    0.000208    4.973886 ^ _13465_/A_N (sky130_fd_sc_hd__and4bb_2)
    12    0.059793    0.163795    0.406986    5.380872 v _13465_/X (sky130_fd_sc_hd__and4bb_2)
                                                         _07844_ (net)
                      0.163795    0.000394    5.381266 v _13697_/A2 (sky130_fd_sc_hd__a22o_2)
     1    0.003546    0.041082    0.315358    5.696624 v _13697_/X (sky130_fd_sc_hd__a22o_2)
                                                         _08076_ (net)
                      0.041082    0.000027    5.696651 v _13701_/A (sky130_fd_sc_hd__or4_4)
     1    0.003297    0.080251    0.543175    6.239826 v _13701_/X (sky130_fd_sc_hd__or4_4)
                                                         _08080_ (net)
                      0.080251    0.000013    6.239839 v _13706_/A1 (sky130_fd_sc_hd__o31a_2)
     1    0.002472    0.049151    0.361181    6.601019 v _13706_/X (sky130_fd_sc_hd__o31a_2)
                                                         _08085_ (net)
                      0.049151    0.000010    6.601029 v place1578/A (sky130_fd_sc_hd__buf_2)
     8    0.067963    0.159812    0.245547    6.846576 v place1578/X (sky130_fd_sc_hd__buf_2)
                                                         net1578 (net)
                      0.160264    0.007369    6.853945 v _13713_/C1 (sky130_fd_sc_hd__a211o_2)
     4    0.012647    0.073625    0.358682    7.212627 v _13713_/X (sky130_fd_sc_hd__a211o_2)
                                                         _08092_ (net)
                      0.073625    0.000085    7.212712 v _14483_/A1 (sky130_fd_sc_hd__a31o_2)
     3    0.012433    0.059692    0.249903    7.462615 v _14483_/X (sky130_fd_sc_hd__a31o_2)
                                                         _08862_ (net)
                      0.059692    0.000033    7.462647 v _14485_/A2 (sky130_fd_sc_hd__a21o_4)
     3    0.012908    0.043928    0.240630    7.703277 v _14485_/X (sky130_fd_sc_hd__a21o_4)
                                                         _08864_ (net)
                      0.043928    0.000116    7.703393 v _14486_/A2 (sky130_fd_sc_hd__a21o_2)
     2    0.007119    0.045757    0.229292    7.932686 v _14486_/X (sky130_fd_sc_hd__a21o_2)
                                                         _08865_ (net)
                      0.045757    0.000010    7.932695 v _14487_/B (sky130_fd_sc_hd__and2_4)
     3    0.012151    0.038880    0.174517    8.107213 v _14487_/X (sky130_fd_sc_hd__and2_4)
                                                         _08866_ (net)
                      0.038880    0.000051    8.107264 v _14488_/A3 (sky130_fd_sc_hd__o311a_4)
     3    0.013819    0.065733    0.339277    8.446541 v _14488_/X (sky130_fd_sc_hd__o311a_4)
                                                         _08867_ (net)
                      0.065733    0.000115    8.446656 v _14489_/A2 (sky130_fd_sc_hd__o21ai_4)
     3    0.016730    0.169049    0.184473    8.631129 ^ _14489_/Y (sky130_fd_sc_hd__o21ai_4)
                                                         _08868_ (net)
                      0.169049    0.000163    8.631292 ^ _14490_/A2 (sky130_fd_sc_hd__a21oi_4)
     4    0.015185    0.060580    0.098174    8.729466 v _14490_/Y (sky130_fd_sc_hd__a21oi_4)
                                                         _08869_ (net)
                      0.060580    0.000128    8.729594 v _14493_/A3 (sky130_fd_sc_hd__o311a_4)
     4    0.014386    0.066820    0.347699    9.077293 v _14493_/X (sky130_fd_sc_hd__o311a_4)
                                                         _08872_ (net)
                      0.066820    0.000117    9.077410 v _14494_/A3 (sky130_fd_sc_hd__o311a_4)
     3    0.012918    0.064075    0.345689    9.423099 v _14494_/X (sky130_fd_sc_hd__o311a_4)
                                                         _08873_ (net)
                      0.064075    0.000146    9.423244 v _14498_/A3 (sky130_fd_sc_hd__o311a_4)
     2    0.012937    0.064113    0.344760    9.768004 v _14498_/X (sky130_fd_sc_hd__o311a_4)
                                                         _08877_ (net)
                      0.064113    0.000203    9.768208 v _14502_/A1 (sky130_fd_sc_hd__o21bai_2)
     3    0.008528    0.142365    0.180489    9.948697 ^ _14502_/Y (sky130_fd_sc_hd__o21bai_2)
                                                         _08881_ (net)
                      0.142365    0.000089    9.948786 ^ _14508_/A1 (sky130_fd_sc_hd__a2111o_2)
     2    0.011806    0.071554    0.195524   10.144311 ^ _14508_/X (sky130_fd_sc_hd__a2111o_2)
                                                         _08887_ (net)
                      0.071554    0.000123   10.144434 ^ _14512_/A1 (sky130_fd_sc_hd__a21bo_4)
     5    0.018333    0.072225    0.156209   10.300643 ^ _14512_/X (sky130_fd_sc_hd__a21bo_4)
                                                         _08891_ (net)
                      0.072225    0.000274   10.300918 ^ _14513_/A3 (sky130_fd_sc_hd__a311o_2)
     5    0.017416    0.109424    0.240247   10.541164 ^ _14513_/X (sky130_fd_sc_hd__a311o_2)
                                                         _08892_ (net)
                      0.109424    0.000036   10.541201 ^ _14514_/A2 (sky130_fd_sc_hd__a311o_2)
     3    0.014694    0.093456    0.237576   10.778777 ^ _14514_/X (sky130_fd_sc_hd__a311o_2)
                                                         _08893_ (net)
                      0.093456    0.000151   10.778928 ^ _14515_/A3 (sky130_fd_sc_hd__a311o_2)
     3    0.015713    0.098254    0.238833   11.017761 ^ _14515_/X (sky130_fd_sc_hd__a311o_2)
                                                         _08894_ (net)
                      0.098254    0.000259   11.018021 ^ _14516_/A2 (sky130_fd_sc_hd__a21boi_2)
     1    0.002993    0.040543    0.063434   11.081454 v _14516_/Y (sky130_fd_sc_hd__a21boi_2)
                                                         _08895_ (net)
                      0.040543    0.000012   11.081466 v _14520_/A (sky130_fd_sc_hd__or3_4)
     2    0.013481    0.080380    0.424056   11.505522 v _14520_/X (sky130_fd_sc_hd__or3_4)
                                                         _08899_ (net)
                      0.080380    0.000033   11.505555 v _14619_/C1 (sky130_fd_sc_hd__o311a_4)
    11    0.045852    0.111521    0.193638   11.699193 v _14619_/X (sky130_fd_sc_hd__o311a_4)
                                                         _08997_ (net)
                      0.111560    0.002068   11.701261 v _14621_/A1 (sky130_fd_sc_hd__a21oi_4)
     4    0.026473    0.223301    0.254146   11.955407 ^ _14621_/Y (sky130_fd_sc_hd__a21oi_4)
                                                         _08999_ (net)
                      0.223308    0.001089   11.956495 ^ _26239_/A1 (sky130_fd_sc_hd__a2111oi_4)
     2    0.008712    0.093509    0.124165   12.080661 v _26239_/Y (sky130_fd_sc_hd__a2111oi_4)
                                                         _07490_ (net)
                      0.093509    0.000059   12.080719 v _26240_/B (sky130_fd_sc_hd__nand2b_2)
     9    0.067609    0.363436    0.319106   12.399825 ^ _26240_/Y (sky130_fd_sc_hd__nand2b_2)
                                                         _07491_ (net)
                      0.363452    0.002096   12.401920 ^ place1350/A (sky130_fd_sc_hd__buf_2)
    11    0.073175    0.354163    0.430321   12.832241 ^ place1350/X (sky130_fd_sc_hd__buf_2)
                                                         net1350 (net)
                      0.354303    0.003327   12.835568 ^ place1349/A (sky130_fd_sc_hd__buf_2)
     8    0.049040    0.240304    0.346278   13.181847 ^ place1349/X (sky130_fd_sc_hd__buf_2)
                                                         net1349 (net)
                      0.240311    0.001765   13.183611 ^ place1348/A (sky130_fd_sc_hd__buf_2)
     7    0.045879    0.225041    0.311666   13.495277 ^ place1348/X (sky130_fd_sc_hd__buf_2)
                                                         net1348 (net)
                      0.225041    0.000717   13.495994 ^ _26255_/S (sky130_fd_sc_hd__mux2_2)
     1    0.003207    0.048864    0.380696   13.876691 v _26255_/X (sky130_fd_sc_hd__mux2_2)
                                                         _07500_ (net)
                      0.048864    0.000020   13.876711 v _28250_/D (sky130_fd_sc_hd__dfrtp_2)
                                             13.876711   data arrival time

                                 20.000000   20.000000   clock clk (rise edge)
                                  0.000000   20.000000   clock source latency
     1    0.055895    0.254505    0.172717   20.172718 ^ clk (in)
                                                         clk (net)
                      0.254918    0.000000   20.172718 ^ clkbuf_0_clk/A (sky130_fd_sc_hd__clkbuf_8)
     4    0.071806    0.133552    0.252177   20.424894 ^ clkbuf_0_clk/X (sky130_fd_sc_hd__clkbuf_8)
                                                         clknet_0_clk (net)
                      0.133599    0.002276   20.427170 ^ clkbuf_2_3_0_clk/A (sky130_fd_sc_hd__clkbuf_8)
     8    0.079029    0.142828    0.223460   20.650631 ^ clkbuf_2_3_0_clk/X (sky130_fd_sc_hd__clkbuf_8)
                                                         clknet_2_3_0_clk (net)
                      0.142863    0.002073   20.652702 ^ clkbuf_5_29__f_clk/A (sky130_fd_sc_hd__clkbuf_8)
     7    0.043133    0.087188    0.185869   20.838572 ^ clkbuf_5_29__f_clk/X (sky130_fd_sc_hd__clkbuf_8)
                                                         clknet_5_29__leaf_clk (net)
                      0.087188    0.000092   20.838665 ^ clkbuf_leaf_113_clk/A (sky130_fd_sc_hd__clkbuf_8)
    10    0.023369    0.056194    0.144551   20.983215 ^ clkbuf_leaf_113_clk/X (sky130_fd_sc_hd__clkbuf_8)
                                                         clknet_leaf_113_clk (net)
                      0.056194    0.000011   20.983227 ^ _28250_/CLK (sky130_fd_sc_hd__dfrtp_2)
                                 -0.250000   20.733227   clock uncertainty
                                  0.000000   20.733227   clock reconvergence pessimism
                                 -0.114599   20.618628   library setup time
                                             20.618628   data required time
---------------------------------------------------------------------------------------------
                                             20.618628   data required time
                                            -13.876711   data arrival time
---------------------------------------------------------------------------------------------
                                              6.741917   slack (MET)




===========================================================================
report_checks --slack_max -0.01
============================================================================
======================= nom_tt_025C_1v80 Corner ===================================

No paths found.


===========================================================================
 report_check_types -max_slew -max_cap -max_fanout -violators
============================================================================
======================= nom_tt_025C_1v80 Corner ===================================



===========================================================================
report_parasitic_annotation -report_unannotated
============================================================================
Found 180 unannotated drivers.
 clkload0/X
 clkload1/X
 clkload10/X
 clkload100/X
 clkload101/X
 clkload102/Y
 clkload103/X
 clkload104/X
 clkload105/X
 clkload106/X
 clkload107/X
 clkload108/Y
 clkload109/X
 clkload11/X
 clkload110/X
 clkload111/Y
 clkload112/X
 clkload113/X
 clkload114/X
 clkload115/Y
 clkload116/Y
 clkload117/X
 clkload118/X
 clkload119/Y
 clkload12/X
 clkload120/Y
 clkload121/Y
 clkload122/Y
 clkload123/X
 clkload124/Y
 clkload125/X
 clkload126/X
 clkload127/X
 clkload128/X
 clkload129/Y
 clkload13/X
 clkload130/X
 clkload131/X
 clkload132/Y
 clkload133/X
 clkload134/Y
 clkload135/Y
 clkload136/X
 clkload137/X
 clkload138/Y
 clkload139/Y
 clkload14/X
 clkload140/Y
 clkload141/X
 clkload142/X
 clkload143/X
 clkload144/X
 clkload145/X
 clkload146/Y
 clkload147/X
 clkload148/X
 clkload149/Y
 clkload15/X
 clkload150/X
 clkload151/Y
 clkload152/Y
 clkload153/X
 clkload154/X
 clkload155/X
 clkload156/X
 clkload157/X
 clkload158/X
 clkload159/X
 clkload16/X
 clkload160/X
 clkload161/Y
 clkload162/X
 clkload163/X
 clkload164/X
 clkload165/X
 clkload166/X
 clkload167/X
 clkload168/X
 clkload169/X
 clkload17/X
 clkload170/X
 clkload171/Y
 clkload172/Y
 clkload173/X
 clkload174/X
 clkload175/X
 clkload176/Y
 clkload177/X
 clkload178/X
 clkload179/X
 clkload18/X
 clkload19/X
 clkload2/X
 clkload20/X
 clkload21/X
 clkload22/X
 clkload23/Y
 clkload24/Y
 clkload25/X
 clkload26/X
 clkload27/Y
 clkload28/Y
 clkload29/X
 clkload3/X
 clkload30/Y
 clkload31/X
 clkload32/X
 clkload33/X
 clkload34/Y
 clkload35/Y
 clkload36/Y
 clkload37/X
 clkload38/X
 clkload39/X
 clkload4/X
 clkload40/X
 clkload41/X
 clkload42/X
 clkload43/Y
 clkload44/Y
 clkload45/Y
 clkload46/X
 clkload47/X
 clkload48/X
 clkload49/X
 clkload5/X
 clkload50/Y
 clkload51/Y
 clkload52/X
 clkload53/X
 clkload54/X
 clkload55/X
 clkload56/X
 clkload57/Y
 clkload58/Y
 clkload59/X
 clkload6/X
 clkload60/Y
 clkload61/Y
 clkload62/Y
 clkload63/Y
 clkload64/X
 clkload65/Y
 clkload66/X
 clkload67/X
 clkload68/Y
 clkload69/Y
 clkload7/X
 clkload70/Y
 clkload71/Y
 clkload72/Y
 clkload73/Y
 clkload74/Y
 clkload75/X
 clkload76/Y
 clkload77/X
 clkload78/X
 clkload79/X
 clkload8/X
 clkload80/Y
 clkload81/X
 clkload82/X
 clkload83/Y
 clkload84/X
 clkload85/X
 clkload86/X
 clkload87/X
 clkload88/X
 clkload89/X
 clkload9/X
 clkload90/X
 clkload91/X
 clkload92/X
 clkload93/X
 clkload94/X
 clkload95/X
 clkload96/X
 clkload97/Y
 clkload98/X
 clkload99/X
Found 0 partially unannotated drivers.

===========================================================================
max slew violation count 0
Writing metric design__max_slew_violation__count__corner:nom_tt_025C_1v80: 0
max fanout violation count 0
Writing metric design__max_fanout_violation__count__corner:nom_tt_025C_1v80: 0
max cap violation count 0
Writing metric design__max_cap_violation__count__corner:nom_tt_025C_1v80: 0
============================================================================

===========================================================================
check_setup -verbose -unconstrained_endpoints -multiple_clock -no_clock -no_input_delay -loops -generated_clocks
===========================================================================
