Clock: clk
Sources: clk 
Generated: no
Virtual: yes
Propagated: no
Period: 50.000000

===========================================================================
report_clock_properties
============================================================================
Clock                   Period          Waveform
----------------------------------------------------
clk                  50.000000    0.000000 25.000000

===========================================================================
report_clock_latency
============================================================================
Clock clk
rise -> rise
    min     max
0.000000 0.000000 source latency
0.434509         network latency _1135_/CLK
        0.494216 network latency _1053_/CLK
---------------
0.434509 0.494216 latency
        0.059707 skew

fall -> fall
    min     max
0.000000 0.000000 source latency
0.447791         network latency _1135_/CLK
        0.506876 network latency _1053_/CLK
---------------
0.447791 0.506876 latency
        0.059085 skew



===========================================================================
report_clock_min_period
============================================================================
clk period_min = 7.92 fmax = 126.30
