Reading timing models for corner max_tt_025C_1v80…
Reading timing library for the 'max_tt_025C_1v80' corner at '/home/cl4/.ciel/ciel/sky130/versions/8afc8346a57fe1ab7934ba5a6056ea8b43078e71/sky130A/libs.ref/sky130_fd_sc_hd/lib/sky130_fd_sc_hd__tt_025C_1v80.lib'…
Reading timing models for corner min_ss_100C_1v60…
Reading timing library for the 'min_ss_100C_1v60' corner at '/home/cl4/.ciel/ciel/sky130/versions/8afc8346a57fe1ab7934ba5a6056ea8b43078e71/sky130A/libs.ref/sky130_fd_sc_hd/lib/sky130_fd_sc_hd__ss_100C_1v60.lib'…
Reading timing models for corner nom_tt_025C_1v80…
Reading timing library for the 'nom_tt_025C_1v80' corner at '/home/cl4/.ciel/ciel/sky130/versions/8afc8346a57fe1ab7934ba5a6056ea8b43078e71/sky130A/libs.ref/sky130_fd_sc_hd/lib/sky130_fd_sc_hd__tt_025C_1v80.lib'…
[WARNING STA-1140] /home/cl4/.ciel/ciel/sky130/versions/8afc8346a57fe1ab7934ba5a6056ea8b43078e71/sky130A/libs.ref/sky130_fd_sc_hd/lib/sky130_fd_sc_hd__tt_025C_1v80.lib line 1, library sky130_fd_sc_hd__tt_025C_1v80 already exists.
Reading timing models for corner max_ff_n40C_1v95…
Reading timing library for the 'max_ff_n40C_1v95' corner at '/home/cl4/.ciel/ciel/sky130/versions/8afc8346a57fe1ab7934ba5a6056ea8b43078e71/sky130A/libs.ref/sky130_fd_sc_hd/lib/sky130_fd_sc_hd__ff_n40C_1v95.lib'…
Reading timing models for corner nom_ff_n40C_1v95…
Reading timing library for the 'nom_ff_n40C_1v95' corner at '/home/cl4/.ciel/ciel/sky130/versions/8afc8346a57fe1ab7934ba5a6056ea8b43078e71/sky130A/libs.ref/sky130_fd_sc_hd/lib/sky130_fd_sc_hd__ff_n40C_1v95.lib'…
[WARNING STA-1140] /home/cl4/.ciel/ciel/sky130/versions/8afc8346a57fe1ab7934ba5a6056ea8b43078e71/sky130A/libs.ref/sky130_fd_sc_hd/lib/sky130_fd_sc_hd__ff_n40C_1v95.lib line 1, library sky130_fd_sc_hd__ff_n40C_1v95 already exists.
Reading timing models for corner max_ss_100C_1v60…
Reading timing library for the 'max_ss_100C_1v60' corner at '/home/cl4/.ciel/ciel/sky130/versions/8afc8346a57fe1ab7934ba5a6056ea8b43078e71/sky130A/libs.ref/sky130_fd_sc_hd/lib/sky130_fd_sc_hd__ss_100C_1v60.lib'…
[WARNING STA-1140] /home/cl4/.ciel/ciel/sky130/versions/8afc8346a57fe1ab7934ba5a6056ea8b43078e71/sky130A/libs.ref/sky130_fd_sc_hd/lib/sky130_fd_sc_hd__ss_100C_1v60.lib line 1, library sky130_fd_sc_hd__ss_100C_1v60 already exists.
Reading timing models for corner min_tt_025C_1v80…
Reading timing library for the 'min_tt_025C_1v80' corner at '/home/cl4/.ciel/ciel/sky130/versions/8afc8346a57fe1ab7934ba5a6056ea8b43078e71/sky130A/libs.ref/sky130_fd_sc_hd/lib/sky130_fd_sc_hd__tt_025C_1v80.lib'…
[WARNING STA-1140] /home/cl4/.ciel/ciel/sky130/versions/8afc8346a57fe1ab7934ba5a6056ea8b43078e71/sky130A/libs.ref/sky130_fd_sc_hd/lib/sky130_fd_sc_hd__tt_025C_1v80.lib line 1, library sky130_fd_sc_hd__tt_025C_1v80 already exists.
Reading timing models for corner nom_ss_100C_1v60…
Reading timing library for the 'nom_ss_100C_1v60' corner at '/home/cl4/.ciel/ciel/sky130/versions/8afc8346a57fe1ab7934ba5a6056ea8b43078e71/sky130A/libs.ref/sky130_fd_sc_hd/lib/sky130_fd_sc_hd__ss_100C_1v60.lib'…
[WARNING STA-1140] /home/cl4/.ciel/ciel/sky130/versions/8afc8346a57fe1ab7934ba5a6056ea8b43078e71/sky130A/libs.ref/sky130_fd_sc_hd/lib/sky130_fd_sc_hd__ss_100C_1v60.lib line 1, library sky130_fd_sc_hd__ss_100C_1v60 already exists.
Reading timing models for corner min_ff_n40C_1v95…
Reading timing library for the 'min_ff_n40C_1v95' corner at '/home/cl4/.ciel/ciel/sky130/versions/8afc8346a57fe1ab7934ba5a6056ea8b43078e71/sky130A/libs.ref/sky130_fd_sc_hd/lib/sky130_fd_sc_hd__ff_n40C_1v95.lib'…
[WARNING STA-1140] /home/cl4/.ciel/ciel/sky130/versions/8afc8346a57fe1ab7934ba5a6056ea8b43078e71/sky130A/libs.ref/sky130_fd_sc_hd/lib/sky130_fd_sc_hd__ff_n40C_1v95.lib line 1, library sky130_fd_sc_hd__ff_n40C_1v95 already exists.
Reading OpenROAD database at '/home/cl4/Desktop/training/asic/runs/RUN_2026-09-13_16-01-18/28-openroad-globalplacement/dual_core_soc.odb'…
Reading design constraints file at '/home/cl4/Desktop/training/asic/src/impl.sdc'…
[INFO] No information on clock propagation in input SDC file-- propagating all clocks.
[INFO RSZ-0027] Inserted 1 sky130_fd_sc_hd__clkdlybuf4s25_1 input buffers.
[INFO RSZ-0028] Inserted 1 sky130_fd_sc_hd__clkdlybuf4s25_1 output buffers.
+ repair_design -verbose -max_wire_length 0.0 -slew_margin 10.0 -cap_margin 10.0
Iteration |   Area    | Resized | Buffers | Nets repaired | Remaining
---------------------------------------------------------------------
        0 |     +0.0% |       0 |       0 |             0 |     10870
     1000 |     +0.0% |       0 |       6 |             6 |      9870
     2000 |     +0.1% |       3 |      25 |            25 |      8870
     3000 |     +0.1% |       3 |      25 |            25 |      7870
     4000 |     +0.1% |       3 |      25 |            25 |      6870
     5000 |     +0.1% |       4 |      29 |            27 |      5870
     6000 |     +0.2% |       5 |      33 |            29 |      4870
     7000 |     +0.2% |       5 |      37 |            33 |      3870
     8000 |     +0.3% |       7 |      51 |            44 |      2870
     9000 |     +0.3% |       7 |      52 |            45 |      1870
    10000 |     +0.3% |       7 |      52 |            45 |       870
    final |     +0.3% |       8 |      52 |            46 |         0
---------------------------------------------------------------------
[INFO RSZ-0034] Found 46 slew violations.
[INFO RSZ-0036] Found 2 capacitance violations.
[INFO RSZ-0039] Resized 8 instances.
[INFO RSZ-0038] Inserted 52 buffers in 46 nets.
[WARNING RSZ-0020] found 2 floating nets.
 VGND
 VPWR
+ detailed_placement -max_displacement  500 100 
Placement Analysis
---------------------------------
total displacement      25726.2 u
average displacement        1.1 u
max displacement           36.1 u
original HPWL          376036.1 u
legalized HPWL         402162.0 u
delta HPWL                    7 %

[INFO DPL-0020] Mirrored 2426 instances
[INFO DPL-0021] HPWL before          402162.0 u
[INFO DPL-0022] HPWL after           397418.0 u
[INFO DPL-0023] HPWL delta               -1.2 %
Setting global connections for newly added cells…
[INFO] Setting global connections...
[INFO ODB-0403] 216 connections made, 0 conflicts skipped.
Updating metrics…
Cell type report:                       Count       Area
  Fill cell                               688    2582.48
  Tap cell                              12456   15584.95
  Timing Repair Buffer                    522    3225.59
  Inverter                                134     502.98
  Sequential cell                        2839   60391.67
  Multi-Input combinational cell         7424   77337.92
  Total                                 24063  159625.59
Writing OpenROAD database to '/home/cl4/Desktop/training/asic/runs/RUN_2026-09-13_16-01-18/32-openroad-repairdesignpostgpl/dual_core_soc.odb'…
Writing netlist to '/home/cl4/Desktop/training/asic/runs/RUN_2026-09-13_16-01-18/32-openroad-repairdesignpostgpl/dual_core_soc.nl.v'…
Writing powered netlist to '/home/cl4/Desktop/training/asic/runs/RUN_2026-09-13_16-01-18/32-openroad-repairdesignpostgpl/dual_core_soc.pnl.v'…
Writing layout to '/home/cl4/Desktop/training/asic/runs/RUN_2026-09-13_16-01-18/32-openroad-repairdesignpostgpl/dual_core_soc.def'…
Writing timing constraints to '/home/cl4/Desktop/training/asic/runs/RUN_2026-09-13_16-01-18/32-openroad-repairdesignpostgpl/dual_core_soc.sdc'…
