Reading timing models for corner nom_tt_025C_1v80…
Reading timing library for the 'nom_tt_025C_1v80' corner at '/home/cl4/.ciel/ciel/sky130/versions/8afc8346a57fe1ab7934ba5a6056ea8b43078e71/sky130A/libs.ref/sky130_fd_sc_hd/lib/sky130_fd_sc_hd__tt_025C_1v80.lib'…
Reading OpenROAD database at '/home/cl4/Desktop/training/RISC-V/asic/runs/RUN_2026-09-10_08-55-15/35-openroad-globalrouting/riscv_soc_top.odb'…
Reading design constraints file at '/nix/store/5jsqcdxd774ydqqjk8zkw3zk47dxbryb-python3-3.13.9-env/lib/python3.13/site-packages/librelane/scripts/base.sdc'…
[INFO] Using clock clk…
[INFO] Setting output delay to: 2
[INFO] Setting input delay to: 2
[INFO] Setting load to: 0.033442
[INFO] Setting clock uncertainty to: 0.25
[INFO] Setting clock transition to: 0.1499999999999999944488848768742172978818416595458984375
[INFO] Setting timing derate to: 5%
+ repair_antennas sky130_fd_sc_hd__diode_2 -iterations 3 -ratio_margin 10
[INFO GRT-0012] Found 1 antenna violations.
[INFO GRT-0302] Inserted 1 jumpers for 1 nets.
[INFO GRT-0012] Found 0 antenna violations.
Setting global connections for newly added cells…
[INFO] Setting global connections...
[INFO ODB-0403] 0 connections made, 0 conflicts skipped.
Updating metrics…
Cell type report:                       Count       Area
  Fill cell                                50     187.68
  Tap cell                                 67      83.83
  Buffer                                    3      15.01
  Clock buffer                              6     132.63
  Timing Repair Buffer                     99     998.46
  Inverter                                  1       3.75
  Clock inverter                            2      12.51
  Sequential cell                          41    1077.28
  Multi-Input combinational cell          114    1287.48
  Total                                   383    3798.64
Writing OpenROAD database to '/home/cl4/Desktop/training/RISC-V/asic/runs/RUN_2026-09-10_08-55-15/38-openroad-repairantennas/1-openroad-diodeinsertion/riscv_soc_top.odb'…
Writing layout to '/home/cl4/Desktop/training/RISC-V/asic/runs/RUN_2026-09-10_08-55-15/38-openroad-repairantennas/1-openroad-diodeinsertion/riscv_soc_top.def'…
