Clock: clk
Sources: clk 
Generated: no
Virtual: no
Propagated: no
Period: 20.000000

===========================================================================
report_clock_properties
============================================================================
Clock                   Period          Waveform
----------------------------------------------------
clk                  20.000000    0.000000 10.000000

===========================================================================
report_clock_latency
============================================================================
Clock clk
rise -> rise
    min     max
0.000000 0.000000 source latency
0.052753         network latency _26_/CLK
        0.058306 network latency _26_/CLK
---------------
0.052753 0.058306 latency
        0.005553 skew

fall -> fall
    min     max
0.000000 0.000000 source latency
0.028916         network latency _26_/CLK
        0.031960 network latency _26_/CLK
---------------
0.028916 0.031960 latency
        0.003044 skew



===========================================================================
report_clock_min_period
============================================================================
clk period_min = 2.25 fmax = 443.76
