
===========================================================================
report_checks -unconstrained
===========================================================================
======================= min_ff_n40C_1v95 Corner ===================================

Startpoint: _17644_ (rising edge-triggered flip-flop clocked by clk)
Endpoint: _15296_ (rising edge-triggered flip-flop clocked by clk)
Path Group: clk
Path Type: max

Fanout         Cap        Slew       Delay        Time   Description
---------------------------------------------------------------------------------------------
                                  0.000000    0.000000   clock clk (rise edge)
                                  0.000000    0.000000   clock source latency
     2    0.088729    0.000000    0.000000    0.000000 ^ clk (in)
                                                         clk (net)
                      0.044359    0.023288    0.023288 ^ clkbuf_0_clk/A (sky130_fd_sc_hd__clkbuf_8)
     4    0.114918    0.153940    0.183207    0.206496 ^ clkbuf_0_clk/X (sky130_fd_sc_hd__clkbuf_8)
                                                         clknet_0_clk (net)
                      0.154092    0.004185    0.210681 ^ clkbuf_2_2_0_clk/A (sky130_fd_sc_hd__clkbuf_8)
     8    0.139332    0.184591    0.233448    0.444129 ^ clkbuf_2_2_0_clk/X (sky130_fd_sc_hd__clkbuf_8)
                                                         clknet_2_2_0_clk (net)
                      0.184647    0.002809    0.446938 ^ clkbuf_5_17__f_clk/A (sky130_fd_sc_hd__clkbuf_8)
    10    0.082423    0.114267    0.187494    0.634432 ^ clkbuf_5_17__f_clk/X (sky130_fd_sc_hd__clkbuf_8)
                                                         clknet_5_17__leaf_clk (net)
                      0.114278    0.001273    0.635705 ^ clkbuf_leaf_237_clk/A (sky130_fd_sc_hd__clkbuf_8)
     7    0.022632    0.041572    0.119344    0.755049 ^ clkbuf_leaf_237_clk/X (sky130_fd_sc_hd__clkbuf_8)
                                                         clknet_leaf_237_clk (net)
                      0.041573    0.000265    0.755315 ^ _17644_/CLK (sky130_fd_sc_hd__dfxtp_2)
    17    0.108834    0.408125    0.483342    1.238657 ^ _17644_/Q (sky130_fd_sc_hd__dfxtp_2)
                                                         core0.imm_gen.instruction[20] (net)
                      0.408178    0.004126    1.242783 ^ _07620_/A (sky130_fd_sc_hd__inv_2)
    13    0.097253    0.215228    0.206482    1.449265 v _07620_/Y (sky130_fd_sc_hd__inv_2)
                                                         _03829_ (net)
                      0.215263    0.002467    1.451732 v _08297_/C (sky130_fd_sc_hd__nand3_2)
     9    0.055651    0.224250    0.261832    1.713564 ^ _08297_/Y (sky130_fd_sc_hd__nand3_2)
                                                         _04501_ (net)
                      0.224252    0.000497    1.714060 ^ max_cap1218/A (sky130_fd_sc_hd__buf_6)
     8    0.047756    0.078182    0.124961    1.839021 ^ max_cap1218/X (sky130_fd_sc_hd__buf_6)
                                                         net1218 (net)
                      0.078184    0.000582    1.839604 ^ place869/A (sky130_fd_sc_hd__buf_2)
    20    0.108059    0.392524    0.345867    2.185470 ^ place869/X (sky130_fd_sc_hd__buf_2)
                                                         net869 (net)
                      0.392529    0.001219    2.186689 ^ _08342_/C1 (sky130_fd_sc_hd__o2111ai_2)
     2    0.005256    0.090729    0.065597    2.252286 v _08342_/Y (sky130_fd_sc_hd__o2111ai_2)
                                                         _04546_ (net)
                      0.090729    0.000052    2.252338 v _08343_/A (sky130_fd_sc_hd__and3_2)
     2    0.012386    0.045067    0.156729    2.409067 v _08343_/X (sky130_fd_sc_hd__and3_2)
                                                         _04547_ (net)
                      0.045067    0.000101    2.409168 v _08347_/A_N (sky130_fd_sc_hd__nand2b_2)
     4    0.017074    0.058340    0.148149    2.557317 v _08347_/Y (sky130_fd_sc_hd__nand2b_2)
                                                         _04551_ (net)
                      0.058340    0.000288    2.557606 v _08436_/A (sky130_fd_sc_hd__and4_2)
     3    0.014414    0.048964    0.150517    2.708123 v _08436_/X (sky130_fd_sc_hd__and4_2)
                                                         _04640_ (net)
                      0.048965    0.000420    2.708543 v _08437_/B (sky130_fd_sc_hd__nor2_2)
     5    0.036940    0.291876    0.246113    2.954655 ^ _08437_/Y (sky130_fd_sc_hd__nor2_2)
                                                         _04641_ (net)
                      0.291879    0.000762    2.955417 ^ _08439_/B1 (sky130_fd_sc_hd__o21ai_2)
     5    0.039631    0.130586    0.126390    3.081808 v _08439_/Y (sky130_fd_sc_hd__o21ai_2)
                                                         _04643_ (net)
                      0.130592    0.000776    3.082583 v _08522_/A1 (sky130_fd_sc_hd__a21oi_2)
     5    0.036598    0.327148    0.324495    3.407078 ^ _08522_/Y (sky130_fd_sc_hd__a21oi_2)
                                                         _04726_ (net)
                      0.327161    0.001826    3.408903 ^ _08569_/A2 (sky130_fd_sc_hd__o21ai_2)
     5    0.037166    0.131527    0.130957    3.539861 v _08569_/Y (sky130_fd_sc_hd__o21ai_2)
                                                         _04773_ (net)
                      0.131571    0.002068    3.541929 v _08600_/A1 (sky130_fd_sc_hd__a21boi_2)
     6    0.029056    0.261440    0.276082    3.818011 ^ _08600_/Y (sky130_fd_sc_hd__a21boi_2)
                                                         _04804_ (net)
                      0.261441    0.000377    3.818388 ^ _08762_/A2 (sky130_fd_sc_hd__o211a_2)
     2    0.011816    0.065136    0.153323    3.971711 ^ _08762_/X (sky130_fd_sc_hd__o211a_2)
                                                         _04966_ (net)
                      0.065136    0.000226    3.971938 ^ _08765_/B (sky130_fd_sc_hd__nor2_2)
     2    0.037751    0.077783    0.070703    4.042641 v _08765_/Y (sky130_fd_sc_hd__nor2_2)
                                                         _04969_ (net)
                      0.077790    0.000658    4.043298 v _08773_/A2 (sky130_fd_sc_hd__o21a_2)
     1    0.008712    0.035441    0.154847    4.198145 v _08773_/X (sky130_fd_sc_hd__o21a_2)
                                                         _04977_ (net)
                      0.035441    0.000080    4.198226 v _08778_/B (sky130_fd_sc_hd__nor3_4)
     1    0.006690    0.102211    0.119566    4.317791 ^ _08778_/Y (sky130_fd_sc_hd__nor3_4)
                                                         _04982_ (net)
                      0.102212    0.000200    4.317992 ^ place771/A (sky130_fd_sc_hd__buf_2)
    10    0.057449    0.211015    0.221685    4.539677 ^ place771/X (sky130_fd_sc_hd__buf_2)
                                                         net771 (net)
                      0.211034    0.001760    4.541437 ^ _09059_/A (sky130_fd_sc_hd__nand4_4)
    11    0.079952    0.235674    0.218708    4.760144 v _09059_/Y (sky130_fd_sc_hd__nand4_4)
                                                         _05262_ (net)
                      0.235799    0.004555    4.764700 v _10588_/B (sky130_fd_sc_hd__nor2_4)
    10    0.061089    0.282601    0.313572    5.078272 ^ _10588_/Y (sky130_fd_sc_hd__nor2_4)
                                                         _06732_ (net)
                      0.282629    0.002448    5.080720 ^ place763/A (sky130_fd_sc_hd__buf_2)
    19    0.093523    0.339208    0.336645    5.417365 ^ place763/X (sky130_fd_sc_hd__buf_2)
                                                         net763 (net)
                      0.339231    0.002438    5.419803 ^ _10610_/A2 (sky130_fd_sc_hd__a22oi_2)
     1    0.009627    0.087501    0.077551    5.497354 v _10610_/Y (sky130_fd_sc_hd__a22oi_2)
                                                         _06754_ (net)
                      0.087504    0.000384    5.497737 v wire1189/A (sky130_fd_sc_hd__buf_2)
     2    0.048436    0.082258    0.164622    5.662360 v wire1189/X (sky130_fd_sc_hd__buf_2)
                                                         net1189 (net)
                      0.082258    0.000477    5.662837 v _10616_/B1 (sky130_fd_sc_hd__o22ai_2)
     1    0.005360    0.099538    0.103972    5.766809 ^ _10616_/Y (sky130_fd_sc_hd__o22ai_2)
                                                         _06760_ (net)
                      0.099538    0.000061    5.766870 ^ _10634_/A1 (sky130_fd_sc_hd__o211ai_2)
     3    0.031642    0.130316    0.133404    5.900274 v _10634_/Y (sky130_fd_sc_hd__o211ai_2)
                                                         _06778_ (net)
                      0.130404    0.002867    5.903141 v _10935_/A1 (sky130_fd_sc_hd__a31oi_2)
     1    0.002390    0.087534    0.117724    6.020865 ^ _10935_/Y (sky130_fd_sc_hd__a31oi_2)
                                                         _00126_ (net)
                      0.087534    0.000016    6.020881 ^ hold1446/A (sky130_fd_sc_hd__dlygate4sd3_1)
     1    0.002501    0.035527    0.397980    6.418861 ^ hold1446/X (sky130_fd_sc_hd__dlygate4sd3_1)
                                                         net1446 (net)
                      0.035527    0.000026    6.418887 ^ _15296_/D (sky130_fd_sc_hd__dfxtp_2)
                                              6.418887   data arrival time

                                 20.000000   20.000000   clock clk (rise edge)
                                  0.000000   20.000000   clock source latency
     2    0.088729    0.000000    0.000000   20.000000 ^ clk (in)
                                                         clk (net)
                      0.044359    0.021071   20.021072 ^ clkbuf_0_clk/A (sky130_fd_sc_hd__clkbuf_8)
     4    0.114918    0.153940    0.165759   20.186831 ^ clkbuf_0_clk/X (sky130_fd_sc_hd__clkbuf_8)
                                                         clknet_0_clk (net)
                      0.154092    0.003785   20.190617 ^ clkbuf_2_2_0_clk/A (sky130_fd_sc_hd__clkbuf_8)
     8    0.139332    0.184591    0.211216   20.401833 ^ clkbuf_2_2_0_clk/X (sky130_fd_sc_hd__clkbuf_8)
                                                         clknet_2_2_0_clk (net)
                      0.184732    0.003991   20.405823 ^ clkbuf_5_18__f_clk/A (sky130_fd_sc_hd__clkbuf_8)
    11    0.089253    0.121495    0.175064   20.580887 ^ clkbuf_5_18__f_clk/X (sky130_fd_sc_hd__clkbuf_8)
                                                         clknet_5_18__leaf_clk (net)
                      0.121593    0.001862   20.582748 ^ clkbuf_leaf_272_clk/A (sky130_fd_sc_hd__clkbuf_8)
     7    0.037871    0.059400    0.123112   20.705860 ^ clkbuf_leaf_272_clk/X (sky130_fd_sc_hd__clkbuf_8)
                                                         clknet_leaf_272_clk (net)
                      0.059400    0.000297   20.706158 ^ _15296_/CLK (sky130_fd_sc_hd__dfxtp_2)
                                 -0.250000   20.456158   clock uncertainty
                                  0.042298   20.498457   clock reconvergence pessimism
                                 -0.030986   20.467470   library setup time
                                             20.467470   data required time
---------------------------------------------------------------------------------------------
                                             20.467470   data required time
                                             -6.418887   data arrival time
---------------------------------------------------------------------------------------------
                                             14.048583   slack (MET)




===========================================================================
report_checks --slack_max -0.01
============================================================================
======================= min_ff_n40C_1v95 Corner ===================================

No paths found.


===========================================================================
 report_check_types -max_slew -max_cap -max_fanout -violators
============================================================================
======================= min_ff_n40C_1v95 Corner ===================================

max fanout

Pin                                   Limit Fanout  Slack
---------------------------------------------------------
place1066/X                              32     33        (VIOLATED)
place1109/X                              32     33        (VIOLATED)

max capacitance

Pin                                        Limit         Cap       Slack
------------------------------------------------------------------------
place907/X                              0.200000    0.227945   -0.027945 (VIOLATED)
place835/X                              0.200000    0.217303   -0.017303 (VIOLATED)
place951/X                              0.200000    0.210663   -0.010663 (VIOLATED)
place717/X                              0.200000    0.200692   -0.000692 (VIOLATED)
place915/X                              0.200000    0.200360   -0.000360 (VIOLATED)
place875/X                              0.200000    0.200056   -0.000056 (VIOLATED)



===========================================================================
report_parasitic_annotation -report_unannotated
============================================================================
Found 320 unannotated drivers.
 clkload0/X
 clkload1/Y
 clkload10/Y
 clkload100/Y
 clkload101/Y
 clkload102/Y
 clkload103/Y
 clkload104/Y
 clkload105/Y
 clkload106/Y
 clkload107/X
 clkload108/X
 clkload109/Y
 clkload11/Y
 clkload110/Y
 clkload111/Y
 clkload112/Y
 clkload113/Y
 clkload114/Y
 clkload115/Y
 clkload116/Y
 clkload117/Y
 clkload118/Y
 clkload119/Y
 clkload12/X
 clkload120/Y
 clkload121/Y
 clkload122/Y
 clkload123/Y
 clkload124/Y
 clkload125/Y
 clkload126/Y
 clkload127/Y
 clkload128/X
 clkload129/Y
 clkload13/Y
 clkload130/X
 clkload131/Y
 clkload132/Y
 clkload133/X
 clkload134/Y
 clkload135/X
 clkload136/Y
 clkload137/Y
 clkload138/Y
 clkload139/Y
 clkload14/X
 clkload140/Y
 clkload141/Y
 clkload142/Y
 clkload143/Y
 clkload144/Y
 clkload145/Y
 clkload146/Y
 clkload147/Y
 clkload148/Y
 clkload149/X
 clkload15/Y
 clkload150/Y
 clkload151/Y
 clkload152/Y
 clkload153/Y
 clkload154/Y
 clkload155/X
 clkload156/X
 clkload157/X
 clkload158/Y
 clkload159/X
 clkload16/Y
 clkload160/Y
 clkload161/Y
 clkload162/Y
 clkload163/Y
 clkload164/Y
 clkload165/X
 clkload166/X
 clkload167/Y
 clkload168/Y
 clkload169/X
 clkload17/Y
 clkload170/Y
 clkload171/X
 clkload172/X
 clkload173/Y
 clkload174/X
 clkload175/Y
 clkload176/X
 clkload177/X
 clkload178/Y
 clkload179/Y
 clkload18/X
 clkload180/Y
 clkload181/Y
 clkload182/Y
 clkload183/Y
 clkload184/Y
 clkload185/Y
 clkload186/Y
 clkload187/Y
 clkload188/Y
 clkload189/Y
 clkload19/X
 clkload190/Y
 clkload191/Y
 clkload192/Y
 clkload193/Y
 clkload194/Y
 clkload195/Y
 clkload196/Y
 clkload197/Y
 clkload198/Y
 clkload199/Y
 clkload2/X
 clkload20/X
 clkload200/Y
 clkload201/Y
 clkload202/Y
 clkload203/Y
 clkload204/X
 clkload205/Y
 clkload206/X
 clkload207/Y
 clkload208/Y
 clkload209/Y
 clkload21/Y
 clkload210/X
 clkload211/Y
 clkload212/Y
 clkload213/Y
 clkload214/Y
 clkload215/Y
 clkload216/Y
 clkload217/Y
 clkload218/Y
 clkload219/X
 clkload22/Y
 clkload220/Y
 clkload221/Y
 clkload222/X
 clkload223/Y
 clkload224/Y
 clkload225/Y
 clkload226/X
 clkload227/Y
 clkload228/Y
 clkload229/Y
 clkload23/Y
 clkload230/Y
 clkload231/Y
 clkload232/Y
 clkload233/Y
 clkload234/Y
 clkload235/Y
 clkload236/X
 clkload237/Y
 clkload238/Y
 clkload239/Y
 clkload24/Y
 clkload240/X
 clkload241/Y
 clkload242/X
 clkload243/Y
 clkload244/X
 clkload245/Y
 clkload246/X
 clkload247/Y
 clkload248/Y
 clkload249/Y
 clkload25/Y
 clkload250/Y
 clkload251/X
 clkload252/Y
 clkload253/X
 clkload254/Y
 clkload255/Y
 clkload256/Y
 clkload257/Y
 clkload258/X
 clkload259/Y
 clkload26/Y
 clkload260/Y
 clkload261/Y
 clkload262/X
 clkload263/Y
 clkload264/Y
 clkload265/Y
 clkload266/Y
 clkload267/X
 clkload268/X
 clkload269/X
 clkload27/Y
 clkload270/X
 clkload271/X
 clkload272/X
 clkload273/X
 clkload274/Y
 clkload275/Y
 clkload276/Y
 clkload277/Y
 clkload278/Y
 clkload279/Y
 clkload28/Y
 clkload280/Y
 clkload281/Y
 clkload282/Y
 clkload283/Y
 clkload284/Y
 clkload285/Y
 clkload286/Y
 clkload287/Y
 clkload288/Y
 clkload289/Y
 clkload29/Y
 clkload290/Y
 clkload291/Y
 clkload292/X
 clkload293/Y
 clkload294/Y
 clkload295/Y
 clkload296/X
 clkload297/Y
 clkload298/Y
 clkload299/Y
 clkload3/X
 clkload30/Y
 clkload300/X
 clkload301/X
 clkload302/X
 clkload303/X
 clkload304/Y
 clkload305/Y
 clkload306/X
 clkload307/Y
 clkload308/X
 clkload309/Y
 clkload31/Y
 clkload310/Y
 clkload311/Y
 clkload312/X
 clkload313/X
 clkload314/X
 clkload315/Y
 clkload316/Y
 clkload317/Y
 clkload318/X
 clkload319/Y
 clkload32/Y
 clkload33/Y
 clkload34/Y
 clkload35/Y
 clkload36/Y
 clkload37/Y
 clkload38/Y
 clkload39/Y
 clkload4/X
 clkload40/Y
 clkload41/Y
 clkload42/Y
 clkload43/Y
 clkload44/X
 clkload45/Y
 clkload46/Y
 clkload47/Y
 clkload48/Y
 clkload49/X
 clkload5/Y
 clkload50/X
 clkload51/Y
 clkload52/Y
 clkload53/X
 clkload54/Y
 clkload55/Y
 clkload56/X
 clkload57/Y
 clkload58/Y
 clkload59/Y
 clkload6/Y
 clkload60/Y
 clkload61/X
 clkload62/Y
 clkload63/Y
 clkload64/X
 clkload65/Y
 clkload66/X
 clkload67/X
 clkload68/Y
 clkload69/X
 clkload7/Y
 clkload70/Y
 clkload71/Y
 clkload72/Y
 clkload73/Y
 clkload74/Y
 clkload75/Y
 clkload76/Y
 clkload77/Y
 clkload78/Y
 clkload79/X
 clkload8/Y
 clkload80/Y
 clkload81/X
 clkload82/Y
 clkload83/Y
 clkload84/Y
 clkload85/Y
 clkload86/Y
 clkload87/Y
 clkload88/Y
 clkload89/Y
 clkload9/Y
 clkload90/Y
 clkload91/Y
 clkload92/Y
 clkload93/Y
 clkload94/Y
 clkload95/Y
 clkload96/Y
 clkload97/Y
 clkload98/Y
 clkload99/Y
Found 0 partially unannotated drivers.

===========================================================================
max slew violation count 0
max fanout violation count 2
max cap violation count 6
============================================================================

===========================================================================
check_setup -verbose -unconstrained_endpoints -multiple_clock -no_clock -no_input_delay -loops -generated_clocks
===========================================================================
Warning: There is 1 input port missing set_input_delay.
  reset
