[WARNING ORD-0039] .openroad ignored with -python
Unannotated report:
['report_parasitic_annotation -report_unannotated\n',
 '============================================================================\n',
 'Found 320 unannotated drivers.\n',
 ' clkload0/X\n',
 ' clkload1/Y\n',
 ' clkload10/Y\n',
 ' clkload100/Y\n',
 ' clkload101/Y\n',
 ' clkload102/Y\n',
 ' clkload103/Y\n',
 ' clkload104/Y\n',
 ' clkload105/Y\n',
 ' clkload106/Y\n',
 ' clkload107/X\n',
 ' clkload108/X\n',
 ' clkload109/Y\n',
 ' clkload11/Y\n',
 ' clkload110/Y\n',
 ' clkload111/Y\n',
 ' clkload112/Y\n',
 ' clkload113/Y\n',
 ' clkload114/Y\n',
 ' clkload115/Y\n',
 ' clkload116/Y\n',
 ' clkload117/Y\n',
 ' clkload118/Y\n',
 ' clkload119/Y\n',
 ' clkload12/X\n',
 ' clkload120/Y\n',
 ' clkload121/Y\n',
 ' clkload122/Y\n',
 ' clkload123/Y\n',
 ' clkload124/Y\n',
 ' clkload125/Y\n',
 ' clkload126/Y\n',
 ' clkload127/Y\n',
 ' clkload128/X\n',
 ' clkload129/Y\n',
 ' clkload13/Y\n',
 ' clkload130/X\n',
 ' clkload131/Y\n',
 ' clkload132/Y\n',
 ' clkload133/X\n',
 ' clkload134/Y\n',
 ' clkload135/X\n',
 ' clkload136/Y\n',
 ' clkload137/Y\n',
 ' clkload138/Y\n',
 ' clkload139/Y\n',
 ' clkload14/X\n',
 ' clkload140/Y\n',
 ' clkload141/Y\n',
 ' clkload142/Y\n',
 ' clkload143/Y\n',
 ' clkload144/Y\n',
 ' clkload145/Y\n',
 ' clkload146/Y\n',
 ' clkload147/Y\n',
 ' clkload148/Y\n',
 ' clkload149/X\n',
 ' clkload15/Y\n',
 ' clkload150/Y\n',
 ' clkload151/Y\n',
 ' clkload152/Y\n',
 ' clkload153/Y\n',
 ' clkload154/Y\n',
 ' clkload155/X\n',
 ' clkload156/X\n',
 ' clkload157/X\n',
 ' clkload158/Y\n',
 ' clkload159/X\n',
 ' clkload16/Y\n',
 ' clkload160/Y\n',
 ' clkload161/Y\n',
 ' clkload162/Y\n',
 ' clkload163/Y\n',
 ' clkload164/Y\n',
 ' clkload165/X\n',
 ' clkload166/X\n',
 ' clkload167/Y\n',
 ' clkload168/Y\n',
 ' clkload169/X\n',
 ' clkload17/Y\n',
 ' clkload170/Y\n',
 ' clkload171/X\n',
 ' clkload172/X\n',
 ' clkload173/Y\n',
 ' clkload174/X\n',
 ' clkload175/Y\n',
 ' clkload176/X\n',
 ' clkload177/X\n',
 ' clkload178/Y\n',
 ' clkload179/Y\n',
 ' clkload18/X\n',
 ' clkload180/Y\n',
 ' clkload181/Y\n',
 ' clkload182/Y\n',
 ' clkload183/Y\n',
 ' clkload184/Y\n',
 ' clkload185/Y\n',
 ' clkload186/Y\n',
 ' clkload187/Y\n',
 ' clkload188/Y\n',
 ' clkload189/Y\n',
 ' clkload19/X\n',
 ' clkload190/Y\n',
 ' clkload191/Y\n',
 ' clkload192/Y\n',
 ' clkload193/Y\n',
 ' clkload194/Y\n',
 ' clkload195/Y\n',
 ' clkload196/Y\n',
 ' clkload197/Y\n',
 ' clkload198/Y\n',
 ' clkload199/Y\n',
 ' clkload2/X\n',
 ' clkload20/X\n',
 ' clkload200/Y\n',
 ' clkload201/Y\n',
 ' clkload202/Y\n',
 ' clkload203/Y\n',
 ' clkload204/X\n',
 ' clkload205/Y\n',
 ' clkload206/X\n',
 ' clkload207/Y\n',
 ' clkload208/Y\n',
 ' clkload209/Y\n',
 ' clkload21/Y\n',
 ' clkload210/X\n',
 ' clkload211/Y\n',
 ' clkload212/Y\n',
 ' clkload213/Y\n',
 ' clkload214/Y\n',
 ' clkload215/Y\n',
 ' clkload216/Y\n',
 ' clkload217/Y\n',
 ' clkload218/Y\n',
 ' clkload219/X\n',
 ' clkload22/Y\n',
 ' clkload220/Y\n',
 ' clkload221/Y\n',
 ' clkload222/X\n',
 ' clkload223/Y\n',
 ' clkload224/Y\n',
 ' clkload225/Y\n',
 ' clkload226/X\n',
 ' clkload227/Y\n',
 ' clkload228/Y\n',
 ' clkload229/Y\n',
 ' clkload23/Y\n',
 ' clkload230/Y\n',
 ' clkload231/Y\n',
 ' clkload232/Y\n',
 ' clkload233/Y\n',
 ' clkload234/Y\n',
 ' clkload235/Y\n',
 ' clkload236/X\n',
 ' clkload237/Y\n',
 ' clkload238/Y\n',
 ' clkload239/Y\n',
 ' clkload24/Y\n',
 ' clkload240/X\n',
 ' clkload241/Y\n',
 ' clkload242/X\n',
 ' clkload243/Y\n',
 ' clkload244/X\n',
 ' clkload245/Y\n',
 ' clkload246/X\n',
 ' clkload247/Y\n',
 ' clkload248/Y\n',
 ' clkload249/Y\n',
 ' clkload25/Y\n',
 ' clkload250/Y\n',
 ' clkload251/X\n',
 ' clkload252/Y\n',
 ' clkload253/X\n',
 ' clkload254/Y\n',
 ' clkload255/Y\n',
 ' clkload256/Y\n',
 ' clkload257/Y\n',
 ' clkload258/X\n',
 ' clkload259/Y\n',
 ' clkload26/Y\n',
 ' clkload260/Y\n',
 ' clkload261/Y\n',
 ' clkload262/X\n',
 ' clkload263/Y\n',
 ' clkload264/Y\n',
 ' clkload265/Y\n',
 ' clkload266/Y\n',
 ' clkload267/X\n',
 ' clkload268/X\n',
 ' clkload269/X\n',
 ' clkload27/Y\n',
 ' clkload270/X\n',
 ' clkload271/X\n',
 ' clkload272/X\n',
 ' clkload273/X\n',
 ' clkload274/Y\n',
 ' clkload275/Y\n',
 ' clkload276/Y\n',
 ' clkload277/Y\n',
 ' clkload278/Y\n',
 ' clkload279/Y\n',
 ' clkload28/Y\n',
 ' clkload280/Y\n',
 ' clkload281/Y\n',
 ' clkload282/Y\n',
 ' clkload283/Y\n',
 ' clkload284/Y\n',
 ' clkload285/Y\n',
 ' clkload286/Y\n',
 ' clkload287/Y\n',
 ' clkload288/Y\n',
 ' clkload289/Y\n',
 ' clkload29/Y\n',
 ' clkload290/Y\n',
 ' clkload291/Y\n',
 ' clkload292/X\n',
 ' clkload293/Y\n',
 ' clkload294/Y\n',
 ' clkload295/Y\n',
 ' clkload296/X\n',
 ' clkload297/Y\n',
 ' clkload298/Y\n',
 ' clkload299/Y\n',
 ' clkload3/X\n',
 ' clkload30/Y\n',
 ' clkload300/X\n',
 ' clkload301/X\n',
 ' clkload302/X\n',
 ' clkload303/X\n',
 ' clkload304/Y\n',
 ' clkload305/Y\n',
 ' clkload306/X\n',
 ' clkload307/Y\n',
 ' clkload308/X\n',
 ' clkload309/Y\n',
 ' clkload31/Y\n',
 ' clkload310/Y\n',
 ' clkload311/Y\n',
 ' clkload312/X\n',
 ' clkload313/X\n',
 ' clkload314/X\n',
 ' clkload315/Y\n',
 ' clkload316/Y\n',
 ' clkload317/Y\n',
 ' clkload318/X\n',
 ' clkload319/Y\n',
 ' clkload32/Y\n',
 ' clkload33/Y\n',
 ' clkload34/Y\n',
 ' clkload35/Y\n',
 ' clkload36/Y\n',
 ' clkload37/Y\n',
 ' clkload38/Y\n',
 ' clkload39/Y\n',
 ' clkload4/X\n',
 ' clkload40/Y\n',
 ' clkload41/Y\n',
 ' clkload42/Y\n',
 ' clkload43/Y\n',
 ' clkload44/X\n',
 ' clkload45/Y\n',
 ' clkload46/Y\n',
 ' clkload47/Y\n',
 ' clkload48/Y\n',
 ' clkload49/X\n',
 ' clkload5/Y\n',
 ' clkload50/X\n',
 ' clkload51/Y\n',
 ' clkload52/Y\n',
 ' clkload53/X\n',
 ' clkload54/Y\n',
 ' clkload55/Y\n',
 ' clkload56/X\n',
 ' clkload57/Y\n',
 ' clkload58/Y\n',
 ' clkload59/Y\n',
 ' clkload6/Y\n',
 ' clkload60/Y\n',
 ' clkload61/X\n',
 ' clkload62/Y\n',
 ' clkload63/Y\n',
 ' clkload64/X\n',
 ' clkload65/Y\n',
 ' clkload66/X\n',
 ' clkload67/X\n',
 ' clkload68/Y\n',
 ' clkload69/X\n',
 ' clkload7/Y\n',
 ' clkload70/Y\n',
 ' clkload71/Y\n',
 ' clkload72/Y\n',
 ' clkload73/Y\n',
 ' clkload74/Y\n',
 ' clkload75/Y\n',
 ' clkload76/Y\n',
 ' clkload77/Y\n',
 ' clkload78/Y\n',
 ' clkload79/X\n',
 ' clkload8/Y\n',
 ' clkload80/Y\n',
 ' clkload81/X\n',
 ' clkload82/Y\n',
 ' clkload83/Y\n',
 ' clkload84/Y\n',
 ' clkload85/Y\n',
 ' clkload86/Y\n',
 ' clkload87/Y\n',
 ' clkload88/Y\n',
 ' clkload89/Y\n',
 ' clkload9/Y\n',
 ' clkload90/Y\n',
 ' clkload91/Y\n',
 ' clkload92/Y\n',
 ' clkload93/Y\n',
 ' clkload94/Y\n',
 ' clkload95/Y\n',
 ' clkload96/Y\n',
 ' clkload97/Y\n',
 ' clkload98/Y\n',
 ' clkload99/Y\n',
 'Found 0 partially unannotated drivers.\n',
 '\n']
Reported nets:
['clkload0/X',
 'clkload1/Y',
 'clkload10/Y',
 'clkload100/Y',
 'clkload101/Y',
 'clkload102/Y',
 'clkload103/Y',
 'clkload104/Y',
 'clkload105/Y',
 'clkload106/Y',
 'clkload107/X',
 'clkload108/X',
 'clkload109/Y',
 'clkload11/Y',
 'clkload110/Y',
 'clkload111/Y',
 'clkload112/Y',
 'clkload113/Y',
 'clkload114/Y',
 'clkload115/Y',
 'clkload116/Y',
 'clkload117/Y',
 'clkload118/Y',
 'clkload119/Y',
 'clkload12/X',
 'clkload120/Y',
 'clkload121/Y',
 'clkload122/Y',
 'clkload123/Y',
 'clkload124/Y',
 'clkload125/Y',
 'clkload126/Y',
 'clkload127/Y',
 'clkload128/X',
 'clkload129/Y',
 'clkload13/Y',
 'clkload130/X',
 'clkload131/Y',
 'clkload132/Y',
 'clkload133/X',
 'clkload134/Y',
 'clkload135/X',
 'clkload136/Y',
 'clkload137/Y',
 'clkload138/Y',
 'clkload139/Y',
 'clkload14/X',
 'clkload140/Y',
 'clkload141/Y',
 'clkload142/Y',
 'clkload143/Y',
 'clkload144/Y',
 'clkload145/Y',
 'clkload146/Y',
 'clkload147/Y',
 'clkload148/Y',
 'clkload149/X',
 'clkload15/Y',
 'clkload150/Y',
 'clkload151/Y',
 'clkload152/Y',
 'clkload153/Y',
 'clkload154/Y',
 'clkload155/X',
 'clkload156/X',
 'clkload157/X',
 'clkload158/Y',
 'clkload159/X',
 'clkload16/Y',
 'clkload160/Y',
 'clkload161/Y',
 'clkload162/Y',
 'clkload163/Y',
 'clkload164/Y',
 'clkload165/X',
 'clkload166/X',
 'clkload167/Y',
 'clkload168/Y',
 'clkload169/X',
 'clkload17/Y',
 'clkload170/Y',
 'clkload171/X',
 'clkload172/X',
 'clkload173/Y',
 'clkload174/X',
 'clkload175/Y',
 'clkload176/X',
 'clkload177/X',
 'clkload178/Y',
 'clkload179/Y',
 'clkload18/X',
 'clkload180/Y',
 'clkload181/Y',
 'clkload182/Y',
 'clkload183/Y',
 'clkload184/Y',
 'clkload185/Y',
 'clkload186/Y',
 'clkload187/Y',
 'clkload188/Y',
 'clkload189/Y',
 'clkload19/X',
 'clkload190/Y',
 'clkload191/Y',
 'clkload192/Y',
 'clkload193/Y',
 'clkload194/Y',
 'clkload195/Y',
 'clkload196/Y',
 'clkload197/Y',
 'clkload198/Y',
 'clkload199/Y',
 'clkload2/X',
 'clkload20/X',
 'clkload200/Y',
 'clkload201/Y',
 'clkload202/Y',
 'clkload203/Y',
 'clkload204/X',
 'clkload205/Y',
 'clkload206/X',
 'clkload207/Y',
 'clkload208/Y',
 'clkload209/Y',
 'clkload21/Y',
 'clkload210/X',
 'clkload211/Y',
 'clkload212/Y',
 'clkload213/Y',
 'clkload214/Y',
 'clkload215/Y',
 'clkload216/Y',
 'clkload217/Y',
 'clkload218/Y',
 'clkload219/X',
 'clkload22/Y',
 'clkload220/Y',
 'clkload221/Y',
 'clkload222/X',
 'clkload223/Y',
 'clkload224/Y',
 'clkload225/Y',
 'clkload226/X',
 'clkload227/Y',
 'clkload228/Y',
 'clkload229/Y',
 'clkload23/Y',
 'clkload230/Y',
 'clkload231/Y',
 'clkload232/Y',
 'clkload233/Y',
 'clkload234/Y',
 'clkload235/Y',
 'clkload236/X',
 'clkload237/Y',
 'clkload238/Y',
 'clkload239/Y',
 'clkload24/Y',
 'clkload240/X',
 'clkload241/Y',
 'clkload242/X',
 'clkload243/Y',
 'clkload244/X',
 'clkload245/Y',
 'clkload246/X',
 'clkload247/Y',
 'clkload248/Y',
 'clkload249/Y',
 'clkload25/Y',
 'clkload250/Y',
 'clkload251/X',
 'clkload252/Y',
 'clkload253/X',
 'clkload254/Y',
 'clkload255/Y',
 'clkload256/Y',
 'clkload257/Y',
 'clkload258/X',
 'clkload259/Y',
 'clkload26/Y',
 'clkload260/Y',
 'clkload261/Y',
 'clkload262/X',
 'clkload263/Y',
 'clkload264/Y',
 'clkload265/Y',
 'clkload266/Y',
 'clkload267/X',
 'clkload268/X',
 'clkload269/X',
 'clkload27/Y',
 'clkload270/X',
 'clkload271/X',
 'clkload272/X',
 'clkload273/X',
 'clkload274/Y',
 'clkload275/Y',
 'clkload276/Y',
 'clkload277/Y',
 'clkload278/Y',
 'clkload279/Y',
 'clkload28/Y',
 'clkload280/Y',
 'clkload281/Y',
 'clkload282/Y',
 'clkload283/Y',
 'clkload284/Y',
 'clkload285/Y',
 'clkload286/Y',
 'clkload287/Y',
 'clkload288/Y',
 'clkload289/Y',
 'clkload29/Y',
 'clkload290/Y',
 'clkload291/Y',
 'clkload292/X',
 'clkload293/Y',
 'clkload294/Y',
 'clkload295/Y',
 'clkload296/X',
 'clkload297/Y',
 'clkload298/Y',
 'clkload299/Y',
 'clkload3/X',
 'clkload30/Y',
 'clkload300/X',
 'clkload301/X',
 'clkload302/X',
 'clkload303/X',
 'clkload304/Y',
 'clkload305/Y',
 'clkload306/X',
 'clkload307/Y',
 'clkload308/X',
 'clkload309/Y',
 'clkload31/Y',
 'clkload310/Y',
 'clkload311/Y',
 'clkload312/X',
 'clkload313/X',
 'clkload314/X',
 'clkload315/Y',
 'clkload316/Y',
 'clkload317/Y',
 'clkload318/X',
 'clkload319/Y',
 'clkload32/Y',
 'clkload33/Y',
 'clkload34/Y',
 'clkload35/Y',
 'clkload36/Y',
 'clkload37/Y',
 'clkload38/Y',
 'clkload39/Y',
 'clkload4/X',
 'clkload40/Y',
 'clkload41/Y',
 'clkload42/Y',
 'clkload43/Y',
 'clkload44/X',
 'clkload45/Y',
 'clkload46/Y',
 'clkload47/Y',
 'clkload48/Y',
 'clkload49/X',
 'clkload5/Y',
 'clkload50/X',
 'clkload51/Y',
 'clkload52/Y',
 'clkload53/X',
 'clkload54/Y',
 'clkload55/Y',
 'clkload56/X',
 'clkload57/Y',
 'clkload58/Y',
 'clkload59/Y',
 'clkload6/Y',
 'clkload60/Y',
 'clkload61/X',
 'clkload62/Y',
 'clkload63/Y',
 'clkload64/X',
 'clkload65/Y',
 'clkload66/X',
 'clkload67/X',
 'clkload68/Y',
 'clkload69/X',
 'clkload7/Y',
 'clkload70/Y',
 'clkload71/Y',
 'clkload72/Y',
 'clkload73/Y',
 'clkload74/Y',
 'clkload75/Y',
 'clkload76/Y',
 'clkload77/Y',
 'clkload78/Y',
 'clkload79/X',
 'clkload8/Y',
 'clkload80/Y',
 'clkload81/X',
 'clkload82/Y',
 'clkload83/Y',
 'clkload84/Y',
 'clkload85/Y',
 'clkload86/Y',
 'clkload87/Y',
 'clkload88/Y',
 'clkload89/Y',
 'clkload9/Y',
 'clkload90/Y',
 'clkload91/Y',
 'clkload92/Y',
 'clkload93/Y',
 'clkload94/Y',
 'clkload95/Y',
 'clkload96/Y',
 'clkload97/Y',
 'clkload98/Y',
 'clkload99/Y']
Filtered nets:
[]
done
