┏━━━━━━━┳━━━━━━━━━┳━━━━━━━━━━┳━━━━━━━━━━━━━━━━━━━━━━━━━━━━━━━━━━━━━━━━━━━━━━┳━━━━━━━━━━━━━━━━┳━━━━━━━┓
┃ P / R ┃ Partial ┃ Required ┃ Net                                          ┃ Pin            ┃ Layer ┃
┡━━━━━━━╇━━━━━━━━━╇━━━━━━━━━━╇━━━━━━━━━━━━━━━━━━━━━━━━━━━━━━━━━━━━━━━━━━━━━━╇━━━━━━━━━━━━━━━━╇━━━━━━━┩
│ 2.90  │ 8069.71 │ 2778.20  │ net1172                                      │ _15018_/B      │ met3  │
│ 2.43  │ 972.76  │ 400.00   │ _05581_                                      │ _09414_/A      │ met3  │
│ 2.23  │ 893.83  │ 400.00   │ net912                                       │ _12108_/B      │ met2  │
│ 2.10  │ 838.23  │ 400.00   │ clk                                          │ clkbuf_0_clk/A │ met2  │
│ 2.07  │ 827.57  │ 400.00   │ _06464_                                      │ _10329_/A      │ met1  │
│ 1.99  │ 797.52  │ 400.00   │ _05495_                                      │ _09328_/B      │ met3  │
│ 1.90  │ 761.41  │ 400.00   │ net1038                                      │ _12795_/A0     │ met1  │
│ 1.89  │ 755.29  │ 400.00   │ _05289_                                      │ _12360_/A      │ met1  │
│ 1.77  │ 709.90  │ 400.00   │ _05751_                                      │ _09589_/B      │ met3  │
│ 1.76  │ 702.43  │ 400.00   │ net1172                                      │ _15018_/B      │ met1  │
│ 1.68  │ 672.21  │ 400.00   │ _05817_                                      │ _09631_/D      │ met1  │
│ 1.68  │ 671.37  │ 400.00   │ net1183                                      │ _10909_/B1     │ met3  │
│ 1.60  │ 638.54  │ 400.00   │ _05565_                                      │ _09372_/D      │ met1  │
│ 1.57  │ 629.04  │ 400.00   │ system.shared_memory.pending_address[2\]     │ _09722_/A1     │ met3  │
│ 1.57  │ 626.74  │ 400.00   │ _05155_                                      │ _14650_/A1_N   │ met1  │
│ 1.51  │ 604.46  │ 400.00   │ net1185                                      │ _10901_/B1     │ met3  │
│ 1.48  │ 591.36  │ 400.00   │ net907                                       │ _09718_/A      │ met1  │
│ 1.45  │ 581.08  │ 400.00   │ net1114                                      │ _10448_/C      │ met1  │
│ 1.41  │ 563.12  │ 400.00   │ reset                                        │ fanout328/A    │ met2  │
│ 1.41  │ 563.12  │ 400.00   │ reset                                        │ fanout333/A    │ met2  │
│ 1.40  │ 558.06  │ 400.00   │ system.shared_memory.pending_write_data[21\] │ _12645_/A0     │ met1  │
│ 1.39  │ 554.47  │ 400.00   │ _05284_                                      │ _13089_/A      │ met1  │
│ 1.37  │ 547.50  │ 400.00   │ system.shared_memory.pending_address[2\]     │ _10254_/A      │ met1  │
│ 1.34  │ 537.55  │ 400.00   │ net1184                                      │ _10842_/B1     │ met3  │
│ 1.33  │ 533.65  │ 400.00   │ net910                                       │ place909/A     │ met1  │
│ 1.33  │ 531.93  │ 400.00   │ system.shared_memory.pending_write_data[19\] │ place1056/A    │ met1  │
│ 1.33  │ 530.17  │ 400.00   │ net1137                                      │ _08960_/B2     │ met1  │
│ 1.30  │ 520.24  │ 400.00   │ system.shared_memory.pending_write_data[25\] │ _13046_/A0     │ met1  │
│ 1.29  │ 517.04  │ 400.00   │ net863                                       │ _12774_/B      │ met1  │
│ 1.28  │ 514.00  │ 400.00   │ net980                                       │ _09471_/A3     │ met1  │
│ 1.27  │ 506.17  │ 400.00   │ net1223                                      │ _12539_/A0     │ met1  │
│ 1.23  │ 491.87  │ 400.00   │ _06671_                                      │ _10504_/D      │ met1  │
│ 1.21  │ 485.13  │ 400.00   │ net860                                       │ _09707_/A2     │ met1  │
│ 1.20  │ 479.00  │ 400.00   │ core0.regs.registers[1\][30\]                │ _08306_/B      │ met1  │
│ 1.20  │ 478.08  │ 400.00   │ _06499_                                      │ _10329_/D      │ met1  │
│ 1.19  │ 475.06  │ 400.00   │ net1070                                      │ _13755_/A1     │ met1  │
│ 1.15  │ 459.64  │ 400.00   │ net830                                       │ _12531_/A      │ met1  │
│ 1.15  │ 459.64  │ 400.00   │ net830                                       │ _13161_/A      │ met1  │
│ 1.14  │ 456.53  │ 400.00   │ _06421_                                      │ _10259_/C1     │ met1  │
│ 1.12  │ 448.53  │ 400.00   │ net982                                       │ _12621_/A      │ met2  │
│ 1.12  │ 448.53  │ 400.00   │ net982                                       │ _12648_/A      │ met2  │
│ 1.12  │ 447.05  │ 400.00   │ _05280_                                      │ _12630_/A      │ met3  │
│ 1.10  │ 440.90  │ 400.00   │ _05734_                                      │ _09547_/B1     │ met1  │
│ 1.10  │ 440.35  │ 400.00   │ _05318_                                      │ _11829_/B      │ met3  │
│ 1.10  │ 440.35  │ 400.00   │ _05318_                                      │ _11847_/B      │ met3  │
│ 1.10  │ 440.35  │ 400.00   │ _05318_                                      │ _11901_/B      │ met3  │
│ 1.10  │ 440.35  │ 400.00   │ _05318_                                      │ _11919_/B      │ met3  │
│ 1.05  │ 420.73  │ 400.00   │ _05287_                                      │ _12378_/A      │ met3  │
│ 1.05  │ 420.73  │ 400.00   │ _05287_                                      │ _12396_/A      │ met3  │
│ 1.05  │ 420.73  │ 400.00   │ _05287_                                      │ _13026_/A      │ met3  │
│ 1.05  │ 420.73  │ 400.00   │ _05287_                                      │ _13044_/A      │ met3  │
│ 1.04  │ 417.18  │ 400.00   │ _03436_                                      │ _14662_/A1_N   │ met1  │
│ 1.04  │ 417.04  │ 400.00   │ _06442_                                      │ _10285_/A      │ met1  │
│ 1.01  │ 402.97  │ 400.00   │ net1109                                      │ _12486_/B      │ met1  │
│ 1.00  │ 400.72  │ 400.00   │ system.shared_memory.pending_write_data[15\] │ _13721_/A1     │ met1  │
└───────┴─────────┴──────────┴──────────────────────────────────────────────┴────────────────┴───────┘
