Reading timing models for corner nom_tt_025C_1v80…
Reading timing library for the 'nom_tt_025C_1v80' corner at '/home/cl4/.ciel/ciel/sky130/versions/8afc8346a57fe1ab7934ba5a6056ea8b43078e71/sky130A/libs.ref/sky130_fd_sc_hd/lib/sky130_fd_sc_hd__tt_025C_1v80.lib'…
Reading OpenROAD database at '/home/cl4/Desktop/training/RISC-V-SoC-with-Coherent-Memory-Subsystem/physical_design/runs/RUN_2026-09-09_05-42-53/18-openroad-cutrows/riscv_soc_top.odb'…
Reading design constraints file at '/home/cl4/Desktop/training/RISC-V-SoC-with-Coherent-Memory-Subsystem/physical_design/src/pnr.sdc'…
[INFO] No information on clock propagation in input SDC file-- propagating all clocks.
+ tapcell -halo_width_x 10 -halo_width_y 10 -distance 13 -tapcell_master sky130_fd_sc_hd__tapvpwrvgnd_1 -endcap_master sky130_fd_sc_hd__decap_3
[INFO TAP-0004] Inserted 108 endcaps.
[INFO TAP-0005] Inserted 308 tapcells.
Setting global connections for newly added cells…
[INFO] Setting global connections...
[INFO ODB-0403] 1048 connections made, 0 conflicts skipped.
Updating metrics…
Cell type report:                       Count       Area
  Fill cell                               108     405.39
  Tap cell                                308     385.37
  Buffer                                    5      25.02
  Inverter                                 23      86.33
  Sequential cell                         196    5149.94
  Multi-Input combinational cell          547    4685.74
  Total                                  1187   10737.80
Writing OpenROAD database to '/home/cl4/Desktop/training/RISC-V-SoC-with-Coherent-Memory-Subsystem/physical_design/runs/RUN_2026-09-09_05-42-53/19-openroad-tapendcapinsertion/riscv_soc_top.odb'…
Writing netlist to '/home/cl4/Desktop/training/RISC-V-SoC-with-Coherent-Memory-Subsystem/physical_design/runs/RUN_2026-09-09_05-42-53/19-openroad-tapendcapinsertion/riscv_soc_top.nl.v'…
Writing powered netlist to '/home/cl4/Desktop/training/RISC-V-SoC-with-Coherent-Memory-Subsystem/physical_design/runs/RUN_2026-09-09_05-42-53/19-openroad-tapendcapinsertion/riscv_soc_top.pnl.v'…
Writing layout to '/home/cl4/Desktop/training/RISC-V-SoC-with-Coherent-Memory-Subsystem/physical_design/runs/RUN_2026-09-09_05-42-53/19-openroad-tapendcapinsertion/riscv_soc_top.def'…
Writing timing constraints to '/home/cl4/Desktop/training/RISC-V-SoC-with-Coherent-Memory-Subsystem/physical_design/runs/RUN_2026-09-09_05-42-53/19-openroad-tapendcapinsertion/riscv_soc_top.sdc'…
