Reading timing models for corner nom_tt_025C_1v80…
Reading timing library for the 'nom_tt_025C_1v80' corner at '/home/cl4/.ciel/ciel/sky130/versions/8afc8346a57fe1ab7934ba5a6056ea8b43078e71/sky130A/libs.ref/sky130_fd_sc_hd/lib/sky130_fd_sc_hd__tt_025C_1v80.lib'…
Reading OpenROAD database at '/home/cl4/Desktop/training/RISC-V/asic/runs/RUN_2026-09-10_08-55-15/21-openroad-ioplacement/riscv_soc_top.odb'…
Reading design constraints file at '/nix/store/5jsqcdxd774ydqqjk8zkw3zk47dxbryb-python3-3.13.9-env/lib/python3.13/site-packages/librelane/scripts/base.sdc'…
[INFO] Using clock clk…
[INFO] Setting output delay to: 2
[INFO] Setting input delay to: 2
[INFO] Setting load to: 0.033442
[INFO] Setting clock uncertainty to: 0.25
[INFO] Setting clock transition to: 0.1499999999999999944488848768742172978818416595458984375
[INFO] Setting timing derate to: 5%
[INFO] Setting signal min routing layer to: met1 and clock min routing layer to met1. 
[INFO] Setting signal max routing layer to: met5 and clock max routing layer to met5. 
+ global_placement -density 0.75 -routability_driven -pad_right 0 -pad_left 0 -init_wirelength_coef 0.25
[INFO GPL-0001] ---- Initialize GPL Main Data Structures
[INFO GPL-0002] DBU: 1000
[INFO GPL-0003] SiteSize: (  0.460  2.720 ) um
[INFO GPL-0004] CoreBBox: (  5.520 10.880 ) ( 74.520 78.880 ) um
[INFO GPL-0036] Movable instances area:       2383.536 um^2
[INFO GPL-0037] Total instances area:         2655.046 um^2
[INFO GPL-0035] Pin density area adjust:        57.747 um^2
[INFO GPL-0032] ---- Initialize Region: Top-level
[INFO GPL-0006] Number of instances:               276
[INFO GPL-0007] Movable instances:                 159
[INFO GPL-0008] Fixed instances:                   117
[INFO GPL-0009] Dummy instances:                     0
[INFO GPL-0010] Number of nets:                    276
[INFO GPL-0011] Number of pins:                    731
[INFO GPL-0012] Die BBox:  (  0.000  0.000 ) ( 80.085 90.805 ) um
[INFO GPL-0013] Core BBox: (  5.520 10.880 ) ( 74.520 78.880 ) um
[INFO GPL-0016] Core area:                    4692.000 um^2
[INFO GPL-0014] Region name: top-level.
[INFO GPL-0015] Region area:                  4692.000 um^2
[INFO GPL-0017] Fixed instances area:          271.510 um^2
[INFO GPL-0018] Movable instances area:       2441.283 um^2
[INFO GPL-0019] Utilization:                    55.227 %
[INFO GPL-0020] Standard cells area:          2441.283 um^2
[INFO GPL-0021] Large instances area:            0.000 um^2
[INFO GPL-0005] ---- Execute Conjugate Gradient Initial Placement.
[INFO GPL-0051] Source of initial instance position counters:
	Odb location = 159	Core center = 0	Region center = 0
[InitialPlace]  Iter: 1 conjugate gradient residual: 0.00000011 HPWL: 4436120
[InitialPlace]  Iter: 2 conjugate gradient residual: 0.00000010 HPWL: 3822373
[InitialPlace]  Iter: 3 conjugate gradient residual: 0.00000011 HPWL: 3690603
[InitialPlace]  Iter: 4 conjugate gradient residual: 0.00000010 HPWL: 3624521
[InitialPlace]  Iter: 5 conjugate gradient residual: 0.00000011 HPWL: 3593947
[INFO GPL-0033] ---- Initialize Nesterov Region: Top-level
[INFO GPL-0023] Placement target density:       0.7500
[INFO GPL-0024] Movable insts average area:     15.354 um^2
[INFO GPL-0025] Ideal bin area:                 20.472 um^2
[INFO GPL-0026] Ideal bin count:                   229
[INFO GPL-0027] Total bin area:               4692.000 um^2
[INFO GPL-0028] Bin count (X, Y):           8 ,      8
[INFO GPL-0029] Bin size (W * H):       8.625 *  8.500 um
[INFO GPL-0030] Number of bins:                     64
[INFO GPL-0007] ---- Execute Nesterov Global Placement.
[INFO GPL-0031] HPWL: Half-Perimeter Wirelength
Iteration | Overflow |     HPWL (um) |  HPWL(%) |   Penalty | Group
---------------------------------------------------------------
        0 |   0.3350 |  2.616097e+03 |   +0.00% |  3.58e-12 |      
[INFO GPL-0038] Routability snapshot saved at iter = 1
        0 |   0.3350 |  2.616097e+03 |          |           |      
[INFO GPL-0040] Routability iteration: 1
[INFO GPL-0041] Total routing overflow: 0.0000
[INFO GPL-0042] Number of overflowed tiles: 0 (0.00%)
[INFO GPL-0043] Average top 0.5% routing congestion: 0.7829
[INFO GPL-0044] Average top 1.0% routing congestion: 0.7409
[INFO GPL-0045] Average top 2.0% routing congestion: 0.7225
[INFO GPL-0046] Average top 5.0% routing congestion: 0.6938
[INFO GPL-0047] Routability iteration weighted routing congestion: 0.7619
[INFO GPL-0050] Weighted routing congestion is lower than target routing congestion(1.0100), end routability optimization.
[INFO GPL-0090] Routability finished. Target routing congestion achieved succesfully.
Iteration | Overflow |     HPWL (um) |  HPWL(%) |   Penalty | Group
---------------------------------------------------------------
       10 |   0.2573 |  2.604833e+03 |   -0.43% |  5.27e-12 |      
       20 |   0.2578 |  2.599233e+03 |   -0.21% |  7.76e-12 |      
       30 |   0.2598 |  2.596389e+03 |   -0.11% |  1.14e-11 |      
       40 |   0.2588 |  2.596643e+03 |   +0.01% |  1.68e-11 |      
       50 |   0.2593 |  2.596386e+03 |   -0.01% |  2.48e-11 |      
       60 |   0.2589 |  2.596511e+03 |   +0.00% |  3.65e-11 |      
       70 |   0.2590 |  2.596523e+03 |   +0.00% |  5.38e-11 |      
       80 |   0.2588 |  2.596503e+03 |   -0.00% |  7.93e-11 |      
       90 |   0.2586 |  2.596591e+03 |   +0.00% |  1.17e-10 |      
      100 |   0.2584 |  2.596687e+03 |   +0.00% |  1.72e-10 |      
      110 |   0.2581 |  2.596800e+03 |   +0.00% |  2.53e-10 |      
      120 |   0.2578 |  2.596991e+03 |   +0.01% |  3.73e-10 |      
      130 |   0.2574 |  2.597246e+03 |   +0.01% |  5.50e-10 |      
      140 |   0.2567 |  2.596980e+03 |   -0.01% |  8.10e-10 |      
      150 |   0.2558 |  2.596366e+03 |   -0.02% |  1.19e-09 |      
      160 |   0.2544 |  2.595831e+03 |   -0.02% |  1.76e-09 |      
      170 |   0.2523 |  2.594541e+03 |   -0.05% |  2.59e-09 |      
      180 |   0.2497 |  2.593750e+03 |   -0.03% |  3.82e-09 |      
      190 |   0.2462 |  2.592849e+03 |   -0.03% |  5.62e-09 |      
      200 |   0.2427 |  2.592866e+03 |   +0.00% |  8.28e-09 |      
      210 |   0.2383 |  2.593198e+03 |   +0.01% |  1.22e-08 |      
      220 |   0.2331 |  2.595755e+03 |   +0.10% |  1.80e-08 |      
      230 |   0.2266 |  2.600146e+03 |   +0.17% |  2.65e-08 |      
      240 |   0.2176 |  2.605002e+03 |   +0.19% |  3.90e-08 |      
      250 |   0.2057 |  2.609737e+03 |   +0.18% |  5.75e-08 |      
      260 |   0.1905 |  2.615154e+03 |   +0.21% |  8.47e-08 |      
      270 |   0.1716 |  2.617910e+03 |   +0.11% |  1.25e-07 |      
      280 |   0.1502 |  2.620222e+03 |   +0.09% |  1.84e-07 |      
      290 |   0.1298 |  2.625490e+03 |   +0.20% |  2.71e-07 |      
      300 |   0.1099 |  2.629435e+03 |   +0.15% |  3.99e-07 |      
      305 |   0.0990 |  2.633007e+03 |          |  5.03e-07 |      
---------------------------------------------------------------
[INFO GPL-1001] Global placement finished at iteration 305
[INFO GPL-1003] Routability mode iteration count: 4
[INFO GPL-1005] Routability final weighted congestion: 0.7594
[INFO GPL-1002] Placed Cell Area             2441.2829
[INFO GPL-1003] Available Free Area          4420.4896
[INFO GPL-1004] Minimum Feasible Density        0.5600 (cell_area / free_area)
[INFO GPL-1006]   Suggested Target Densities:
[INFO GPL-1007]     - For 90% usage of free space: 0.6136
[INFO GPL-1008]     - For 80% usage of free space: 0.6903
[INFO GPL-1011] Original area (um^2): 2441.28
[INFO GPL-1012] Total routability artificial inflation: 0.00 (+0.00%)
[INFO GPL-1014] Final placement area: 2441.28 (+0.00%)
Setting global connections for newly added cells…
[INFO] Setting global connections...
[INFO ODB-0403] 0 connections made, 0 conflicts skipped.
Updating metrics…
Cell type report:                       Count       Area
  Fill cell                                50     187.68
  Tap cell                                 67      83.83
  Buffer                                    3      15.01
  Inverter                                  1       3.75
  Sequential cell                          41    1077.28
  Multi-Input combinational cell          114    1287.48
  Total                                   276    2655.05
Writing OpenROAD database to '/home/cl4/Desktop/training/RISC-V/asic/runs/RUN_2026-09-10_08-55-15/24-openroad-globalplacement/riscv_soc_top.odb'…
Writing netlist to '/home/cl4/Desktop/training/RISC-V/asic/runs/RUN_2026-09-10_08-55-15/24-openroad-globalplacement/riscv_soc_top.nl.v'…
Writing powered netlist to '/home/cl4/Desktop/training/RISC-V/asic/runs/RUN_2026-09-10_08-55-15/24-openroad-globalplacement/riscv_soc_top.pnl.v'…
Writing layout to '/home/cl4/Desktop/training/RISC-V/asic/runs/RUN_2026-09-10_08-55-15/24-openroad-globalplacement/riscv_soc_top.def'…
Writing timing constraints to '/home/cl4/Desktop/training/RISC-V/asic/runs/RUN_2026-09-10_08-55-15/24-openroad-globalplacement/riscv_soc_top.sdc'…
