Reading timing models for corner nom_tt_025C_1v80…
Reading timing library for the 'nom_tt_025C_1v80' corner at '/home/hassan/.ciel/ciel/sky130/versions/8afc8346a57fe1ab7934ba5a6056ea8b43078e71/sky130A/libs.ref/sky130_fd_sc_hd/lib/sky130_fd_sc_hd__tt_025C_1v80.lib'…
Reading OpenROAD database at '/home/hassan/project/runs/RUN_2026-09-12_18-08-42/19-openroad-tapendcapinsertion/soc_top.odb'…
Reading design constraints file at '/home/hassan/project/src/impl.sdc'…
[INFO] Using clock clk…
[INFO] Setting output delay to: 4.0
[INFO] Setting input delay to: 4.0
[INFO] Setting load to: 0.033442
[INFO] Setting clock uncertainty to: 0.25
[INFO] Setting clock transition to: 0.1499999999999999944488848768742172978818416595458984375
[INFO] Setting timing derate to: 5.0%
[INFO] No information on clock propagation in input SDC file-- propagating all clocks.
[INFO] Setting global connections...
[INFO ODB-0403] 0 connections made, 0 conflicts skipped.
[WARNING PDN-0239] Ring shape falls outside the die bounds.
+ pdngen -skip_trim
[INFO PDN-0001] Inserting grid: stdcell_grid
Setting global connections for newly added cells…
[INFO] Setting global connections...
[INFO ODB-0403] 0 connections made, 0 conflicts skipped.
Updating metrics…
Cell type report:                       Count       Area
  Fill cell                                26      97.59
  Tap cell                                 15      18.77
  Sequential cell                           6     157.65
  Multi-Input combinational cell           75     369.10
  Total                                   122     643.12
Writing OpenROAD database to '/home/hassan/project/runs/RUN_2026-09-12_18-08-42/21-openroad-generatepdn/soc_top.odb'…
Writing netlist to '/home/hassan/project/runs/RUN_2026-09-12_18-08-42/21-openroad-generatepdn/soc_top.nl.v'…
Writing powered netlist to '/home/hassan/project/runs/RUN_2026-09-12_18-08-42/21-openroad-generatepdn/soc_top.pnl.v'…
Writing layout to '/home/hassan/project/runs/RUN_2026-09-12_18-08-42/21-openroad-generatepdn/soc_top.def'…
Writing timing constraints to '/home/hassan/project/runs/RUN_2026-09-12_18-08-42/21-openroad-generatepdn/soc_top.sdc'…
[INFO PSM-0040] All shapes on net VPWR are connected.
[INFO PSM-0040] All shapes on net VGND are connected.
