99. Printing statistics.

=== riscv_soc_top ===

        +----------Local Count, excluding submodules.
        |        +-Local Area, excluding submodules.
        |        | 
       81        - wires
      317        - wire bits
       25        - public wires
      199        - public wire bits
       24        - ports
      167        - port bits
      159 1.08E+03 cells
       14        -   $_ANDNOT_
        1        -   $_AND_
        1        -   $_MUX_
       15        -   $_NAND_
        1        -   $_NOR_
        2        -   $_NOT_
        1        -   $_ORNOT_
       20        -   $_OR_
       14        -   $_XNOR_
       49        -   $_XOR_
       41 1.08E+03   sky130_fd_sc_hd__dfrtp_2

   Area for cell type $_ANDNOT_ is unknown!
   Area for cell type $_AND_ is unknown!
   Area for cell type $_MUX_ is unknown!
   Area for cell type $_NAND_ is unknown!
   Area for cell type $_NOR_ is unknown!
   Area for cell type $_NOT_ is unknown!
   Area for cell type $_ORNOT_ is unknown!
   Area for cell type $_OR_ is unknown!
   Area for cell type $_XNOR_ is unknown!
   Area for cell type $_XOR_ is unknown!

   Chip area for module '\riscv_soc_top': 1077.283200
     of which used for sequential elements: 1077.283200 (100.00%)

