107. Printing statistics.

=== riscv_soc_top ===

        +----------Local Count, excluding submodules.
        |        +-Local Area, excluding submodules.
        |        | 
      133        - wires
      276        - wire bits
       56        - public wires
      199        - public wire bits
       24        - ports
      167        - port bits
      159 2.38E+03 cells
        6    52.55   sky130_fd_sc_hd__a21oi_2
        3   26.275   sky130_fd_sc_hd__a31o_2
        1   12.512   sky130_fd_sc_hd__a31oi_2
        5   37.536   sky130_fd_sc_hd__and2_2
        2   17.517   sky130_fd_sc_hd__and2b_2
        8   60.058   sky130_fd_sc_hd__and3_2
       15  150.144   sky130_fd_sc_hd__and4_2
        3   15.014   sky130_fd_sc_hd__buf_2
        6   22.522   sky130_fd_sc_hd__conb_1
       41 1.08E+03   sky130_fd_sc_hd__dfrtp_2
        1    3.754   sky130_fd_sc_hd__inv_2
        5    31.28   sky130_fd_sc_hd__nand2_2
        8   50.048   sky130_fd_sc_hd__nor2_2
        2   17.517   sky130_fd_sc_hd__o21a_2
        6   60.058   sky130_fd_sc_hd__o21ba_2
        1   11.261   sky130_fd_sc_hd__o2bb2a_2
        1    6.256   sky130_fd_sc_hd__or2_2
        4   65.062   sky130_fd_sc_hd__xnor2_2
       41   666.89   sky130_fd_sc_hd__xor2_2

   Chip area for module '\riscv_soc_top': 2383.536000
     of which used for sequential elements: 1077.283200 (45.20%)

