                                                                        Cells by Master                                                                         
┏━━━━━━━━━━━━━━━━━━━━━━━━━━━━━━━━━━━━━━━━━━━━━━━━━━━━━━━━━━━━━━━━━━━━━━━━━━━━━━━━━━━━━━━━━━━━━━━━━━━━━━━━━━━━━━━━━━━━━━━━━━━━━━━━━━━┳━━━━━━━━━━━━━━━━━━━━━━━━━━┓
┃ Cell                                                                                                                              ┃ Count                    ┃
┡━━━━━━━━━━━━━━━━━━━━━━━━━━━━━━━━━━━━━━━━━━━━━━━━━━━━━━━━━━━━━━━━━━━━━━━━━━━━━━━━━━━━━━━━━━━━━━━━━━━━━━━━━━━━━━━━━━━━━━━━━━━━━━━━━━━╇━━━━━━━━━━━━━━━━━━━━━━━━━━┩
│ sky130_fd_sc_hd__a2111o_2                                                                                                         │ 33                       │
│ sky130_fd_sc_hd__a2111oi_2                                                                                                        │ 1                        │
│ sky130_fd_sc_hd__a2111oi_4                                                                                                        │ 1                        │
│ sky130_fd_sc_hd__a211o_2                                                                                                          │ 135                      │
│ sky130_fd_sc_hd__a211oi_2                                                                                                         │ 40                       │
│ sky130_fd_sc_hd__a21bo_2                                                                                                          │ 67                       │
│ sky130_fd_sc_hd__a21bo_4                                                                                                          │ 1                        │
│ sky130_fd_sc_hd__a21boi_2                                                                                                         │ 18                       │
│ sky130_fd_sc_hd__a21boi_4                                                                                                         │ 1                        │
│ sky130_fd_sc_hd__a21o_2                                                                                                           │ 506                      │
│ sky130_fd_sc_hd__a21o_4                                                                                                           │ 2                        │
│ sky130_fd_sc_hd__a21oi_2                                                                                                          │ 438                      │
│ sky130_fd_sc_hd__a21oi_4                                                                                                          │ 3                        │
│ sky130_fd_sc_hd__a221o_2                                                                                                          │ 394                      │
│ sky130_fd_sc_hd__a221oi_2                                                                                                         │ 5                        │
│ sky130_fd_sc_hd__a22o_2                                                                                                           │ 863                      │
│ sky130_fd_sc_hd__a22oi_2                                                                                                          │ 129                      │
│ sky130_fd_sc_hd__a2bb2o_2                                                                                                         │ 73                       │
│ sky130_fd_sc_hd__a311o_2                                                                                                          │ 17                       │
│ sky130_fd_sc_hd__a311oi_2                                                                                                         │ 5                        │
│ sky130_fd_sc_hd__a31o_2                                                                                                           │ 220                      │
│ sky130_fd_sc_hd__a31oi_2                                                                                                          │ 27                       │
│ sky130_fd_sc_hd__a32o_2                                                                                                           │ 168                      │
│ sky130_fd_sc_hd__a32oi_2                                                                                                          │ 4                        │
│ sky130_fd_sc_hd__a41o_2                                                                                                           │ 13                       │
│ sky130_fd_sc_hd__and2_2                                                                                                           │ 469                      │
│ sky130_fd_sc_hd__and2_4                                                                                                           │ 4                        │
│ sky130_fd_sc_hd__and2b_2                                                                                                          │ 218                      │
│ sky130_fd_sc_hd__and3_2                                                                                                           │ 557                      │
│ sky130_fd_sc_hd__and3_4                                                                                                           │ 3                        │
│ sky130_fd_sc_hd__and3b_2                                                                                                          │ 17                       │
│ sky130_fd_sc_hd__and4_2                                                                                                           │ 276                      │
│ sky130_fd_sc_hd__and4_4                                                                                                           │ 7                        │
│ sky130_fd_sc_hd__and4b_2                                                                                                          │ 34                       │
│ sky130_fd_sc_hd__and4b_4                                                                                                          │ 2                        │
│ sky130_fd_sc_hd__and4bb_2                                                                                                         │ 30                       │
│ sky130_fd_sc_hd__and4bb_4                                                                                                         │ 1                        │
│ sky130_fd_sc_hd__buf_1                                                                                                            │ 54                       │
│ sky130_fd_sc_hd__buf_12                                                                                                           │ 1                        │
│ sky130_fd_sc_hd__buf_2                                                                                                            │ 1001                     │
│ sky130_fd_sc_hd__buf_4                                                                                                            │ 32                       │
│ sky130_fd_sc_hd__buf_6                                                                                                            │ 20                       │
│ sky130_fd_sc_hd__buf_8                                                                                                            │ 11                       │
│ sky130_fd_sc_hd__bufinv_16                                                                                                        │ 18                       │
│ sky130_fd_sc_hd__clkbuf_16                                                                                                        │ 1                        │
│ sky130_fd_sc_hd__clkbuf_2                                                                                                         │ 12                       │
│ sky130_fd_sc_hd__clkbuf_4                                                                                                         │ 54                       │
│ sky130_fd_sc_hd__clkbuf_8                                                                                                         │ 320                      │
│ sky130_fd_sc_hd__clkdlybuf4s25_1                                                                                                  │ 85                       │
│ sky130_fd_sc_hd__clkinv_2                                                                                                         │ 26                       │
│ sky130_fd_sc_hd__clkinv_4                                                                                                         │ 4                        │
│ sky130_fd_sc_hd__decap_3                                                                                                          │ 54890                    │
│ sky130_fd_sc_hd__dfrtp_2                                                                                                          │ 1651                     │
│ sky130_fd_sc_hd__dfstp_2                                                                                                          │ 1                        │
│ sky130_fd_sc_hd__dfxtp_2                                                                                                          │ 128                      │
│ sky130_fd_sc_hd__diode_2                                                                                                          │ 191                      │
│ sky130_fd_sc_hd__fill_1                                                                                                           │ 7976                     │
│ sky130_fd_sc_hd__fill_2                                                                                                           │ 8839                     │
│ sky130_fd_sc_hd__inv_2                                                                                                            │ 234                      │
│ sky130_fd_sc_hd__inv_4                                                                                                            │ 7                        │
│ sky130_fd_sc_hd__inv_6                                                                                                            │ 1                        │
│ sky130_fd_sc_hd__mux2_1                                                                                                           │ 144                      │
│ sky130_fd_sc_hd__mux2_2                                                                                                           │ 890                      │
│ sky130_fd_sc_hd__mux2_4                                                                                                           │ 138                      │
│ sky130_fd_sc_hd__nand2_2                                                                                                          │ 951                      │
│ sky130_fd_sc_hd__nand2b_2                                                                                                         │ 8                        │
│ sky130_fd_sc_hd__nand3_2                                                                                                          │ 154                      │
│ sky130_fd_sc_hd__nand3b_2                                                                                                         │ 2                        │
│ sky130_fd_sc_hd__nand4_2                                                                                                          │ 58                       │
│ sky130_fd_sc_hd__nand4bb_2                                                                                                        │ 1                        │
│ sky130_fd_sc_hd__nor2_1                                                                                                           │ 1                        │
│ sky130_fd_sc_hd__nor2_2                                                                                                           │ 912                      │
│ sky130_fd_sc_hd__nor2_4                                                                                                           │ 1                        │
│ sky130_fd_sc_hd__nor2b_2                                                                                                          │ 6                        │
│ sky130_fd_sc_hd__nor3_2                                                                                                           │ 100                      │
│ sky130_fd_sc_hd__nor3_4                                                                                                           │ 1                        │
│ sky130_fd_sc_hd__nor3b_2                                                                                                          │ 3                        │
│ sky130_fd_sc_hd__nor4_2                                                                                                           │ 4                        │
│ sky130_fd_sc_hd__nor4b_2                                                                                                          │ 1                        │
│ sky130_fd_sc_hd__nor4b_4                                                                                                          │ 7                        │
│ sky130_fd_sc_hd__o2111a_2                                                                                                         │ 13                       │
│ sky130_fd_sc_hd__o211a_2                                                                                                          │ 133                      │
│ sky130_fd_sc_hd__o211ai_2                                                                                                         │ 24                       │
│ sky130_fd_sc_hd__o21a_2                                                                                                           │ 302                      │
│ sky130_fd_sc_hd__o21a_4                                                                                                           │ 2                        │
│ sky130_fd_sc_hd__o21ai_2                                                                                                          │ 180                      │
│ sky130_fd_sc_hd__o21ai_4                                                                                                          │ 1                        │
│ sky130_fd_sc_hd__o21ba_2                                                                                                          │ 111                      │
│ sky130_fd_sc_hd__o21bai_2                                                                                                         │ 44                       │
│ sky130_fd_sc_hd__o221a_2                                                                                                          │ 25                       │
│ sky130_fd_sc_hd__o221ai_2                                                                                                         │ 6                        │
│ sky130_fd_sc_hd__o22a_2                                                                                                           │ 55                       │
│ sky130_fd_sc_hd__o22ai_2                                                                                                          │ 3                        │
│ sky130_fd_sc_hd__o2bb2a_2                                                                                                         │ 64                       │
│ sky130_fd_sc_hd__o2bb2ai_2                                                                                                        │ 5                        │
│ sky130_fd_sc_hd__o311a_2                                                                                                          │ 11                       │
│ sky130_fd_sc_hd__o311a_4                                                                                                          │ 5                        │
│ sky130_fd_sc_hd__o311ai_4                                                                                                         │ 1                        │
│ sky130_fd_sc_hd__o31a_2                                                                                                           │ 77                       │
│ sky130_fd_sc_hd__o31ai_2                                                                                                          │ 14                       │
│ sky130_fd_sc_hd__o31ai_4                                                                                                          │ 1                        │
│ sky130_fd_sc_hd__o32a_2                                                                                                           │ 39                       │
│ sky130_fd_sc_hd__o32ai_2                                                                                                          │ 5                        │
│ sky130_fd_sc_hd__o41a_2                                                                                                           │ 24                       │
│ sky130_fd_sc_hd__or2_2                                                                                                            │ 500                      │
│ sky130_fd_sc_hd__or2_4                                                                                                            │ 6                        │
│ sky130_fd_sc_hd__or2b_2                                                                                                           │ 155                      │
│ sky130_fd_sc_hd__or3_2                                                                                                            │ 124                      │
│ sky130_fd_sc_hd__or3_4                                                                                                            │ 2                        │
│ sky130_fd_sc_hd__or3b_2                                                                                                           │ 42                       │
│ sky130_fd_sc_hd__or3b_4                                                                                                           │ 2                        │
│ sky130_fd_sc_hd__or4_2                                                                                                            │ 73                       │
│ sky130_fd_sc_hd__or4_4                                                                                                            │ 13                       │
│ sky130_fd_sc_hd__or4b_2                                                                                                           │ 12                       │
│ sky130_fd_sc_hd__or4b_4                                                                                                           │ 1                        │
│ sky130_fd_sc_hd__or4bb_2                                                                                                          │ 4                        │
│ sky130_fd_sc_hd__tapvpwrvgnd_1                                                                                                    │ 6000                     │
│ sky130_fd_sc_hd__xnor2_2                                                                                                          │ 894                      │
│ sky130_fd_sc_hd__xnor2_4                                                                                                          │ 2                        │
│ sky130_fd_sc_hd__xor2_2                                                                                                           │ 381                      │
└───────────────────────────────────────────────────────────────────────────────────────────────────────────────────────────────────┴──────────────────────────┘
