                                                                       Cells by Function                                                                        
┏━━━━━━━━━━━━━━━━━━━━━━━━━━━━━━━━━━━━━━━━━━━━━━━━━━━━━━━━━━━━━━━━━━━━━━━━━━━━━━━━━━━━━━━━━━━━━━━━━━━━━━━━━━━━━━━━━━━━━━━━━━━━━━━━━┳━━━━━━━━━━━━━━━━━━━━━━━━━━━━┓
┃ Cell Function                                                                                                                   ┃ Count                      ┃
┡━━━━━━━━━━━━━━━━━━━━━━━━━━━━━━━━━━━━━━━━━━━━━━━━━━━━━━━━━━━━━━━━━━━━━━━━━━━━━━━━━━━━━━━━━━━━━━━━━━━━━━━━━━━━━━━━━━━━━━━━━━━━━━━━━╇━━━━━━━━━━━━━━━━━━━━━━━━━━━━┩
│ sky130_fd_sc_hd__a2111o                                                                                                         │ 33                         │
│ sky130_fd_sc_hd__a2111oi                                                                                                        │ 2                          │
│ sky130_fd_sc_hd__a211o                                                                                                          │ 135                        │
│ sky130_fd_sc_hd__a211oi                                                                                                         │ 40                         │
│ sky130_fd_sc_hd__a21bo                                                                                                          │ 68                         │
│ sky130_fd_sc_hd__a21boi                                                                                                         │ 19                         │
│ sky130_fd_sc_hd__a21o                                                                                                           │ 508                        │
│ sky130_fd_sc_hd__a21oi                                                                                                          │ 441                        │
│ sky130_fd_sc_hd__a221o                                                                                                          │ 394                        │
│ sky130_fd_sc_hd__a221oi                                                                                                         │ 5                          │
│ sky130_fd_sc_hd__a22o                                                                                                           │ 863                        │
│ sky130_fd_sc_hd__a22oi                                                                                                          │ 129                        │
│ sky130_fd_sc_hd__a2bb2o                                                                                                         │ 73                         │
│ sky130_fd_sc_hd__a311o                                                                                                          │ 17                         │
│ sky130_fd_sc_hd__a311oi                                                                                                         │ 5                          │
│ sky130_fd_sc_hd__a31o                                                                                                           │ 220                        │
│ sky130_fd_sc_hd__a31oi                                                                                                          │ 27                         │
│ sky130_fd_sc_hd__a32o                                                                                                           │ 168                        │
│ sky130_fd_sc_hd__a32oi                                                                                                          │ 4                          │
│ sky130_fd_sc_hd__a41o                                                                                                           │ 13                         │
│ sky130_fd_sc_hd__and2                                                                                                           │ 473                        │
│ sky130_fd_sc_hd__and2b                                                                                                          │ 218                        │
│ sky130_fd_sc_hd__and3                                                                                                           │ 560                        │
│ sky130_fd_sc_hd__and3b                                                                                                          │ 17                         │
│ sky130_fd_sc_hd__and4                                                                                                           │ 283                        │
│ sky130_fd_sc_hd__and4b                                                                                                          │ 36                         │
│ sky130_fd_sc_hd__and4bb                                                                                                         │ 31                         │
│ sky130_fd_sc_hd__buf                                                                                                            │ 1119                       │
│ sky130_fd_sc_hd__bufinv                                                                                                         │ 18                         │
│ sky130_fd_sc_hd__clkbuf                                                                                                         │ 387                        │
│ sky130_fd_sc_hd__clkdlybuf4s25                                                                                                  │ 85                         │
│ sky130_fd_sc_hd__clkinv                                                                                                         │ 30                         │
│ sky130_fd_sc_hd__decap                                                                                                          │ 54890                      │
│ sky130_fd_sc_hd__dfrtp                                                                                                          │ 1651                       │
│ sky130_fd_sc_hd__dfstp                                                                                                          │ 1                          │
│ sky130_fd_sc_hd__dfxtp                                                                                                          │ 128                        │
│ sky130_fd_sc_hd__diode                                                                                                          │ 191                        │
│ sky130_fd_sc_hd__fill                                                                                                           │ 16815                      │
│ sky130_fd_sc_hd__inv                                                                                                            │ 242                        │
│ sky130_fd_sc_hd__mux2                                                                                                           │ 1172                       │
│ sky130_fd_sc_hd__nand2                                                                                                          │ 951                        │
│ sky130_fd_sc_hd__nand2b                                                                                                         │ 8                          │
│ sky130_fd_sc_hd__nand3                                                                                                          │ 154                        │
│ sky130_fd_sc_hd__nand3b                                                                                                         │ 2                          │
│ sky130_fd_sc_hd__nand4                                                                                                          │ 58                         │
│ sky130_fd_sc_hd__nand4bb                                                                                                        │ 1                          │
│ sky130_fd_sc_hd__nor2                                                                                                           │ 914                        │
│ sky130_fd_sc_hd__nor2b                                                                                                          │ 6                          │
│ sky130_fd_sc_hd__nor3                                                                                                           │ 101                        │
│ sky130_fd_sc_hd__nor3b                                                                                                          │ 3                          │
│ sky130_fd_sc_hd__nor4                                                                                                           │ 4                          │
│ sky130_fd_sc_hd__nor4b                                                                                                          │ 8                          │
│ sky130_fd_sc_hd__o2111a                                                                                                         │ 13                         │
│ sky130_fd_sc_hd__o211a                                                                                                          │ 133                        │
│ sky130_fd_sc_hd__o211ai                                                                                                         │ 24                         │
│ sky130_fd_sc_hd__o21a                                                                                                           │ 304                        │
│ sky130_fd_sc_hd__o21ai                                                                                                          │ 181                        │
│ sky130_fd_sc_hd__o21ba                                                                                                          │ 111                        │
│ sky130_fd_sc_hd__o21bai                                                                                                         │ 44                         │
│ sky130_fd_sc_hd__o221a                                                                                                          │ 25                         │
│ sky130_fd_sc_hd__o221ai                                                                                                         │ 6                          │
│ sky130_fd_sc_hd__o22a                                                                                                           │ 55                         │
│ sky130_fd_sc_hd__o22ai                                                                                                          │ 3                          │
│ sky130_fd_sc_hd__o2bb2a                                                                                                         │ 64                         │
│ sky130_fd_sc_hd__o2bb2ai                                                                                                        │ 5                          │
│ sky130_fd_sc_hd__o311a                                                                                                          │ 16                         │
│ sky130_fd_sc_hd__o311ai                                                                                                         │ 1                          │
│ sky130_fd_sc_hd__o31a                                                                                                           │ 77                         │
│ sky130_fd_sc_hd__o31ai                                                                                                          │ 15                         │
│ sky130_fd_sc_hd__o32a                                                                                                           │ 39                         │
│ sky130_fd_sc_hd__o32ai                                                                                                          │ 5                          │
│ sky130_fd_sc_hd__o41a                                                                                                           │ 24                         │
│ sky130_fd_sc_hd__or2                                                                                                            │ 506                        │
│ sky130_fd_sc_hd__or2b                                                                                                           │ 155                        │
│ sky130_fd_sc_hd__or3                                                                                                            │ 126                        │
│ sky130_fd_sc_hd__or3b                                                                                                           │ 44                         │
│ sky130_fd_sc_hd__or4                                                                                                            │ 86                         │
│ sky130_fd_sc_hd__or4b                                                                                                           │ 13                         │
│ sky130_fd_sc_hd__or4bb                                                                                                          │ 4                          │
│ sky130_fd_sc_hd__tapvpwrvgnd                                                                                                    │ 6000                       │
│ sky130_fd_sc_hd__xnor2                                                                                                          │ 896                        │
│ sky130_fd_sc_hd__xor2                                                                                                           │ 381                        │
└─────────────────────────────────────────────────────────────────────────────────────────────────────────────────────────────────┴────────────────────────────┘
