Reading timing models for corner nom_tt_025C_1v80…
Reading timing library for the 'nom_tt_025C_1v80' corner at '/home/hassan/.ciel/ciel/sky130/versions/8afc8346a57fe1ab7934ba5a6056ea8b43078e71/sky130A/libs.ref/sky130_fd_sc_hd/lib/sky130_fd_sc_hd__tt_025C_1v80.lib'…
Reading OpenROAD database at '/home/hassan/risc_v_systolic_array/runs/RUN_2026-09-13_15-59-45/16-odb-setpowerconnections/soc_top.odb'…
Reading design constraints file at '/home/hassan/risc_v_systolic_array/src/impl.sdc'…
[INFO] Using clock clk…
[INFO] Setting output delay to: 4.0
[INFO] Setting input delay to: 4.0
[INFO] Setting load to: 0.033442
[INFO] Setting clock uncertainty to: 0.25
[INFO] Setting clock transition to: 0.1499999999999999944488848768742172978818416595458984375
[INFO] Setting timing derate to: 5.0%
[INFO] No information on clock propagation in input SDC file-- propagating all clocks.
+ cut_rows -halo_width_x 10.0 -halo_width_y 10.0 -endcap_master sky130_fd_sc_hd__decap_3
Setting global connections for newly added cells…
[INFO] Setting global connections...
[INFO ODB-0403] 0 connections made, 0 conflicts skipped.
Updating metrics…
Cell type report:                       Count       Area
  Buffer                                 1591    7220.68
  Inverter                                234     878.34
  Sequential cell                        1780   46129.24
  Multi-Input combinational cell        11520  113422.53
  Total                                 15125  167650.79
Writing OpenROAD database to '/home/hassan/risc_v_systolic_array/runs/RUN_2026-09-13_15-59-45/18-openroad-cutrows/soc_top.odb'…
Writing layout to '/home/hassan/risc_v_systolic_array/runs/RUN_2026-09-13_15-59-45/18-openroad-cutrows/soc_top.def'…
