+ analyze_power_grid -net VPWR -voltage_file /home/cl4/Desktop/training/RISC-V/asic/runs/RUN_2026-09-10_08-55-15/52-openroad-irdropreport/net-VPWR.csv
[INFO PSM-0040] All shapes on net VPWR are connected.
########## IR report #################
Net              : VPWR
Corner           : nom_tt_025C_1v80
Total power      : 3.97e-04 W
Supply voltage   : 1.80e+00 V
Worstcase voltage: 1.80e+00 V
Average voltage  : 1.80e+00 V
Average IR drop  : 7.67e-05 V
Worstcase IR drop: 3.96e-04 V
Percentage drop  : 0.02 %
######################################
+ analyze_power_grid -net VGND -voltage_file /home/cl4/Desktop/training/RISC-V/asic/runs/RUN_2026-09-10_08-55-15/52-openroad-irdropreport/net-VGND.csv
[INFO PSM-0040] All shapes on net VGND are connected.
########## IR report #################
Net              : VGND
Corner           : nom_tt_025C_1v80
Total power      : 3.97e-04 W
Supply voltage   : 0.00e+00 V
Worstcase voltage: 4.03e-04 V
Average voltage  : 7.15e-05 V
Average IR drop  : 7.15e-05 V
Worstcase IR drop: 4.03e-04 V
Percentage drop  : 0.02 %
######################################
