Clock: clk
Sources: clk 
Generated: no
Virtual: yes
Propagated: no
Period: 50.000000

===========================================================================
report_clock_properties
============================================================================
Clock                   Period          Waveform
----------------------------------------------------
clk                  50.000000    0.000000 25.000000

===========================================================================
report_clock_latency
============================================================================
Clock clk
rise -> rise
    min     max
0.000000 0.000000 source latency
0.429413         network latency _1135_/CLK
        0.487126 network latency _1053_/CLK
---------------
0.429413 0.487126 latency
        0.057714 skew

fall -> fall
    min     max
0.000000 0.000000 source latency
0.443420         network latency _1135_/CLK
        0.500739 network latency _1053_/CLK
---------------
0.443420 0.500739 latency
        0.057319 skew



===========================================================================
report_clock_min_period
============================================================================
clk period_min = 7.87 fmax = 127.02
