Clock: clk
Sources: clk 
Generated: no
Virtual: yes
Propagated: no
Period: 20.000000

===========================================================================
report_clock_properties
============================================================================
Clock                   Period          Waveform
----------------------------------------------------
clk                  20.000000    0.000000 10.000000

===========================================================================
report_clock_latency
============================================================================
Clock clk
rise -> rise
    min     max
0.000000 0.000000 source latency
1.546710         network latency _17704_/CLK
        2.316940 network latency _17071_/CLK
---------------
1.546710 2.316940 latency
        0.770230 skew

fall -> fall
    min     max
0.000000 0.000000 source latency
1.355863         network latency _17704_/CLK
        2.018619 network latency _17549_/CLK
---------------
1.355863 2.018619 latency
        0.662756 skew



===========================================================================
report_clock_min_period
============================================================================
clk period_min = 18.56 fmax = 53.89
