Reading timing models for corner nom_tt_025C_1v80…
Reading timing library for the 'nom_tt_025C_1v80' corner at '/home/cl4/.ciel/ciel/sky130/versions/8afc8346a57fe1ab7934ba5a6056ea8b43078e71/sky130A/libs.ref/sky130_fd_sc_hd/lib/sky130_fd_sc_hd__tt_025C_1v80.lib'…
Reading OpenROAD database at '/home/cl4/Desktop/training/RISC-V/asic/runs/RUN_2026-09-10_08-55-15/17-openroad-generatepdn/riscv_soc_top.odb'…
Reading design constraints file at '/nix/store/5jsqcdxd774ydqqjk8zkw3zk47dxbryb-python3-3.13.9-env/lib/python3.13/site-packages/librelane/scripts/base.sdc'…
[INFO] Using clock clk…
[INFO] Setting output delay to: 2
[INFO] Setting input delay to: 2
[INFO] Setting load to: 0.033442
[INFO] Setting clock uncertainty to: 0.25
[INFO] Setting clock transition to: 0.1499999999999999944488848768742172978818416595458984375
[INFO] Setting timing derate to: 5%
+ global_placement -density 0.75 -skip_io -pad_right 0 -pad_left 0 -init_wirelength_coef 0.25
[INFO GPL-0001] ---- Initialize GPL Main Data Structures
[INFO GPL-0002] DBU: 1000
[INFO GPL-0003] SiteSize: (  0.460  2.720 ) um
[INFO GPL-0004] CoreBBox: (  5.520 10.880 ) ( 74.520 78.880 ) um
[INFO GPL-0036] Movable instances area:       2383.536 um^2
[INFO GPL-0037] Total instances area:         2655.046 um^2
[INFO GPL-0035] Pin density area adjust:        57.747 um^2
[INFO GPL-0032] ---- Initialize Region: Top-level
[INFO GPL-0006] Number of instances:               276
[INFO GPL-0007] Movable instances:                 159
[INFO GPL-0008] Fixed instances:                   117
[INFO GPL-0009] Dummy instances:                     0
[INFO GPL-0010] Number of nets:                    276
[INFO GPL-0011] Number of pins:                    564
[INFO GPL-0012] Die BBox:  (  0.000  0.000 ) ( 80.085 90.805 ) um
[INFO GPL-0013] Core BBox: (  5.520 10.880 ) ( 74.520 78.880 ) um
[INFO GPL-0016] Core area:                    4692.000 um^2
[INFO GPL-0014] Region name: top-level.
[INFO GPL-0015] Region area:                  4692.000 um^2
[INFO GPL-0017] Fixed instances area:          271.510 um^2
[INFO GPL-0018] Movable instances area:       2441.283 um^2
[INFO GPL-0019] Utilization:                    55.227 %
[INFO GPL-0020] Standard cells area:          2441.283 um^2
[INFO GPL-0021] Large instances area:            0.000 um^2
[INFO GPL-0005] ---- Execute Conjugate Gradient Initial Placement.
[INFO GPL-0051] Source of initial instance position counters:
	Odb location = 0	Core center = 159	Region center = 0
[INFO GPL-0033] ---- Initialize Nesterov Region: Top-level
[INFO GPL-0023] Placement target density:       0.7500
[INFO GPL-0024] Movable insts average area:     15.354 um^2
[INFO GPL-0025] Ideal bin area:                 20.472 um^2
[INFO GPL-0026] Ideal bin count:                   229
[INFO GPL-0027] Total bin area:               4692.000 um^2
[INFO GPL-0028] Bin count (X, Y):           8 ,      8
[INFO GPL-0029] Bin size (W * H):       8.625 *  8.500 um
[INFO GPL-0030] Number of bins:                     64
[INFO GPL-0007] ---- Execute Nesterov Global Placement.
[INFO GPL-0031] HPWL: Half-Perimeter Wirelength
Iteration | Overflow |     HPWL (um) |  HPWL(%) |   Penalty | Group
---------------------------------------------------------------
        0 |   0.9118 |  4.795300e+02 |   +0.00% |  5.54e-14 |      
       10 |   0.9066 |  3.899230e+02 |  -18.69% |  9.03e-14 |      
       20 |   0.9055 |  3.871100e+02 |   -0.72% |  1.47e-13 |      
       30 |   0.9052 |  3.869910e+02 |   -0.03% |  2.40e-13 |      
       40 |   0.9055 |  3.871960e+02 |   +0.05% |  3.90e-13 |      
       50 |   0.9056 |  3.874180e+02 |   +0.06% |  6.36e-13 |      
       60 |   0.9054 |  3.877330e+02 |   +0.08% |  1.04e-12 |      
       70 |   0.9053 |  3.885140e+02 |   +0.20% |  1.69e-12 |      
       80 |   0.9052 |  3.898030e+02 |   +0.33% |  2.75e-12 |      
       90 |   0.9048 |  3.918270e+02 |   +0.52% |  4.48e-12 |      
      100 |   0.9042 |  3.933730e+02 |   +0.39% |  7.29e-12 |      
      110 |   0.9029 |  3.916960e+02 |   -0.43% |  1.19e-11 |      
      120 |   0.8991 |  3.942010e+02 |   +0.64% |  1.93e-11 |      
      130 |   0.8894 |  3.992110e+02 |   +1.27% |  3.15e-11 |      
      140 |   0.8738 |  4.084400e+02 |   +2.31% |  5.13e-11 |      
      150 |   0.8367 |  4.246390e+02 |   +3.97% |  8.36e-11 |      
      160 |   0.7992 |  4.573730e+02 |   +7.71% |  1.36e-10 |      
      170 |   0.7173 |  5.108290e+02 |  +11.69% |  2.22e-10 |      
      180 |   0.6948 |  5.661300e+02 |  +10.83% |  3.61e-10 |      
      190 |   0.6594 |  6.225830e+02 |   +9.97% |  5.89e-10 |      
      200 |   0.6160 |  6.341580e+02 |   +1.86% |  9.59e-10 |      
      210 |   0.5415 |  6.769430e+02 |   +6.75% |  1.56e-09 |      
      220 |   0.5155 |  7.194590e+02 |   +6.28% |  2.54e-09 |      
      230 |   0.4656 |  7.754530e+02 |   +7.78% |  4.14e-09 |      
      240 |   0.4262 |  8.045960e+02 |   +3.76% |  6.75e-09 |      
      250 |   0.3952 |  8.606420e+02 |   +6.97% |  1.10e-08 |      
      260 |   0.3542 |  8.949390e+02 |   +3.99% |  1.79e-08 |      
      270 |   0.3109 |  9.266750e+02 |   +3.55% |  2.69e-08 |      
      280 |   0.2812 |  9.522560e+02 |   +2.76% |  3.97e-08 |      
      290 |   0.2552 |  9.801550e+02 |   +2.93% |  5.84e-08 |      
      300 |   0.2276 |  1.007715e+03 |   +2.81% |  8.61e-08 |      
      310 |   0.2000 |  1.031082e+03 |   +2.32% |  1.27e-07 |      
      320 |   0.1719 |  1.058921e+03 |   +2.70% |  1.87e-07 |      
      330 |   0.1440 |  1.072121e+03 |   +1.25% |  2.75e-07 |      
      340 |   0.1164 |  1.077283e+03 |   +0.48% |  4.05e-07 |      
      347 |   0.0972 |  1.083954e+03 |          |  5.53e-07 |      
---------------------------------------------------------------
[INFO GPL-1001] Global placement finished at iteration 347
[INFO GPL-1002] Placed Cell Area             2441.2829
[INFO GPL-1003] Available Free Area          4420.4896
[INFO GPL-1004] Minimum Feasible Density        0.5600 (cell_area / free_area)
[INFO GPL-1006]   Suggested Target Densities:
[INFO GPL-1007]     - For 90% usage of free space: 0.6136
[INFO GPL-1008]     - For 80% usage of free space: 0.6903
[INFO GPL-1014] Final placement area: 2441.28 (+0.00%)
Setting global connections for newly added cells…
[INFO] Setting global connections...
[INFO ODB-0403] 0 connections made, 0 conflicts skipped.
Updating metrics…
Cell type report:                       Count       Area
  Fill cell                                50     187.68
  Tap cell                                 67      83.83
  Buffer                                    3      15.01
  Inverter                                  1       3.75
  Sequential cell                          41    1077.28
  Multi-Input combinational cell          114    1287.48
  Total                                   276    2655.05
Writing OpenROAD database to '/home/cl4/Desktop/training/RISC-V/asic/runs/RUN_2026-09-10_08-55-15/20-openroad-globalplacementskipio/riscv_soc_top.odb'…
Writing netlist to '/home/cl4/Desktop/training/RISC-V/asic/runs/RUN_2026-09-10_08-55-15/20-openroad-globalplacementskipio/riscv_soc_top.nl.v'…
Writing powered netlist to '/home/cl4/Desktop/training/RISC-V/asic/runs/RUN_2026-09-10_08-55-15/20-openroad-globalplacementskipio/riscv_soc_top.pnl.v'…
Writing layout to '/home/cl4/Desktop/training/RISC-V/asic/runs/RUN_2026-09-10_08-55-15/20-openroad-globalplacementskipio/riscv_soc_top.def'…
Writing timing constraints to '/home/cl4/Desktop/training/RISC-V/asic/runs/RUN_2026-09-10_08-55-15/20-openroad-globalplacementskipio/riscv_soc_top.sdc'…
