Clock: clk
Sources: clk 
Generated: no
Virtual: no
Propagated: no
Period: 20.000000

===========================================================================
report_clock_properties
============================================================================
Clock                   Period          Waveform
----------------------------------------------------
clk                  20.000000    0.000000 10.000000

===========================================================================
report_clock_latency
============================================================================
Clock clk
rise -> rise
    min     max
0.000000 0.000000 source latency
0.036008         network latency _26_/CLK
        0.039799 network latency _26_/CLK
---------------
0.036008 0.039799 latency
        0.003790 skew

fall -> fall
    min     max
0.000000 0.000000 source latency
0.015855         network latency _26_/CLK
        0.017524 network latency _26_/CLK
---------------
0.015855 0.017524 latency
        0.001669 skew



===========================================================================
report_clock_min_period
============================================================================
clk period_min = 1.21 fmax = 825.18
