
===========================================================================
report_checks -path_delay min (Hold)
============================================================================
======================= nom_tt_025C_1v80 Corner ===================================

Startpoint: _29_ (rising edge-triggered flip-flop clocked by clk)
Endpoint: _29_ (rising edge-triggered flip-flop clocked by clk)
Path Group: clk
Path Type: min

Fanout         Cap        Slew       Delay        Time   Description
---------------------------------------------------------------------------------------------
                                  0.000000    0.000000   clock clk (rise edge)
                                  0.000000    0.000000   clock source latency
     1    0.007013    0.038147    0.023141    0.023141 ^ clk (in)
                                                         clk (net)
                      0.038147    0.000000    0.023141 ^ clkbuf_0_clk/A (sky130_fd_sc_hd__clkbuf_8)
     2    0.009984    0.036440    0.108726    0.131867 ^ clkbuf_0_clk/X (sky130_fd_sc_hd__clkbuf_8)
                                                         clknet_0_clk (net)
                      0.036440    0.000020    0.131887 ^ clkbuf_1_0__f_clk/A (sky130_fd_sc_hd__clkbuf_8)
     3    0.007342    0.032747    0.104346    0.236233 ^ clkbuf_1_0__f_clk/X (sky130_fd_sc_hd__clkbuf_8)
                                                         clknet_1_0__leaf_clk (net)
                      0.032747    0.000002    0.236235 ^ _29_/CLK (sky130_fd_sc_hd__dfrtp_2)
     4    0.016841    0.100045    0.365797    0.602032 ^ _29_/Q (sky130_fd_sc_hd__dfrtp_2)
                                                         core1.pc[2] (net)
                      0.100045    0.000011    0.602044 ^ _18_/B1 (sky130_fd_sc_hd__a31oi_2)
     1    0.002570    0.034934    0.038838    0.640882 v _18_/Y (sky130_fd_sc_hd__a31oi_2)
                                                         _03_ (net)
                      0.034934    0.000007    0.640888 v _29_/D (sky130_fd_sc_hd__dfrtp_2)
                                              0.640888   data arrival time

                                  0.000000    0.000000   clock clk (rise edge)
                                  0.000000    0.000000   clock source latency
     1    0.007013    0.038147    0.025576    0.025576 ^ clk (in)
                                                         clk (net)
                      0.038147    0.000000    0.025576 ^ clkbuf_0_clk/A (sky130_fd_sc_hd__clkbuf_8)
     2    0.009984    0.036440    0.120171    0.145747 ^ clkbuf_0_clk/X (sky130_fd_sc_hd__clkbuf_8)
                                                         clknet_0_clk (net)
                      0.036440    0.000022    0.145770 ^ clkbuf_1_0__f_clk/A (sky130_fd_sc_hd__clkbuf_8)
     3    0.007342    0.032747    0.115330    0.261100 ^ clkbuf_1_0__f_clk/X (sky130_fd_sc_hd__clkbuf_8)
                                                         clknet_1_0__leaf_clk (net)
                      0.032747    0.000002    0.261102 ^ _29_/CLK (sky130_fd_sc_hd__dfrtp_2)
                                  0.250000    0.511102   clock uncertainty
                                 -0.024867    0.486235   clock reconvergence pessimism
                                 -0.040810    0.445425   library hold time
                                              0.445425   data required time
---------------------------------------------------------------------------------------------
                                              0.445425   data required time
                                             -0.640888   data arrival time
---------------------------------------------------------------------------------------------
                                              0.195463   slack (MET)


Startpoint: _26_ (rising edge-triggered flip-flop clocked by clk)
Endpoint: _26_ (rising edge-triggered flip-flop clocked by clk)
Path Group: clk
Path Type: min

Fanout         Cap        Slew       Delay        Time   Description
---------------------------------------------------------------------------------------------
                                  0.000000    0.000000   clock clk (rise edge)
                                  0.000000    0.000000   clock source latency
     1    0.007013    0.038147    0.023141    0.023141 ^ clk (in)
                                                         clk (net)
                      0.038147    0.000000    0.023141 ^ clkbuf_0_clk/A (sky130_fd_sc_hd__clkbuf_8)
     2    0.009984    0.036440    0.108726    0.131867 ^ clkbuf_0_clk/X (sky130_fd_sc_hd__clkbuf_8)
                                                         clknet_0_clk (net)
                      0.036440    0.000020    0.131887 ^ clkbuf_1_0__f_clk/A (sky130_fd_sc_hd__clkbuf_8)
     3    0.007342    0.032747    0.104346    0.236233 ^ clkbuf_1_0__f_clk/X (sky130_fd_sc_hd__clkbuf_8)
                                                         clknet_1_0__leaf_clk (net)
                      0.032747    0.000016    0.236249 ^ _26_/CLK (sky130_fd_sc_hd__dfrtp_2)
     4    0.020090    0.111059    0.376338    0.612588 ^ _26_/Q (sky130_fd_sc_hd__dfrtp_2)
                                                         core0.pc[2] (net)
                      0.111059    0.000085    0.612673 ^ _22_/B1 (sky130_fd_sc_hd__a31oi_2)
     1    0.002208    0.037123    0.039073    0.651746 v _22_/Y (sky130_fd_sc_hd__a31oi_2)
                                                         _00_ (net)
                      0.037123    0.000002    0.651748 v _26_/D (sky130_fd_sc_hd__dfrtp_2)
                                              0.651748   data arrival time

                                  0.000000    0.000000   clock clk (rise edge)
                                  0.000000    0.000000   clock source latency
     1    0.007013    0.038147    0.025576    0.025576 ^ clk (in)
                                                         clk (net)
                      0.038147    0.000000    0.025576 ^ clkbuf_0_clk/A (sky130_fd_sc_hd__clkbuf_8)
     2    0.009984    0.036440    0.120171    0.145747 ^ clkbuf_0_clk/X (sky130_fd_sc_hd__clkbuf_8)
                                                         clknet_0_clk (net)
                      0.036440    0.000022    0.145770 ^ clkbuf_1_0__f_clk/A (sky130_fd_sc_hd__clkbuf_8)
     3    0.007342    0.032747    0.115330    0.261100 ^ clkbuf_1_0__f_clk/X (sky130_fd_sc_hd__clkbuf_8)
                                                         clknet_1_0__leaf_clk (net)
                      0.032747    0.000018    0.261118 ^ _26_/CLK (sky130_fd_sc_hd__dfrtp_2)
                                  0.250000    0.511118   clock uncertainty
                                 -0.024868    0.486249   clock reconvergence pessimism
                                 -0.041701    0.444548   library hold time
                                              0.444548   data required time
---------------------------------------------------------------------------------------------
                                              0.444548   data required time
                                             -0.651748   data arrival time
---------------------------------------------------------------------------------------------
                                              0.207200   slack (MET)


Startpoint: _31_ (rising edge-triggered flip-flop clocked by clk)
Endpoint: _31_ (rising edge-triggered flip-flop clocked by clk)
Path Group: clk
Path Type: min

Fanout         Cap        Slew       Delay        Time   Description
---------------------------------------------------------------------------------------------
                                  0.000000    0.000000   clock clk (rise edge)
                                  0.000000    0.000000   clock source latency
     1    0.007013    0.038147    0.023141    0.023141 ^ clk (in)
                                                         clk (net)
                      0.038147    0.000000    0.023141 ^ clkbuf_0_clk/A (sky130_fd_sc_hd__clkbuf_8)
     2    0.009984    0.036440    0.108726    0.131867 ^ clkbuf_0_clk/X (sky130_fd_sc_hd__clkbuf_8)
                                                         clknet_0_clk (net)
                      0.036440    0.000020    0.131886 ^ clkbuf_1_1__f_clk/A (sky130_fd_sc_hd__clkbuf_8)
     3    0.006924    0.032164    0.103746    0.235632 ^ clkbuf_1_1__f_clk/X (sky130_fd_sc_hd__clkbuf_8)
                                                         clknet_1_1__leaf_clk (net)
                      0.032164    0.000013    0.235645 ^ _31_/CLK (sky130_fd_sc_hd__dfrtp_2)
     4    0.020323    0.112070    0.376891    0.612536 ^ _31_/Q (sky130_fd_sc_hd__dfrtp_2)
                                                         core1.pc[4] (net)
                      0.112070    0.000044    0.612580 ^ _21_/A (sky130_fd_sc_hd__xor2_2)
     1    0.002329    0.029168    0.068821    0.681401 v _21_/X (sky130_fd_sc_hd__xor2_2)
                                                         _05_ (net)
                      0.029168    0.000004    0.681405 v _31_/D (sky130_fd_sc_hd__dfrtp_2)
                                              0.681405   data arrival time

                                  0.000000    0.000000   clock clk (rise edge)
                                  0.000000    0.000000   clock source latency
     1    0.007013    0.038147    0.025576    0.025576 ^ clk (in)
                                                         clk (net)
                      0.038147    0.000000    0.025576 ^ clkbuf_0_clk/A (sky130_fd_sc_hd__clkbuf_8)
     2    0.009984    0.036440    0.120171    0.145747 ^ clkbuf_0_clk/X (sky130_fd_sc_hd__clkbuf_8)
                                                         clknet_0_clk (net)
                      0.036440    0.000022    0.145769 ^ clkbuf_1_1__f_clk/A (sky130_fd_sc_hd__clkbuf_8)
     3    0.006924    0.032164    0.114666    0.260435 ^ clkbuf_1_1__f_clk/X (sky130_fd_sc_hd__clkbuf_8)
                                                         clknet_1_1__leaf_clk (net)
                      0.032164    0.000015    0.260450 ^ _31_/CLK (sky130_fd_sc_hd__dfrtp_2)
                                  0.250000    0.510450   clock uncertainty
                                 -0.024805    0.485645   clock reconvergence pessimism
                                 -0.038595    0.447050   library hold time
                                              0.447050   data required time
---------------------------------------------------------------------------------------------
                                              0.447050   data required time
                                             -0.681405   data arrival time
---------------------------------------------------------------------------------------------
                                              0.234355   slack (MET)


Startpoint: _30_ (rising edge-triggered flip-flop clocked by clk)
Endpoint: _30_ (rising edge-triggered flip-flop clocked by clk)
Path Group: clk
Path Type: min

Fanout         Cap        Slew       Delay        Time   Description
---------------------------------------------------------------------------------------------
                                  0.000000    0.000000   clock clk (rise edge)
                                  0.000000    0.000000   clock source latency
     1    0.007013    0.038147    0.023141    0.023141 ^ clk (in)
                                                         clk (net)
                      0.038147    0.000000    0.023141 ^ clkbuf_0_clk/A (sky130_fd_sc_hd__clkbuf_8)
     2    0.009984    0.036440    0.108726    0.131867 ^ clkbuf_0_clk/X (sky130_fd_sc_hd__clkbuf_8)
                                                         clknet_0_clk (net)
                      0.036440    0.000020    0.131886 ^ clkbuf_1_1__f_clk/A (sky130_fd_sc_hd__clkbuf_8)
     3    0.006924    0.032164    0.103746    0.235632 ^ clkbuf_1_1__f_clk/X (sky130_fd_sc_hd__clkbuf_8)
                                                         clknet_1_1__leaf_clk (net)
                      0.032164    0.000025    0.235657 ^ _30_/CLK (sky130_fd_sc_hd__dfrtp_2)
     2    0.006759    0.056903    0.327799    0.563456 ^ _30_/Q (sky130_fd_sc_hd__dfrtp_2)
                                                         core1.pc[3] (net)
                      0.056903    0.000007    0.563463 ^ _13_/B (sky130_fd_sc_hd__nor2_2)
     3    0.012207    0.034657    0.048349    0.611812 v _13_/Y (sky130_fd_sc_hd__nor2_2)
                                                         _07_ (net)
                      0.034657    0.000028    0.611840 v _20_/A (sky130_fd_sc_hd__nor2_2)
     1    0.002279    0.056670    0.079265    0.691105 ^ _20_/Y (sky130_fd_sc_hd__nor2_2)
                                                         _04_ (net)
                      0.056670    0.000003    0.691108 ^ _30_/D (sky130_fd_sc_hd__dfrtp_2)
                                              0.691108   data arrival time

                                  0.000000    0.000000   clock clk (rise edge)
                                  0.000000    0.000000   clock source latency
     1    0.007013    0.038147    0.025576    0.025576 ^ clk (in)
                                                         clk (net)
                      0.038147    0.000000    0.025576 ^ clkbuf_0_clk/A (sky130_fd_sc_hd__clkbuf_8)
     2    0.009984    0.036440    0.120171    0.145747 ^ clkbuf_0_clk/X (sky130_fd_sc_hd__clkbuf_8)
                                                         clknet_0_clk (net)
                      0.036440    0.000022    0.145769 ^ clkbuf_1_1__f_clk/A (sky130_fd_sc_hd__clkbuf_8)
     3    0.006924    0.032164    0.114666    0.260435 ^ clkbuf_1_1__f_clk/X (sky130_fd_sc_hd__clkbuf_8)
                                                         clknet_1_1__leaf_clk (net)
                      0.032164    0.000028    0.260463 ^ _30_/CLK (sky130_fd_sc_hd__dfrtp_2)
                                  0.250000    0.510463   clock uncertainty
                                 -0.024806    0.485657   clock reconvergence pessimism
                                 -0.038852    0.446805   library hold time
                                              0.446805   data required time
---------------------------------------------------------------------------------------------
                                              0.446805   data required time
                                             -0.691108   data arrival time
---------------------------------------------------------------------------------------------
                                              0.244303   slack (MET)


Startpoint: _28_ (rising edge-triggered flip-flop clocked by clk)
Endpoint: _28_ (rising edge-triggered flip-flop clocked by clk)
Path Group: clk
Path Type: min

Fanout         Cap        Slew       Delay        Time   Description
---------------------------------------------------------------------------------------------
                                  0.000000    0.000000   clock clk (rise edge)
                                  0.000000    0.000000   clock source latency
     1    0.007013    0.038147    0.023141    0.023141 ^ clk (in)
                                                         clk (net)
                      0.038147    0.000000    0.023141 ^ clkbuf_0_clk/A (sky130_fd_sc_hd__clkbuf_8)
     2    0.009984    0.036440    0.108726    0.131867 ^ clkbuf_0_clk/X (sky130_fd_sc_hd__clkbuf_8)
                                                         clknet_0_clk (net)
                      0.036440    0.000020    0.131887 ^ clkbuf_1_0__f_clk/A (sky130_fd_sc_hd__clkbuf_8)
     3    0.007342    0.032747    0.104346    0.236233 ^ clkbuf_1_0__f_clk/X (sky130_fd_sc_hd__clkbuf_8)
                                                         clknet_1_0__leaf_clk (net)
                      0.032747    0.000009    0.236242 ^ _28_/CLK (sky130_fd_sc_hd__dfrtp_2)
     4    0.023125    0.124293    0.386190    0.622432 ^ _28_/Q (sky130_fd_sc_hd__dfrtp_2)
                                                         core0.pc[4] (net)
                      0.124293    0.000112    0.622544 ^ _25_/A (sky130_fd_sc_hd__xnor2_2)
     1    0.002147    0.027107    0.070603    0.693147 v _25_/Y (sky130_fd_sc_hd__xnor2_2)
                                                         _02_ (net)
                      0.027107    0.000003    0.693150 v _28_/D (sky130_fd_sc_hd__dfrtp_2)
                                              0.693150   data arrival time

                                  0.000000    0.000000   clock clk (rise edge)
                                  0.000000    0.000000   clock source latency
     1    0.007013    0.038147    0.025576    0.025576 ^ clk (in)
                                                         clk (net)
                      0.038147    0.000000    0.025576 ^ clkbuf_0_clk/A (sky130_fd_sc_hd__clkbuf_8)
     2    0.009984    0.036440    0.120171    0.145747 ^ clkbuf_0_clk/X (sky130_fd_sc_hd__clkbuf_8)
                                                         clknet_0_clk (net)
                      0.036440    0.000022    0.145770 ^ clkbuf_1_0__f_clk/A (sky130_fd_sc_hd__clkbuf_8)
     3    0.007342    0.032747    0.115330    0.261100 ^ clkbuf_1_0__f_clk/X (sky130_fd_sc_hd__clkbuf_8)
                                                         clknet_1_0__leaf_clk (net)
                      0.032747    0.000010    0.261110 ^ _28_/CLK (sky130_fd_sc_hd__dfrtp_2)
                                  0.250000    0.511110   clock uncertainty
                                 -0.024868    0.486243   clock reconvergence pessimism
                                 -0.037623    0.448620   library hold time
                                              0.448620   data required time
---------------------------------------------------------------------------------------------
                                              0.448620   data required time
                                             -0.693150   data arrival time
---------------------------------------------------------------------------------------------
                                              0.244530   slack (MET)


Startpoint: _27_ (rising edge-triggered flip-flop clocked by clk)
Endpoint: _27_ (rising edge-triggered flip-flop clocked by clk)
Path Group: clk
Path Type: min

Fanout         Cap        Slew       Delay        Time   Description
---------------------------------------------------------------------------------------------
                                  0.000000    0.000000   clock clk (rise edge)
                                  0.000000    0.000000   clock source latency
     1    0.007013    0.038147    0.023141    0.023141 ^ clk (in)
                                                         clk (net)
                      0.038147    0.000000    0.023141 ^ clkbuf_0_clk/A (sky130_fd_sc_hd__clkbuf_8)
     2    0.009984    0.036440    0.108726    0.131867 ^ clkbuf_0_clk/X (sky130_fd_sc_hd__clkbuf_8)
                                                         clknet_0_clk (net)
                      0.036440    0.000020    0.131886 ^ clkbuf_1_1__f_clk/A (sky130_fd_sc_hd__clkbuf_8)
     3    0.006924    0.032164    0.103746    0.235632 ^ clkbuf_1_1__f_clk/X (sky130_fd_sc_hd__clkbuf_8)
                                                         clknet_1_1__leaf_clk (net)
                      0.032164    0.000026    0.235658 ^ _27_/CLK (sky130_fd_sc_hd__dfrtp_2)
     2    0.009875    0.070161    0.340540    0.576197 ^ _27_/Q (sky130_fd_sc_hd__dfrtp_2)
                                                         core0.pc[3] (net)
                      0.070161    0.000019    0.576216 ^ _16_/B (sky130_fd_sc_hd__nor2_2)
     3    0.009129    0.032597    0.046603    0.622819 v _16_/Y (sky130_fd_sc_hd__nor2_2)
                                                         _08_ (net)
                      0.032597    0.000011    0.622830 v _24_/A_N (sky130_fd_sc_hd__and2b_2)
     1    0.002657    0.034864    0.181864    0.804694 ^ _24_/X (sky130_fd_sc_hd__and2b_2)
                                                         _01_ (net)
                      0.034864    0.000007    0.804701 ^ _27_/D (sky130_fd_sc_hd__dfrtp_2)
                                              0.804701   data arrival time

                                  0.000000    0.000000   clock clk (rise edge)
                                  0.000000    0.000000   clock source latency
     1    0.007013    0.038147    0.025576    0.025576 ^ clk (in)
                                                         clk (net)
                      0.038147    0.000000    0.025576 ^ clkbuf_0_clk/A (sky130_fd_sc_hd__clkbuf_8)
     2    0.009984    0.036440    0.120171    0.145747 ^ clkbuf_0_clk/X (sky130_fd_sc_hd__clkbuf_8)
                                                         clknet_0_clk (net)
                      0.036440    0.000022    0.145769 ^ clkbuf_1_1__f_clk/A (sky130_fd_sc_hd__clkbuf_8)
     3    0.006924    0.032164    0.114666    0.260435 ^ clkbuf_1_1__f_clk/X (sky130_fd_sc_hd__clkbuf_8)
                                                         clknet_1_1__leaf_clk (net)
                      0.032164    0.000028    0.260464 ^ _27_/CLK (sky130_fd_sc_hd__dfrtp_2)
                                  0.250000    0.510464   clock uncertainty
                                 -0.024806    0.485658   clock reconvergence pessimism
                                 -0.034328    0.451329   library hold time
                                              0.451329   data required time
---------------------------------------------------------------------------------------------
                                              0.451329   data required time
                                             -0.804701   data arrival time
---------------------------------------------------------------------------------------------
                                              0.353372   slack (MET)


Startpoint: rst (input port clocked by clk)
Endpoint: _29_ (removal check against rising-edge clock clk)
Path Group: asynchronous
Path Type: min

Fanout         Cap        Slew       Delay        Time   Description
---------------------------------------------------------------------------------------------
                                  0.000000    0.000000   clock clk (rise edge)
                                  0.000000    0.000000   clock network delay (propagated)
                                  4.000000    4.000000 ^ input external delay
     1    0.003406    0.022355    0.011795    4.011796 ^ rst (in)
                                                         rst (net)
                      0.022355    0.000000    4.011796 ^ input3/A (sky130_fd_sc_hd__clkdlybuf4s25_1)
     6    0.026670    0.272374    0.379658    4.391454 ^ input3/X (sky130_fd_sc_hd__clkdlybuf4s25_1)
                                                         net3 (net)
                      0.272374    0.000203    4.391656 ^ _29_/RESET_B (sky130_fd_sc_hd__dfrtp_2)
                                              4.391656   data arrival time

                                  0.000000    0.000000   clock clk (rise edge)
                                  0.000000    0.000000   clock source latency
     1    0.007013    0.038147    0.025576    0.025576 ^ clk (in)
                                                         clk (net)
                      0.038147    0.000000    0.025576 ^ clkbuf_0_clk/A (sky130_fd_sc_hd__clkbuf_8)
     2    0.009984    0.036440    0.120171    0.145747 ^ clkbuf_0_clk/X (sky130_fd_sc_hd__clkbuf_8)
                                                         clknet_0_clk (net)
                      0.036440    0.000022    0.145770 ^ clkbuf_1_0__f_clk/A (sky130_fd_sc_hd__clkbuf_8)
     3    0.007342    0.032747    0.115330    0.261100 ^ clkbuf_1_0__f_clk/X (sky130_fd_sc_hd__clkbuf_8)
                                                         clknet_1_0__leaf_clk (net)
                      0.032747    0.000002    0.261102 ^ _29_/CLK (sky130_fd_sc_hd__dfrtp_2)
                                  0.250000    0.511102   clock uncertainty
                                  0.000000    0.511102   clock reconvergence pessimism
                                  0.378881    0.889983   library removal time
                                              0.889983   data required time
---------------------------------------------------------------------------------------------
                                              0.889983   data required time
                                             -4.391656   data arrival time
---------------------------------------------------------------------------------------------
                                              3.501673   slack (MET)


Startpoint: rst (input port clocked by clk)
Endpoint: _28_ (removal check against rising-edge clock clk)
Path Group: asynchronous
Path Type: min

Fanout         Cap        Slew       Delay        Time   Description
---------------------------------------------------------------------------------------------
                                  0.000000    0.000000   clock clk (rise edge)
                                  0.000000    0.000000   clock network delay (propagated)
                                  4.000000    4.000000 ^ input external delay
     1    0.003406    0.022355    0.011795    4.011796 ^ rst (in)
                                                         rst (net)
                      0.022355    0.000000    4.011796 ^ input3/A (sky130_fd_sc_hd__clkdlybuf4s25_1)
     6    0.026670    0.272374    0.379658    4.391454 ^ input3/X (sky130_fd_sc_hd__clkdlybuf4s25_1)
                                                         net3 (net)
                      0.272374    0.000237    4.391690 ^ _28_/RESET_B (sky130_fd_sc_hd__dfrtp_2)
                                              4.391690   data arrival time

                                  0.000000    0.000000   clock clk (rise edge)
                                  0.000000    0.000000   clock source latency
     1    0.007013    0.038147    0.025576    0.025576 ^ clk (in)
                                                         clk (net)
                      0.038147    0.000000    0.025576 ^ clkbuf_0_clk/A (sky130_fd_sc_hd__clkbuf_8)
     2    0.009984    0.036440    0.120171    0.145747 ^ clkbuf_0_clk/X (sky130_fd_sc_hd__clkbuf_8)
                                                         clknet_0_clk (net)
                      0.036440    0.000022    0.145770 ^ clkbuf_1_0__f_clk/A (sky130_fd_sc_hd__clkbuf_8)
     3    0.007342    0.032747    0.115330    0.261100 ^ clkbuf_1_0__f_clk/X (sky130_fd_sc_hd__clkbuf_8)
                                                         clknet_1_0__leaf_clk (net)
                      0.032747    0.000010    0.261110 ^ _28_/CLK (sky130_fd_sc_hd__dfrtp_2)
                                  0.250000    0.511110   clock uncertainty
                                  0.000000    0.511110   clock reconvergence pessimism
                                  0.378881    0.889991   library removal time
                                              0.889991   data required time
---------------------------------------------------------------------------------------------
                                              0.889991   data required time
                                             -4.391690   data arrival time
---------------------------------------------------------------------------------------------
                                              3.501699   slack (MET)


Startpoint: rst (input port clocked by clk)
Endpoint: _26_ (removal check against rising-edge clock clk)
Path Group: asynchronous
Path Type: min

Fanout         Cap        Slew       Delay        Time   Description
---------------------------------------------------------------------------------------------
                                  0.000000    0.000000   clock clk (rise edge)
                                  0.000000    0.000000   clock network delay (propagated)
                                  4.000000    4.000000 ^ input external delay
     1    0.003406    0.022355    0.011795    4.011796 ^ rst (in)
                                                         rst (net)
                      0.022355    0.000000    4.011796 ^ input3/A (sky130_fd_sc_hd__clkdlybuf4s25_1)
     6    0.026670    0.272374    0.379658    4.391454 ^ input3/X (sky130_fd_sc_hd__clkdlybuf4s25_1)
                                                         net3 (net)
                      0.272374    0.000258    4.391712 ^ _26_/RESET_B (sky130_fd_sc_hd__dfrtp_2)
                                              4.391712   data arrival time

                                  0.000000    0.000000   clock clk (rise edge)
                                  0.000000    0.000000   clock source latency
     1    0.007013    0.038147    0.025576    0.025576 ^ clk (in)
                                                         clk (net)
                      0.038147    0.000000    0.025576 ^ clkbuf_0_clk/A (sky130_fd_sc_hd__clkbuf_8)
     2    0.009984    0.036440    0.120171    0.145747 ^ clkbuf_0_clk/X (sky130_fd_sc_hd__clkbuf_8)
                                                         clknet_0_clk (net)
                      0.036440    0.000022    0.145770 ^ clkbuf_1_0__f_clk/A (sky130_fd_sc_hd__clkbuf_8)
     3    0.007342    0.032747    0.115330    0.261100 ^ clkbuf_1_0__f_clk/X (sky130_fd_sc_hd__clkbuf_8)
                                                         clknet_1_0__leaf_clk (net)
                      0.032747    0.000018    0.261118 ^ _26_/CLK (sky130_fd_sc_hd__dfrtp_2)
                                  0.250000    0.511118   clock uncertainty
                                  0.000000    0.511118   clock reconvergence pessimism
                                  0.378881    0.889999   library removal time
                                              0.889999   data required time
---------------------------------------------------------------------------------------------
                                              0.889999   data required time
                                             -4.391712   data arrival time
---------------------------------------------------------------------------------------------
                                              3.501714   slack (MET)


Startpoint: rst (input port clocked by clk)
Endpoint: _30_ (removal check against rising-edge clock clk)
Path Group: asynchronous
Path Type: min

Fanout         Cap        Slew       Delay        Time   Description
---------------------------------------------------------------------------------------------
                                  0.000000    0.000000   clock clk (rise edge)
                                  0.000000    0.000000   clock network delay (propagated)
                                  4.000000    4.000000 ^ input external delay
     1    0.003406    0.022355    0.011795    4.011796 ^ rst (in)
                                                         rst (net)
                      0.022355    0.000000    4.011796 ^ input3/A (sky130_fd_sc_hd__clkdlybuf4s25_1)
     6    0.026670    0.272374    0.379658    4.391454 ^ input3/X (sky130_fd_sc_hd__clkdlybuf4s25_1)
                                                         net3 (net)
                      0.272374    0.000200    4.391654 ^ _30_/RESET_B (sky130_fd_sc_hd__dfrtp_2)
                                              4.391654   data arrival time

                                  0.000000    0.000000   clock clk (rise edge)
                                  0.000000    0.000000   clock source latency
     1    0.007013    0.038147    0.025576    0.025576 ^ clk (in)
                                                         clk (net)
                      0.038147    0.000000    0.025576 ^ clkbuf_0_clk/A (sky130_fd_sc_hd__clkbuf_8)
     2    0.009984    0.036440    0.120171    0.145747 ^ clkbuf_0_clk/X (sky130_fd_sc_hd__clkbuf_8)
                                                         clknet_0_clk (net)
                      0.036440    0.000022    0.145769 ^ clkbuf_1_1__f_clk/A (sky130_fd_sc_hd__clkbuf_8)
     3    0.006924    0.032164    0.114666    0.260435 ^ clkbuf_1_1__f_clk/X (sky130_fd_sc_hd__clkbuf_8)
                                                         clknet_1_1__leaf_clk (net)
                      0.032164    0.000028    0.260463 ^ _30_/CLK (sky130_fd_sc_hd__dfrtp_2)
                                  0.250000    0.510463   clock uncertainty
                                  0.000000    0.510463   clock reconvergence pessimism
                                  0.378721    0.889184   library removal time
                                              0.889184   data required time
---------------------------------------------------------------------------------------------
                                              0.889184   data required time
                                             -4.391654   data arrival time
---------------------------------------------------------------------------------------------
                                              3.502469   slack (MET)


Startpoint: rst (input port clocked by clk)
Endpoint: _31_ (removal check against rising-edge clock clk)
Path Group: asynchronous
Path Type: min

Fanout         Cap        Slew       Delay        Time   Description
---------------------------------------------------------------------------------------------
                                  0.000000    0.000000   clock clk (rise edge)
                                  0.000000    0.000000   clock network delay (propagated)
                                  4.000000    4.000000 ^ input external delay
     1    0.003406    0.022355    0.011795    4.011796 ^ rst (in)
                                                         rst (net)
                      0.022355    0.000000    4.011796 ^ input3/A (sky130_fd_sc_hd__clkdlybuf4s25_1)
     6    0.026670    0.272374    0.379658    4.391454 ^ input3/X (sky130_fd_sc_hd__clkdlybuf4s25_1)
                                                         net3 (net)
                      0.272374    0.000222    4.391676 ^ _31_/RESET_B (sky130_fd_sc_hd__dfrtp_2)
                                              4.391676   data arrival time

                                  0.000000    0.000000   clock clk (rise edge)
                                  0.000000    0.000000   clock source latency
     1    0.007013    0.038147    0.025576    0.025576 ^ clk (in)
                                                         clk (net)
                      0.038147    0.000000    0.025576 ^ clkbuf_0_clk/A (sky130_fd_sc_hd__clkbuf_8)
     2    0.009984    0.036440    0.120171    0.145747 ^ clkbuf_0_clk/X (sky130_fd_sc_hd__clkbuf_8)
                                                         clknet_0_clk (net)
                      0.036440    0.000022    0.145769 ^ clkbuf_1_1__f_clk/A (sky130_fd_sc_hd__clkbuf_8)
     3    0.006924    0.032164    0.114666    0.260435 ^ clkbuf_1_1__f_clk/X (sky130_fd_sc_hd__clkbuf_8)
                                                         clknet_1_1__leaf_clk (net)
                      0.032164    0.000015    0.260450 ^ _31_/CLK (sky130_fd_sc_hd__dfrtp_2)
                                  0.250000    0.510450   clock uncertainty
                                  0.000000    0.510450   clock reconvergence pessimism
                                  0.378721    0.889171   library removal time
                                              0.889171   data required time
---------------------------------------------------------------------------------------------
                                              0.889171   data required time
                                             -4.391676   data arrival time
---------------------------------------------------------------------------------------------
                                              3.502505   slack (MET)


Startpoint: rst (input port clocked by clk)
Endpoint: _27_ (removal check against rising-edge clock clk)
Path Group: asynchronous
Path Type: min

Fanout         Cap        Slew       Delay        Time   Description
---------------------------------------------------------------------------------------------
                                  0.000000    0.000000   clock clk (rise edge)
                                  0.000000    0.000000   clock network delay (propagated)
                                  4.000000    4.000000 ^ input external delay
     1    0.003406    0.022355    0.011795    4.011796 ^ rst (in)
                                                         rst (net)
                      0.022355    0.000000    4.011796 ^ input3/A (sky130_fd_sc_hd__clkdlybuf4s25_1)
     6    0.026670    0.272374    0.379658    4.391454 ^ input3/X (sky130_fd_sc_hd__clkdlybuf4s25_1)
                                                         net3 (net)
                      0.272374    0.000250    4.391704 ^ _27_/RESET_B (sky130_fd_sc_hd__dfrtp_2)
                                              4.391704   data arrival time

                                  0.000000    0.000000   clock clk (rise edge)
                                  0.000000    0.000000   clock source latency
     1    0.007013    0.038147    0.025576    0.025576 ^ clk (in)
                                                         clk (net)
                      0.038147    0.000000    0.025576 ^ clkbuf_0_clk/A (sky130_fd_sc_hd__clkbuf_8)
     2    0.009984    0.036440    0.120171    0.145747 ^ clkbuf_0_clk/X (sky130_fd_sc_hd__clkbuf_8)
                                                         clknet_0_clk (net)
                      0.036440    0.000022    0.145769 ^ clkbuf_1_1__f_clk/A (sky130_fd_sc_hd__clkbuf_8)
     3    0.006924    0.032164    0.114666    0.260435 ^ clkbuf_1_1__f_clk/X (sky130_fd_sc_hd__clkbuf_8)
                                                         clknet_1_1__leaf_clk (net)
                      0.032164    0.000028    0.260464 ^ _27_/CLK (sky130_fd_sc_hd__dfrtp_2)
                                  0.250000    0.510464   clock uncertainty
                                  0.000000    0.510464   clock reconvergence pessimism
                                  0.378721    0.889185   library removal time
                                              0.889185   data required time
---------------------------------------------------------------------------------------------
                                              0.889185   data required time
                                             -4.391704   data arrival time
---------------------------------------------------------------------------------------------
                                              3.502519   slack (MET)


Startpoint: _29_ (rising edge-triggered flip-flop clocked by clk)
Endpoint: result1[2] (output port clocked by clk)
Path Group: clk
Path Type: min

Fanout         Cap        Slew       Delay        Time   Description
---------------------------------------------------------------------------------------------
                                  0.000000    0.000000   clock clk (rise edge)
                                  0.000000    0.000000   clock source latency
     1    0.007013    0.038147    0.023141    0.023141 ^ clk (in)
                                                         clk (net)
                      0.038147    0.000000    0.023141 ^ clkbuf_0_clk/A (sky130_fd_sc_hd__clkbuf_8)
     2    0.009984    0.036440    0.108726    0.131867 ^ clkbuf_0_clk/X (sky130_fd_sc_hd__clkbuf_8)
                                                         clknet_0_clk (net)
                      0.036440    0.000020    0.131887 ^ clkbuf_1_0__f_clk/A (sky130_fd_sc_hd__clkbuf_8)
     3    0.007342    0.032747    0.104346    0.236233 ^ clkbuf_1_0__f_clk/X (sky130_fd_sc_hd__clkbuf_8)
                                                         clknet_1_0__leaf_clk (net)
                      0.032747    0.000002    0.236235 ^ _29_/CLK (sky130_fd_sc_hd__dfrtp_2)
     4    0.016841    0.100045    0.365797    0.602032 ^ _29_/Q (sky130_fd_sc_hd__dfrtp_2)
                                                         core1.pc[2] (net)
                      0.100045    0.000012    0.602044 ^ _12_/A (sky130_fd_sc_hd__nor2_2)
     2    0.005232    0.020401    0.050907    0.652952 v _12_/Y (sky130_fd_sc_hd__nor2_2)
                                                         net7 (net)
                      0.020401    0.000019    0.652971 v output7/A (sky130_fd_sc_hd__clkdlybuf4s25_1)
     1    0.034844    0.259149    0.386843    1.039814 v output7/X (sky130_fd_sc_hd__clkdlybuf4s25_1)
                                                         result1[2] (net)
                      0.259149    0.000277    1.040090 v result1[2] (out)
                                              1.040090   data arrival time

                                  0.000000    0.000000   clock clk (rise edge)
                                  0.000000    0.000000   clock network delay (propagated)
                                  0.250000    0.250000   clock uncertainty
                                  0.000000    0.250000   clock reconvergence pessimism
                                 -4.000000   -3.750000   output external delay
                                             -3.750000   data required time
---------------------------------------------------------------------------------------------
                                             -3.750000   data required time
                                             -1.040090   data arrival time
---------------------------------------------------------------------------------------------
                                              4.790090   slack (MET)


Startpoint: _26_ (rising edge-triggered flip-flop clocked by clk)
Endpoint: result0[2] (output port clocked by clk)
Path Group: clk
Path Type: min

Fanout         Cap        Slew       Delay        Time   Description
---------------------------------------------------------------------------------------------
                                  0.000000    0.000000   clock clk (rise edge)
                                  0.000000    0.000000   clock source latency
     1    0.007013    0.038147    0.023141    0.023141 ^ clk (in)
                                                         clk (net)
                      0.038147    0.000000    0.023141 ^ clkbuf_0_clk/A (sky130_fd_sc_hd__clkbuf_8)
     2    0.009984    0.036440    0.108726    0.131867 ^ clkbuf_0_clk/X (sky130_fd_sc_hd__clkbuf_8)
                                                         clknet_0_clk (net)
                      0.036440    0.000020    0.131887 ^ clkbuf_1_0__f_clk/A (sky130_fd_sc_hd__clkbuf_8)
     3    0.007342    0.032747    0.104346    0.236233 ^ clkbuf_1_0__f_clk/X (sky130_fd_sc_hd__clkbuf_8)
                                                         clknet_1_0__leaf_clk (net)
                      0.032747    0.000016    0.236249 ^ _26_/CLK (sky130_fd_sc_hd__dfrtp_2)
     4    0.020090    0.111059    0.376338    0.612588 ^ _26_/Q (sky130_fd_sc_hd__dfrtp_2)
                                                         core0.pc[2] (net)
                      0.111059    0.000090    0.612677 ^ _15_/A (sky130_fd_sc_hd__nor3b_2)
     2    0.005335    0.039768    0.059483    0.672160 v _15_/Y (sky130_fd_sc_hd__nor3b_2)
                                                         net5 (net)
                      0.039768    0.000015    0.672175 v output5/A (sky130_fd_sc_hd__clkdlybuf4s25_1)
     1    0.034923    0.259832    0.395068    1.067243 v output5/X (sky130_fd_sc_hd__clkdlybuf4s25_1)
                                                         result0[2] (net)
                      0.259832    0.000288    1.067531 v result0[2] (out)
                                              1.067531   data arrival time

                                  0.000000    0.000000   clock clk (rise edge)
                                  0.000000    0.000000   clock network delay (propagated)
                                  0.250000    0.250000   clock uncertainty
                                  0.000000    0.250000   clock reconvergence pessimism
                                 -4.000000   -3.750000   output external delay
                                             -3.750000   data required time
---------------------------------------------------------------------------------------------
                                             -3.750000   data required time
                                             -1.067531   data arrival time
---------------------------------------------------------------------------------------------
                                              4.817531   slack (MET)


Startpoint: _31_ (rising edge-triggered flip-flop clocked by clk)
Endpoint: result1[0] (output port clocked by clk)
Path Group: clk
Path Type: min

Fanout         Cap        Slew       Delay        Time   Description
---------------------------------------------------------------------------------------------
                                  0.000000    0.000000   clock clk (rise edge)
                                  0.000000    0.000000   clock source latency
     1    0.007013    0.038147    0.023141    0.023141 ^ clk (in)
                                                         clk (net)
                      0.038147    0.000000    0.023141 ^ clkbuf_0_clk/A (sky130_fd_sc_hd__clkbuf_8)
     2    0.009984    0.036440    0.108726    0.131867 ^ clkbuf_0_clk/X (sky130_fd_sc_hd__clkbuf_8)
                                                         clknet_0_clk (net)
                      0.036440    0.000020    0.131886 ^ clkbuf_1_1__f_clk/A (sky130_fd_sc_hd__clkbuf_8)
     3    0.006924    0.032164    0.103746    0.235632 ^ clkbuf_1_1__f_clk/X (sky130_fd_sc_hd__clkbuf_8)
                                                         clknet_1_1__leaf_clk (net)
                      0.032164    0.000013    0.235645 ^ _31_/CLK (sky130_fd_sc_hd__dfrtp_2)
     4    0.020323    0.112070    0.376891    0.612536 ^ _31_/Q (sky130_fd_sc_hd__dfrtp_2)
                                                         core1.pc[4] (net)
                      0.112070    0.000117    0.612653 ^ _14_/A2 (sky130_fd_sc_hd__a31o_2)
     1    0.002579    0.031876    0.148675    0.761328 ^ _14_/X (sky130_fd_sc_hd__a31o_2)
                                                         net6 (net)
                      0.031876    0.000004    0.761332 ^ output6/A (sky130_fd_sc_hd__clkdlybuf4s25_1)
     1    0.034765    0.351096    0.435424    1.196756 ^ output6/X (sky130_fd_sc_hd__clkdlybuf4s25_1)
                                                         result1[0] (net)
                      0.351096    0.000266    1.197022 ^ result1[0] (out)
                                              1.197022   data arrival time

                                  0.000000    0.000000   clock clk (rise edge)
                                  0.000000    0.000000   clock network delay (propagated)
                                  0.250000    0.250000   clock uncertainty
                                  0.000000    0.250000   clock reconvergence pessimism
                                 -4.000000   -3.750000   output external delay
                                             -3.750000   data required time
---------------------------------------------------------------------------------------------
                                             -3.750000   data required time
                                             -1.197022   data arrival time
---------------------------------------------------------------------------------------------
                                              4.947021   slack (MET)


Startpoint: _28_ (rising edge-triggered flip-flop clocked by clk)
Endpoint: result0[0] (output port clocked by clk)
Path Group: clk
Path Type: min

Fanout         Cap        Slew       Delay        Time   Description
---------------------------------------------------------------------------------------------
                                  0.000000    0.000000   clock clk (rise edge)
                                  0.000000    0.000000   clock source latency
     1    0.007013    0.038147    0.023141    0.023141 ^ clk (in)
                                                         clk (net)
                      0.038147    0.000000    0.023141 ^ clkbuf_0_clk/A (sky130_fd_sc_hd__clkbuf_8)
     2    0.009984    0.036440    0.108726    0.131867 ^ clkbuf_0_clk/X (sky130_fd_sc_hd__clkbuf_8)
                                                         clknet_0_clk (net)
                      0.036440    0.000020    0.131887 ^ clkbuf_1_0__f_clk/A (sky130_fd_sc_hd__clkbuf_8)
     3    0.007342    0.032747    0.104346    0.236233 ^ clkbuf_1_0__f_clk/X (sky130_fd_sc_hd__clkbuf_8)
                                                         clknet_1_0__leaf_clk (net)
                      0.032747    0.000009    0.236242 ^ _28_/CLK (sky130_fd_sc_hd__dfrtp_2)
     4    0.023125    0.124293    0.386190    0.622432 ^ _28_/Q (sky130_fd_sc_hd__dfrtp_2)
                                                         core0.pc[4] (net)
                      0.124293    0.000158    0.622591 ^ _17_/A2 (sky130_fd_sc_hd__a31o_2)
     1    0.003420    0.036684    0.156544    0.779135 ^ _17_/X (sky130_fd_sc_hd__a31o_2)
                                                         net4 (net)
                      0.036684    0.000019    0.779153 ^ output4/A (sky130_fd_sc_hd__clkdlybuf4s25_1)
     1    0.035005    0.353321    0.438561    1.217714 ^ output4/X (sky130_fd_sc_hd__clkdlybuf4s25_1)
                                                         result0[0] (net)
                      0.353321    0.000315    1.218029 ^ result0[0] (out)
                                              1.218029   data arrival time

                                  0.000000    0.000000   clock clk (rise edge)
                                  0.000000    0.000000   clock network delay (propagated)
                                  0.250000    0.250000   clock uncertainty
                                  0.000000    0.250000   clock reconvergence pessimism
                                 -4.000000   -3.750000   output external delay
                                             -3.750000   data required time
---------------------------------------------------------------------------------------------
                                             -3.750000   data required time
                                             -1.218029   data arrival time
---------------------------------------------------------------------------------------------
                                              4.968029   slack (MET)



