
Cell sky130_fd_sc_hd__decap_3 (0) disconnected node: VGND
Cell sky130_fd_sc_hd__decap_3 (0) disconnected node: VNB
Cell sky130_fd_sc_hd__decap_3 (0) disconnected node: VPB
Cell sky130_fd_sc_hd__decap_3 (0) disconnected node: VPWR

Subcircuit pins:
Circuit 1: sky130_fd_sc_hd__decap_3        |Circuit 2: sky130_fd_sc_hd__decap_3        
-------------------------------------------|-------------------------------------------
VGND                                       |VGND                                       
VNB                                        |VNB                                        
VPB                                        |VPB                                        
VPWR                                       |VPWR                                       
---------------------------------------------------------------------------------------
Cell pin lists are equivalent.
Device classes sky130_fd_sc_hd__decap_3 and sky130_fd_sc_hd__decap_3 are equivalent.

Cell sky130_fd_sc_hd__dfrtp_2 (0) disconnected node: CLK
Cell sky130_fd_sc_hd__dfrtp_2 (0) disconnected node: D
Cell sky130_fd_sc_hd__dfrtp_2 (0) disconnected node: RESET_B
Cell sky130_fd_sc_hd__dfrtp_2 (0) disconnected node: VGND
Cell sky130_fd_sc_hd__dfrtp_2 (0) disconnected node: VNB
Cell sky130_fd_sc_hd__dfrtp_2 (0) disconnected node: VPB
Cell sky130_fd_sc_hd__dfrtp_2 (0) disconnected node: VPWR
Cell sky130_fd_sc_hd__dfrtp_2 (0) disconnected node: Q

Subcircuit pins:
Circuit 1: sky130_fd_sc_hd__dfrtp_2        |Circuit 2: sky130_fd_sc_hd__dfrtp_2        
-------------------------------------------|-------------------------------------------
CLK                                        |CLK                                        
D                                          |D                                          
RESET_B                                    |RESET_B                                    
VGND                                       |VGND                                       
VNB                                        |VNB                                        
VPB                                        |VPB                                        
VPWR                                       |VPWR                                       
Q                                          |Q                                          
---------------------------------------------------------------------------------------
Cell pin lists are equivalent.
Device classes sky130_fd_sc_hd__dfrtp_2 and sky130_fd_sc_hd__dfrtp_2 are equivalent.

Cell sky130_fd_sc_hd__and4_2 (0) disconnected node: A
Cell sky130_fd_sc_hd__and4_2 (0) disconnected node: B
Cell sky130_fd_sc_hd__and4_2 (0) disconnected node: C
Cell sky130_fd_sc_hd__and4_2 (0) disconnected node: D
Cell sky130_fd_sc_hd__and4_2 (0) disconnected node: VGND
Cell sky130_fd_sc_hd__and4_2 (0) disconnected node: VNB
Cell sky130_fd_sc_hd__and4_2 (0) disconnected node: VPB
Cell sky130_fd_sc_hd__and4_2 (0) disconnected node: VPWR
Cell sky130_fd_sc_hd__and4_2 (0) disconnected node: X

Subcircuit pins:
Circuit 1: sky130_fd_sc_hd__and4_2         |Circuit 2: sky130_fd_sc_hd__and4_2         
-------------------------------------------|-------------------------------------------
A                                          |A                                          
B                                          |B                                          
C                                          |C                                          
D                                          |D                                          
VGND                                       |VGND                                       
VNB                                        |VNB                                        
VPB                                        |VPB                                        
VPWR                                       |VPWR                                       
X                                          |X                                          
---------------------------------------------------------------------------------------
Cell pin lists are equivalent.
Device classes sky130_fd_sc_hd__and4_2 and sky130_fd_sc_hd__and4_2 are equivalent.

Cell sky130_fd_sc_hd__fill_1 (0) disconnected node: VGND
Cell sky130_fd_sc_hd__fill_1 (0) disconnected node: VNB
Cell sky130_fd_sc_hd__fill_1 (0) disconnected node: VPB
Cell sky130_fd_sc_hd__fill_1 (0) disconnected node: VPWR
Cell sky130_fd_sc_hd__fill_1 (1) disconnected node: VGND
Cell sky130_fd_sc_hd__fill_1 (1) disconnected node: VNB
Cell sky130_fd_sc_hd__fill_1 (1) disconnected node: VPB
Cell sky130_fd_sc_hd__fill_1 (1) disconnected node: VPWR

Subcircuit pins:
Circuit 1: sky130_fd_sc_hd__fill_1         |Circuit 2: sky130_fd_sc_hd__fill_1         
-------------------------------------------|-------------------------------------------
VGND                                       |VGND                                       
VNB                                        |VNB                                        
VPB                                        |VPB                                        
VPWR                                       |VPWR                                       
---------------------------------------------------------------------------------------
Cell pin lists are equivalent.
Device classes sky130_fd_sc_hd__fill_1 and sky130_fd_sc_hd__fill_1 are equivalent.

Cell sky130_fd_sc_hd__tapvpwrvgnd_1 (0) disconnected node: VGND
Cell sky130_fd_sc_hd__tapvpwrvgnd_1 (0) disconnected node: VPWR
Cell sky130_fd_sc_hd__tapvpwrvgnd_1 (1) disconnected node: VGND
Cell sky130_fd_sc_hd__tapvpwrvgnd_1 (1) disconnected node: VPWR

Subcircuit pins:
Circuit 1: sky130_fd_sc_hd__tapvpwrvgnd_1  |Circuit 2: sky130_fd_sc_hd__tapvpwrvgnd_1  
-------------------------------------------|-------------------------------------------
VGND                                       |VGND                                       
VPWR                                       |VPWR                                       
---------------------------------------------------------------------------------------
Cell pin lists are equivalent.
Device classes sky130_fd_sc_hd__tapvpwrvgnd_1 and sky130_fd_sc_hd__tapvpwrvgnd_1 are equivalent.

Cell sky130_fd_sc_hd__dlygate4sd3_1 (0) disconnected node: A
Cell sky130_fd_sc_hd__dlygate4sd3_1 (0) disconnected node: VGND
Cell sky130_fd_sc_hd__dlygate4sd3_1 (0) disconnected node: VNB
Cell sky130_fd_sc_hd__dlygate4sd3_1 (0) disconnected node: VPB
Cell sky130_fd_sc_hd__dlygate4sd3_1 (0) disconnected node: VPWR
Cell sky130_fd_sc_hd__dlygate4sd3_1 (0) disconnected node: X

Subcircuit pins:
Circuit 1: sky130_fd_sc_hd__dlygate4sd3_1  |Circuit 2: sky130_fd_sc_hd__dlygate4sd3_1  
-------------------------------------------|-------------------------------------------
A                                          |A                                          
VGND                                       |VGND                                       
VNB                                        |VNB                                        
VPB                                        |VPB                                        
VPWR                                       |VPWR                                       
X                                          |X                                          
---------------------------------------------------------------------------------------
Cell pin lists are equivalent.
Device classes sky130_fd_sc_hd__dlygate4sd3_1 and sky130_fd_sc_hd__dlygate4sd3_1 are equivalent.

Cell sky130_fd_sc_hd__clkdlybuf4s25_1 (0) disconnected node: A
Cell sky130_fd_sc_hd__clkdlybuf4s25_1 (0) disconnected node: VGND
Cell sky130_fd_sc_hd__clkdlybuf4s25_1 (0) disconnected node: VNB
Cell sky130_fd_sc_hd__clkdlybuf4s25_1 (0) disconnected node: VPB
Cell sky130_fd_sc_hd__clkdlybuf4s25_1 (0) disconnected node: VPWR
Cell sky130_fd_sc_hd__clkdlybuf4s25_1 (0) disconnected node: X

Subcircuit pins:
Circuit 1: sky130_fd_sc_hd__clkdlybuf4s25_ |Circuit 2: sky130_fd_sc_hd__clkdlybuf4s25_ 
-------------------------------------------|-------------------------------------------
A                                          |A                                          
VGND                                       |VGND                                       
VNB                                        |VNB                                        
VPB                                        |VPB                                        
VPWR                                       |VPWR                                       
X                                          |X                                          
---------------------------------------------------------------------------------------
Cell pin lists are equivalent.
Device classes sky130_fd_sc_hd__clkdlybuf4s25_1 and sky130_fd_sc_hd__clkdlybuf4s25_1 are equivalent.

Cell sky130_fd_sc_hd__o21a_2 (0) disconnected node: A1
Cell sky130_fd_sc_hd__o21a_2 (0) disconnected node: A2
Cell sky130_fd_sc_hd__o21a_2 (0) disconnected node: B1
Cell sky130_fd_sc_hd__o21a_2 (0) disconnected node: VGND
Cell sky130_fd_sc_hd__o21a_2 (0) disconnected node: VNB
Cell sky130_fd_sc_hd__o21a_2 (0) disconnected node: VPB
Cell sky130_fd_sc_hd__o21a_2 (0) disconnected node: VPWR
Cell sky130_fd_sc_hd__o21a_2 (0) disconnected node: X

Subcircuit pins:
Circuit 1: sky130_fd_sc_hd__o21a_2         |Circuit 2: sky130_fd_sc_hd__o21a_2         
-------------------------------------------|-------------------------------------------
A1                                         |A1                                         
A2                                         |A2                                         
B1                                         |B1                                         
VGND                                       |VGND                                       
VNB                                        |VNB                                        
VPB                                        |VPB                                        
VPWR                                       |VPWR                                       
X                                          |X                                          
---------------------------------------------------------------------------------------
Cell pin lists are equivalent.
Device classes sky130_fd_sc_hd__o21a_2 and sky130_fd_sc_hd__o21a_2 are equivalent.

Cell sky130_fd_sc_hd__conb_1 (0) disconnected node: VGND
Cell sky130_fd_sc_hd__conb_1 (0) disconnected node: VNB
Cell sky130_fd_sc_hd__conb_1 (0) disconnected node: VPB
Cell sky130_fd_sc_hd__conb_1 (0) disconnected node: VPWR
Cell sky130_fd_sc_hd__conb_1 (0) disconnected node: HI
Cell sky130_fd_sc_hd__conb_1 (0) disconnected node: LO
Cell sky130_fd_sc_hd__conb_1 (1) disconnected node: VNB
Cell sky130_fd_sc_hd__conb_1 (1) disconnected node: VPB

Subcircuit pins:
Circuit 1: sky130_fd_sc_hd__conb_1         |Circuit 2: sky130_fd_sc_hd__conb_1         
-------------------------------------------|-------------------------------------------
VGND                                       |VGND                                       
VNB                                        |VNB                                        
VPB                                        |VPB                                        
VPWR                                       |VPWR                                       
HI                                         |HI                                         
LO                                         |LO                                         
---------------------------------------------------------------------------------------
Cell pin lists are equivalent.
Device classes sky130_fd_sc_hd__conb_1 and sky130_fd_sc_hd__conb_1 are equivalent.

Cell sky130_fd_sc_hd__xnor2_2 (0) disconnected node: A
Cell sky130_fd_sc_hd__xnor2_2 (0) disconnected node: B
Cell sky130_fd_sc_hd__xnor2_2 (0) disconnected node: VGND
Cell sky130_fd_sc_hd__xnor2_2 (0) disconnected node: VNB
Cell sky130_fd_sc_hd__xnor2_2 (0) disconnected node: VPB
Cell sky130_fd_sc_hd__xnor2_2 (0) disconnected node: VPWR
Cell sky130_fd_sc_hd__xnor2_2 (0) disconnected node: Y

Subcircuit pins:
Circuit 1: sky130_fd_sc_hd__xnor2_2        |Circuit 2: sky130_fd_sc_hd__xnor2_2        
-------------------------------------------|-------------------------------------------
A                                          |A                                          
B                                          |B                                          
VGND                                       |VGND                                       
VNB                                        |VNB                                        
VPB                                        |VPB                                        
VPWR                                       |VPWR                                       
Y                                          |Y                                          
---------------------------------------------------------------------------------------
Cell pin lists are equivalent.
Device classes sky130_fd_sc_hd__xnor2_2 and sky130_fd_sc_hd__xnor2_2 are equivalent.

Cell sky130_fd_sc_hd__fill_2 (0) disconnected node: VGND
Cell sky130_fd_sc_hd__fill_2 (0) disconnected node: VNB
Cell sky130_fd_sc_hd__fill_2 (0) disconnected node: VPB
Cell sky130_fd_sc_hd__fill_2 (0) disconnected node: VPWR
Cell sky130_fd_sc_hd__fill_2 (1) disconnected node: VGND
Cell sky130_fd_sc_hd__fill_2 (1) disconnected node: VNB
Cell sky130_fd_sc_hd__fill_2 (1) disconnected node: VPB
Cell sky130_fd_sc_hd__fill_2 (1) disconnected node: VPWR

Subcircuit pins:
Circuit 1: sky130_fd_sc_hd__fill_2         |Circuit 2: sky130_fd_sc_hd__fill_2         
-------------------------------------------|-------------------------------------------
VGND                                       |VGND                                       
VNB                                        |VNB                                        
VPB                                        |VPB                                        
VPWR                                       |VPWR                                       
---------------------------------------------------------------------------------------
Cell pin lists are equivalent.
Device classes sky130_fd_sc_hd__fill_2 and sky130_fd_sc_hd__fill_2 are equivalent.

Cell sky130_fd_sc_hd__and2_2 (0) disconnected node: A
Cell sky130_fd_sc_hd__and2_2 (0) disconnected node: B
Cell sky130_fd_sc_hd__and2_2 (0) disconnected node: VGND
Cell sky130_fd_sc_hd__and2_2 (0) disconnected node: VNB
Cell sky130_fd_sc_hd__and2_2 (0) disconnected node: VPB
Cell sky130_fd_sc_hd__and2_2 (0) disconnected node: VPWR
Cell sky130_fd_sc_hd__and2_2 (0) disconnected node: X

Subcircuit pins:
Circuit 1: sky130_fd_sc_hd__and2_2         |Circuit 2: sky130_fd_sc_hd__and2_2         
-------------------------------------------|-------------------------------------------
A                                          |A                                          
B                                          |B                                          
VGND                                       |VGND                                       
VNB                                        |VNB                                        
VPB                                        |VPB                                        
VPWR                                       |VPWR                                       
X                                          |X                                          
---------------------------------------------------------------------------------------
Cell pin lists are equivalent.
Device classes sky130_fd_sc_hd__and2_2 and sky130_fd_sc_hd__and2_2 are equivalent.

Cell sky130_fd_sc_hd__or2_2 (0) disconnected node: A
Cell sky130_fd_sc_hd__or2_2 (0) disconnected node: B
Cell sky130_fd_sc_hd__or2_2 (0) disconnected node: VGND
Cell sky130_fd_sc_hd__or2_2 (0) disconnected node: VNB
Cell sky130_fd_sc_hd__or2_2 (0) disconnected node: VPB
Cell sky130_fd_sc_hd__or2_2 (0) disconnected node: VPWR
Cell sky130_fd_sc_hd__or2_2 (0) disconnected node: X

Subcircuit pins:
Circuit 1: sky130_fd_sc_hd__or2_2          |Circuit 2: sky130_fd_sc_hd__or2_2          
-------------------------------------------|-------------------------------------------
A                                          |A                                          
B                                          |B                                          
VGND                                       |VGND                                       
VNB                                        |VNB                                        
VPB                                        |VPB                                        
VPWR                                       |VPWR                                       
X                                          |X                                          
---------------------------------------------------------------------------------------
Cell pin lists are equivalent.
Device classes sky130_fd_sc_hd__or2_2 and sky130_fd_sc_hd__or2_2 are equivalent.

Cell sky130_fd_sc_hd__inv_4 (0) disconnected node: A
Cell sky130_fd_sc_hd__inv_4 (0) disconnected node: VGND
Cell sky130_fd_sc_hd__inv_4 (0) disconnected node: VNB
Cell sky130_fd_sc_hd__inv_4 (0) disconnected node: VPB
Cell sky130_fd_sc_hd__inv_4 (0) disconnected node: VPWR
Cell sky130_fd_sc_hd__inv_4 (0) disconnected node: Y

Subcircuit pins:
Circuit 1: sky130_fd_sc_hd__inv_4          |Circuit 2: sky130_fd_sc_hd__inv_4          
-------------------------------------------|-------------------------------------------
A                                          |A                                          
VGND                                       |VGND                                       
VNB                                        |VNB                                        
VPB                                        |VPB                                        
VPWR                                       |VPWR                                       
Y                                          |Y                                          
---------------------------------------------------------------------------------------
Cell pin lists are equivalent.
Device classes sky130_fd_sc_hd__inv_4 and sky130_fd_sc_hd__inv_4 are equivalent.

Cell sky130_fd_sc_hd__nand2_2 (0) disconnected node: A
Cell sky130_fd_sc_hd__nand2_2 (0) disconnected node: B
Cell sky130_fd_sc_hd__nand2_2 (0) disconnected node: VGND
Cell sky130_fd_sc_hd__nand2_2 (0) disconnected node: VNB
Cell sky130_fd_sc_hd__nand2_2 (0) disconnected node: VPB
Cell sky130_fd_sc_hd__nand2_2 (0) disconnected node: VPWR
Cell sky130_fd_sc_hd__nand2_2 (0) disconnected node: Y

Subcircuit pins:
Circuit 1: sky130_fd_sc_hd__nand2_2        |Circuit 2: sky130_fd_sc_hd__nand2_2        
-------------------------------------------|-------------------------------------------
A                                          |A                                          
B                                          |B                                          
VGND                                       |VGND                                       
VNB                                        |VNB                                        
VPB                                        |VPB                                        
VPWR                                       |VPWR                                       
Y                                          |Y                                          
---------------------------------------------------------------------------------------
Cell pin lists are equivalent.
Device classes sky130_fd_sc_hd__nand2_2 and sky130_fd_sc_hd__nand2_2 are equivalent.

Cell sky130_fd_sc_hd__clkbuf_4 (0) disconnected node: A
Cell sky130_fd_sc_hd__clkbuf_4 (0) disconnected node: VGND
Cell sky130_fd_sc_hd__clkbuf_4 (0) disconnected node: VNB
Cell sky130_fd_sc_hd__clkbuf_4 (0) disconnected node: VPB
Cell sky130_fd_sc_hd__clkbuf_4 (0) disconnected node: VPWR
Cell sky130_fd_sc_hd__clkbuf_4 (0) disconnected node: X

Subcircuit pins:
Circuit 1: sky130_fd_sc_hd__clkbuf_4       |Circuit 2: sky130_fd_sc_hd__clkbuf_4       
-------------------------------------------|-------------------------------------------
A                                          |A                                          
VGND                                       |VGND                                       
VNB                                        |VNB                                        
VPB                                        |VPB                                        
VPWR                                       |VPWR                                       
X                                          |X                                          
---------------------------------------------------------------------------------------
Cell pin lists are equivalent.
Device classes sky130_fd_sc_hd__clkbuf_4 and sky130_fd_sc_hd__clkbuf_4 are equivalent.

Cell sky130_fd_sc_hd__a21oi_2 (0) disconnected node: A1
Cell sky130_fd_sc_hd__a21oi_2 (0) disconnected node: A2
Cell sky130_fd_sc_hd__a21oi_2 (0) disconnected node: B1
Cell sky130_fd_sc_hd__a21oi_2 (0) disconnected node: VGND
Cell sky130_fd_sc_hd__a21oi_2 (0) disconnected node: VNB
Cell sky130_fd_sc_hd__a21oi_2 (0) disconnected node: VPB
Cell sky130_fd_sc_hd__a21oi_2 (0) disconnected node: VPWR
Cell sky130_fd_sc_hd__a21oi_2 (0) disconnected node: Y

Subcircuit pins:
Circuit 1: sky130_fd_sc_hd__a21oi_2        |Circuit 2: sky130_fd_sc_hd__a21oi_2        
-------------------------------------------|-------------------------------------------
A1                                         |A1                                         
A2                                         |A2                                         
B1                                         |B1                                         
VGND                                       |VGND                                       
VNB                                        |VNB                                        
VPB                                        |VPB                                        
VPWR                                       |VPWR                                       
Y                                          |Y                                          
---------------------------------------------------------------------------------------
Cell pin lists are equivalent.
Device classes sky130_fd_sc_hd__a21oi_2 and sky130_fd_sc_hd__a21oi_2 are equivalent.

Cell sky130_fd_sc_hd__xor2_2 (0) disconnected node: A
Cell sky130_fd_sc_hd__xor2_2 (0) disconnected node: B
Cell sky130_fd_sc_hd__xor2_2 (0) disconnected node: VGND
Cell sky130_fd_sc_hd__xor2_2 (0) disconnected node: VNB
Cell sky130_fd_sc_hd__xor2_2 (0) disconnected node: VPB
Cell sky130_fd_sc_hd__xor2_2 (0) disconnected node: VPWR
Cell sky130_fd_sc_hd__xor2_2 (0) disconnected node: X

Subcircuit pins:
Circuit 1: sky130_fd_sc_hd__xor2_2         |Circuit 2: sky130_fd_sc_hd__xor2_2         
-------------------------------------------|-------------------------------------------
A                                          |A                                          
B                                          |B                                          
VGND                                       |VGND                                       
VNB                                        |VNB                                        
VPB                                        |VPB                                        
VPWR                                       |VPWR                                       
X                                          |X                                          
---------------------------------------------------------------------------------------
Cell pin lists are equivalent.
Device classes sky130_fd_sc_hd__xor2_2 and sky130_fd_sc_hd__xor2_2 are equivalent.

Cell sky130_fd_sc_hd__o21ba_2 (0) disconnected node: A1
Cell sky130_fd_sc_hd__o21ba_2 (0) disconnected node: A2
Cell sky130_fd_sc_hd__o21ba_2 (0) disconnected node: B1_N
Cell sky130_fd_sc_hd__o21ba_2 (0) disconnected node: VGND
Cell sky130_fd_sc_hd__o21ba_2 (0) disconnected node: VNB
Cell sky130_fd_sc_hd__o21ba_2 (0) disconnected node: VPB
Cell sky130_fd_sc_hd__o21ba_2 (0) disconnected node: VPWR
Cell sky130_fd_sc_hd__o21ba_2 (0) disconnected node: X

Subcircuit pins:
Circuit 1: sky130_fd_sc_hd__o21ba_2        |Circuit 2: sky130_fd_sc_hd__o21ba_2        
-------------------------------------------|-------------------------------------------
A1                                         |A1                                         
A2                                         |A2                                         
B1_N                                       |B1_N                                       
VGND                                       |VGND                                       
VNB                                        |VNB                                        
VPB                                        |VPB                                        
VPWR                                       |VPWR                                       
X                                          |X                                          
---------------------------------------------------------------------------------------
Cell pin lists are equivalent.
Device classes sky130_fd_sc_hd__o21ba_2 and sky130_fd_sc_hd__o21ba_2 are equivalent.

Cell sky130_fd_sc_hd__clkbuf_16 (0) disconnected node: A
Cell sky130_fd_sc_hd__clkbuf_16 (0) disconnected node: VGND
Cell sky130_fd_sc_hd__clkbuf_16 (0) disconnected node: VNB
Cell sky130_fd_sc_hd__clkbuf_16 (0) disconnected node: VPB
Cell sky130_fd_sc_hd__clkbuf_16 (0) disconnected node: VPWR
Cell sky130_fd_sc_hd__clkbuf_16 (0) disconnected node: X

Subcircuit pins:
Circuit 1: sky130_fd_sc_hd__clkbuf_16      |Circuit 2: sky130_fd_sc_hd__clkbuf_16      
-------------------------------------------|-------------------------------------------
A                                          |A                                          
VGND                                       |VGND                                       
VNB                                        |VNB                                        
VPB                                        |VPB                                        
VPWR                                       |VPWR                                       
X                                          |X                                          
---------------------------------------------------------------------------------------
Cell pin lists are equivalent.
Device classes sky130_fd_sc_hd__clkbuf_16 and sky130_fd_sc_hd__clkbuf_16 are equivalent.

Cell sky130_fd_sc_hd__buf_2 (0) disconnected node: A
Cell sky130_fd_sc_hd__buf_2 (0) disconnected node: VGND
Cell sky130_fd_sc_hd__buf_2 (0) disconnected node: VNB
Cell sky130_fd_sc_hd__buf_2 (0) disconnected node: VPB
Cell sky130_fd_sc_hd__buf_2 (0) disconnected node: VPWR
Cell sky130_fd_sc_hd__buf_2 (0) disconnected node: X

Subcircuit pins:
Circuit 1: sky130_fd_sc_hd__buf_2          |Circuit 2: sky130_fd_sc_hd__buf_2          
-------------------------------------------|-------------------------------------------
A                                          |A                                          
VGND                                       |VGND                                       
VNB                                        |VNB                                        
VPB                                        |VPB                                        
VPWR                                       |VPWR                                       
X                                          |X                                          
---------------------------------------------------------------------------------------
Cell pin lists are equivalent.
Device classes sky130_fd_sc_hd__buf_2 and sky130_fd_sc_hd__buf_2 are equivalent.

Cell sky130_fd_sc_hd__a31oi_2 (0) disconnected node: A1
Cell sky130_fd_sc_hd__a31oi_2 (0) disconnected node: A2
Cell sky130_fd_sc_hd__a31oi_2 (0) disconnected node: A3
Cell sky130_fd_sc_hd__a31oi_2 (0) disconnected node: B1
Cell sky130_fd_sc_hd__a31oi_2 (0) disconnected node: VGND
Cell sky130_fd_sc_hd__a31oi_2 (0) disconnected node: VNB
Cell sky130_fd_sc_hd__a31oi_2 (0) disconnected node: VPB
Cell sky130_fd_sc_hd__a31oi_2 (0) disconnected node: VPWR
Cell sky130_fd_sc_hd__a31oi_2 (0) disconnected node: Y

Subcircuit pins:
Circuit 1: sky130_fd_sc_hd__a31oi_2        |Circuit 2: sky130_fd_sc_hd__a31oi_2        
-------------------------------------------|-------------------------------------------
A1                                         |A1                                         
A2                                         |A2                                         
A3                                         |A3                                         
B1                                         |B1                                         
VGND                                       |VGND                                       
VNB                                        |VNB                                        
VPB                                        |VPB                                        
VPWR                                       |VPWR                                       
Y                                          |Y                                          
---------------------------------------------------------------------------------------
Cell pin lists are equivalent.
Device classes sky130_fd_sc_hd__a31oi_2 and sky130_fd_sc_hd__a31oi_2 are equivalent.

Cell sky130_fd_sc_hd__and3_2 (0) disconnected node: A
Cell sky130_fd_sc_hd__and3_2 (0) disconnected node: B
Cell sky130_fd_sc_hd__and3_2 (0) disconnected node: C
Cell sky130_fd_sc_hd__and3_2 (0) disconnected node: VGND
Cell sky130_fd_sc_hd__and3_2 (0) disconnected node: VNB
Cell sky130_fd_sc_hd__and3_2 (0) disconnected node: VPB
Cell sky130_fd_sc_hd__and3_2 (0) disconnected node: VPWR
Cell sky130_fd_sc_hd__and3_2 (0) disconnected node: X

Subcircuit pins:
Circuit 1: sky130_fd_sc_hd__and3_2         |Circuit 2: sky130_fd_sc_hd__and3_2         
-------------------------------------------|-------------------------------------------
A                                          |A                                          
B                                          |B                                          
C                                          |C                                          
VGND                                       |VGND                                       
VNB                                        |VNB                                        
VPB                                        |VPB                                        
VPWR                                       |VPWR                                       
X                                          |X                                          
---------------------------------------------------------------------------------------
Cell pin lists are equivalent.
Device classes sky130_fd_sc_hd__and3_2 and sky130_fd_sc_hd__and3_2 are equivalent.

Cell sky130_fd_sc_hd__inv_2 (0) disconnected node: A
Cell sky130_fd_sc_hd__inv_2 (0) disconnected node: VGND
Cell sky130_fd_sc_hd__inv_2 (0) disconnected node: VNB
Cell sky130_fd_sc_hd__inv_2 (0) disconnected node: VPB
Cell sky130_fd_sc_hd__inv_2 (0) disconnected node: VPWR
Cell sky130_fd_sc_hd__inv_2 (0) disconnected node: Y

Subcircuit pins:
Circuit 1: sky130_fd_sc_hd__inv_2          |Circuit 2: sky130_fd_sc_hd__inv_2          
-------------------------------------------|-------------------------------------------
A                                          |A                                          
VGND                                       |VGND                                       
VNB                                        |VNB                                        
VPB                                        |VPB                                        
VPWR                                       |VPWR                                       
Y                                          |Y                                          
---------------------------------------------------------------------------------------
Cell pin lists are equivalent.
Device classes sky130_fd_sc_hd__inv_2 and sky130_fd_sc_hd__inv_2 are equivalent.

Cell sky130_fd_sc_hd__a31o_2 (0) disconnected node: A1
Cell sky130_fd_sc_hd__a31o_2 (0) disconnected node: A2
Cell sky130_fd_sc_hd__a31o_2 (0) disconnected node: A3
Cell sky130_fd_sc_hd__a31o_2 (0) disconnected node: B1
Cell sky130_fd_sc_hd__a31o_2 (0) disconnected node: VGND
Cell sky130_fd_sc_hd__a31o_2 (0) disconnected node: VNB
Cell sky130_fd_sc_hd__a31o_2 (0) disconnected node: VPB
Cell sky130_fd_sc_hd__a31o_2 (0) disconnected node: VPWR
Cell sky130_fd_sc_hd__a31o_2 (0) disconnected node: X

Subcircuit pins:
Circuit 1: sky130_fd_sc_hd__a31o_2         |Circuit 2: sky130_fd_sc_hd__a31o_2         
-------------------------------------------|-------------------------------------------
A1                                         |A1                                         
A2                                         |A2                                         
A3                                         |A3                                         
B1                                         |B1                                         
VGND                                       |VGND                                       
VNB                                        |VNB                                        
VPB                                        |VPB                                        
VPWR                                       |VPWR                                       
X                                          |X                                          
---------------------------------------------------------------------------------------
Cell pin lists are equivalent.
Device classes sky130_fd_sc_hd__a31o_2 and sky130_fd_sc_hd__a31o_2 are equivalent.

Cell sky130_fd_sc_hd__nor2_2 (0) disconnected node: A
Cell sky130_fd_sc_hd__nor2_2 (0) disconnected node: B
Cell sky130_fd_sc_hd__nor2_2 (0) disconnected node: VGND
Cell sky130_fd_sc_hd__nor2_2 (0) disconnected node: VNB
Cell sky130_fd_sc_hd__nor2_2 (0) disconnected node: VPB
Cell sky130_fd_sc_hd__nor2_2 (0) disconnected node: VPWR
Cell sky130_fd_sc_hd__nor2_2 (0) disconnected node: Y

Subcircuit pins:
Circuit 1: sky130_fd_sc_hd__nor2_2         |Circuit 2: sky130_fd_sc_hd__nor2_2         
-------------------------------------------|-------------------------------------------
A                                          |A                                          
B                                          |B                                          
VGND                                       |VGND                                       
VNB                                        |VNB                                        
VPB                                        |VPB                                        
VPWR                                       |VPWR                                       
Y                                          |Y                                          
---------------------------------------------------------------------------------------
Cell pin lists are equivalent.
Device classes sky130_fd_sc_hd__nor2_2 and sky130_fd_sc_hd__nor2_2 are equivalent.

Cell sky130_fd_sc_hd__buf_12 (0) disconnected node: A
Cell sky130_fd_sc_hd__buf_12 (0) disconnected node: VGND
Cell sky130_fd_sc_hd__buf_12 (0) disconnected node: VNB
Cell sky130_fd_sc_hd__buf_12 (0) disconnected node: VPB
Cell sky130_fd_sc_hd__buf_12 (0) disconnected node: VPWR
Cell sky130_fd_sc_hd__buf_12 (0) disconnected node: X

Subcircuit pins:
Circuit 1: sky130_fd_sc_hd__buf_12         |Circuit 2: sky130_fd_sc_hd__buf_12         
-------------------------------------------|-------------------------------------------
A                                          |A                                          
VGND                                       |VGND                                       
VNB                                        |VNB                                        
VPB                                        |VPB                                        
VPWR                                       |VPWR                                       
X                                          |X                                          
---------------------------------------------------------------------------------------
Cell pin lists are equivalent.
Device classes sky130_fd_sc_hd__buf_12 and sky130_fd_sc_hd__buf_12 are equivalent.

Cell sky130_fd_sc_hd__and2b_2 (0) disconnected node: A_N
Cell sky130_fd_sc_hd__and2b_2 (0) disconnected node: B
Cell sky130_fd_sc_hd__and2b_2 (0) disconnected node: VGND
Cell sky130_fd_sc_hd__and2b_2 (0) disconnected node: VNB
Cell sky130_fd_sc_hd__and2b_2 (0) disconnected node: VPB
Cell sky130_fd_sc_hd__and2b_2 (0) disconnected node: VPWR
Cell sky130_fd_sc_hd__and2b_2 (0) disconnected node: X

Subcircuit pins:
Circuit 1: sky130_fd_sc_hd__and2b_2        |Circuit 2: sky130_fd_sc_hd__and2b_2        
-------------------------------------------|-------------------------------------------
A_N                                        |A_N                                        
B                                          |B                                          
VGND                                       |VGND                                       
VNB                                        |VNB                                        
VPB                                        |VPB                                        
VPWR                                       |VPWR                                       
X                                          |X                                          
---------------------------------------------------------------------------------------
Cell pin lists are equivalent.
Device classes sky130_fd_sc_hd__and2b_2 and sky130_fd_sc_hd__and2b_2 are equivalent.

Cell sky130_fd_sc_hd__buf_4 (0) disconnected node: A
Cell sky130_fd_sc_hd__buf_4 (0) disconnected node: VGND
Cell sky130_fd_sc_hd__buf_4 (0) disconnected node: VNB
Cell sky130_fd_sc_hd__buf_4 (0) disconnected node: VPB
Cell sky130_fd_sc_hd__buf_4 (0) disconnected node: VPWR
Cell sky130_fd_sc_hd__buf_4 (0) disconnected node: X

Subcircuit pins:
Circuit 1: sky130_fd_sc_hd__buf_4          |Circuit 2: sky130_fd_sc_hd__buf_4          
-------------------------------------------|-------------------------------------------
A                                          |A                                          
VGND                                       |VGND                                       
VNB                                        |VNB                                        
VPB                                        |VPB                                        
VPWR                                       |VPWR                                       
X                                          |X                                          
---------------------------------------------------------------------------------------
Cell pin lists are equivalent.
Device classes sky130_fd_sc_hd__buf_4 and sky130_fd_sc_hd__buf_4 are equivalent.

Cell sky130_fd_sc_hd__o2bb2a_2 (0) disconnected node: A1_N
Cell sky130_fd_sc_hd__o2bb2a_2 (0) disconnected node: A2_N
Cell sky130_fd_sc_hd__o2bb2a_2 (0) disconnected node: B1
Cell sky130_fd_sc_hd__o2bb2a_2 (0) disconnected node: B2
Cell sky130_fd_sc_hd__o2bb2a_2 (0) disconnected node: VGND
Cell sky130_fd_sc_hd__o2bb2a_2 (0) disconnected node: VNB
Cell sky130_fd_sc_hd__o2bb2a_2 (0) disconnected node: VPB
Cell sky130_fd_sc_hd__o2bb2a_2 (0) disconnected node: VPWR
Cell sky130_fd_sc_hd__o2bb2a_2 (0) disconnected node: X

Subcircuit pins:
Circuit 1: sky130_fd_sc_hd__o2bb2a_2       |Circuit 2: sky130_fd_sc_hd__o2bb2a_2       
-------------------------------------------|-------------------------------------------
A1_N                                       |A1_N                                       
A2_N                                       |A2_N                                       
B1                                         |B1                                         
B2                                         |B2                                         
VGND                                       |VGND                                       
VNB                                        |VNB                                        
VPB                                        |VPB                                        
VPWR                                       |VPWR                                       
X                                          |X                                          
---------------------------------------------------------------------------------------
Cell pin lists are equivalent.
Device classes sky130_fd_sc_hd__o2bb2a_2 and sky130_fd_sc_hd__o2bb2a_2 are equivalent.

Cell riscv_soc_top (0) disconnected node: axi_awaddr[0]
Cell riscv_soc_top (0) disconnected node: axi_awaddr[10]
Cell riscv_soc_top (0) disconnected node: axi_awaddr[11]
Cell riscv_soc_top (0) disconnected node: axi_awaddr[12]
Cell riscv_soc_top (0) disconnected node: axi_awaddr[13]
Cell riscv_soc_top (0) disconnected node: axi_awaddr[14]
Cell riscv_soc_top (0) disconnected node: axi_awaddr[15]
Cell riscv_soc_top (0) disconnected node: axi_awaddr[16]
Cell riscv_soc_top (0) disconnected node: axi_awaddr[17]
Cell riscv_soc_top (0) disconnected node: axi_awaddr[18]
Cell riscv_soc_top (0) disconnected node: axi_awaddr[19]
Cell riscv_soc_top (0) disconnected node: axi_awaddr[1]
Cell riscv_soc_top (0) disconnected node: axi_awaddr[20]
Cell riscv_soc_top (0) disconnected node: axi_awaddr[21]
Cell riscv_soc_top (0) disconnected node: axi_awaddr[22]
Cell riscv_soc_top (0) disconnected node: axi_awaddr[23]
Cell riscv_soc_top (0) disconnected node: axi_awaddr[24]
Cell riscv_soc_top (0) disconnected node: axi_awaddr[25]
Cell riscv_soc_top (0) disconnected node: axi_awaddr[26]
Cell riscv_soc_top (0) disconnected node: axi_awaddr[27]
Cell riscv_soc_top (0) disconnected node: axi_awaddr[28]
Cell riscv_soc_top (0) disconnected node: axi_awaddr[29]
Cell riscv_soc_top (0) disconnected node: axi_awaddr[2]
Cell riscv_soc_top (0) disconnected node: axi_awaddr[30]
Cell riscv_soc_top (0) disconnected node: axi_awaddr[31]
Cell riscv_soc_top (0) disconnected node: axi_awaddr[3]
Cell riscv_soc_top (0) disconnected node: axi_awaddr[4]
Cell riscv_soc_top (0) disconnected node: axi_awaddr[5]
Cell riscv_soc_top (0) disconnected node: axi_awaddr[6]
Cell riscv_soc_top (0) disconnected node: axi_awaddr[7]
Cell riscv_soc_top (0) disconnected node: axi_awaddr[8]
Cell riscv_soc_top (0) disconnected node: axi_awaddr[9]
Cell riscv_soc_top (0) disconnected node: axi_bready
Cell riscv_soc_top (0) disconnected node: axi_rready
Cell riscv_soc_top (0) disconnected node: axi_wdata[0]
Cell riscv_soc_top (0) disconnected node: axi_wdata[10]
Cell riscv_soc_top (0) disconnected node: axi_wdata[11]
Cell riscv_soc_top (0) disconnected node: axi_wdata[12]
Cell riscv_soc_top (0) disconnected node: axi_wdata[13]
Cell riscv_soc_top (0) disconnected node: axi_wdata[14]
Cell riscv_soc_top (0) disconnected node: axi_wdata[15]
Cell riscv_soc_top (0) disconnected node: axi_wdata[16]
Cell riscv_soc_top (0) disconnected node: axi_wdata[17]
Cell riscv_soc_top (0) disconnected node: axi_wdata[18]
Cell riscv_soc_top (0) disconnected node: axi_wdata[19]
Cell riscv_soc_top (0) disconnected node: axi_wdata[1]
Cell riscv_soc_top (0) disconnected node: axi_wdata[20]
Cell riscv_soc_top (0) disconnected node: axi_wdata[21]
Cell riscv_soc_top (0) disconnected node: axi_wdata[22]
Cell riscv_soc_top (0) disconnected node: axi_wdata[23]
Cell riscv_soc_top (0) disconnected node: axi_wdata[24]
Cell riscv_soc_top (0) disconnected node: axi_wdata[25]
Cell riscv_soc_top (0) disconnected node: axi_wdata[26]
Cell riscv_soc_top (0) disconnected node: axi_wdata[27]
Cell riscv_soc_top (0) disconnected node: axi_wdata[28]
Cell riscv_soc_top (0) disconnected node: axi_wdata[29]
Cell riscv_soc_top (0) disconnected node: axi_wdata[2]
Cell riscv_soc_top (0) disconnected node: axi_wdata[30]
Cell riscv_soc_top (0) disconnected node: axi_wdata[31]
Cell riscv_soc_top (0) disconnected node: axi_wdata[3]
Cell riscv_soc_top (0) disconnected node: axi_wdata[4]
Cell riscv_soc_top (0) disconnected node: axi_wdata[5]
Cell riscv_soc_top (0) disconnected node: axi_wdata[6]
Cell riscv_soc_top (0) disconnected node: axi_wdata[7]
Cell riscv_soc_top (0) disconnected node: axi_wdata[8]
Cell riscv_soc_top (0) disconnected node: axi_wdata[9]
Cell riscv_soc_top (0) disconnected node: axi_wstrb[0]
Cell riscv_soc_top (0) disconnected node: axi_wstrb[1]
Cell riscv_soc_top (0) disconnected node: axi_wstrb[2]
Cell riscv_soc_top (0) disconnected node: axi_wstrb[3]
Cell riscv_soc_top (0) disconnected node: ext_interrupt
Cell riscv_soc_top (0) disconnected node: gpio_in[0]
Cell riscv_soc_top (0) disconnected node: gpio_in[1]
Cell riscv_soc_top (0) disconnected node: gpio_in[2]
Cell riscv_soc_top (0) disconnected node: gpio_in[3]
Cell riscv_soc_top (0) disconnected node: gpio_in[4]
Cell riscv_soc_top (0) disconnected node: gpio_in[5]
Cell riscv_soc_top (0) disconnected node: gpio_in[6]
Cell riscv_soc_top (0) disconnected node: gpio_in[7]
Cell riscv_soc_top (1) disconnected node: axi_bready
Cell riscv_soc_top (1) disconnected node: axi_rready
Cell riscv_soc_top (1) disconnected node: ext_interrupt
Cell riscv_soc_top (1) disconnected node: axi_awaddr[31]
Cell riscv_soc_top (1) disconnected node: axi_awaddr[30]
Cell riscv_soc_top (1) disconnected node: axi_awaddr[29]
Cell riscv_soc_top (1) disconnected node: axi_awaddr[28]
Cell riscv_soc_top (1) disconnected node: axi_awaddr[27]
Cell riscv_soc_top (1) disconnected node: axi_awaddr[26]
Cell riscv_soc_top (1) disconnected node: axi_awaddr[25]
Cell riscv_soc_top (1) disconnected node: axi_awaddr[24]
Cell riscv_soc_top (1) disconnected node: axi_awaddr[23]
Cell riscv_soc_top (1) disconnected node: axi_awaddr[22]
Cell riscv_soc_top (1) disconnected node: axi_awaddr[21]
Cell riscv_soc_top (1) disconnected node: axi_awaddr[20]
Cell riscv_soc_top (1) disconnected node: axi_awaddr[19]
Cell riscv_soc_top (1) disconnected node: axi_awaddr[18]
Cell riscv_soc_top (1) disconnected node: axi_awaddr[17]
Cell riscv_soc_top (1) disconnected node: axi_awaddr[16]
Cell riscv_soc_top (1) disconnected node: axi_awaddr[15]
Cell riscv_soc_top (1) disconnected node: axi_awaddr[14]
Cell riscv_soc_top (1) disconnected node: axi_awaddr[13]
Cell riscv_soc_top (1) disconnected node: axi_awaddr[12]
Cell riscv_soc_top (1) disconnected node: axi_awaddr[11]
Cell riscv_soc_top (1) disconnected node: axi_awaddr[10]
Cell riscv_soc_top (1) disconnected node: axi_awaddr[9]
Cell riscv_soc_top (1) disconnected node: axi_awaddr[8]
Cell riscv_soc_top (1) disconnected node: axi_awaddr[7]
Cell riscv_soc_top (1) disconnected node: axi_awaddr[6]
Cell riscv_soc_top (1) disconnected node: axi_awaddr[5]
Cell riscv_soc_top (1) disconnected node: axi_awaddr[4]
Cell riscv_soc_top (1) disconnected node: axi_awaddr[3]
Cell riscv_soc_top (1) disconnected node: axi_awaddr[2]
Cell riscv_soc_top (1) disconnected node: axi_awaddr[1]
Cell riscv_soc_top (1) disconnected node: axi_awaddr[0]
Cell riscv_soc_top (1) disconnected node: axi_wdata[31]
Cell riscv_soc_top (1) disconnected node: axi_wdata[30]
Cell riscv_soc_top (1) disconnected node: axi_wdata[29]
Cell riscv_soc_top (1) disconnected node: axi_wdata[28]
Cell riscv_soc_top (1) disconnected node: axi_wdata[27]
Cell riscv_soc_top (1) disconnected node: axi_wdata[26]
Cell riscv_soc_top (1) disconnected node: axi_wdata[25]
Cell riscv_soc_top (1) disconnected node: axi_wdata[24]
Cell riscv_soc_top (1) disconnected node: axi_wdata[23]
Cell riscv_soc_top (1) disconnected node: axi_wdata[22]
Cell riscv_soc_top (1) disconnected node: axi_wdata[21]
Cell riscv_soc_top (1) disconnected node: axi_wdata[20]
Cell riscv_soc_top (1) disconnected node: axi_wdata[19]
Cell riscv_soc_top (1) disconnected node: axi_wdata[18]
Cell riscv_soc_top (1) disconnected node: axi_wdata[17]
Cell riscv_soc_top (1) disconnected node: axi_wdata[16]
Cell riscv_soc_top (1) disconnected node: axi_wdata[15]
Cell riscv_soc_top (1) disconnected node: axi_wdata[14]
Cell riscv_soc_top (1) disconnected node: axi_wdata[13]
Cell riscv_soc_top (1) disconnected node: axi_wdata[12]
Cell riscv_soc_top (1) disconnected node: axi_wdata[11]
Cell riscv_soc_top (1) disconnected node: axi_wdata[10]
Cell riscv_soc_top (1) disconnected node: axi_wdata[9]
Cell riscv_soc_top (1) disconnected node: axi_wdata[8]
Cell riscv_soc_top (1) disconnected node: axi_wdata[7]
Cell riscv_soc_top (1) disconnected node: axi_wdata[6]
Cell riscv_soc_top (1) disconnected node: axi_wdata[5]
Cell riscv_soc_top (1) disconnected node: axi_wdata[4]
Cell riscv_soc_top (1) disconnected node: axi_wdata[3]
Cell riscv_soc_top (1) disconnected node: axi_wdata[2]
Cell riscv_soc_top (1) disconnected node: axi_wdata[1]
Cell riscv_soc_top (1) disconnected node: axi_wdata[0]
Cell riscv_soc_top (1) disconnected node: axi_wstrb[3]
Cell riscv_soc_top (1) disconnected node: axi_wstrb[2]
Cell riscv_soc_top (1) disconnected node: axi_wstrb[1]
Cell riscv_soc_top (1) disconnected node: axi_wstrb[0]
Cell riscv_soc_top (1) disconnected node: gpio_in[7]
Cell riscv_soc_top (1) disconnected node: gpio_in[6]
Cell riscv_soc_top (1) disconnected node: gpio_in[5]
Cell riscv_soc_top (1) disconnected node: gpio_in[4]
Cell riscv_soc_top (1) disconnected node: gpio_in[3]
Cell riscv_soc_top (1) disconnected node: gpio_in[2]
Cell riscv_soc_top (1) disconnected node: gpio_in[1]
Cell riscv_soc_top (1) disconnected node: gpio_in[0]
Class riscv_soc_top (0):  Merged 399 parallel devices.
Class riscv_soc_top (1):  Merged 399 parallel devices.
Cell riscv_soc_top (0) disconnected node: axi_awaddr[0]
Cell riscv_soc_top (0) disconnected node: axi_awaddr[10]
Cell riscv_soc_top (0) disconnected node: axi_awaddr[11]
Cell riscv_soc_top (0) disconnected node: axi_awaddr[12]
Cell riscv_soc_top (0) disconnected node: axi_awaddr[13]
Cell riscv_soc_top (0) disconnected node: axi_awaddr[14]
Cell riscv_soc_top (0) disconnected node: axi_awaddr[15]
Cell riscv_soc_top (0) disconnected node: axi_awaddr[16]
Cell riscv_soc_top (0) disconnected node: axi_awaddr[17]
Cell riscv_soc_top (0) disconnected node: axi_awaddr[18]
Cell riscv_soc_top (0) disconnected node: axi_awaddr[19]
Cell riscv_soc_top (0) disconnected node: axi_awaddr[1]
Cell riscv_soc_top (0) disconnected node: axi_awaddr[20]
Cell riscv_soc_top (0) disconnected node: axi_awaddr[21]
Cell riscv_soc_top (0) disconnected node: axi_awaddr[22]
Cell riscv_soc_top (0) disconnected node: axi_awaddr[23]
Cell riscv_soc_top (0) disconnected node: axi_awaddr[24]
Cell riscv_soc_top (0) disconnected node: axi_awaddr[25]
Cell riscv_soc_top (0) disconnected node: axi_awaddr[26]
Cell riscv_soc_top (0) disconnected node: axi_awaddr[27]
Cell riscv_soc_top (0) disconnected node: axi_awaddr[28]
Cell riscv_soc_top (0) disconnected node: axi_awaddr[29]
Cell riscv_soc_top (0) disconnected node: axi_awaddr[2]
Cell riscv_soc_top (0) disconnected node: axi_awaddr[30]
Cell riscv_soc_top (0) disconnected node: axi_awaddr[31]
Cell riscv_soc_top (0) disconnected node: axi_awaddr[3]
Cell riscv_soc_top (0) disconnected node: axi_awaddr[4]
Cell riscv_soc_top (0) disconnected node: axi_awaddr[5]
Cell riscv_soc_top (0) disconnected node: axi_awaddr[6]
Cell riscv_soc_top (0) disconnected node: axi_awaddr[7]
Cell riscv_soc_top (0) disconnected node: axi_awaddr[8]
Cell riscv_soc_top (0) disconnected node: axi_awaddr[9]
Cell riscv_soc_top (0) disconnected node: axi_bready
Cell riscv_soc_top (0) disconnected node: axi_rready
Cell riscv_soc_top (0) disconnected node: axi_wdata[0]
Cell riscv_soc_top (0) disconnected node: axi_wdata[10]
Cell riscv_soc_top (0) disconnected node: axi_wdata[11]
Cell riscv_soc_top (0) disconnected node: axi_wdata[12]
Cell riscv_soc_top (0) disconnected node: axi_wdata[13]
Cell riscv_soc_top (0) disconnected node: axi_wdata[14]
Cell riscv_soc_top (0) disconnected node: axi_wdata[15]
Cell riscv_soc_top (0) disconnected node: axi_wdata[16]
Cell riscv_soc_top (0) disconnected node: axi_wdata[17]
Cell riscv_soc_top (0) disconnected node: axi_wdata[18]
Cell riscv_soc_top (0) disconnected node: axi_wdata[19]
Cell riscv_soc_top (0) disconnected node: axi_wdata[1]
Cell riscv_soc_top (0) disconnected node: axi_wdata[20]
Cell riscv_soc_top (0) disconnected node: axi_wdata[21]
Cell riscv_soc_top (0) disconnected node: axi_wdata[22]
Cell riscv_soc_top (0) disconnected node: axi_wdata[23]
Cell riscv_soc_top (0) disconnected node: axi_wdata[24]
Cell riscv_soc_top (0) disconnected node: axi_wdata[25]
Cell riscv_soc_top (0) disconnected node: axi_wdata[26]
Cell riscv_soc_top (0) disconnected node: axi_wdata[27]
Cell riscv_soc_top (0) disconnected node: axi_wdata[28]
Cell riscv_soc_top (0) disconnected node: axi_wdata[29]
Cell riscv_soc_top (0) disconnected node: axi_wdata[2]
Cell riscv_soc_top (0) disconnected node: axi_wdata[30]
Cell riscv_soc_top (0) disconnected node: axi_wdata[31]
Cell riscv_soc_top (0) disconnected node: axi_wdata[3]
Cell riscv_soc_top (0) disconnected node: axi_wdata[4]
Cell riscv_soc_top (0) disconnected node: axi_wdata[5]
Cell riscv_soc_top (0) disconnected node: axi_wdata[6]
Cell riscv_soc_top (0) disconnected node: axi_wdata[7]
Cell riscv_soc_top (0) disconnected node: axi_wdata[8]
Cell riscv_soc_top (0) disconnected node: axi_wdata[9]
Cell riscv_soc_top (0) disconnected node: axi_wstrb[0]
Cell riscv_soc_top (0) disconnected node: axi_wstrb[1]
Cell riscv_soc_top (0) disconnected node: axi_wstrb[2]
Cell riscv_soc_top (0) disconnected node: axi_wstrb[3]
Cell riscv_soc_top (0) disconnected node: ext_interrupt
Cell riscv_soc_top (0) disconnected node: gpio_in[0]
Cell riscv_soc_top (0) disconnected node: gpio_in[1]
Cell riscv_soc_top (0) disconnected node: gpio_in[2]
Cell riscv_soc_top (0) disconnected node: gpio_in[3]
Cell riscv_soc_top (0) disconnected node: gpio_in[4]
Cell riscv_soc_top (0) disconnected node: gpio_in[5]
Cell riscv_soc_top (0) disconnected node: gpio_in[6]
Cell riscv_soc_top (0) disconnected node: gpio_in[7]
Cell riscv_soc_top (1) disconnected node: axi_bready
Cell riscv_soc_top (1) disconnected node: axi_rready
Cell riscv_soc_top (1) disconnected node: ext_interrupt
Cell riscv_soc_top (1) disconnected node: axi_awaddr[31]
Cell riscv_soc_top (1) disconnected node: axi_awaddr[30]
Cell riscv_soc_top (1) disconnected node: axi_awaddr[29]
Cell riscv_soc_top (1) disconnected node: axi_awaddr[28]
Cell riscv_soc_top (1) disconnected node: axi_awaddr[27]
Cell riscv_soc_top (1) disconnected node: axi_awaddr[26]
Cell riscv_soc_top (1) disconnected node: axi_awaddr[25]
Cell riscv_soc_top (1) disconnected node: axi_awaddr[24]
Cell riscv_soc_top (1) disconnected node: axi_awaddr[23]
Cell riscv_soc_top (1) disconnected node: axi_awaddr[22]
Cell riscv_soc_top (1) disconnected node: axi_awaddr[21]
Cell riscv_soc_top (1) disconnected node: axi_awaddr[20]
Cell riscv_soc_top (1) disconnected node: axi_awaddr[19]
Cell riscv_soc_top (1) disconnected node: axi_awaddr[18]
Cell riscv_soc_top (1) disconnected node: axi_awaddr[17]
Cell riscv_soc_top (1) disconnected node: axi_awaddr[16]
Cell riscv_soc_top (1) disconnected node: axi_awaddr[15]
Cell riscv_soc_top (1) disconnected node: axi_awaddr[14]
Cell riscv_soc_top (1) disconnected node: axi_awaddr[13]
Cell riscv_soc_top (1) disconnected node: axi_awaddr[12]
Cell riscv_soc_top (1) disconnected node: axi_awaddr[11]
Cell riscv_soc_top (1) disconnected node: axi_awaddr[10]
Cell riscv_soc_top (1) disconnected node: axi_awaddr[9]
Cell riscv_soc_top (1) disconnected node: axi_awaddr[8]
Cell riscv_soc_top (1) disconnected node: axi_awaddr[7]
Cell riscv_soc_top (1) disconnected node: axi_awaddr[6]
Cell riscv_soc_top (1) disconnected node: axi_awaddr[5]
Cell riscv_soc_top (1) disconnected node: axi_awaddr[4]
Cell riscv_soc_top (1) disconnected node: axi_awaddr[3]
Cell riscv_soc_top (1) disconnected node: axi_awaddr[2]
Cell riscv_soc_top (1) disconnected node: axi_awaddr[1]
Cell riscv_soc_top (1) disconnected node: axi_awaddr[0]
Cell riscv_soc_top (1) disconnected node: axi_wdata[31]
Cell riscv_soc_top (1) disconnected node: axi_wdata[30]
Cell riscv_soc_top (1) disconnected node: axi_wdata[29]
Cell riscv_soc_top (1) disconnected node: axi_wdata[28]
Cell riscv_soc_top (1) disconnected node: axi_wdata[27]
Cell riscv_soc_top (1) disconnected node: axi_wdata[26]
Cell riscv_soc_top (1) disconnected node: axi_wdata[25]
Cell riscv_soc_top (1) disconnected node: axi_wdata[24]
Cell riscv_soc_top (1) disconnected node: axi_wdata[23]
Cell riscv_soc_top (1) disconnected node: axi_wdata[22]
Cell riscv_soc_top (1) disconnected node: axi_wdata[21]
Cell riscv_soc_top (1) disconnected node: axi_wdata[20]
Cell riscv_soc_top (1) disconnected node: axi_wdata[19]
Cell riscv_soc_top (1) disconnected node: axi_wdata[18]
Cell riscv_soc_top (1) disconnected node: axi_wdata[17]
Cell riscv_soc_top (1) disconnected node: axi_wdata[16]
Cell riscv_soc_top (1) disconnected node: axi_wdata[15]
Cell riscv_soc_top (1) disconnected node: axi_wdata[14]
Cell riscv_soc_top (1) disconnected node: axi_wdata[13]
Cell riscv_soc_top (1) disconnected node: axi_wdata[12]
Cell riscv_soc_top (1) disconnected node: axi_wdata[11]
Cell riscv_soc_top (1) disconnected node: axi_wdata[10]
Cell riscv_soc_top (1) disconnected node: axi_wdata[9]
Cell riscv_soc_top (1) disconnected node: axi_wdata[8]
Cell riscv_soc_top (1) disconnected node: axi_wdata[7]
Cell riscv_soc_top (1) disconnected node: axi_wdata[6]
Cell riscv_soc_top (1) disconnected node: axi_wdata[5]
Cell riscv_soc_top (1) disconnected node: axi_wdata[4]
Cell riscv_soc_top (1) disconnected node: axi_wdata[3]
Cell riscv_soc_top (1) disconnected node: axi_wdata[2]
Cell riscv_soc_top (1) disconnected node: axi_wdata[1]
Cell riscv_soc_top (1) disconnected node: axi_wdata[0]
Cell riscv_soc_top (1) disconnected node: axi_wstrb[3]
Cell riscv_soc_top (1) disconnected node: axi_wstrb[2]
Cell riscv_soc_top (1) disconnected node: axi_wstrb[1]
Cell riscv_soc_top (1) disconnected node: axi_wstrb[0]
Cell riscv_soc_top (1) disconnected node: gpio_in[7]
Cell riscv_soc_top (1) disconnected node: gpio_in[6]
Cell riscv_soc_top (1) disconnected node: gpio_in[5]
Cell riscv_soc_top (1) disconnected node: gpio_in[4]
Cell riscv_soc_top (1) disconnected node: gpio_in[3]
Cell riscv_soc_top (1) disconnected node: gpio_in[2]
Cell riscv_soc_top (1) disconnected node: gpio_in[1]
Cell riscv_soc_top (1) disconnected node: gpio_in[0]
Subcircuit summary:
Circuit 1: riscv_soc_top                   |Circuit 2: riscv_soc_top                   
-------------------------------------------|-------------------------------------------
sky130_fd_sc_hd__decap_3 (241->1)          |sky130_fd_sc_hd__decap_3 (241->1)          
sky130_fd_sc_hd__dfrtp_2 (41)              |sky130_fd_sc_hd__dfrtp_2 (41)              
sky130_fd_sc_hd__and4_2 (15)               |sky130_fd_sc_hd__and4_2 (15)               
sky130_fd_sc_hd__fill_1 (49->1)            |sky130_fd_sc_hd__fill_1 (49->1)            
sky130_fd_sc_hd__tapvpwrvgnd_1 (67->1)     |sky130_fd_sc_hd__tapvpwrvgnd_1 (67->1)     
sky130_fd_sc_hd__dlygate4sd3_1 (20)        |sky130_fd_sc_hd__dlygate4sd3_1 (20)        
sky130_fd_sc_hd__clkdlybuf4s25_1 (77)      |sky130_fd_sc_hd__clkdlybuf4s25_1 (77)      
sky130_fd_sc_hd__o21a_2 (2)                |sky130_fd_sc_hd__o21a_2 (2)                
sky130_fd_sc_hd__conb_1 (6)                |sky130_fd_sc_hd__conb_1 (6)                
sky130_fd_sc_hd__xnor2_2 (4)               |sky130_fd_sc_hd__xnor2_2 (4)               
sky130_fd_sc_hd__fill_2 (46->1)            |sky130_fd_sc_hd__fill_2 (46->1)            
sky130_fd_sc_hd__and2_2 (5)                |sky130_fd_sc_hd__and2_2 (5)                
sky130_fd_sc_hd__or2_2 (1)                 |sky130_fd_sc_hd__or2_2 (1)                 
sky130_fd_sc_hd__inv_4 (2)                 |sky130_fd_sc_hd__inv_4 (2)                 
sky130_fd_sc_hd__nand2_2 (5)               |sky130_fd_sc_hd__nand2_2 (5)               
sky130_fd_sc_hd__clkbuf_4 (1)              |sky130_fd_sc_hd__clkbuf_4 (1)              
sky130_fd_sc_hd__a21oi_2 (6)               |sky130_fd_sc_hd__a21oi_2 (6)               
sky130_fd_sc_hd__xor2_2 (41)               |sky130_fd_sc_hd__xor2_2 (41)               
sky130_fd_sc_hd__o21ba_2 (6)               |sky130_fd_sc_hd__o21ba_2 (6)               
sky130_fd_sc_hd__clkbuf_16 (5)             |sky130_fd_sc_hd__clkbuf_16 (5)             
sky130_fd_sc_hd__buf_2 (3)                 |sky130_fd_sc_hd__buf_2 (3)                 
sky130_fd_sc_hd__a31oi_2 (1)               |sky130_fd_sc_hd__a31oi_2 (1)               
sky130_fd_sc_hd__and3_2 (8)                |sky130_fd_sc_hd__and3_2 (8)                
sky130_fd_sc_hd__inv_2 (1)                 |sky130_fd_sc_hd__inv_2 (1)                 
sky130_fd_sc_hd__a31o_2 (3)                |sky130_fd_sc_hd__a31o_2 (3)                
sky130_fd_sc_hd__nor2_2 (8)                |sky130_fd_sc_hd__nor2_2 (8)                
sky130_fd_sc_hd__buf_12 (1)                |sky130_fd_sc_hd__buf_12 (1)                
sky130_fd_sc_hd__and2b_2 (2)               |sky130_fd_sc_hd__and2b_2 (2)               
sky130_fd_sc_hd__buf_4 (1)                 |sky130_fd_sc_hd__buf_4 (1)                 
sky130_fd_sc_hd__o2bb2a_2 (1)              |sky130_fd_sc_hd__o2bb2a_2 (1)              
Number of devices: 270                     |Number of devices: 270                     
Number of nets: 312                        |Number of nets: 312                        
---------------------------------------------------------------------------------------
Resolving symmetries by property value.
Resolving symmetries by pin name.
Netlists match uniquely.

Subcircuit pins:
Circuit 1: riscv_soc_top                   |Circuit 2: riscv_soc_top                   
-------------------------------------------|-------------------------------------------
axi_arvalid                                |axi_arvalid                                
axi_awvalid                                |axi_awvalid                                
axi_wvalid                                 |axi_wvalid                                 
clk                                        |clk                                        
rst_n                                      |rst_n                                      
axi_araddr[31]                             |axi_araddr[31]                             
uart_rx                                    |uart_rx                                    
axi_araddr[1]                              |axi_araddr[1]                              
axi_araddr[20]                             |axi_araddr[20]                             
axi_araddr[22]                             |axi_araddr[22]                             
axi_araddr[25]                             |axi_araddr[25]                             
axi_araddr[5]                              |axi_araddr[5]                              
axi_araddr[9]                              |axi_araddr[9]                              
axi_araddr[17]                             |axi_araddr[17]                             
axi_araddr[19]                             |axi_araddr[19]                             
axi_araddr[27]                             |axi_araddr[27]                             
axi_araddr[29]                             |axi_araddr[29]                             
axi_araddr[30]                             |axi_araddr[30]                             
axi_araddr[3]                              |axi_araddr[3]                              
axi_araddr[7]                              |axi_araddr[7]                              
axi_araddr[12]                             |axi_araddr[12]                             
axi_araddr[11]                             |axi_araddr[11]                             
axi_araddr[18]                             |axi_araddr[18]                             
axi_araddr[21]                             |axi_araddr[21]                             
axi_araddr[23]                             |axi_araddr[23]                             
axi_araddr[26]                             |axi_araddr[26]                             
axi_araddr[10]                             |axi_araddr[10]                             
axi_araddr[28]                             |axi_araddr[28]                             
axi_araddr[2]                              |axi_araddr[2]                              
axi_araddr[6]                              |axi_araddr[6]                              
axi_araddr[14]                             |axi_araddr[14]                             
axi_araddr[15]                             |axi_araddr[15]                             
axi_araddr[0]                              |axi_araddr[0]                              
axi_araddr[24]                             |axi_araddr[24]                             
axi_araddr[4]                              |axi_araddr[4]                              
axi_araddr[8]                              |axi_araddr[8]                              
axi_araddr[13]                             |axi_araddr[13]                             
axi_araddr[16]                             |axi_araddr[16]                             
axi_rdata[12]                              |axi_rdata[12]                              
gpio_out[2]                                |gpio_out[2]                                
gpio_out[4]                                |gpio_out[4]                                
axi_rdata[31]                              |axi_rdata[31]                              
axi_rdata[11]                              |axi_rdata[11]                              
axi_wready                                 |axi_wready                                 
axi_awready                                |axi_awready                                
axi_arready                                |axi_arready                                
axi_rdata[19]                              |axi_rdata[19]                              
axi_rdata[27]                              |axi_rdata[27]                              
axi_rdata[29]                              |axi_rdata[29]                              
axi_rdata[30]                              |axi_rdata[30]                              
axi_rdata[3]                               |axi_rdata[3]                               
axi_rdata[7]                               |axi_rdata[7]                               
gpio_out[6]                                |gpio_out[6]                                
gpio_out[0]                                |gpio_out[0]                                
gpio_out[1]                                |gpio_out[1]                                
gpio_out[3]                                |gpio_out[3]                                
gpio_out[5]                                |gpio_out[5]                                
gpio_out[7]                                |gpio_out[7]                                
axi_rdata[17]                              |axi_rdata[17]                              
axi_rdata[1]                               |axi_rdata[1]                               
axi_rdata[20]                              |axi_rdata[20]                              
axi_rdata[22]                              |axi_rdata[22]                              
axi_rdata[25]                              |axi_rdata[25]                              
axi_rdata[5]                               |axi_rdata[5]                               
axi_rdata[9]                               |axi_rdata[9]                               
axi_rdata[0]                               |axi_rdata[0]                               
axi_rdata[13]                              |axi_rdata[13]                              
axi_rdata[16]                              |axi_rdata[16]                              
axi_rdata[24]                              |axi_rdata[24]                              
axi_rdata[4]                               |axi_rdata[4]                               
axi_rdata[8]                               |axi_rdata[8]                               
axi_rdata[10]                              |axi_rdata[10]                              
axi_rdata[14]                              |axi_rdata[14]                              
axi_rdata[15]                              |axi_rdata[15]                              
axi_rdata[18]                              |axi_rdata[18]                              
axi_rdata[21]                              |axi_rdata[21]                              
axi_rdata[23]                              |axi_rdata[23]                              
axi_rdata[26]                              |axi_rdata[26]                              
axi_rdata[28]                              |axi_rdata[28]                              
axi_rdata[2]                               |axi_rdata[2]                               
axi_rdata[6]                               |axi_rdata[6]                               
uart_tx                                    |uart_tx                                    
axi_rvalid                                 |axi_rvalid                                 
axi_bvalid                                 |axi_bvalid                                 
axi_bresp[1]                               |axi_bresp[1]                               
axi_bresp[0]                               |axi_bresp[0]                               
axi_rresp[1]                               |axi_rresp[1]                               
axi_rresp[0]                               |axi_rresp[0]                               
VGND                                       |VGND                                       
VPWR                                       |VPWR                                       
axi_awaddr[0]                              |axi_awaddr[0]                              
axi_awaddr[10]                             |axi_awaddr[10]                             
axi_awaddr[11]                             |axi_awaddr[11]                             
axi_awaddr[12]                             |axi_awaddr[12]                             
axi_awaddr[13]                             |axi_awaddr[13]                             
axi_awaddr[14]                             |axi_awaddr[14]                             
axi_awaddr[15]                             |axi_awaddr[15]                             
axi_awaddr[16]                             |axi_awaddr[16]                             
axi_awaddr[17]                             |axi_awaddr[17]                             
axi_awaddr[18]                             |axi_awaddr[18]                             
axi_awaddr[19]                             |axi_awaddr[19]                             
axi_awaddr[1]                              |axi_awaddr[1]                              
axi_awaddr[20]                             |axi_awaddr[20]                             
axi_awaddr[21]                             |axi_awaddr[21]                             
axi_awaddr[22]                             |axi_awaddr[22]                             
axi_awaddr[23]                             |axi_awaddr[23]                             
axi_awaddr[24]                             |axi_awaddr[24]                             
axi_awaddr[25]                             |axi_awaddr[25]                             
axi_awaddr[26]                             |axi_awaddr[26]                             
axi_awaddr[27]                             |axi_awaddr[27]                             
axi_awaddr[28]                             |axi_awaddr[28]                             
axi_awaddr[29]                             |axi_awaddr[29]                             
axi_awaddr[2]                              |axi_awaddr[2]                              
axi_awaddr[30]                             |axi_awaddr[30]                             
axi_awaddr[31]                             |axi_awaddr[31]                             
axi_awaddr[3]                              |axi_awaddr[3]                              
axi_awaddr[4]                              |axi_awaddr[4]                              
axi_awaddr[5]                              |axi_awaddr[5]                              
axi_awaddr[6]                              |axi_awaddr[6]                              
axi_awaddr[7]                              |axi_awaddr[7]                              
axi_awaddr[8]                              |axi_awaddr[8]                              
axi_awaddr[9]                              |axi_awaddr[9]                              
axi_bready                                 |axi_bready                                 
axi_rready                                 |axi_rready                                 
axi_wdata[0]                               |axi_wdata[0]                               
axi_wdata[10]                              |axi_wdata[10]                              
axi_wdata[11]                              |axi_wdata[11]                              
axi_wdata[12]                              |axi_wdata[12]                              
axi_wdata[13]                              |axi_wdata[13]                              
axi_wdata[14]                              |axi_wdata[14]                              
axi_wdata[15]                              |axi_wdata[15]                              
axi_wdata[16]                              |axi_wdata[16]                              
axi_wdata[17]                              |axi_wdata[17]                              
axi_wdata[18]                              |axi_wdata[18]                              
axi_wdata[19]                              |axi_wdata[19]                              
axi_wdata[1]                               |axi_wdata[1]                               
axi_wdata[20]                              |axi_wdata[20]                              
axi_wdata[21]                              |axi_wdata[21]                              
axi_wdata[22]                              |axi_wdata[22]                              
axi_wdata[23]                              |axi_wdata[23]                              
axi_wdata[24]                              |axi_wdata[24]                              
axi_wdata[25]                              |axi_wdata[25]                              
axi_wdata[26]                              |axi_wdata[26]                              
axi_wdata[27]                              |axi_wdata[27]                              
axi_wdata[28]                              |axi_wdata[28]                              
axi_wdata[29]                              |axi_wdata[29]                              
axi_wdata[2]                               |axi_wdata[2]                               
axi_wdata[30]                              |axi_wdata[30]                              
axi_wdata[31]                              |axi_wdata[31]                              
axi_wdata[3]                               |axi_wdata[3]                               
axi_wdata[4]                               |axi_wdata[4]                               
axi_wdata[5]                               |axi_wdata[5]                               
axi_wdata[6]                               |axi_wdata[6]                               
axi_wdata[7]                               |axi_wdata[7]                               
axi_wdata[8]                               |axi_wdata[8]                               
axi_wdata[9]                               |axi_wdata[9]                               
axi_wstrb[0]                               |axi_wstrb[0]                               
axi_wstrb[1]                               |axi_wstrb[1]                               
axi_wstrb[2]                               |axi_wstrb[2]                               
axi_wstrb[3]                               |axi_wstrb[3]                               
ext_interrupt                              |ext_interrupt                              
gpio_in[0]                                 |gpio_in[0]                                 
gpio_in[1]                                 |gpio_in[1]                                 
gpio_in[2]                                 |gpio_in[2]                                 
gpio_in[3]                                 |gpio_in[3]                                 
gpio_in[4]                                 |gpio_in[4]                                 
gpio_in[5]                                 |gpio_in[5]                                 
gpio_in[6]                                 |gpio_in[6]                                 
gpio_in[7]                                 |gpio_in[7]                                 
---------------------------------------------------------------------------------------
Cell pin lists are equivalent.
Device classes riscv_soc_top and riscv_soc_top are equivalent.

Final result: Circuits match uniquely.
.
