┏━━━━━━━┳━━━━━━━━━┳━━━━━━━━━━┳━━━━━━━━━━━━━━━━━━━━━━━━━━━━━━━━━━━━━━━━┳━━━━━━━━━━━━━━━━━┳━━━━━━━┓
┃ P / R ┃ Partial ┃ Required ┃ Net                                    ┃ Pin             ┃ Layer ┃
┡━━━━━━━╇━━━━━━━━━╇━━━━━━━━━━╇━━━━━━━━━━━━━━━━━━━━━━━━━━━━━━━━━━━━━━━━╇━━━━━━━━━━━━━━━━━╇━━━━━━━┩
│ 13.82 │ 5528.95 │ 400.00   │ _09555_                                │ _26832_/D       │ met3  │
│ 12.51 │ 5003.24 │ 400.00   │ _09569_                                │ _26833_/D       │ met3  │
│ 8.57  │ 3426.10 │ 400.00   │ _00156_                                │ _26836_/D       │ met3  │
│ 8.35  │ 3338.48 │ 400.00   │ _09621_                                │ _26837_/D       │ met3  │
│ 4.70  │ 1878.01 │ 400.00   │ _09874_                                │ _15673_/C1      │ met3  │
│ 4.47  │ 1788.80 │ 400.00   │ accelerator_u.array_inst.b_v[4\][3\]   │ _18999_/A1      │ met3  │
│ 4.03  │ 1612.67 │ 400.00   │ _09635_                                │ _26838_/D       │ met1  │
│ 3.91  │ 1565.77 │ 400.00   │ accelerator_u.array_inst.acc[1\][7\]   │ _15789_/B2      │ met3  │
│ 3.89  │ 1555.28 │ 400.00   │ net2100                                │ _15214_/A0      │ met2  │
│ 3.53  │ 1410.86 │ 400.00   │ _09462_                                │ _26825_/D       │ met3  │
│ 3.53  │ 1410.86 │ 400.00   │ net1515                                │ _15063_/B       │ met3  │
│ 3.36  │ 1342.74 │ 400.00   │ _10135_                                │ _15951_/C1      │ met3  │
│ 3.13  │ 1253.53 │ 400.00   │ accelerator_u.array_inst.acc[9\][7\]   │ _15788_/A1      │ met3  │
│ 3.00  │ 1199.72 │ 400.00   │ net1568                                │ _24791_/A0      │ met1  │
│ 2.97  │ 1187.47 │ 400.00   │ _08706_                                │ _15484_/A1      │ met3  │
│ 2.81  │ 1125.43 │ 400.00   │ _07872_                                │ place2114/A     │ met3  │
│ 2.80  │ 1119.71 │ 400.00   │ _10036_                                │ _15851_/A2      │ met3  │
│ 2.80  │ 1119.71 │ 400.00   │ accelerator_u.mat_a_reg[1\][1\]        │ _15685_/A1      │ met3  │
│ 2.74  │ 1096.88 │ 400.00   │ net2333                                │ fanout407/A     │ met3  │
│ 2.74  │ 1096.88 │ 400.00   │ net2333                                │ fanout470/A     │ met3  │
│ 2.74  │ 1096.88 │ 400.00   │ net2333                                │ fanout482/A     │ met3  │
│ 2.73  │ 1093.32 │ 400.00   │ net1315                                │ fanout314/A     │ met1  │
│ 2.72  │ 7552.38 │ 2778.20  │ _09580_                                │ _26834_/D       │ met5  │
│ 2.70  │ 1079.70 │ 400.00   │ reset                                  │ fanout398/A     │ met4  │
│ 2.70  │ 1079.70 │ 400.00   │ reset                                  │ fanout483/A     │ met4  │
│ 2.69  │ 1075.10 │ 400.00   │ accelerator_u.array_inst.acc[9\][9\]   │ _15808_/A1      │ met3  │
│ 2.63  │ 1052.75 │ 400.00   │ _04545_                                │ _22750_/B       │ met1  │
│ 2.43  │ 972.76  │ 400.00   │ _00143_                                │ _26823_/D       │ met3  │
│ 2.40  │ 961.34  │ 400.00   │ accelerator_u.array_inst.b_v[4\][6\]   │ _16846_/A1      │ met3  │
│ 2.40  │ 961.34  │ 400.00   │ accelerator_u.array_inst.b_v[4\][6\]   │ _19003_/A1      │ met3  │
│ 2.32  │ 927.36  │ 400.00   │ _09621_                                │ _26837_/D       │ met2  │
│ 2.30  │ 919.03  │ 400.00   │ accelerator_u.array_inst.acc[1\][15\]  │ _15902_/A1      │ met3  │
│ 2.30  │ 919.03  │ 400.00   │ accelerator_u.array_inst.acc[1\][15\]  │ _17846_/B2      │ met3  │
│ 2.24  │ 896.68  │ 400.00   │ _07038_                                │ _25462_/B1      │ met3  │
│ 2.22  │ 888.99  │ 400.00   │ net403                                 │ _26832_/RESET_B │ met1  │
│ 2.16  │ 862.37  │ 400.00   │ net2192                                │ fanout486/A     │ met1  │
│ 2.13  │ 852.07  │ 400.00   │ accelerator_u.array_inst.acc[0\][21\]  │ _15989_/A1      │ met3  │
│ 2.03  │ 812.11  │ 400.00   │ _08152_                                │ place1567/A     │ met1  │
│ 2.02  │ 807.47  │ 400.00   │ accelerator_u.array_inst.acc[4\][0\]   │ _15616_/A1      │ met3  │
│ 2.00  │ 800.50  │ 400.00   │ accelerator_u.WDATA[1\]                │ _16299_/A0      │ met1  │
│ 1.99  │ 797.19  │ 400.00   │ net2295                                │ fanout452/A     │ met1  │
│ 1.97  │ 786.93  │ 400.00   │ net1465                                │ _24836_/A0      │ met1  │
│ 1.95  │ 781.86  │ 400.00   │ _02831_                                │ _20937_/D       │ met1  │
│ 1.94  │ 777.26  │ 400.00   │ _08101_                                │ _14965_/A0      │ met1  │
│ 1.93  │ 771.27  │ 400.00   │ accelerator_u.array_inst.b_v[4\][0\]   │ _18995_/A1      │ met1  │
│ 1.91  │ 762.86  │ 400.00   │ _11254_                                │ _17405_/B1      │ met3  │
│ 1.80  │ 5003.05 │ 2778.20  │ _00159_                                │ _26839_/D       │ met3  │
│ 1.80  │ 718.25  │ 400.00   │ _10081_                                │ _15893_/C1      │ met3  │
│ 1.80  │ 718.25  │ 400.00   │ accelerator_u.array_inst.acc[14\][10\] │ _15828_/B2      │ met3  │
│ 1.77  │ 4924.19 │ 2778.20  │ _00168_                                │ _26848_/D       │ met4  │
│ 1.77  │ 4924.19 │ 2778.20  │ _09403_                                │ _26820_/D       │ met4  │
│ 1.77  │ 708.58  │ 400.00   │ net2100                                │ _15214_/A0      │ met3  │
│ 1.77  │ 4915.43 │ 2778.20  │ _09428_                                │ _26822_/D       │ met4  │
│ 1.74  │ 4827.81 │ 2778.20  │ _09385_                                │ _26818_/D       │ met4  │
│ 1.73  │ 691.46  │ 400.00   │ net1333                                │ place1332/A     │ met3  │
│ 1.73  │ 691.46  │ 400.00   │ net1333                                │ _25917_/A0      │ met3  │
│ 1.73  │ 691.46  │ 400.00   │ net1333                                │ _26054_/A0      │ met3  │
│ 1.73  │ 691.46  │ 400.00   │ net1333                                │ _26122_/A0      │ met3  │
│ 1.73  │ 691.46  │ 400.00   │ net1333                                │ _26327_/A0      │ met3  │
│ 1.71  │ 684.46  │ 400.00   │ _08422_                                │ _14044_/A2      │ met3  │
│ 1.71  │ 684.46  │ 400.00   │ _08422_                                │ place1469/A     │ met3  │
│ 1.71  │ 684.31  │ 400.00   │ accelerator_u.array_inst.acc[2\][6\]   │ _18111_/B1      │ met1  │
│ 1.68  │ 671.36  │ 400.00   │ net2090                                │ _15357_/A0      │ met3  │
│ 1.68  │ 671.36  │ 400.00   │ net2090                                │ _15364_/B       │ met3  │
│ 1.68  │ 671.36  │ 400.00   │ net2090                                │ _15365_/B1      │ met3  │
│ 1.68  │ 671.36  │ 400.00   │ net2090                                │ _15368_/A0      │ met3  │
│ 1.64  │ 657.23  │ 400.00   │ _08495_                                │ _14117_/A2      │ met3  │
│ 1.64  │ 657.23  │ 400.00   │ _08495_                                │ place1506/A     │ met3  │
│ 1.64  │ 656.42  │ 400.00   │ _06541_                                │ _26457_/A0      │ met1  │
│ 1.64  │ 655.15  │ 400.00   │ net1876                                │ _16158_/A0      │ met1  │
│ 1.62  │ 649.27  │ 400.00   │ _07936_                                │ _24844_/A0      │ met1  │
│ 1.60  │ 641.72  │ 400.00   │ net1509                                │ _14093_/A       │ met1  │
│ 1.60  │ 640.69  │ 400.00   │ _08689_                                │ _15085_/B       │ met1  │
│ 1.60  │ 639.10  │ 400.00   │ _12242_                                │ _18482_/B1      │ met1  │
│ 1.58  │ 4398.48 │ 2778.20  │ _09450_                                │ _26824_/D       │ met4  │
│ 1.58  │ 632.03  │ 400.00   │ net1876                                │ _16228_/A0      │ met3  │
│ 1.58  │ 632.03  │ 400.00   │ net1876                                │ _16639_/A0      │ met3  │
│ 1.58  │ 4389.71 │ 2778.20  │ _09555_                                │ _26832_/D       │ met4  │
│ 1.58  │ 4389.71 │ 2781.50  │ _00143_                                │ _26823_/D       │ met4  │
│ 1.57  │ 627.46  │ 400.00   │ accelerator_u.mat_b_reg[0\][0\]        │ _15653_/B2      │ met3  │
│ 1.57  │ 627.46  │ 400.00   │ accelerator_u.mat_b_reg[0\][0\]        │ _16435_/A1      │ met3  │
│ 1.57  │ 627.11  │ 400.00   │ accelerator_u.array_inst.acc[8\][20\]  │ _21330_/A       │ met1  │
│ 1.46  │ 584.44  │ 400.00   │ _06855_                                │ _25285_/A2      │ met3  │
│ 1.46  │ 584.44  │ 400.00   │ accelerator_u.array_inst.acc[15\][29\] │ _16112_/A1      │ met3  │
│ 1.44  │ 575.67  │ 400.00   │ accelerator_u.mat_b_reg[1\][0\]        │ _15615_/A1      │ met1  │
│ 1.42  │ 569.66  │ 400.00   │ net2080                                │ _15540_/A1      │ met3  │
│ 1.41  │ 562.57  │ 400.00   │ _08221_                                │ _13843_/A1      │ met3  │
│ 1.40  │ 559.33  │ 400.00   │ accelerator_u.WDATA[12\]               │ _16664_/A0      │ met1  │
│ 1.39  │ 557.06  │ 400.00   │ _08728_                                │ _24848_/A0      │ met1  │
│ 1.39  │ 556.40  │ 400.00   │ accelerator_u.mat_b_reg[1\][5\]        │ _16513_/A1      │ met1  │
│ 1.39  │ 555.81  │ 400.00   │ _12225_                                │ _18461_/B       │ met1  │
│ 1.38  │ 552.94  │ 400.00   │ net1872                                │ _22719_/A       │ met1  │
│ 1.38  │ 552.63  │ 400.00   │ net2316                                │ fanout403/A     │ met2  │
│ 1.36  │ 545.54  │ 400.00   │ clk                                    │ clkbuf_0_clk/A  │ met2  │
│ 1.36  │ 3776.38 │ 2778.20  │ _09418_                                │ _26821_/D       │ met4  │
│ 1.35  │ 539.83  │ 400.00   │ _06701_                                │ _25131_/A1      │ met3  │
│ 1.35  │ 539.83  │ 400.00   │ accelerator_u.array_inst.acc[0\][22\]  │ _16010_/A1      │ met3  │
│ 1.35  │ 539.83  │ 400.00   │ accelerator_u.array_inst.acc[1\][8\]   │ _15804_/A1      │ met3  │
│ 1.34  │ 534.77  │ 400.00   │ net2028                                │ _19515_/A1      │ met1  │
│ 1.34  │ 534.67  │ 400.00   │ _06743_                                │ _25155_/B1_N    │ met3  │
│ 1.34  │ 534.67  │ 400.00   │ accelerator_u.mat_a_reg[1\][25\]       │ _18954_/A       │ met3  │
│ 1.34  │ 534.67  │ 400.00   │ accelerator_u.mat_b_reg[2\][20\]       │ _17948_/A       │ met3  │
│ 1.33  │ 531.83  │ 400.00   │ net358                                 │ _26923_/RESET_B │ met1  │
│ 1.33  │ 3688.76 │ 2778.20  │ _09462_                                │ _26825_/D       │ met4  │
│ 1.33  │ 530.67  │ 400.00   │ accelerator_u.array_inst.acc[0\][17\]  │ _15935_/A1      │ met1  │
│ 1.32  │ 528.20  │ 400.00   │ imem_data[15]                          │ fanout498/A     │ met2  │
│ 1.32  │ 527.23  │ 400.00   │ net358                                 │ _27115_/RESET_B │ met1  │
│ 1.30  │ 3601.14 │ 2778.20  │ _09569_                                │ _26833_/D       │ met4  │
│ 1.29  │ 514.98  │ 400.00   │ accelerator_u.WDATA[3\]                │ _16372_/A0      │ met1  │
│ 1.28  │ 511.13  │ 400.00   │ accelerator_u.array_inst.acc[8\][24\]  │ _16042_/B2      │ met1  │
│ 1.28  │ 510.49  │ 400.00   │ accelerator_u.array_inst.acc[10\][11\] │ _15841_/A1      │ met1  │
│ 1.26  │ 504.21  │ 400.00   │ net1467                                │ _14942_/A0      │ met1  │
│ 1.26  │ 3555.17 │ 2831.00  │ _06639_                                │ _26467_/A0      │ met3  │
│ 1.24  │ 496.32  │ 400.00   │ net2333                                │ fanout407/A     │ met2  │
│ 1.24  │ 495.22  │ 400.00   │ _06593_                                │ _25019_/A1      │ met3  │
│ 1.24  │ 495.22  │ 400.00   │ _07915_                                │ _13537_/A2      │ met3  │
│ 1.24  │ 495.22  │ 400.00   │ _10185_                                │ _16005_/C1      │ met3  │
│ 1.23  │ 492.87  │ 400.00   │ accelerator_u.RDATA[26\]               │ _26676_/A1      │ met1  │
│ 1.23  │ 492.40  │ 400.00   │ net2340                                │ _13356_/A_N     │ met1  │
│ 1.23  │ 492.40  │ 400.00   │ net2340                                │ _13435_/B       │ met1  │
│ 1.23  │ 491.87  │ 400.00   │ accelerator_u.RDATA[1\]                │ _26625_/A1      │ met2  │
│ 1.21  │ 484.43  │ 400.00   │ accelerator_u.mat_b_reg[2\][12\]       │ _17946_/A       │ met1  │
│ 1.21  │ 482.64  │ 400.00   │ _12213_                                │ _18497_/D       │ met1  │
│ 1.20  │ 3338.29 │ 2778.20  │ _09475_                                │ _26826_/D       │ met4  │
│ 1.20  │ 479.05  │ 400.00   │ accelerator_u.array_inst.acc[1\][20\]  │ _15979_/B2      │ met1  │
│ 1.20  │ 479.05  │ 400.00   │ accelerator_u.array_inst.acc[1\][20\]  │ _17873_/A       │ met1  │
│ 1.18  │ 473.72  │ 400.00   │ _06795_                                │ _26207_/A0      │ met1  │
│ 1.17  │ 469.19  │ 400.00   │ accelerator_u.mat_b_reg[2\][3\]        │ _17940_/A       │ met1  │
│ 1.17  │ 468.75  │ 400.00   │ accelerator_u.array_inst.b_v[4\][7\]   │ _19004_/A1      │ met1  │
│ 1.17  │ 467.76  │ 400.00   │ net1504                                │ _14862_/A0      │ met1  │
│ 1.17  │ 467.36  │ 400.00   │ _00159_                                │ _26839_/D       │ met2  │
│ 1.16  │ 463.05  │ 400.00   │ _09580_                                │ _26834_/D       │ met4  │
│ 1.15  │ 458.78  │ 400.00   │ net432                                 │ _27970_/RESET_B │ met1  │
│ 1.14  │ 454.73  │ 400.00   │ net2185                                │ _13774_/A1      │ met1  │
│ 1.13  │ 451.99  │ 400.00   │ accelerator_u.array_inst.acc[9\][6\]   │ _15770_/B2      │ met1  │
│ 1.13  │ 450.62  │ 400.00   │ _09975_                                │ _15781_/B1      │ met3  │
│ 1.13  │ 450.62  │ 400.00   │ _11744_                                │ _17941_/A3      │ met3  │
│ 1.13  │ 450.62  │ 400.00   │ accelerator_u.array_inst.acc[0\][18\]  │ _15945_/A1      │ met3  │
│ 1.13  │ 450.62  │ 400.00   │ accelerator_u.array_inst.acc[3\][6\]   │ _15763_/B2      │ met3  │
│ 1.12  │ 448.37  │ 400.00   │ accelerator_u.array_inst.acc[1\][13\]  │ _15870_/B2      │ met3  │
│ 1.12  │ 448.37  │ 400.00   │ accelerator_u.array_inst.acc[1\][13\]  │ _17824_/A1      │ met3  │
│ 1.12  │ 447.05  │ 400.00   │ _09350_                                │ _15121_/A       │ met3  │
│ 1.12  │ 446.81  │ 400.00   │ accelerator_u.mat_a_reg[1\][13\]       │ _15874_/A       │ met1  │
│ 1.11  │ 444.87  │ 400.00   │ accelerator_u.mat_b_reg[2\][18\]       │ _17931_/A       │ met1  │
│ 1.11  │ 444.54  │ 400.00   │ _10734_                                │ _16915_/C       │ met1  │
│ 1.11  │ 3083.81 │ 2778.20  │ _09911_                                │ _15711_/D       │ met5  │
│ 1.11  │ 443.90  │ 400.00   │ _09951_                                │ _15760_/A       │ met1  │
│ 1.10  │ 441.89  │ 400.00   │ _11207_                                │ _17373_/B       │ met1  │
│ 1.10  │ 440.62  │ 400.00   │ accelerator_u.array_inst.acc[10\][12\] │ _15852_/B2      │ met1  │
│ 1.10  │ 440.29  │ 400.00   │ accelerator_u.WDATA[28\]               │ _16423_/A0      │ met1  │
│ 1.10  │ 440.15  │ 400.00   │ net1569                                │ _24788_/A0      │ met1  │
│ 1.10  │ 439.05  │ 400.00   │ accelerator_u.WDATA[20\]               │ _16407_/A0      │ met1  │
│ 1.10  │ 438.08  │ 400.00   │ accelerator_u.array_inst.acc[9\][5\]   │ _15753_/A1      │ met1  │
│ 1.09  │ 437.43  │ 400.00   │ accelerator_u.array_inst.acc[1\][17\]  │ _15934_/B2      │ met1  │
│ 1.09  │ 436.91  │ 400.00   │ accelerator_u.array_inst.acc[13\][17\] │ _15931_/A1      │ met1  │
│ 1.09  │ 434.85  │ 400.00   │ accelerator_u.array_inst.acc[4\][28\]  │ _16096_/B2      │ met1  │
│ 1.08  │ 433.57  │ 400.00   │ accelerator_u.WDATA[31\]               │ _16634_/A0      │ met1  │
│ 1.08  │ 433.47  │ 400.00   │ _11236_                                │ _17383_/B       │ met1  │
│ 1.08  │ 432.61  │ 400.00   │ accelerator_u.array_inst.b_v[5\][2\]   │ _19533_/D       │ met1  │
│ 1.08  │ 432.61  │ 400.00   │ accelerator_u.array_inst.b_v[5\][2\]   │ _19534_/A2_N    │ met1  │
│ 1.08  │ 432.39  │ 400.00   │ accelerator_u.WDATA[0\]                │ _16366_/A0      │ met2  │
│ 1.08  │ 431.92  │ 400.00   │ net1690                                │ _17965_/A1      │ met1  │
│ 1.08  │ 2996.57 │ 2778.20  │ _09593_                                │ _26835_/D       │ met4  │
│ 1.07  │ 429.61  │ 400.00   │ _08594_                                │ _14216_/A       │ met1  │
│ 1.07  │ 428.11  │ 400.00   │ accelerator_u.array_inst.acc[14\][12\] │ _15853_/A1      │ met1  │
│ 1.07  │ 427.97  │ 400.00   │ _09661_                                │ _26840_/D       │ met1  │
│ 1.06  │ 423.70  │ 400.00   │ _08699_                                │ _15432_/A1      │ met3  │
│ 1.06  │ 423.70  │ 400.00   │ accelerator_u.RDATA[13\]               │ _26650_/A1      │ met3  │
│ 1.05  │ 420.23  │ 400.00   │ net1508                                │ _14938_/A0      │ met1  │
│ 1.05  │ 419.17  │ 400.00   │ _08847_                                │ _14483_/A3      │ met1  │
│ 1.04  │ 415.55  │ 400.00   │ accelerator_u.array_inst.acc[3\][9\]   │ _15817_/A1      │ met2  │
│ 1.04  │ 414.76  │ 400.00   │ accelerator_u.array_inst.acc[1\][22\]  │ _17867_/C       │ met1  │
│ 1.04  │ 414.76  │ 400.00   │ accelerator_u.array_inst.acc[1\][22\]  │ _17877_/A       │ met1  │
│ 1.03  │ 413.29  │ 400.00   │ net333                                 │ _27544_/RESET_B │ met1  │
│ 1.02  │ 409.97  │ 400.00   │ net2334                                │ _16581_/A0      │ met1  │
│ 1.02  │ 409.67  │ 400.00   │ _09995_                                │ _15805_/B       │ met1  │
│ 1.02  │ 409.08  │ 400.00   │ accelerator_u.array_inst.b_v[11\][7\]  │ _22439_/B       │ met1  │
│ 1.02  │ 406.89  │ 400.00   │ _08617_                                │ _14239_/A2      │ met3  │
│ 1.02  │ 406.89  │ 400.00   │ _08617_                                │ place1465/A     │ met3  │
│ 1.02  │ 406.30  │ 400.00   │ net2081                                │ _15537_/A1      │ met3  │
│ 1.01  │ 405.84  │ 400.00   │ accelerator_u.mat_b_reg[2\][1\]        │ _15679_/A1      │ met1  │
│ 1.01  │ 404.91  │ 400.00   │ _07813_                                │ _24850_/A0      │ met1  │
│ 1.01  │ 403.55  │ 400.00   │ net1506                                │ _14795_/A0      │ met1  │
│ 1.01  │ 403.55  │ 400.00   │ net1506                                │ _14934_/A0      │ met1  │
│ 1.01  │ 403.07  │ 400.00   │ _04552_                                │ _22758_/B       │ met3  │
│ 1.01  │ 403.07  │ 400.00   │ _04552_                                │ _22798_/C       │ met3  │
│ 1.01  │ 403.07  │ 400.00   │ _04552_                                │ _22799_/C       │ met3  │
│ 1.01  │ 403.07  │ 400.00   │ _04552_                                │ _22843_/C       │ met3  │
│ 1.01  │ 403.07  │ 400.00   │ _04552_                                │ _22866_/C       │ met3  │
│ 1.01  │ 403.07  │ 400.00   │ _04552_                                │ _22908_/C       │ met3  │
│ 1.01  │ 403.07  │ 400.00   │ _04552_                                │ _22980_/C       │ met3  │
│ 1.00  │ 400.74  │ 400.00   │ net1874                                │ place1873/A     │ met2  │
│ 1.00  │ 400.48  │ 400.00   │ accelerator_u.mat_a_reg[1\][9\]        │ _15813_/A1      │ met1  │
└───────┴─────────┴──────────┴────────────────────────────────────────┴─────────────────┴───────┘
