
===========================================================================
report_checks -unconstrained
===========================================================================
======================= nom_ff_n40C_1v95 Corner ===================================

Startpoint: _17644_ (rising edge-triggered flip-flop clocked by clk)
Endpoint: _15296_ (rising edge-triggered flip-flop clocked by clk)
Path Group: clk
Path Type: max

Fanout         Cap        Slew       Delay        Time   Description
---------------------------------------------------------------------------------------------
                                  0.000000    0.000000   clock clk (rise edge)
                                  0.000000    0.000000   clock source latency
     2    0.095709    0.000000    0.000000    0.000000 ^ clk (in)
                                                         clk (net)
                      0.057285    0.030074    0.030074 ^ clkbuf_0_clk/A (sky130_fd_sc_hd__clkbuf_8)
     4    0.124488    0.166252    0.193229    0.223304 ^ clkbuf_0_clk/X (sky130_fd_sc_hd__clkbuf_8)
                                                         clknet_0_clk (net)
                      0.166642    0.006956    0.230260 ^ clkbuf_2_2_0_clk/A (sky130_fd_sc_hd__clkbuf_8)
     8    0.149720    0.197914    0.243500    0.473761 ^ clkbuf_2_2_0_clk/X (sky130_fd_sc_hd__clkbuf_8)
                                                         clknet_2_2_0_clk (net)
                      0.198085    0.005033    0.478794 ^ clkbuf_5_17__f_clk/A (sky130_fd_sc_hd__clkbuf_8)
    10    0.086112    0.118545    0.192237    0.671031 ^ clkbuf_5_17__f_clk/X (sky130_fd_sc_hd__clkbuf_8)
                                                         clknet_5_17__leaf_clk (net)
                      0.118663    0.002541    0.673572 ^ clkbuf_leaf_237_clk/A (sky130_fd_sc_hd__clkbuf_8)
     7    0.023351    0.042424    0.121234    0.794806 ^ clkbuf_leaf_237_clk/X (sky130_fd_sc_hd__clkbuf_8)
                                                         clknet_leaf_237_clk (net)
                      0.042432    0.000600    0.795406 ^ _17644_/CLK (sky130_fd_sc_hd__dfxtp_2)
    17    0.115742    0.433913    0.500003    1.295408 ^ _17644_/Q (sky130_fd_sc_hd__dfxtp_2)
                                                         core0.imm_gen.instruction[20] (net)
                      0.434065    0.007112    1.302521 ^ _07620_/A (sky130_fd_sc_hd__inv_2)
    13    0.103184    0.231785    0.217465    1.519986 v _07620_/Y (sky130_fd_sc_hd__inv_2)
                                                         _03829_ (net)
                      0.231886    0.004352    1.524338 v _08297_/C (sky130_fd_sc_hd__nand3_2)
     9    0.059200    0.238373    0.276858    1.801195 ^ _08297_/Y (sky130_fd_sc_hd__nand3_2)
                                                         _04501_ (net)
                      0.238383    0.001388    1.802583 ^ max_cap1218/A (sky130_fd_sc_hd__buf_6)
     8    0.050217    0.081515    0.127711    1.930294 ^ max_cap1218/X (sky130_fd_sc_hd__buf_6)
                                                         net1218 (net)
                      0.081575    0.001225    1.931520 ^ place869/A (sky130_fd_sc_hd__buf_2)
    20    0.114247    0.413125    0.360342    2.291862 ^ place869/X (sky130_fd_sc_hd__buf_2)
                                                         net869 (net)
                      0.413151    0.002932    2.294794 ^ _08342_/C1 (sky130_fd_sc_hd__o2111ai_2)
     2    0.005440    0.093854    0.065811    2.360605 v _08342_/Y (sky130_fd_sc_hd__o2111ai_2)
                                                         _04546_ (net)
                      0.093854    0.000141    2.360746 v _08343_/A (sky130_fd_sc_hd__and3_2)
     2    0.013179    0.046857    0.159694    2.520440 v _08343_/X (sky130_fd_sc_hd__and3_2)
                                                         _04547_ (net)
                      0.046857    0.000272    2.520711 v _08347_/A_N (sky130_fd_sc_hd__nand2b_2)
     4    0.017898    0.060065    0.150356    2.671067 v _08347_/Y (sky130_fd_sc_hd__nand2b_2)
                                                         _04551_ (net)
                      0.060069    0.000585    2.671652 v _08436_/A (sky130_fd_sc_hd__and4_2)
     3    0.015460    0.050223    0.152715    2.824367 v _08436_/X (sky130_fd_sc_hd__and4_2)
                                                         _04640_ (net)
                      0.050236    0.000745    2.825112 v _08437_/B (sky130_fd_sc_hd__nor2_2)
     5    0.038823    0.305768    0.256608    3.081720 ^ _08437_/Y (sky130_fd_sc_hd__nor2_2)
                                                         _04641_ (net)
                      0.305776    0.001390    3.083110 ^ _08439_/B1 (sky130_fd_sc_hd__o21ai_2)
     5    0.042545    0.138803    0.132894    3.216004 v _08439_/Y (sky130_fd_sc_hd__o21ai_2)
                                                         _04643_ (net)
                      0.138821    0.001341    3.217345 v _08522_/A1 (sky130_fd_sc_hd__a21oi_2)
     5    0.038081    0.339716    0.336165    3.553510 ^ _08522_/Y (sky130_fd_sc_hd__a21oi_2)
                                                         _04726_ (net)
                      0.339746    0.002798    3.556308 ^ _08569_/A2 (sky130_fd_sc_hd__o21ai_2)
     5    0.038993    0.137891    0.134899    3.691206 v _08569_/Y (sky130_fd_sc_hd__o21ai_2)
                                                         _04773_ (net)
                      0.137986    0.003116    3.694323 v _08600_/A1 (sky130_fd_sc_hd__a21boi_2)
     6    0.029641    0.266459    0.281762    3.976084 ^ _08600_/Y (sky130_fd_sc_hd__a21boi_2)
                                                         _04804_ (net)
                      0.266462    0.000811    3.976895 ^ _08762_/A2 (sky130_fd_sc_hd__o211a_2)
     2    0.012071    0.066265    0.154498    4.131393 ^ _08762_/X (sky130_fd_sc_hd__o211a_2)
                                                         _04966_ (net)
                      0.066267    0.000481    4.131874 ^ _08765_/B (sky130_fd_sc_hd__nor2_2)
     2    0.041427    0.083025    0.074801    4.206675 v _08765_/Y (sky130_fd_sc_hd__nor2_2)
                                                         _04969_ (net)
                      0.083052    0.001279    4.207953 v _08773_/A2 (sky130_fd_sc_hd__o21a_2)
     1    0.008741    0.035628    0.157053    4.365007 v _08773_/X (sky130_fd_sc_hd__o21a_2)
                                                         _04977_ (net)
                      0.035658    0.000270    4.365277 v _08778_/B (sky130_fd_sc_hd__nor3_4)
     1    0.007219    0.105452    0.122358    4.487634 ^ _08778_/Y (sky130_fd_sc_hd__nor3_4)
                                                         _04982_ (net)
                      0.105452    0.000337    4.487971 ^ place771/A (sky130_fd_sc_hd__buf_2)
    10    0.059165    0.216335    0.225953    4.713924 ^ place771/X (sky130_fd_sc_hd__buf_2)
                                                         net771 (net)
                      0.216386    0.002917    4.716842 ^ _09059_/A (sky130_fd_sc_hd__nand4_4)
    11    0.084611    0.247254    0.227496    4.944338 v _09059_/Y (sky130_fd_sc_hd__nand4_4)
                                                         _05262_ (net)
                      0.247533    0.006974    4.951312 v _10588_/B (sky130_fd_sc_hd__nor2_4)
    10    0.064101    0.295551    0.327064    5.278376 ^ _10588_/Y (sky130_fd_sc_hd__nor2_4)
                                                         _06732_ (net)
                      0.295624    0.004003    5.282379 ^ place763/A (sky130_fd_sc_hd__buf_2)
    19    0.095571    0.346730    0.340957    5.623336 ^ place763/X (sky130_fd_sc_hd__buf_2)
                                                         net763 (net)
                      0.346799    0.004306    5.627642 ^ _10610_/A2 (sky130_fd_sc_hd__a22oi_2)
     1    0.010610    0.092850    0.081381    5.709023 v _10610_/Y (sky130_fd_sc_hd__a22oi_2)
                                                         _06754_ (net)
                      0.092851    0.000584    5.709607 v wire1189/A (sky130_fd_sc_hd__buf_2)
     2    0.052176    0.088289    0.170171    5.879777 v wire1189/X (sky130_fd_sc_hd__buf_2)
                                                         net1189 (net)
                      0.088305    0.001065    5.880843 v _10616_/B1 (sky130_fd_sc_hd__o22ai_2)
     1    0.005453    0.101658    0.106677    5.987520 ^ _10616_/Y (sky130_fd_sc_hd__o22ai_2)
                                                         _06760_ (net)
                      0.101658    0.000178    5.987698 ^ _10634_/A1 (sky130_fd_sc_hd__o211ai_2)
     3    0.033648    0.137276    0.138370    6.126068 v _10634_/Y (sky130_fd_sc_hd__o211ai_2)
                                                         _06778_ (net)
                      0.137436    0.003972    6.130040 v _10935_/A1 (sky130_fd_sc_hd__a31oi_2)
     1    0.002437    0.088870    0.120206    6.250246 ^ _10935_/Y (sky130_fd_sc_hd__a31oi_2)
                                                         _00126_ (net)
                      0.088870    0.000054    6.250299 ^ hold1446/A (sky130_fd_sc_hd__dlygate4sd3_1)
     1    0.002588    0.036010    0.398773    6.649073 ^ hold1446/X (sky130_fd_sc_hd__dlygate4sd3_1)
                                                         net1446 (net)
                      0.036010    0.000076    6.649149 ^ _15296_/D (sky130_fd_sc_hd__dfxtp_2)
                                              6.649149   data arrival time

                                 20.000000   20.000000   clock clk (rise edge)
                                  0.000000   20.000000   clock source latency
     2    0.095709    0.000000    0.000000   20.000000 ^ clk (in)
                                                         clk (net)
                      0.057285    0.027210   20.027210 ^ clkbuf_0_clk/A (sky130_fd_sc_hd__clkbuf_8)
     4    0.124488    0.166252    0.174827   20.202038 ^ clkbuf_0_clk/X (sky130_fd_sc_hd__clkbuf_8)
                                                         clknet_0_clk (net)
                      0.166642    0.006294   20.208332 ^ clkbuf_2_2_0_clk/A (sky130_fd_sc_hd__clkbuf_8)
     8    0.149720    0.197914    0.220309   20.428640 ^ clkbuf_2_2_0_clk/X (sky130_fd_sc_hd__clkbuf_8)
                                                         clknet_2_2_0_clk (net)
                      0.198277    0.006580   20.435221 ^ clkbuf_5_18__f_clk/A (sky130_fd_sc_hd__clkbuf_8)
    11    0.094128    0.128160    0.179931   20.615150 ^ clkbuf_5_18__f_clk/X (sky130_fd_sc_hd__clkbuf_8)
                                                         clknet_5_18__leaf_clk (net)
                      0.128308    0.003379   20.618530 ^ clkbuf_leaf_272_clk/A (sky130_fd_sc_hd__clkbuf_8)
     7    0.038727    0.060462    0.124585   20.743114 ^ clkbuf_leaf_272_clk/X (sky130_fd_sc_hd__clkbuf_8)
                                                         clknet_leaf_272_clk (net)
                      0.060471    0.000728   20.743843 ^ _15296_/CLK (sky130_fd_sc_hd__dfxtp_2)
                                 -0.250000   20.493843   clock uncertainty
                                  0.045120   20.538963   clock reconvergence pessimism
                                 -0.030998   20.507965   library setup time
                                             20.507965   data required time
---------------------------------------------------------------------------------------------
                                             20.507965   data required time
                                             -6.649149   data arrival time
---------------------------------------------------------------------------------------------
                                             13.858817   slack (MET)




===========================================================================
report_checks --slack_max -0.01
============================================================================
======================= nom_ff_n40C_1v95 Corner ===================================

No paths found.


===========================================================================
 report_check_types -max_slew -max_cap -max_fanout -violators
============================================================================
======================= nom_ff_n40C_1v95 Corner ===================================

max fanout

Pin                                   Limit Fanout  Slack
---------------------------------------------------------
place1066/X                              32     33        (VIOLATED)
place1109/X                              32     33        (VIOLATED)

max capacitance

Pin                                        Limit         Cap       Slack
------------------------------------------------------------------------
place907/X                              0.200000    0.248155   -0.048155 (VIOLATED)
place835/X                              0.200000    0.234586   -0.034586 (VIOLATED)
place951/X                              0.200000    0.226798   -0.026798 (VIOLATED)
place915/X                              0.200000    0.216439   -0.016439 (VIOLATED)
place930/X                              0.200000    0.215102   -0.015102 (VIOLATED)
place875/X                              0.200000    0.212598   -0.012598 (VIOLATED)
place717/X                              0.200000    0.211635   -0.011635 (VIOLATED)
place828/X                              0.200000    0.206623   -0.006623 (VIOLATED)
place1163/X                             0.200000    0.206607   -0.006607 (VIOLATED)



===========================================================================
report_parasitic_annotation -report_unannotated
============================================================================
Found 320 unannotated drivers.
 clkload0/X
 clkload1/Y
 clkload10/Y
 clkload100/Y
 clkload101/Y
 clkload102/Y
 clkload103/Y
 clkload104/Y
 clkload105/Y
 clkload106/Y
 clkload107/X
 clkload108/X
 clkload109/Y
 clkload11/Y
 clkload110/Y
 clkload111/Y
 clkload112/Y
 clkload113/Y
 clkload114/Y
 clkload115/Y
 clkload116/Y
 clkload117/Y
 clkload118/Y
 clkload119/Y
 clkload12/X
 clkload120/Y
 clkload121/Y
 clkload122/Y
 clkload123/Y
 clkload124/Y
 clkload125/Y
 clkload126/Y
 clkload127/Y
 clkload128/X
 clkload129/Y
 clkload13/Y
 clkload130/X
 clkload131/Y
 clkload132/Y
 clkload133/X
 clkload134/Y
 clkload135/X
 clkload136/Y
 clkload137/Y
 clkload138/Y
 clkload139/Y
 clkload14/X
 clkload140/Y
 clkload141/Y
 clkload142/Y
 clkload143/Y
 clkload144/Y
 clkload145/Y
 clkload146/Y
 clkload147/Y
 clkload148/Y
 clkload149/X
 clkload15/Y
 clkload150/Y
 clkload151/Y
 clkload152/Y
 clkload153/Y
 clkload154/Y
 clkload155/X
 clkload156/X
 clkload157/X
 clkload158/Y
 clkload159/X
 clkload16/Y
 clkload160/Y
 clkload161/Y
 clkload162/Y
 clkload163/Y
 clkload164/Y
 clkload165/X
 clkload166/X
 clkload167/Y
 clkload168/Y
 clkload169/X
 clkload17/Y
 clkload170/Y
 clkload171/X
 clkload172/X
 clkload173/Y
 clkload174/X
 clkload175/Y
 clkload176/X
 clkload177/X
 clkload178/Y
 clkload179/Y
 clkload18/X
 clkload180/Y
 clkload181/Y
 clkload182/Y
 clkload183/Y
 clkload184/Y
 clkload185/Y
 clkload186/Y
 clkload187/Y
 clkload188/Y
 clkload189/Y
 clkload19/X
 clkload190/Y
 clkload191/Y
 clkload192/Y
 clkload193/Y
 clkload194/Y
 clkload195/Y
 clkload196/Y
 clkload197/Y
 clkload198/Y
 clkload199/Y
 clkload2/X
 clkload20/X
 clkload200/Y
 clkload201/Y
 clkload202/Y
 clkload203/Y
 clkload204/X
 clkload205/Y
 clkload206/X
 clkload207/Y
 clkload208/Y
 clkload209/Y
 clkload21/Y
 clkload210/X
 clkload211/Y
 clkload212/Y
 clkload213/Y
 clkload214/Y
 clkload215/Y
 clkload216/Y
 clkload217/Y
 clkload218/Y
 clkload219/X
 clkload22/Y
 clkload220/Y
 clkload221/Y
 clkload222/X
 clkload223/Y
 clkload224/Y
 clkload225/Y
 clkload226/X
 clkload227/Y
 clkload228/Y
 clkload229/Y
 clkload23/Y
 clkload230/Y
 clkload231/Y
 clkload232/Y
 clkload233/Y
 clkload234/Y
 clkload235/Y
 clkload236/X
 clkload237/Y
 clkload238/Y
 clkload239/Y
 clkload24/Y
 clkload240/X
 clkload241/Y
 clkload242/X
 clkload243/Y
 clkload244/X
 clkload245/Y
 clkload246/X
 clkload247/Y
 clkload248/Y
 clkload249/Y
 clkload25/Y
 clkload250/Y
 clkload251/X
 clkload252/Y
 clkload253/X
 clkload254/Y
 clkload255/Y
 clkload256/Y
 clkload257/Y
 clkload258/X
 clkload259/Y
 clkload26/Y
 clkload260/Y
 clkload261/Y
 clkload262/X
 clkload263/Y
 clkload264/Y
 clkload265/Y
 clkload266/Y
 clkload267/X
 clkload268/X
 clkload269/X
 clkload27/Y
 clkload270/X
 clkload271/X
 clkload272/X
 clkload273/X
 clkload274/Y
 clkload275/Y
 clkload276/Y
 clkload277/Y
 clkload278/Y
 clkload279/Y
 clkload28/Y
 clkload280/Y
 clkload281/Y
 clkload282/Y
 clkload283/Y
 clkload284/Y
 clkload285/Y
 clkload286/Y
 clkload287/Y
 clkload288/Y
 clkload289/Y
 clkload29/Y
 clkload290/Y
 clkload291/Y
 clkload292/X
 clkload293/Y
 clkload294/Y
 clkload295/Y
 clkload296/X
 clkload297/Y
 clkload298/Y
 clkload299/Y
 clkload3/X
 clkload30/Y
 clkload300/X
 clkload301/X
 clkload302/X
 clkload303/X
 clkload304/Y
 clkload305/Y
 clkload306/X
 clkload307/Y
 clkload308/X
 clkload309/Y
 clkload31/Y
 clkload310/Y
 clkload311/Y
 clkload312/X
 clkload313/X
 clkload314/X
 clkload315/Y
 clkload316/Y
 clkload317/Y
 clkload318/X
 clkload319/Y
 clkload32/Y
 clkload33/Y
 clkload34/Y
 clkload35/Y
 clkload36/Y
 clkload37/Y
 clkload38/Y
 clkload39/Y
 clkload4/X
 clkload40/Y
 clkload41/Y
 clkload42/Y
 clkload43/Y
 clkload44/X
 clkload45/Y
 clkload46/Y
 clkload47/Y
 clkload48/Y
 clkload49/X
 clkload5/Y
 clkload50/X
 clkload51/Y
 clkload52/Y
 clkload53/X
 clkload54/Y
 clkload55/Y
 clkload56/X
 clkload57/Y
 clkload58/Y
 clkload59/Y
 clkload6/Y
 clkload60/Y
 clkload61/X
 clkload62/Y
 clkload63/Y
 clkload64/X
 clkload65/Y
 clkload66/X
 clkload67/X
 clkload68/Y
 clkload69/X
 clkload7/Y
 clkload70/Y
 clkload71/Y
 clkload72/Y
 clkload73/Y
 clkload74/Y
 clkload75/Y
 clkload76/Y
 clkload77/Y
 clkload78/Y
 clkload79/X
 clkload8/Y
 clkload80/Y
 clkload81/X
 clkload82/Y
 clkload83/Y
 clkload84/Y
 clkload85/Y
 clkload86/Y
 clkload87/Y
 clkload88/Y
 clkload89/Y
 clkload9/Y
 clkload90/Y
 clkload91/Y
 clkload92/Y
 clkload93/Y
 clkload94/Y
 clkload95/Y
 clkload96/Y
 clkload97/Y
 clkload98/Y
 clkload99/Y
Found 0 partially unannotated drivers.

===========================================================================
max slew violation count 0
max fanout violation count 2
max cap violation count 9
============================================================================

===========================================================================
check_setup -verbose -unconstrained_endpoints -multiple_clock -no_clock -no_input_delay -loops -generated_clocks
===========================================================================
Warning: There is 1 input port missing set_input_delay.
  reset
