Clock: clk
Sources: clk 
Generated: no
Virtual: yes
Propagated: no
Period: 20.000000

===========================================================================
report_clock_properties
============================================================================
Clock                   Period          Waveform
----------------------------------------------------
clk                  20.000000    0.000000 10.000000

===========================================================================
report_clock_latency
============================================================================
Clock clk
rise -> rise
    min     max
0.000000 0.000000 source latency
0.599366         network latency _17704_/CLK
        0.888041 network latency _17549_/CLK
---------------
0.599366 0.888041 latency
        0.288675 skew

fall -> fall
    min     max
0.000000 0.000000 source latency
0.532285         network latency _17704_/CLK
        0.786878 network latency _17549_/CLK
---------------
0.532285 0.786878 latency
        0.254593 skew



===========================================================================
report_clock_min_period
============================================================================
clk period_min = 6.14 fmax = 162.84
