
===========================================================================
 report_power
============================================================================
======================= nom_ff_n40C_1v95 Corner ===================================

Group                    Internal    Switching      Leakage        Total
                            Power        Power        Power        Power (Watts)
------------------------------------------------------------------------
Sequential           6.812919e-03 2.287497e-04 5.799929e-08 7.041727e-03  45.9%
Combinational        8.910376e-04 1.228676e-03 1.580995e-07 2.119872e-03  13.8%
Clock                3.096901e-03 3.077763e-03 6.766885e-07 6.175341e-03  40.3%
Macro                0.000000e+00 0.000000e+00 0.000000e+00 0.000000e+00   0.0%
Pad                  0.000000e+00 0.000000e+00 0.000000e+00 0.000000e+00   0.0%
------------------------------------------------------------------------
Total                1.080083e-02 4.535188e-03 8.928077e-07 1.533691e-02 100.0%
                            70.4%        29.6%         0.0%

