Reading timing models for corner max_tt_025C_1v80…
Reading timing library for the 'max_tt_025C_1v80' corner at '/home/cl4/.ciel/ciel/sky130/versions/8afc8346a57fe1ab7934ba5a6056ea8b43078e71/sky130A/libs.ref/sky130_fd_sc_hd/lib/sky130_fd_sc_hd__tt_025C_1v80.lib'…
Reading timing models for corner min_ss_100C_1v60…
Reading timing library for the 'min_ss_100C_1v60' corner at '/home/cl4/.ciel/ciel/sky130/versions/8afc8346a57fe1ab7934ba5a6056ea8b43078e71/sky130A/libs.ref/sky130_fd_sc_hd/lib/sky130_fd_sc_hd__ss_100C_1v60.lib'…
Reading timing models for corner nom_tt_025C_1v80…
Reading timing library for the 'nom_tt_025C_1v80' corner at '/home/cl4/.ciel/ciel/sky130/versions/8afc8346a57fe1ab7934ba5a6056ea8b43078e71/sky130A/libs.ref/sky130_fd_sc_hd/lib/sky130_fd_sc_hd__tt_025C_1v80.lib'…
[WARNING STA-1140] /home/cl4/.ciel/ciel/sky130/versions/8afc8346a57fe1ab7934ba5a6056ea8b43078e71/sky130A/libs.ref/sky130_fd_sc_hd/lib/sky130_fd_sc_hd__tt_025C_1v80.lib line 1, library sky130_fd_sc_hd__tt_025C_1v80 already exists.
Reading timing models for corner max_ff_n40C_1v95…
Reading timing library for the 'max_ff_n40C_1v95' corner at '/home/cl4/.ciel/ciel/sky130/versions/8afc8346a57fe1ab7934ba5a6056ea8b43078e71/sky130A/libs.ref/sky130_fd_sc_hd/lib/sky130_fd_sc_hd__ff_n40C_1v95.lib'…
Reading timing models for corner nom_ff_n40C_1v95…
Reading timing library for the 'nom_ff_n40C_1v95' corner at '/home/cl4/.ciel/ciel/sky130/versions/8afc8346a57fe1ab7934ba5a6056ea8b43078e71/sky130A/libs.ref/sky130_fd_sc_hd/lib/sky130_fd_sc_hd__ff_n40C_1v95.lib'…
[WARNING STA-1140] /home/cl4/.ciel/ciel/sky130/versions/8afc8346a57fe1ab7934ba5a6056ea8b43078e71/sky130A/libs.ref/sky130_fd_sc_hd/lib/sky130_fd_sc_hd__ff_n40C_1v95.lib line 1, library sky130_fd_sc_hd__ff_n40C_1v95 already exists.
Reading timing models for corner max_ss_100C_1v60…
Reading timing library for the 'max_ss_100C_1v60' corner at '/home/cl4/.ciel/ciel/sky130/versions/8afc8346a57fe1ab7934ba5a6056ea8b43078e71/sky130A/libs.ref/sky130_fd_sc_hd/lib/sky130_fd_sc_hd__ss_100C_1v60.lib'…
[WARNING STA-1140] /home/cl4/.ciel/ciel/sky130/versions/8afc8346a57fe1ab7934ba5a6056ea8b43078e71/sky130A/libs.ref/sky130_fd_sc_hd/lib/sky130_fd_sc_hd__ss_100C_1v60.lib line 1, library sky130_fd_sc_hd__ss_100C_1v60 already exists.
Reading timing models for corner min_tt_025C_1v80…
Reading timing library for the 'min_tt_025C_1v80' corner at '/home/cl4/.ciel/ciel/sky130/versions/8afc8346a57fe1ab7934ba5a6056ea8b43078e71/sky130A/libs.ref/sky130_fd_sc_hd/lib/sky130_fd_sc_hd__tt_025C_1v80.lib'…
[WARNING STA-1140] /home/cl4/.ciel/ciel/sky130/versions/8afc8346a57fe1ab7934ba5a6056ea8b43078e71/sky130A/libs.ref/sky130_fd_sc_hd/lib/sky130_fd_sc_hd__tt_025C_1v80.lib line 1, library sky130_fd_sc_hd__tt_025C_1v80 already exists.
Reading timing models for corner nom_ss_100C_1v60…
Reading timing library for the 'nom_ss_100C_1v60' corner at '/home/cl4/.ciel/ciel/sky130/versions/8afc8346a57fe1ab7934ba5a6056ea8b43078e71/sky130A/libs.ref/sky130_fd_sc_hd/lib/sky130_fd_sc_hd__ss_100C_1v60.lib'…
[WARNING STA-1140] /home/cl4/.ciel/ciel/sky130/versions/8afc8346a57fe1ab7934ba5a6056ea8b43078e71/sky130A/libs.ref/sky130_fd_sc_hd/lib/sky130_fd_sc_hd__ss_100C_1v60.lib line 1, library sky130_fd_sc_hd__ss_100C_1v60 already exists.
Reading timing models for corner min_ff_n40C_1v95…
Reading timing library for the 'min_ff_n40C_1v95' corner at '/home/cl4/.ciel/ciel/sky130/versions/8afc8346a57fe1ab7934ba5a6056ea8b43078e71/sky130A/libs.ref/sky130_fd_sc_hd/lib/sky130_fd_sc_hd__ff_n40C_1v95.lib'…
[WARNING STA-1140] /home/cl4/.ciel/ciel/sky130/versions/8afc8346a57fe1ab7934ba5a6056ea8b43078e71/sky130A/libs.ref/sky130_fd_sc_hd/lib/sky130_fd_sc_hd__ff_n40C_1v95.lib line 1, library sky130_fd_sc_hd__ff_n40C_1v95 already exists.
Reading OpenROAD database at '/home/cl4/Desktop/training/RISC-V-SoC-with-Coherent-Memory-Subsystem/physical_design/runs/RUN_2026-09-09_05-42-53/35-openroad-cts/riscv_soc_top.odb'…
Reading design constraints file at '/home/cl4/Desktop/training/RISC-V-SoC-with-Coherent-Memory-Subsystem/physical_design/src/pnr.sdc'…
[INFO] No information on clock propagation in input SDC file-- propagating all clocks.
+ repair_timing -verbose -setup -setup_margin 0.05000000000000000277555756156289135105907917022705078125 -max_buffer_percent 50
[INFO RSZ-0100] Repair move sequence: UnbufferMove SizeUpMove SwapPinsMove BufferMove CloneMove SplitLoadMove 
[INFO RSZ-0098] No setup violations found
+ repair_timing -verbose -hold -setup_margin 0.05000000000000000277555756156289135105907917022705078125 -hold_margin 0.1000000000000000055511151231257827021181583404541015625 -max_buffer_percent 50
[INFO RSZ-0046] Found 112 endpoints with hold violations.
Iteration | Resized | Buffers | Cloned Gates |   Area   |   WNS   |   TNS   | Endpoint
--------------------------------------------------------------------------------------
        0 |       0 |       0 |            0 |    +0.0% |  -0.026 |  -0.026 | _1056_/D
       10 |       0 |       9 |            0 |    +0.8% |   0.040 |   0.000 | _1058_/D
       20 |       0 |      23 |            0 |    +1.9% |   0.052 |   0.000 | _1073_/D
       30 |       0 |      35 |            0 |    +2.9% |   0.060 |   0.000 | _1036_/D
       40 |       0 |      45 |            0 |    +3.8% |   0.062 |   0.000 | _1039_/D
       50 |       0 |      56 |            0 |    +4.7% |   0.069 |   0.000 | _1153_/D
       60 |       0 |      64 |            0 |    +5.4% |   0.078 |   0.000 | _1130_/D
       70 |       0 |      73 |            0 |    +6.1% |   0.086 |   0.000 | _1049_/D
       80 |       0 |      83 |            0 |    +7.0% |   0.091 |   0.000 | _1094_/D
       90 |       0 |      92 |            0 |    +7.7% |   0.093 |   0.000 | _1104_/D
      100 |       0 |     102 |            0 |    +8.6% |   0.096 |   0.000 | _1078_/D
      110 |       0 |     111 |            0 |    +9.3% |   0.096 |   0.000 | _1078_/D
    final |       0 |     116 |            0 |    +9.8% |   0.101 |   0.000 | _1183_/D
--------------------------------------------------------------------------------------
[INFO RSZ-0032] Inserted 116 hold buffers.
+ detailed_placement -max_displacement  500 100 
Placement Analysis
---------------------------------
total displacement        868.3 u
average displacement        0.6 u
max displacement            9.0 u
original HPWL           16577.8 u
legalized HPWL          18322.4 u
delta HPWL                   11 %

[INFO DPL-0020] Mirrored 485 instances
[INFO DPL-0021] HPWL before           18322.4 u
[INFO DPL-0022] HPWL after            17211.9 u
[INFO DPL-0023] HPWL delta               -6.1 %
Setting global connections for newly added cells…
[INFO] Setting global connections...
[INFO ODB-0403] 464 connections made, 0 conflicts skipped.
Updating metrics…
Cell type report:                       Count       Area
  Fill cell                               108     405.39
  Tap cell                                308     385.37
  Buffer                                    5      25.02
  Clock buffer                             56    1098.55
  Timing Repair Buffer                    200    2001.92
  Inverter                                 23      86.33
  Sequential cell                         196    5149.94
  Multi-Input combinational cell          547    4685.74
  Total                                  1443   13838.27
Writing OpenROAD database to '/home/cl4/Desktop/training/RISC-V-SoC-with-Coherent-Memory-Subsystem/physical_design/runs/RUN_2026-09-09_05-42-53/37-openroad-resizertimingpostcts/riscv_soc_top.odb'…
Writing netlist to '/home/cl4/Desktop/training/RISC-V-SoC-with-Coherent-Memory-Subsystem/physical_design/runs/RUN_2026-09-09_05-42-53/37-openroad-resizertimingpostcts/riscv_soc_top.nl.v'…
Writing powered netlist to '/home/cl4/Desktop/training/RISC-V-SoC-with-Coherent-Memory-Subsystem/physical_design/runs/RUN_2026-09-09_05-42-53/37-openroad-resizertimingpostcts/riscv_soc_top.pnl.v'…
Writing layout to '/home/cl4/Desktop/training/RISC-V-SoC-with-Coherent-Memory-Subsystem/physical_design/runs/RUN_2026-09-09_05-42-53/37-openroad-resizertimingpostcts/riscv_soc_top.def'…
Writing timing constraints to '/home/cl4/Desktop/training/RISC-V-SoC-with-Coherent-Memory-Subsystem/physical_design/runs/RUN_2026-09-09_05-42-53/37-openroad-resizertimingpostcts/riscv_soc_top.sdc'…
