Clock: clk
Sources: clk 
Generated: no
Virtual: yes
Propagated: no
Period: 20.000000

===========================================================================
report_clock_properties
============================================================================
Clock                   Period          Waveform
----------------------------------------------------
clk                  20.000000    0.000000 10.000000

===========================================================================
report_clock_latency
============================================================================
Clock clk
rise -> rise
    min     max
0.000000 0.000000 source latency
1.250418         network latency _28299_/CLK
        1.483590 network latency _28016_/CLK
---------------
1.250418 1.483590 latency
        0.233171 skew

fall -> fall
    min     max
0.000000 0.000000 source latency
1.012442         network latency _28299_/CLK
        1.192241 network latency _28016_/CLK
---------------
1.012442 1.192241 latency
        0.179799 skew



===========================================================================
report_clock_min_period
============================================================================
clk period_min = 10.62 fmax = 94.20
