Clock: clk
Sources: clk 
Generated: no
Virtual: yes
Propagated: no
Period: 20.000000

===========================================================================
report_clock_properties
============================================================================
Clock                   Period          Waveform
----------------------------------------------------
clk                  20.000000    0.000000 10.000000

===========================================================================
report_clock_latency
============================================================================
Clock clk
rise -> rise
    min     max
0.000000 0.000000 source latency
0.164895         network latency _31_/CLK
        0.184363 network latency _26_/CLK
---------------
0.164895 0.184363 latency
        0.019467 skew

fall -> fall
    min     max
0.000000 0.000000 source latency
0.162871         network latency _31_/CLK
        0.181768 network latency _26_/CLK
---------------
0.162871 0.181768 latency
        0.018897 skew



===========================================================================
report_clock_min_period
============================================================================
clk period_min = 1.44 fmax = 692.26
