Clock: clk
Sources: clk 
Generated: no
Virtual: yes
Propagated: no
Period: 20.000000

===========================================================================
report_clock_properties
============================================================================
Clock                   Period          Waveform
----------------------------------------------------
clk                  20.000000    0.000000 10.000000

===========================================================================
report_clock_latency
============================================================================
Clock clk
rise -> rise
    min     max
0.000000 0.000000 source latency
0.169641         network latency _31_/CLK
        0.190092 network latency _26_/CLK
---------------
0.169641 0.190092 latency
        0.020451 skew

fall -> fall
    min     max
0.000000 0.000000 source latency
0.165993         network latency _31_/CLK
        0.185636 network latency _26_/CLK
---------------
0.165993 0.185636 latency
        0.019643 skew



===========================================================================
report_clock_min_period
============================================================================
clk period_min = 1.46 fmax = 686.79
