Clock: clk
Sources: clk 
Generated: no
Virtual: yes
Propagated: no
Period: 50.000000

===========================================================================
report_clock_properties
============================================================================
Clock                   Period          Waveform
----------------------------------------------------
clk                  50.000000    0.000000 25.000000

===========================================================================
report_clock_latency
============================================================================
Clock clk
rise -> rise
    min     max
0.000000 0.000000 source latency
0.756104         network latency _1135_/CLK
        0.857813 network latency _1053_/CLK
---------------
0.756104 0.857813 latency
        0.101709 skew

fall -> fall
    min     max
0.000000 0.000000 source latency
0.782359         network latency _1135_/CLK
        0.882693 network latency _1053_/CLK
---------------
0.782359 0.882693 latency
        0.100334 skew



===========================================================================
report_clock_min_period
============================================================================
clk period_min = 15.96 fmax = 62.67
