                                                                        Cells by Master                                                                         
┏━━━━━━━━━━━━━━━━━━━━━━━━━━━━━━━━━━━━━━━━━━━━━━━━━━━━━━━━━━━━━━━━━━━━━━━━━━━━━━━━━━━━━━━━━━━━━━━━━━━━━━━━━━━━━━━━━━━━━━━━━━━━━━━━━━━┳━━━━━━━━━━━━━━━━━━━━━━━━━━┓
┃ Cell                                                                                                                              ┃ Count                    ┃
┡━━━━━━━━━━━━━━━━━━━━━━━━━━━━━━━━━━━━━━━━━━━━━━━━━━━━━━━━━━━━━━━━━━━━━━━━━━━━━━━━━━━━━━━━━━━━━━━━━━━━━━━━━━━━━━━━━━━━━━━━━━━━━━━━━━━╇━━━━━━━━━━━━━━━━━━━━━━━━━━┩
│ sky130_fd_sc_hd__a21oi_2                                                                                                          │ 6                        │
│ sky130_fd_sc_hd__a31o_2                                                                                                           │ 3                        │
│ sky130_fd_sc_hd__a31oi_2                                                                                                          │ 1                        │
│ sky130_fd_sc_hd__and2_2                                                                                                           │ 5                        │
│ sky130_fd_sc_hd__and2b_2                                                                                                          │ 2                        │
│ sky130_fd_sc_hd__and3_2                                                                                                           │ 8                        │
│ sky130_fd_sc_hd__and4_2                                                                                                           │ 15                       │
│ sky130_fd_sc_hd__buf_12                                                                                                           │ 1                        │
│ sky130_fd_sc_hd__buf_2                                                                                                            │ 3                        │
│ sky130_fd_sc_hd__buf_4                                                                                                            │ 1                        │
│ sky130_fd_sc_hd__clkbuf_16                                                                                                        │ 5                        │
│ sky130_fd_sc_hd__clkbuf_4                                                                                                         │ 1                        │
│ sky130_fd_sc_hd__clkdlybuf4s25_1                                                                                                  │ 77                       │
│ sky130_fd_sc_hd__conb_1                                                                                                           │ 6                        │
│ sky130_fd_sc_hd__decap_3                                                                                                          │ 241                      │
│ sky130_fd_sc_hd__dfrtp_2                                                                                                          │ 41                       │
│ sky130_fd_sc_hd__dlygate4sd3_1                                                                                                    │ 20                       │
│ sky130_fd_sc_hd__fill_1                                                                                                           │ 49                       │
│ sky130_fd_sc_hd__fill_2                                                                                                           │ 46                       │
│ sky130_fd_sc_hd__inv_2                                                                                                            │ 1                        │
│ sky130_fd_sc_hd__inv_4                                                                                                            │ 2                        │
│ sky130_fd_sc_hd__nand2_2                                                                                                          │ 5                        │
│ sky130_fd_sc_hd__nor2_2                                                                                                           │ 8                        │
│ sky130_fd_sc_hd__o21a_2                                                                                                           │ 2                        │
│ sky130_fd_sc_hd__o21ba_2                                                                                                          │ 6                        │
│ sky130_fd_sc_hd__o2bb2a_2                                                                                                         │ 1                        │
│ sky130_fd_sc_hd__or2_2                                                                                                            │ 1                        │
│ sky130_fd_sc_hd__tapvpwrvgnd_1                                                                                                    │ 67                       │
│ sky130_fd_sc_hd__xnor2_2                                                                                                          │ 4                        │
│ sky130_fd_sc_hd__xor2_2                                                                                                           │ 41                       │
└───────────────────────────────────────────────────────────────────────────────────────────────────────────────────────────────────┴──────────────────────────┘
