                                                                       Cells by Function                                                                        
┏━━━━━━━━━━━━━━━━━━━━━━━━━━━━━━━━━━━━━━━━━━━━━━━━━━━━━━━━━━━━━━━━━━━━━━━━━━━━━━━━━━━━━━━━━━━━━━━━━━━━━━━━━━━━━━━━━━━━━━━━━━━━━━━━━┳━━━━━━━━━━━━━━━━━━━━━━━━━━━━┓
┃ Cell Function                                                                                                                   ┃ Count                      ┃
┡━━━━━━━━━━━━━━━━━━━━━━━━━━━━━━━━━━━━━━━━━━━━━━━━━━━━━━━━━━━━━━━━━━━━━━━━━━━━━━━━━━━━━━━━━━━━━━━━━━━━━━━━━━━━━━━━━━━━━━━━━━━━━━━━━╇━━━━━━━━━━━━━━━━━━━━━━━━━━━━┩
│ sky130_fd_sc_hd__a21oi                                                                                                          │ 6                          │
│ sky130_fd_sc_hd__a31o                                                                                                           │ 3                          │
│ sky130_fd_sc_hd__a31oi                                                                                                          │ 1                          │
│ sky130_fd_sc_hd__and2                                                                                                           │ 5                          │
│ sky130_fd_sc_hd__and2b                                                                                                          │ 2                          │
│ sky130_fd_sc_hd__and3                                                                                                           │ 8                          │
│ sky130_fd_sc_hd__and4                                                                                                           │ 15                         │
│ sky130_fd_sc_hd__buf                                                                                                            │ 5                          │
│ sky130_fd_sc_hd__clkbuf                                                                                                         │ 6                          │
│ sky130_fd_sc_hd__clkdlybuf4s25                                                                                                  │ 77                         │
│ sky130_fd_sc_hd__conb                                                                                                           │ 6                          │
│ sky130_fd_sc_hd__decap                                                                                                          │ 241                        │
│ sky130_fd_sc_hd__dfrtp                                                                                                          │ 41                         │
│ sky130_fd_sc_hd__dlygate4sd3                                                                                                    │ 20                         │
│ sky130_fd_sc_hd__fill                                                                                                           │ 95                         │
│ sky130_fd_sc_hd__inv                                                                                                            │ 3                          │
│ sky130_fd_sc_hd__nand2                                                                                                          │ 5                          │
│ sky130_fd_sc_hd__nor2                                                                                                           │ 8                          │
│ sky130_fd_sc_hd__o21a                                                                                                           │ 2                          │
│ sky130_fd_sc_hd__o21ba                                                                                                          │ 6                          │
│ sky130_fd_sc_hd__o2bb2a                                                                                                         │ 1                          │
│ sky130_fd_sc_hd__or2                                                                                                            │ 1                          │
│ sky130_fd_sc_hd__tapvpwrvgnd                                                                                                    │ 67                         │
│ sky130_fd_sc_hd__xnor2                                                                                                          │ 4                          │
│ sky130_fd_sc_hd__xor2                                                                                                           │ 41                         │
└─────────────────────────────────────────────────────────────────────────────────────────────────────────────────────────────────┴────────────────────────────┘
